{"Time":"2025-05-14T18:43:43.735399+03:00","Action":"start","Package":"github.com/vmware/terraform-provider-vsphere/vsphere"}
{"Time":"2025-05-14T18:43:45.631728+03:00","Action":"run","Package":"github.com/vmware/terraform-provider-vsphere/vsphere","Test":"TestAccClient_persistence"}
{"Time":"2025-05-14T18:43:45.631856+03:00","Action":"output","Package":"github.com/vmware/terraform-provider-vsphere/vsphere","Test":"TestAccClient_persistence","Output":"=== RUN   TestAccClient_persistence\n"}
{"Time":"2025-05-14T18:43:45.631874+03:00","Action":"output","Package":"github.com/vmware/terraform-provider-vsphere/vsphere","Test":"TestAccClient_persistence","Output":"    provider_test.go:48: \n"}
{"Time":"2025-05-14T18:43:45.632063+03:00","Action":"output","Package":"github.com/vmware/terraform-provider-vsphere/vsphere","Test":"TestAccClient_persistence","Output":"--- SKIP: TestAccClient_persistence (0.00s)\n"}
{"Time":"2025-05-14T18:43:45.632072+03:00","Action":"skip","Package":"github.com/vmware/terraform-provider-vsphere/vsphere","Test":"TestAccClient_persistence","Elapsed":0}
{"Time":"2025-05-14T18:43:45.632077+03:00","Action":"run","Package":"github.com/vmware/terraform-provider-vsphere/vsphere","Test":"TestAccClient_noPersistence"}
{"Time":"2025-05-14T18:43:45.632082+03:00","Action":"output","Package":"github.com/vmware/terraform-provider-vsphere/vsphere","Test":"TestAccClient_noPersistence","Output":"=== RUN   TestAccClient_noPersistence\n"}
{"Time":"2025-05-14T18:43:45.632092+03:00","Action":"output","Package":"github.com/vmware/terraform-provider-vsphere/vsphere","Test":"TestAccClient_noPersistence","Output":"    provider_test.go:48: \n"}
{"Time":"2025-05-14T18:43:45.632111+03:00","Action":"output","Package":"github.com/vmware/terraform-provider-vsphere/vsphere","Test":"TestAccClient_noPersistence","Output":"--- SKIP: TestAccClient_noPersistence (0.00s)\n"}
{"Time":"2025-05-14T18:43:45.632125+03:00","Action":"skip","Package":"github.com/vmware/terraform-provider-vsphere/vsphere","Test":"TestAccClient_noPersistence","Elapsed":0}
{"Time":"2025-05-14T18:43:45.632132+03:00","Action":"run","Package":"github.com/vmware/terraform-provider-vsphere/vsphere","Test":"TestNewConfig"}
{"Time":"2025-05-14T18:43:45.632134+03:00","Action":"output","Package":"github.com/vmware/terraform-provider-vsphere/vsphere","Test":"TestNewConfig","Output":"=== RUN   TestNewConfig\n"}
{"Time":"2025-05-14T18:43:45.633106+03:00","Action":"output","Package":"github.com/vmware/terraform-provider-vsphere/vsphere","Test":"TestNewConfig","Output":"--- PASS: TestNewConfig (0.00s)\n"}
{"Time":"2025-05-14T18:43:45.633109+03:00","Action":"pass","Package":"github.com/vmware/terraform-provider-vsphere/vsphere","Test":"TestNewConfig","Elapsed":0}
{"Time":"2025-05-14T18:43:45.633111+03:00","Action":"run","Package":"github.com/vmware/terraform-provider-vsphere/vsphere","Test":"TestAccDataSourceVSphereComputeClusterHostGroup_basic"}
{"Time":"2025-05-14T18:43:45.633112+03:00","Action":"output","Package":"github.com/vmware/terraform-provider-vsphere/vsphere","Test":"TestAccDataSourceVSphereComputeClusterHostGroup_basic","Output":"=== RUN   TestAccDataSourceVSphereComputeClusterHostGroup_basic\n"}
{"Time":"2025-05-14T18:43:45.667503+03:00","Action":"output","Package":"github.com/vmware/terraform-provider-vsphere/vsphere","Test":"TestAccDataSourceVSphereComputeClusterHostGroup_basic","Output":"    provider_test.go:48: \n"}
{"Time":"2025-05-14T18:43:45.667524+03:00","Action":"output","Package":"github.com/vmware/terraform-provider-vsphere/vsphere","Test":"TestAccDataSourceVSphereComputeClusterHostGroup_basic","Output":"--- SKIP: TestAccDataSourceVSphereComputeClusterHostGroup_basic (0.03s)\n"}
{"Time":"2025-05-14T18:43:45.667529+03:00","Action":"skip","Package":"github.com/vmware/terraform-provider-vsphere/vsphere","Test":"TestAccDataSourceVSphereComputeClusterHostGroup_basic","Elapsed":0.03}
{"Time":"2025-05-14T18:43:45.667538+03:00","Action":"run","Package":"github.com/vmware/terraform-provider-vsphere/vsphere","Test":"TestAccDataSourceVSphereComputeCluster_basic"}
{"Time":"2025-05-14T18:43:45.66754+03:00","Action":"output","Package":"github.com/vmware/terraform-provider-vsphere/vsphere","Test":"TestAccDataSourceVSphereComputeCluster_basic","Output":"=== RUN   TestAccDataSourceVSphereComputeCluster_basic\n"}
{"Time":"2025-05-14T18:43:45.676412+03:00","Action":"output","Package":"github.com/vmware/terraform-provider-vsphere/vsphere","Test":"TestAccDataSourceVSphereComputeCluster_basic","Output":"    provider_test.go:48: \n"}
{"Time":"2025-05-14T18:43:45.676437+03:00","Action":"output","Package":"github.com/vmware/terraform-provider-vsphere/vsphere","Test":"TestAccDataSourceVSphereComputeCluster_basic","Output":"--- SKIP: TestAccDataSourceVSphereComputeCluster_basic (0.01s)\n"}
{"Time":"2025-05-14T18:43:45.676441+03:00","Action":"skip","Package":"github.com/vmware/terraform-provider-vsphere/vsphere","Test":"TestAccDataSourceVSphereComputeCluster_basic","Elapsed":0.01}
{"Time":"2025-05-14T18:43:45.676446+03:00","Action":"run","Package":"github.com/vmware/terraform-provider-vsphere/vsphere","Test":"TestAccDataSourceVSphereComputeCluster_absolutePathNoDatacenter"}
{"Time":"2025-05-14T18:43:45.676448+03:00","Action":"output","Package":"github.com/vmware/terraform-provider-vsphere/vsphere","Test":"TestAccDataSourceVSphereComputeCluster_absolutePathNoDatacenter","Output":"=== RUN   TestAccDataSourceVSphereComputeCluster_absolutePathNoDatacenter\n"}
{"Time":"2025-05-14T18:43:45.684463+03:00","Action":"output","Package":"github.com/vmware/terraform-provider-vsphere/vsphere","Test":"TestAccDataSourceVSphereComputeCluster_absolutePathNoDatacenter","Output":"    provider_test.go:48: \n"}
{"Time":"2025-05-14T18:43:45.684501+03:00","Action":"output","Package":"github.com/vmware/terraform-provider-vsphere/vsphere","Test":"TestAccDataSourceVSphereComputeCluster_absolutePathNoDatacenter","Output":"--- SKIP: TestAccDataSourceVSphereComputeCluster_absolutePathNoDatacenter (0.01s)\n"}
{"Time":"2025-05-14T18:43:45.684507+03:00","Action":"skip","Package":"github.com/vmware/terraform-provider-vsphere/vsphere","Test":"TestAccDataSourceVSphereComputeCluster_absolutePathNoDatacenter","Elapsed":0.01}
{"Time":"2025-05-14T18:43:45.684513+03:00","Action":"run","Package":"github.com/vmware/terraform-provider-vsphere/vsphere","Test":"TestAccDataSourceVSphereContentLibraryItem_basic"}
{"Time":"2025-05-14T18:43:45.684515+03:00","Action":"output","Package":"github.com/vmware/terraform-provider-vsphere/vsphere","Test":"TestAccDataSourceVSphereContentLibraryItem_basic","Output":"=== RUN   TestAccDataSourceVSphereContentLibraryItem_basic\n"}
{"Time":"2025-05-14T18:43:45.696338+03:00","Action":"output","Package":"github.com/vmware/terraform-provider-vsphere/vsphere","Test":"TestAccDataSourceVSphereContentLibraryItem_basic","Output":"    provider_test.go:48: \n"}
{"Time":"2025-05-14T18:43:45.696357+03:00","Action":"output","Package":"github.com/vmware/terraform-provider-vsphere/vsphere","Test":"TestAccDataSourceVSphereContentLibraryItem_basic","Output":"--- SKIP: TestAccDataSourceVSphereContentLibraryItem_basic (0.01s)\n"}
{"Time":"2025-05-14T18:43:45.69636+03:00","Action":"skip","Package":"github.com/vmware/terraform-provider-vsphere/vsphere","Test":"TestAccDataSourceVSphereContentLibraryItem_basic","Elapsed":0.01}
{"Time":"2025-05-14T18:43:45.696364+03:00","Action":"run","Package":"github.com/vmware/terraform-provider-vsphere/vsphere","Test":"TestAccDataSourceVSphereContentLibrary_basic"}
{"Time":"2025-05-14T18:43:45.696366+03:00","Action":"output","Package":"github.com/vmware/terraform-provider-vsphere/vsphere","Test":"TestAccDataSourceVSphereContentLibrary_basic","Output":"=== RUN   TestAccDataSourceVSphereContentLibrary_basic\n"}
{"Time":"2025-05-14T18:43:45.709332+03:00","Action":"output","Package":"github.com/vmware/terraform-provider-vsphere/vsphere","Test":"TestAccDataSourceVSphereContentLibrary_basic","Output":"    provider_test.go:48: \n"}
{"Time":"2025-05-14T18:43:45.709358+03:00","Action":"output","Package":"github.com/vmware/terraform-provider-vsphere/vsphere","Test":"TestAccDataSourceVSphereContentLibrary_basic","Output":"--- SKIP: TestAccDataSourceVSphereContentLibrary_basic (0.01s)\n"}
{"Time":"2025-05-14T18:43:45.709388+03:00","Action":"skip","Package":"github.com/vmware/terraform-provider-vsphere/vsphere","Test":"TestAccDataSourceVSphereContentLibrary_basic","Elapsed":0.01}
{"Time":"2025-05-14T18:43:45.709394+03:00","Action":"run","Package":"github.com/vmware/terraform-provider-vsphere/vsphere","Test":"TestAccDataSourceVSphereCustomAttribute_basic"}
{"Time":"2025-05-14T18:43:45.709397+03:00","Action":"output","Package":"github.com/vmware/terraform-provider-vsphere/vsphere","Test":"TestAccDataSourceVSphereCustomAttribute_basic","Output":"=== RUN   TestAccDataSourceVSphereCustomAttribute_basic\n"}
{"Time":"2025-05-14T18:43:45.721375+03:00","Action":"output","Package":"github.com/vmware/terraform-provider-vsphere/vsphere","Test":"TestAccDataSourceVSphereCustomAttribute_basic","Output":"    provider_test.go:48: \n"}
{"Time":"2025-05-14T18:43:45.721395+03:00","Action":"output","Package":"github.com/vmware/terraform-provider-vsphere/vsphere","Test":"TestAccDataSourceVSphereCustomAttribute_basic","Output":"--- SKIP: TestAccDataSourceVSphereCustomAttribute_basic (0.01s)\n"}
{"Time":"2025-05-14T18:43:45.7214+03:00","Action":"skip","Package":"github.com/vmware/terraform-provider-vsphere/vsphere","Test":"TestAccDataSourceVSphereCustomAttribute_basic","Elapsed":0.01}
{"Time":"2025-05-14T18:43:45.721408+03:00","Action":"run","Package":"github.com/vmware/terraform-provider-vsphere/vsphere","Test":"TestAccDataSourceVSphereDatacenter_basic"}
{"Time":"2025-05-14T18:43:45.72141+03:00","Action":"output","Package":"github.com/vmware/terraform-provider-vsphere/vsphere","Test":"TestAccDataSourceVSphereDatacenter_basic","Output":"=== RUN   TestAccDataSourceVSphereDatacenter_basic\n"}
{"Time":"2025-05-14T18:43:45.732685+03:00","Action":"output","Package":"github.com/vmware/terraform-provider-vsphere/vsphere","Test":"TestAccDataSourceVSphereDatacenter_basic","Output":"    provider_test.go:48: \n"}
{"Time":"2025-05-14T18:43:45.73271+03:00","Action":"output","Package":"github.com/vmware/terraform-provider-vsphere/vsphere","Test":"TestAccDataSourceVSphereDatacenter_basic","Output":"--- SKIP: TestAccDataSourceVSphereDatacenter_basic (0.01s)\n"}
{"Time":"2025-05-14T18:43:45.732713+03:00","Action":"skip","Package":"github.com/vmware/terraform-provider-vsphere/vsphere","Test":"TestAccDataSourceVSphereDatacenter_basic","Elapsed":0.01}
{"Time":"2025-05-14T18:43:45.732717+03:00","Action":"run","Package":"github.com/vmware/terraform-provider-vsphere/vsphere","Test":"TestAccDataSourceVSphereDatacenter_defaultDatacenter"}
{"Time":"2025-05-14T18:43:45.732718+03:00","Action":"output","Package":"github.com/vmware/terraform-provider-vsphere/vsphere","Test":"TestAccDataSourceVSphereDatacenter_defaultDatacenter","Output":"=== RUN   TestAccDataSourceVSphereDatacenter_defaultDatacenter\n"}
{"Time":"2025-05-14T18:43:45.741362+03:00","Action":"output","Package":"github.com/vmware/terraform-provider-vsphere/vsphere","Test":"TestAccDataSourceVSphereDatacenter_defaultDatacenter","Output":"    provider_test.go:48: \n"}
{"Time":"2025-05-14T18:43:45.741373+03:00","Action":"output","Package":"github.com/vmware/terraform-provider-vsphere/vsphere","Test":"TestAccDataSourceVSphereDatacenter_defaultDatacenter","Output":"--- SKIP: TestAccDataSourceVSphereDatacenter_defaultDatacenter (0.01s)\n"}
{"Time":"2025-05-14T18:43:45.741377+03:00","Action":"skip","Package":"github.com/vmware/terraform-provider-vsphere/vsphere","Test":"TestAccDataSourceVSphereDatacenter_defaultDatacenter","Elapsed":0.01}
{"Time":"2025-05-14T18:43:45.74138+03:00","Action":"run","Package":"github.com/vmware/terraform-provider-vsphere/vsphere","Test":"TestAccDataSourceVSphereDatacenter_getVirtualMachines"}
{"Time":"2025-05-14T18:43:45.741382+03:00","Action":"output","Package":"github.com/vmware/terraform-provider-vsphere/vsphere","Test":"TestAccDataSourceVSphereDatacenter_getVirtualMachines","Output":"=== RUN   TestAccDataSourceVSphereDatacenter_getVirtualMachines\n"}
{"Time":"2025-05-14T18:43:45.749654+03:00","Action":"output","Package":"github.com/vmware/terraform-provider-vsphere/vsphere","Test":"TestAccDataSourceVSphereDatacenter_getVirtualMachines","Output":"    provider_test.go:48: \n"}
{"Time":"2025-05-14T18:43:45.749659+03:00","Action":"output","Package":"github.com/vmware/terraform-provider-vsphere/vsphere","Test":"TestAccDataSourceVSphereDatacenter_getVirtualMachines","Output":"--- SKIP: TestAccDataSourceVSphereDatacenter_getVirtualMachines (0.01s)\n"}
{"Time":"2025-05-14T18:43:45.749661+03:00","Action":"skip","Package":"github.com/vmware/terraform-provider-vsphere/vsphere","Test":"TestAccDataSourceVSphereDatacenter_getVirtualMachines","Elapsed":0.01}
{"Time":"2025-05-14T18:43:45.749663+03:00","Action":"run","Package":"github.com/vmware/terraform-provider-vsphere/vsphere","Test":"TestAccDataSourceVSphereDatastoreCluster_basic"}
{"Time":"2025-05-14T18:43:45.749664+03:00","Action":"output","Package":"github.com/vmware/terraform-provider-vsphere/vsphere","Test":"TestAccDataSourceVSphereDatastoreCluster_basic","Output":"=== RUN   TestAccDataSourceVSphereDatastoreCluster_basic\n"}
{"Time":"2025-05-14T18:43:45.757729+03:00","Action":"output","Package":"github.com/vmware/terraform-provider-vsphere/vsphere","Test":"TestAccDataSourceVSphereDatastoreCluster_basic","Output":"    provider_test.go:48: \n"}
{"Time":"2025-05-14T18:43:45.757736+03:00","Action":"output","Package":"github.com/vmware/terraform-provider-vsphere/vsphere","Test":"TestAccDataSourceVSphereDatastoreCluster_basic","Output":"--- SKIP: TestAccDataSourceVSphereDatastoreCluster_basic (0.01s)\n"}
{"Time":"2025-05-14T18:43:45.75774+03:00","Action":"skip","Package":"github.com/vmware/terraform-provider-vsphere/vsphere","Test":"TestAccDataSourceVSphereDatastoreCluster_basic","Elapsed":0.01}
{"Time":"2025-05-14T18:43:45.757742+03:00","Action":"run","Package":"github.com/vmware/terraform-provider-vsphere/vsphere","Test":"TestAccDataSourceVSphereDatastoreCluster_absolutePathNoDatacenter"}
{"Time":"2025-05-14T18:43:45.757743+03:00","Action":"output","Package":"github.com/vmware/terraform-provider-vsphere/vsphere","Test":"TestAccDataSourceVSphereDatastoreCluster_absolutePathNoDatacenter","Output":"=== RUN   TestAccDataSourceVSphereDatastoreCluster_absolutePathNoDatacenter\n"}
{"Time":"2025-05-14T18:43:45.764758+03:00","Action":"output","Package":"github.com/vmware/terraform-provider-vsphere/vsphere","Test":"TestAccDataSourceVSphereDatastoreCluster_absolutePathNoDatacenter","Output":"    provider_test.go:48: \n"}
{"Time":"2025-05-14T18:43:45.764783+03:00","Action":"output","Package":"github.com/vmware/terraform-provider-vsphere/vsphere","Test":"TestAccDataSourceVSphereDatastoreCluster_absolutePathNoDatacenter","Output":"--- SKIP: TestAccDataSourceVSphereDatastoreCluster_absolutePathNoDatacenter (0.01s)\n"}
{"Time":"2025-05-14T18:43:45.764786+03:00","Action":"skip","Package":"github.com/vmware/terraform-provider-vsphere/vsphere","Test":"TestAccDataSourceVSphereDatastoreCluster_absolutePathNoDatacenter","Elapsed":0.01}
{"Time":"2025-05-14T18:43:45.764788+03:00","Action":"run","Package":"github.com/vmware/terraform-provider-vsphere/vsphere","Test":"TestAccDataSourceVSphereDatastoreCluster_getDatastores"}
{"Time":"2025-05-14T18:43:45.764789+03:00","Action":"output","Package":"github.com/vmware/terraform-provider-vsphere/vsphere","Test":"TestAccDataSourceVSphereDatastoreCluster_getDatastores","Output":"=== RUN   TestAccDataSourceVSphereDatastoreCluster_getDatastores\n"}
{"Time":"2025-05-14T18:43:45.774363+03:00","Action":"output","Package":"github.com/vmware/terraform-provider-vsphere/vsphere","Test":"TestAccDataSourceVSphereDatastoreCluster_getDatastores","Output":"    provider_test.go:48: \n"}
{"Time":"2025-05-14T18:43:45.774378+03:00","Action":"output","Package":"github.com/vmware/terraform-provider-vsphere/vsphere","Test":"TestAccDataSourceVSphereDatastoreCluster_getDatastores","Output":"--- SKIP: TestAccDataSourceVSphereDatastoreCluster_getDatastores (0.01s)\n"}
{"Time":"2025-05-14T18:43:45.774381+03:00","Action":"skip","Package":"github.com/vmware/terraform-provider-vsphere/vsphere","Test":"TestAccDataSourceVSphereDatastoreCluster_getDatastores","Elapsed":0.01}
{"Time":"2025-05-14T18:43:45.774405+03:00","Action":"run","Package":"github.com/vmware/terraform-provider-vsphere/vsphere","Test":"TestAccDataSourceVSphereDatastoreStats_basic"}
{"Time":"2025-05-14T18:43:45.774424+03:00","Action":"output","Package":"github.com/vmware/terraform-provider-vsphere/vsphere","Test":"TestAccDataSourceVSphereDatastoreStats_basic","Output":"=== RUN   TestAccDataSourceVSphereDatastoreStats_basic\n"}
{"Time":"2025-05-14T18:43:45.783769+03:00","Action":"output","Package":"github.com/vmware/terraform-provider-vsphere/vsphere","Test":"TestAccDataSourceVSphereDatastoreStats_basic","Output":"    provider_test.go:48: \n"}
{"Time":"2025-05-14T18:43:45.783777+03:00","Action":"output","Package":"github.com/vmware/terraform-provider-vsphere/vsphere","Test":"TestAccDataSourceVSphereDatastoreStats_basic","Output":"--- SKIP: TestAccDataSourceVSphereDatastoreStats_basic (0.01s)\n"}
{"Time":"2025-05-14T18:43:45.78378+03:00","Action":"skip","Package":"github.com/vmware/terraform-provider-vsphere/vsphere","Test":"TestAccDataSourceVSphereDatastoreStats_basic","Elapsed":0.01}
{"Time":"2025-05-14T18:43:45.783783+03:00","Action":"run","Package":"github.com/vmware/terraform-provider-vsphere/vsphere","Test":"TestAccDataSourceVSphereDatastore_basic"}
{"Time":"2025-05-14T18:43:45.783784+03:00","Action":"output","Package":"github.com/vmware/terraform-provider-vsphere/vsphere","Test":"TestAccDataSourceVSphereDatastore_basic","Output":"=== RUN   TestAccDataSourceVSphereDatastore_basic\n"}
{"Time":"2025-05-14T18:43:45.793018+03:00","Action":"output","Package":"github.com/vmware/terraform-provider-vsphere/vsphere","Test":"TestAccDataSourceVSphereDatastore_basic","Output":"    provider_test.go:48: \n"}
{"Time":"2025-05-14T18:43:45.793026+03:00","Action":"output","Package":"github.com/vmware/terraform-provider-vsphere/vsphere","Test":"TestAccDataSourceVSphereDatastore_basic","Output":"--- SKIP: TestAccDataSourceVSphereDatastore_basic (0.01s)\n"}
{"Time":"2025-05-14T18:43:45.793034+03:00","Action":"skip","Package":"github.com/vmware/terraform-provider-vsphere/vsphere","Test":"TestAccDataSourceVSphereDatastore_basic","Elapsed":0.01}
{"Time":"2025-05-14T18:43:45.793037+03:00","Action":"run","Package":"github.com/vmware/terraform-provider-vsphere/vsphere","Test":"TestAccDataSourceVSphereDatastore_noDatacenterAndAbsolutePath"}
{"Time":"2025-05-14T18:43:45.793038+03:00","Action":"output","Package":"github.com/vmware/terraform-provider-vsphere/vsphere","Test":"TestAccDataSourceVSphereDatastore_noDatacenterAndAbsolutePath","Output":"=== RUN   TestAccDataSourceVSphereDatastore_noDatacenterAndAbsolutePath\n"}
{"Time":"2025-05-14T18:43:45.801464+03:00","Action":"output","Package":"github.com/vmware/terraform-provider-vsphere/vsphere","Test":"TestAccDataSourceVSphereDatastore_noDatacenterAndAbsolutePath","Output":"    provider_test.go:48: \n"}
{"Time":"2025-05-14T18:43:45.80147+03:00","Action":"output","Package":"github.com/vmware/terraform-provider-vsphere/vsphere","Test":"TestAccDataSourceVSphereDatastore_noDatacenterAndAbsolutePath","Output":"--- SKIP: TestAccDataSourceVSphereDatastore_noDatacenterAndAbsolutePath (0.01s)\n"}
{"Time":"2025-05-14T18:43:45.801487+03:00","Action":"skip","Package":"github.com/vmware/terraform-provider-vsphere/vsphere","Test":"TestAccDataSourceVSphereDatastore_noDatacenterAndAbsolutePath","Elapsed":0.01}
{"Time":"2025-05-14T18:43:45.801489+03:00","Action":"run","Package":"github.com/vmware/terraform-provider-vsphere/vsphere","Test":"TestAccDataSourceVSphereDatastore_getStats"}
{"Time":"2025-05-14T18:43:45.801491+03:00","Action":"output","Package":"github.com/vmware/terraform-provider-vsphere/vsphere","Test":"TestAccDataSourceVSphereDatastore_getStats","Output":"=== RUN   TestAccDataSourceVSphereDatastore_getStats\n"}
{"Time":"2025-05-14T18:43:45.811751+03:00","Action":"output","Package":"github.com/vmware/terraform-provider-vsphere/vsphere","Test":"TestAccDataSourceVSphereDatastore_getStats","Output":"    provider_test.go:48: \n"}
{"Time":"2025-05-14T18:43:45.811759+03:00","Action":"output","Package":"github.com/vmware/terraform-provider-vsphere/vsphere","Test":"TestAccDataSourceVSphereDatastore_getStats","Output":"--- SKIP: TestAccDataSourceVSphereDatastore_getStats (0.01s)\n"}
{"Time":"2025-05-14T18:43:45.811762+03:00","Action":"skip","Package":"github.com/vmware/terraform-provider-vsphere/vsphere","Test":"TestAccDataSourceVSphereDatastore_getStats","Elapsed":0.01}
{"Time":"2025-05-14T18:43:45.811764+03:00","Action":"run","Package":"github.com/vmware/terraform-provider-vsphere/vsphere","Test":"TestAccDataSourceVSphereDistributedVirtualSwitch_basic"}
{"Time":"2025-05-14T18:43:45.811767+03:00","Action":"output","Package":"github.com/vmware/terraform-provider-vsphere/vsphere","Test":"TestAccDataSourceVSphereDistributedVirtualSwitch_basic","Output":"=== RUN   TestAccDataSourceVSphereDistributedVirtualSwitch_basic\n"}
{"Time":"2025-05-14T18:43:45.82346+03:00","Action":"output","Package":"github.com/vmware/terraform-provider-vsphere/vsphere","Test":"TestAccDataSourceVSphereDistributedVirtualSwitch_basic","Output":"    provider_test.go:48: \n"}
{"Time":"2025-05-14T18:43:45.823468+03:00","Action":"output","Package":"github.com/vmware/terraform-provider-vsphere/vsphere","Test":"TestAccDataSourceVSphereDistributedVirtualSwitch_basic","Output":"--- SKIP: TestAccDataSourceVSphereDistributedVirtualSwitch_basic (0.01s)\n"}
{"Time":"2025-05-14T18:43:45.823484+03:00","Action":"skip","Package":"github.com/vmware/terraform-provider-vsphere/vsphere","Test":"TestAccDataSourceVSphereDistributedVirtualSwitch_basic","Elapsed":0.01}
{"Time":"2025-05-14T18:43:45.823486+03:00","Action":"run","Package":"github.com/vmware/terraform-provider-vsphere/vsphere","Test":"TestAccDataSourceVSphereDistributedVirtualSwitch_absolutePathNoDatacenterSpecified"}
{"Time":"2025-05-14T18:43:45.823488+03:00","Action":"output","Package":"github.com/vmware/terraform-provider-vsphere/vsphere","Test":"TestAccDataSourceVSphereDistributedVirtualSwitch_absolutePathNoDatacenterSpecified","Output":"=== RUN   TestAccDataSourceVSphereDistributedVirtualSwitch_absolutePathNoDatacenterSpecified\n"}
{"Time":"2025-05-14T18:43:45.833155+03:00","Action":"output","Package":"github.com/vmware/terraform-provider-vsphere/vsphere","Test":"TestAccDataSourceVSphereDistributedVirtualSwitch_absolutePathNoDatacenterSpecified","Output":"    provider_test.go:48: \n"}
{"Time":"2025-05-14T18:43:45.833166+03:00","Action":"output","Package":"github.com/vmware/terraform-provider-vsphere/vsphere","Test":"TestAccDataSourceVSphereDistributedVirtualSwitch_absolutePathNoDatacenterSpecified","Output":"--- SKIP: TestAccDataSourceVSphereDistributedVirtualSwitch_absolutePathNoDatacenterSpecified (0.01s)\n"}
{"Time":"2025-05-14T18:43:45.833169+03:00","Action":"skip","Package":"github.com/vmware/terraform-provider-vsphere/vsphere","Test":"TestAccDataSourceVSphereDistributedVirtualSwitch_absolutePathNoDatacenterSpecified","Elapsed":0.01}
{"Time":"2025-05-14T18:43:45.833173+03:00","Action":"run","Package":"github.com/vmware/terraform-provider-vsphere/vsphere","Test":"TestAccDataSourceVSphereDistributedVirtualSwitch_CreatePortgroup"}
{"Time":"2025-05-14T18:43:45.833175+03:00","Action":"output","Package":"github.com/vmware/terraform-provider-vsphere/vsphere","Test":"TestAccDataSourceVSphereDistributedVirtualSwitch_CreatePortgroup","Output":"=== RUN   TestAccDataSourceVSphereDistributedVirtualSwitch_CreatePortgroup\n"}
{"Time":"2025-05-14T18:43:45.840198+03:00","Action":"output","Package":"github.com/vmware/terraform-provider-vsphere/vsphere","Test":"TestAccDataSourceVSphereDistributedVirtualSwitch_CreatePortgroup","Output":"    provider_test.go:48: \n"}
{"Time":"2025-05-14T18:43:45.840209+03:00","Action":"output","Package":"github.com/vmware/terraform-provider-vsphere/vsphere","Test":"TestAccDataSourceVSphereDistributedVirtualSwitch_CreatePortgroup","Output":"--- SKIP: TestAccDataSourceVSphereDistributedVirtualSwitch_CreatePortgroup (0.01s)\n"}
{"Time":"2025-05-14T18:43:45.840213+03:00","Action":"skip","Package":"github.com/vmware/terraform-provider-vsphere/vsphere","Test":"TestAccDataSourceVSphereDistributedVirtualSwitch_CreatePortgroup","Elapsed":0.01}
{"Time":"2025-05-14T18:43:45.840217+03:00","Action":"run","Package":"github.com/vmware/terraform-provider-vsphere/vsphere","Test":"TestAccDataSourceVSphereDynamic_regexAndTag"}
{"Time":"2025-05-14T18:43:45.84022+03:00","Action":"output","Package":"github.com/vmware/terraform-provider-vsphere/vsphere","Test":"TestAccDataSourceVSphereDynamic_regexAndTag","Output":"=== RUN   TestAccDataSourceVSphereDynamic_regexAndTag\n"}
{"Time":"2025-05-14T18:43:45.840226+03:00","Action":"output","Package":"github.com/vmware/terraform-provider-vsphere/vsphere","Test":"TestAccDataSourceVSphereDynamic_regexAndTag","Output":"    provider_test.go:48: \n"}
{"Time":"2025-05-14T18:43:45.853027+03:00","Action":"output","Package":"github.com/vmware/terraform-provider-vsphere/vsphere","Test":"TestAccDataSourceVSphereDynamic_regexAndTag","Output":"--- SKIP: TestAccDataSourceVSphereDynamic_regexAndTag (0.01s)\n"}
{"Time":"2025-05-14T18:43:45.85304+03:00","Action":"skip","Package":"github.com/vmware/terraform-provider-vsphere/vsphere","Test":"TestAccDataSourceVSphereDynamic_regexAndTag","Elapsed":0.01}
{"Time":"2025-05-14T18:43:45.853043+03:00","Action":"run","Package":"github.com/vmware/terraform-provider-vsphere/vsphere","Test":"TestAccDataSourceVSphereDynamic_multiTag"}
{"Time":"2025-05-14T18:43:45.853044+03:00","Action":"output","Package":"github.com/vmware/terraform-provider-vsphere/vsphere","Test":"TestAccDataSourceVSphereDynamic_multiTag","Output":"=== RUN   TestAccDataSourceVSphereDynamic_multiTag\n"}
{"Time":"2025-05-14T18:43:45.853087+03:00","Action":"output","Package":"github.com/vmware/terraform-provider-vsphere/vsphere","Test":"TestAccDataSourceVSphereDynamic_multiTag","Output":"    provider_test.go:48: \n"}
{"Time":"2025-05-14T18:43:45.860255+03:00","Action":"output","Package":"github.com/vmware/terraform-provider-vsphere/vsphere","Test":"TestAccDataSourceVSphereDynamic_multiTag","Output":"--- SKIP: TestAccDataSourceVSphereDynamic_multiTag (0.01s)\n"}
{"Time":"2025-05-14T18:43:45.860272+03:00","Action":"skip","Package":"github.com/vmware/terraform-provider-vsphere/vsphere","Test":"TestAccDataSourceVSphereDynamic_multiTag","Elapsed":0.01}
{"Time":"2025-05-14T18:43:45.860276+03:00","Action":"run","Package":"github.com/vmware/terraform-provider-vsphere/vsphere","Test":"TestAccDataSourceVSphereDynamic_multiResult"}
{"Time":"2025-05-14T18:43:45.860278+03:00","Action":"output","Package":"github.com/vmware/terraform-provider-vsphere/vsphere","Test":"TestAccDataSourceVSphereDynamic_multiResult","Output":"=== RUN   TestAccDataSourceVSphereDynamic_multiResult\n"}
{"Time":"2025-05-14T18:43:45.860304+03:00","Action":"output","Package":"github.com/vmware/terraform-provider-vsphere/vsphere","Test":"TestAccDataSourceVSphereDynamic_multiResult","Output":"    provider_test.go:48: \n"}
{"Time":"2025-05-14T18:43:45.864682+03:00","Action":"output","Package":"github.com/vmware/terraform-provider-vsphere/vsphere","Test":"TestAccDataSourceVSphereDynamic_multiResult","Output":"--- SKIP: TestAccDataSourceVSphereDynamic_multiResult (0.00s)\n"}
{"Time":"2025-05-14T18:43:45.864689+03:00","Action":"skip","Package":"github.com/vmware/terraform-provider-vsphere/vsphere","Test":"TestAccDataSourceVSphereDynamic_multiResult","Elapsed":0}
{"Time":"2025-05-14T18:43:45.864691+03:00","Action":"run","Package":"github.com/vmware/terraform-provider-vsphere/vsphere","Test":"TestAccDataSourceVSphereDynamic_typeFilter"}
{"Time":"2025-05-14T18:43:45.864692+03:00","Action":"output","Package":"github.com/vmware/terraform-provider-vsphere/vsphere","Test":"TestAccDataSourceVSphereDynamic_typeFilter","Output":"=== RUN   TestAccDataSourceVSphereDynamic_typeFilter\n"}
{"Time":"2025-05-14T18:43:45.864716+03:00","Action":"output","Package":"github.com/vmware/terraform-provider-vsphere/vsphere","Test":"TestAccDataSourceVSphereDynamic_typeFilter","Output":"    provider_test.go:48: \n"}
{"Time":"2025-05-14T18:43:45.870128+03:00","Action":"output","Package":"github.com/vmware/terraform-provider-vsphere/vsphere","Test":"TestAccDataSourceVSphereDynamic_typeFilter","Output":"--- SKIP: TestAccDataSourceVSphereDynamic_typeFilter (0.01s)\n"}
{"Time":"2025-05-14T18:43:45.870138+03:00","Action":"skip","Package":"github.com/vmware/terraform-provider-vsphere/vsphere","Test":"TestAccDataSourceVSphereDynamic_typeFilter","Elapsed":0.01}
{"Time":"2025-05-14T18:43:45.87014+03:00","Action":"run","Package":"github.com/vmware/terraform-provider-vsphere/vsphere","Test":"TestAccDataSourceVSphereFolder_basic"}
{"Time":"2025-05-14T18:43:45.870142+03:00","Action":"output","Package":"github.com/vmware/terraform-provider-vsphere/vsphere","Test":"TestAccDataSourceVSphereFolder_basic","Output":"=== RUN   TestAccDataSourceVSphereFolder_basic\n"}
{"Time":"2025-05-14T18:43:45.874487+03:00","Action":"output","Package":"github.com/vmware/terraform-provider-vsphere/vsphere","Test":"TestAccDataSourceVSphereFolder_basic","Output":"    provider_test.go:48: \n"}
{"Time":"2025-05-14T18:43:45.874493+03:00","Action":"output","Package":"github.com/vmware/terraform-provider-vsphere/vsphere","Test":"TestAccDataSourceVSphereFolder_basic","Output":"--- SKIP: TestAccDataSourceVSphereFolder_basic (0.00s)\n"}
{"Time":"2025-05-14T18:43:45.874495+03:00","Action":"skip","Package":"github.com/vmware/terraform-provider-vsphere/vsphere","Test":"TestAccDataSourceVSphereFolder_basic","Elapsed":0}
{"Time":"2025-05-14T18:43:45.874497+03:00","Action":"run","Package":"github.com/vmware/terraform-provider-vsphere/vsphere","Test":"TestAccDataSourceVSphereGOSC_basic"}
{"Time":"2025-05-14T18:43:45.874498+03:00","Action":"output","Package":"github.com/vmware/terraform-provider-vsphere/vsphere","Test":"TestAccDataSourceVSphereGOSC_basic","Output":"=== RUN   TestAccDataSourceVSphereGOSC_basic\n"}
{"Time":"2025-05-14T18:43:45.879071+03:00","Action":"output","Package":"github.com/vmware/terraform-provider-vsphere/vsphere","Test":"TestAccDataSourceVSphereGOSC_basic","Output":"    provider_test.go:48: \n"}
{"Time":"2025-05-14T18:43:45.879077+03:00","Action":"output","Package":"github.com/vmware/terraform-provider-vsphere/vsphere","Test":"TestAccDataSourceVSphereGOSC_basic","Output":"--- SKIP: TestAccDataSourceVSphereGOSC_basic (0.00s)\n"}
{"Time":"2025-05-14T18:43:45.879079+03:00","Action":"skip","Package":"github.com/vmware/terraform-provider-vsphere/vsphere","Test":"TestAccDataSourceVSphereGOSC_basic","Elapsed":0}
{"Time":"2025-05-14T18:43:45.879081+03:00","Action":"run","Package":"github.com/vmware/terraform-provider-vsphere/vsphere","Test":"TestAccDataSourceVSphereHost_basic"}
{"Time":"2025-05-14T18:43:45.879082+03:00","Action":"output","Package":"github.com/vmware/terraform-provider-vsphere/vsphere","Test":"TestAccDataSourceVSphereHost_basic","Output":"=== RUN   TestAccDataSourceVSphereHost_basic\n"}
{"Time":"2025-05-14T18:43:45.883501+03:00","Action":"output","Package":"github.com/vmware/terraform-provider-vsphere/vsphere","Test":"TestAccDataSourceVSphereHost_basic","Output":"    provider_test.go:48: \n"}
{"Time":"2025-05-14T18:43:45.883506+03:00","Action":"output","Package":"github.com/vmware/terraform-provider-vsphere/vsphere","Test":"TestAccDataSourceVSphereHost_basic","Output":"--- SKIP: TestAccDataSourceVSphereHost_basic (0.00s)\n"}
{"Time":"2025-05-14T18:43:45.883508+03:00","Action":"skip","Package":"github.com/vmware/terraform-provider-vsphere/vsphere","Test":"TestAccDataSourceVSphereHost_basic","Elapsed":0}
{"Time":"2025-05-14T18:43:45.883509+03:00","Action":"run","Package":"github.com/vmware/terraform-provider-vsphere/vsphere","Test":"TestAccDataSourceVSphereHost_defaultHost"}
{"Time":"2025-05-14T18:43:45.883511+03:00","Action":"output","Package":"github.com/vmware/terraform-provider-vsphere/vsphere","Test":"TestAccDataSourceVSphereHost_defaultHost","Output":"=== RUN   TestAccDataSourceVSphereHost_defaultHost\n"}
{"Time":"2025-05-14T18:43:45.889795+03:00","Action":"output","Package":"github.com/vmware/terraform-provider-vsphere/vsphere","Test":"TestAccDataSourceVSphereHost_defaultHost","Output":"    provider_test.go:48: \n"}
{"Time":"2025-05-14T18:43:45.889804+03:00","Action":"output","Package":"github.com/vmware/terraform-provider-vsphere/vsphere","Test":"TestAccDataSourceVSphereHost_defaultHost","Output":"--- SKIP: TestAccDataSourceVSphereHost_defaultHost (0.01s)\n"}
{"Time":"2025-05-14T18:43:45.889808+03:00","Action":"skip","Package":"github.com/vmware/terraform-provider-vsphere/vsphere","Test":"TestAccDataSourceVSphereHost_defaultHost","Elapsed":0.01}
{"Time":"2025-05-14T18:43:45.889811+03:00","Action":"run","Package":"github.com/vmware/terraform-provider-vsphere/vsphere","Test":"TestAccDataSourceVSphereHostThumbprint_basic"}
{"Time":"2025-05-14T18:43:45.889812+03:00","Action":"output","Package":"github.com/vmware/terraform-provider-vsphere/vsphere","Test":"TestAccDataSourceVSphereHostThumbprint_basic","Output":"=== RUN   TestAccDataSourceVSphereHostThumbprint_basic\n"}
{"Time":"2025-05-14T18:43:45.889841+03:00","Action":"output","Package":"github.com/vmware/terraform-provider-vsphere/vsphere","Test":"TestAccDataSourceVSphereHostThumbprint_basic","Output":"    provider_test.go:48: \n"}
{"Time":"2025-05-14T18:43:45.889844+03:00","Action":"output","Package":"github.com/vmware/terraform-provider-vsphere/vsphere","Test":"TestAccDataSourceVSphereHostThumbprint_basic","Output":"--- SKIP: TestAccDataSourceVSphereHostThumbprint_basic (0.00s)\n"}
{"Time":"2025-05-14T18:43:45.889848+03:00","Action":"skip","Package":"github.com/vmware/terraform-provider-vsphere/vsphere","Test":"TestAccDataSourceVSphereHostThumbprint_basic","Elapsed":0}
{"Time":"2025-05-14T18:43:45.889849+03:00","Action":"run","Package":"github.com/vmware/terraform-provider-vsphere/vsphere","Test":"TestAccDataSourceVSphereLicense_basic"}
{"Time":"2025-05-14T18:43:45.88985+03:00","Action":"output","Package":"github.com/vmware/terraform-provider-vsphere/vsphere","Test":"TestAccDataSourceVSphereLicense_basic","Output":"=== RUN   TestAccDataSourceVSphereLicense_basic\n"}
{"Time":"2025-05-14T18:43:45.893852+03:00","Action":"output","Package":"github.com/vmware/terraform-provider-vsphere/vsphere","Test":"TestAccDataSourceVSphereLicense_basic","Output":"    provider_test.go:48: \n"}
{"Time":"2025-05-14T18:43:45.893858+03:00","Action":"output","Package":"github.com/vmware/terraform-provider-vsphere/vsphere","Test":"TestAccDataSourceVSphereLicense_basic","Output":"--- SKIP: TestAccDataSourceVSphereLicense_basic (0.00s)\n"}
{"Time":"2025-05-14T18:43:45.893863+03:00","Action":"skip","Package":"github.com/vmware/terraform-provider-vsphere/vsphere","Test":"TestAccDataSourceVSphereLicense_basic","Elapsed":0}
{"Time":"2025-05-14T18:43:45.893865+03:00","Action":"run","Package":"github.com/vmware/terraform-provider-vsphere/vsphere","Test":"TestAccDataSourceVSphereNetwork_dvsPortgroup"}
{"Time":"2025-05-14T18:43:45.893866+03:00","Action":"output","Package":"github.com/vmware/terraform-provider-vsphere/vsphere","Test":"TestAccDataSourceVSphereNetwork_dvsPortgroup","Output":"=== RUN   TestAccDataSourceVSphereNetwork_dvsPortgroup\n"}
{"Time":"2025-05-14T18:43:45.89987+03:00","Action":"output","Package":"github.com/vmware/terraform-provider-vsphere/vsphere","Test":"TestAccDataSourceVSphereNetwork_dvsPortgroup","Output":"    provider_test.go:48: \n"}
{"Time":"2025-05-14T18:43:45.899875+03:00","Action":"output","Package":"github.com/vmware/terraform-provider-vsphere/vsphere","Test":"TestAccDataSourceVSphereNetwork_dvsPortgroup","Output":"--- SKIP: TestAccDataSourceVSphereNetwork_dvsPortgroup (0.01s)\n"}
{"Time":"2025-05-14T18:43:45.899878+03:00","Action":"skip","Package":"github.com/vmware/terraform-provider-vsphere/vsphere","Test":"TestAccDataSourceVSphereNetwork_dvsPortgroup","Elapsed":0.01}
{"Time":"2025-05-14T18:43:45.89988+03:00","Action":"run","Package":"github.com/vmware/terraform-provider-vsphere/vsphere","Test":"TestAccDataSourceVSphereNetwork_withTimeout"}
{"Time":"2025-05-14T18:43:45.899881+03:00","Action":"output","Package":"github.com/vmware/terraform-provider-vsphere/vsphere","Test":"TestAccDataSourceVSphereNetwork_withTimeout","Output":"=== RUN   TestAccDataSourceVSphereNetwork_withTimeout\n"}
{"Time":"2025-05-14T18:43:45.907694+03:00","Action":"output","Package":"github.com/vmware/terraform-provider-vsphere/vsphere","Test":"TestAccDataSourceVSphereNetwork_withTimeout","Output":"    provider_test.go:48: \n"}
{"Time":"2025-05-14T18:43:45.907721+03:00","Action":"output","Package":"github.com/vmware/terraform-provider-vsphere/vsphere","Test":"TestAccDataSourceVSphereNetwork_withTimeout","Output":"--- SKIP: TestAccDataSourceVSphereNetwork_withTimeout (0.01s)\n"}
{"Time":"2025-05-14T18:43:45.907725+03:00","Action":"skip","Package":"github.com/vmware/terraform-provider-vsphere/vsphere","Test":"TestAccDataSourceVSphereNetwork_withTimeout","Elapsed":0.01}
{"Time":"2025-05-14T18:43:45.907728+03:00","Action":"run","Package":"github.com/vmware/terraform-provider-vsphere/vsphere","Test":"TestAccDataSourceVSphereNetwork_absolutePathNoDatacenter"}
{"Time":"2025-05-14T18:43:45.90773+03:00","Action":"output","Package":"github.com/vmware/terraform-provider-vsphere/vsphere","Test":"TestAccDataSourceVSphereNetwork_absolutePathNoDatacenter","Output":"=== RUN   TestAccDataSourceVSphereNetwork_absolutePathNoDatacenter\n"}
{"Time":"2025-05-14T18:43:45.915598+03:00","Action":"output","Package":"github.com/vmware/terraform-provider-vsphere/vsphere","Test":"TestAccDataSourceVSphereNetwork_absolutePathNoDatacenter","Output":"    provider_test.go:48: \n"}
{"Time":"2025-05-14T18:43:45.915605+03:00","Action":"output","Package":"github.com/vmware/terraform-provider-vsphere/vsphere","Test":"TestAccDataSourceVSphereNetwork_absolutePathNoDatacenter","Output":"--- SKIP: TestAccDataSourceVSphereNetwork_absolutePathNoDatacenter (0.01s)\n"}
{"Time":"2025-05-14T18:43:45.91561+03:00","Action":"skip","Package":"github.com/vmware/terraform-provider-vsphere/vsphere","Test":"TestAccDataSourceVSphereNetwork_absolutePathNoDatacenter","Elapsed":0.01}
{"Time":"2025-05-14T18:43:45.915612+03:00","Action":"run","Package":"github.com/vmware/terraform-provider-vsphere/vsphere","Test":"TestAccDataSourceVSphereNetwork_hostPortgroups"}
{"Time":"2025-05-14T18:43:45.915613+03:00","Action":"output","Package":"github.com/vmware/terraform-provider-vsphere/vsphere","Test":"TestAccDataSourceVSphereNetwork_hostPortgroups","Output":"=== RUN   TestAccDataSourceVSphereNetwork_hostPortgroups\n"}
{"Time":"2025-05-14T18:43:45.924001+03:00","Action":"output","Package":"github.com/vmware/terraform-provider-vsphere/vsphere","Test":"TestAccDataSourceVSphereNetwork_hostPortgroups","Output":"    provider_test.go:48: \n"}
{"Time":"2025-05-14T18:43:45.924009+03:00","Action":"output","Package":"github.com/vmware/terraform-provider-vsphere/vsphere","Test":"TestAccDataSourceVSphereNetwork_hostPortgroups","Output":"--- SKIP: TestAccDataSourceVSphereNetwork_hostPortgroups (0.01s)\n"}
{"Time":"2025-05-14T18:43:45.924012+03:00","Action":"skip","Package":"github.com/vmware/terraform-provider-vsphere/vsphere","Test":"TestAccDataSourceVSphereNetwork_hostPortgroups","Elapsed":0.01}
{"Time":"2025-05-14T18:43:45.924014+03:00","Action":"run","Package":"github.com/vmware/terraform-provider-vsphere/vsphere","Test":"TestAccDataSourceVSphereResourcePool_basic"}
{"Time":"2025-05-14T18:43:45.924016+03:00","Action":"output","Package":"github.com/vmware/terraform-provider-vsphere/vsphere","Test":"TestAccDataSourceVSphereResourcePool_basic","Output":"=== RUN   TestAccDataSourceVSphereResourcePool_basic\n"}
{"Time":"2025-05-14T18:43:45.936402+03:00","Action":"output","Package":"github.com/vmware/terraform-provider-vsphere/vsphere","Test":"TestAccDataSourceVSphereResourcePool_basic","Output":"    provider_test.go:48: \n"}
{"Time":"2025-05-14T18:43:45.936408+03:00","Action":"output","Package":"github.com/vmware/terraform-provider-vsphere/vsphere","Test":"TestAccDataSourceVSphereResourcePool_basic","Output":"--- SKIP: TestAccDataSourceVSphereResourcePool_basic (0.01s)\n"}
{"Time":"2025-05-14T18:43:45.936432+03:00","Action":"skip","Package":"github.com/vmware/terraform-provider-vsphere/vsphere","Test":"TestAccDataSourceVSphereResourcePool_basic","Elapsed":0.01}
{"Time":"2025-05-14T18:43:45.936435+03:00","Action":"run","Package":"github.com/vmware/terraform-provider-vsphere/vsphere","Test":"TestAccDataSourceVSphereResourcePool_noDatacenterAndAbsolutePath"}
{"Time":"2025-05-14T18:43:45.936438+03:00","Action":"output","Package":"github.com/vmware/terraform-provider-vsphere/vsphere","Test":"TestAccDataSourceVSphereResourcePool_noDatacenterAndAbsolutePath","Output":"=== RUN   TestAccDataSourceVSphereResourcePool_noDatacenterAndAbsolutePath\n"}
{"Time":"2025-05-14T18:43:45.940981+03:00","Action":"output","Package":"github.com/vmware/terraform-provider-vsphere/vsphere","Test":"TestAccDataSourceVSphereResourcePool_noDatacenterAndAbsolutePath","Output":"    provider_test.go:48: \n"}
{"Time":"2025-05-14T18:43:45.940987+03:00","Action":"output","Package":"github.com/vmware/terraform-provider-vsphere/vsphere","Test":"TestAccDataSourceVSphereResourcePool_noDatacenterAndAbsolutePath","Output":"--- SKIP: TestAccDataSourceVSphereResourcePool_noDatacenterAndAbsolutePath (0.00s)\n"}
{"Time":"2025-05-14T18:43:45.940991+03:00","Action":"skip","Package":"github.com/vmware/terraform-provider-vsphere/vsphere","Test":"TestAccDataSourceVSphereResourcePool_noDatacenterAndAbsolutePath","Elapsed":0}
{"Time":"2025-05-14T18:43:45.940994+03:00","Action":"run","Package":"github.com/vmware/terraform-provider-vsphere/vsphere","Test":"TestAccDataSourceVSphereResourcePool_withParentId"}
{"Time":"2025-05-14T18:43:45.940996+03:00","Action":"output","Package":"github.com/vmware/terraform-provider-vsphere/vsphere","Test":"TestAccDataSourceVSphereResourcePool_withParentId","Output":"=== RUN   TestAccDataSourceVSphereResourcePool_withParentId\n"}
{"Time":"2025-05-14T18:43:45.945644+03:00","Action":"output","Package":"github.com/vmware/terraform-provider-vsphere/vsphere","Test":"TestAccDataSourceVSphereResourcePool_withParentId","Output":"    provider_test.go:48: \n"}
{"Time":"2025-05-14T18:43:45.945662+03:00","Action":"output","Package":"github.com/vmware/terraform-provider-vsphere/vsphere","Test":"TestAccDataSourceVSphereResourcePool_withParentId","Output":"--- SKIP: TestAccDataSourceVSphereResourcePool_withParentId (0.00s)\n"}
{"Time":"2025-05-14T18:43:45.945666+03:00","Action":"skip","Package":"github.com/vmware/terraform-provider-vsphere/vsphere","Test":"TestAccDataSourceVSphereResourcePool_withParentId","Elapsed":0}
{"Time":"2025-05-14T18:43:45.945668+03:00","Action":"run","Package":"github.com/vmware/terraform-provider-vsphere/vsphere","Test":"TestAccDataSourceVSphereResourcePool_withParentIdAndNamePathError"}
{"Time":"2025-05-14T18:43:45.945676+03:00","Action":"output","Package":"github.com/vmware/terraform-provider-vsphere/vsphere","Test":"TestAccDataSourceVSphereResourcePool_withParentIdAndNamePathError","Output":"=== RUN   TestAccDataSourceVSphereResourcePool_withParentIdAndNamePathError\n"}
{"Time":"2025-05-14T18:43:45.95203+03:00","Action":"output","Package":"github.com/vmware/terraform-provider-vsphere/vsphere","Test":"TestAccDataSourceVSphereResourcePool_withParentIdAndNamePathError","Output":"    provider_test.go:48: \n"}
{"Time":"2025-05-14T18:43:45.952037+03:00","Action":"output","Package":"github.com/vmware/terraform-provider-vsphere/vsphere","Test":"TestAccDataSourceVSphereResourcePool_withParentIdAndNamePathError","Output":"--- SKIP: TestAccDataSourceVSphereResourcePool_withParentIdAndNamePathError (0.01s)\n"}
{"Time":"2025-05-14T18:43:45.952041+03:00","Action":"skip","Package":"github.com/vmware/terraform-provider-vsphere/vsphere","Test":"TestAccDataSourceVSphereResourcePool_withParentIdAndNamePathError","Elapsed":0.01}
{"Time":"2025-05-14T18:43:45.952043+03:00","Action":"run","Package":"github.com/vmware/terraform-provider-vsphere/vsphere","Test":"TestAccDataSourceVSphereResourcePool_withParentIdAndMissingNameError"}
{"Time":"2025-05-14T18:43:45.952045+03:00","Action":"output","Package":"github.com/vmware/terraform-provider-vsphere/vsphere","Test":"TestAccDataSourceVSphereResourcePool_withParentIdAndMissingNameError","Output":"=== RUN   TestAccDataSourceVSphereResourcePool_withParentIdAndMissingNameError\n"}
{"Time":"2025-05-14T18:43:45.959343+03:00","Action":"output","Package":"github.com/vmware/terraform-provider-vsphere/vsphere","Test":"TestAccDataSourceVSphereResourcePool_withParentIdAndMissingNameError","Output":"    provider_test.go:48: \n"}
{"Time":"2025-05-14T18:43:45.95935+03:00","Action":"output","Package":"github.com/vmware/terraform-provider-vsphere/vsphere","Test":"TestAccDataSourceVSphereResourcePool_withParentIdAndMissingNameError","Output":"--- SKIP: TestAccDataSourceVSphereResourcePool_withParentIdAndMissingNameError (0.01s)\n"}
{"Time":"2025-05-14T18:43:45.959353+03:00","Action":"skip","Package":"github.com/vmware/terraform-provider-vsphere/vsphere","Test":"TestAccDataSourceVSphereResourcePool_withParentIdAndMissingNameError","Elapsed":0.01}
{"Time":"2025-05-14T18:43:45.959363+03:00","Action":"run","Package":"github.com/vmware/terraform-provider-vsphere/vsphere","Test":"TestAccDataSourceVSphereResourcePool_withInvalidParentIdError"}
{"Time":"2025-05-14T18:43:45.959365+03:00","Action":"output","Package":"github.com/vmware/terraform-provider-vsphere/vsphere","Test":"TestAccDataSourceVSphereResourcePool_withInvalidParentIdError","Output":"=== RUN   TestAccDataSourceVSphereResourcePool_withInvalidParentIdError\n"}
{"Time":"2025-05-14T18:43:45.967084+03:00","Action":"output","Package":"github.com/vmware/terraform-provider-vsphere/vsphere","Test":"TestAccDataSourceVSphereResourcePool_withInvalidParentIdError","Output":"    provider_test.go:48: \n"}
{"Time":"2025-05-14T18:43:45.967097+03:00","Action":"output","Package":"github.com/vmware/terraform-provider-vsphere/vsphere","Test":"TestAccDataSourceVSphereResourcePool_withInvalidParentIdError","Output":"--- SKIP: TestAccDataSourceVSphereResourcePool_withInvalidParentIdError (0.01s)\n"}
{"Time":"2025-05-14T18:43:45.967101+03:00","Action":"skip","Package":"github.com/vmware/terraform-provider-vsphere/vsphere","Test":"TestAccDataSourceVSphereResourcePool_withInvalidParentIdError","Elapsed":0.01}
{"Time":"2025-05-14T18:43:45.967103+03:00","Action":"run","Package":"github.com/vmware/terraform-provider-vsphere/vsphere","Test":"TestAccDataSourceVSphereResourcePool_withParentIdAndNotFoundNameError"}
{"Time":"2025-05-14T18:43:45.967105+03:00","Action":"output","Package":"github.com/vmware/terraform-provider-vsphere/vsphere","Test":"TestAccDataSourceVSphereResourcePool_withParentIdAndNotFoundNameError","Output":"=== RUN   TestAccDataSourceVSphereResourcePool_withParentIdAndNotFoundNameError\n"}
{"Time":"2025-05-14T18:43:45.97551+03:00","Action":"output","Package":"github.com/vmware/terraform-provider-vsphere/vsphere","Test":"TestAccDataSourceVSphereResourcePool_withParentIdAndNotFoundNameError","Output":"    provider_test.go:48: \n"}
{"Time":"2025-05-14T18:43:45.975515+03:00","Action":"output","Package":"github.com/vmware/terraform-provider-vsphere/vsphere","Test":"TestAccDataSourceVSphereResourcePool_withParentIdAndNotFoundNameError","Output":"--- SKIP: TestAccDataSourceVSphereResourcePool_withParentIdAndNotFoundNameError (0.01s)\n"}
{"Time":"2025-05-14T18:43:45.975518+03:00","Action":"skip","Package":"github.com/vmware/terraform-provider-vsphere/vsphere","Test":"TestAccDataSourceVSphereResourcePool_withParentIdAndNotFoundNameError","Elapsed":0.01}
{"Time":"2025-05-14T18:43:45.975522+03:00","Action":"run","Package":"github.com/vmware/terraform-provider-vsphere/vsphere","Test":"TestAccDataSourceVSphereResourcePool_defaultResourcePoolForESXi"}
{"Time":"2025-05-14T18:43:45.975523+03:00","Action":"output","Package":"github.com/vmware/terraform-provider-vsphere/vsphere","Test":"TestAccDataSourceVSphereResourcePool_defaultResourcePoolForESXi","Output":"=== RUN   TestAccDataSourceVSphereResourcePool_defaultResourcePoolForESXi\n"}
{"Time":"2025-05-14T18:43:45.980626+03:00","Action":"output","Package":"github.com/vmware/terraform-provider-vsphere/vsphere","Test":"TestAccDataSourceVSphereResourcePool_defaultResourcePoolForESXi","Output":"    provider_test.go:48: \n"}
{"Time":"2025-05-14T18:43:45.980634+03:00","Action":"output","Package":"github.com/vmware/terraform-provider-vsphere/vsphere","Test":"TestAccDataSourceVSphereResourcePool_defaultResourcePoolForESXi","Output":"--- SKIP: TestAccDataSourceVSphereResourcePool_defaultResourcePoolForESXi (0.01s)\n"}
{"Time":"2025-05-14T18:43:45.980637+03:00","Action":"skip","Package":"github.com/vmware/terraform-provider-vsphere/vsphere","Test":"TestAccDataSourceVSphereResourcePool_defaultResourcePoolForESXi","Elapsed":0.01}
{"Time":"2025-05-14T18:43:45.980639+03:00","Action":"run","Package":"github.com/vmware/terraform-provider-vsphere/vsphere","Test":"TestAccDataSourceVSphereResourcePool_emptyNameOnVCenterShouldError"}
{"Time":"2025-05-14T18:43:45.98064+03:00","Action":"output","Package":"github.com/vmware/terraform-provider-vsphere/vsphere","Test":"TestAccDataSourceVSphereResourcePool_emptyNameOnVCenterShouldError","Output":"=== RUN   TestAccDataSourceVSphereResourcePool_emptyNameOnVCenterShouldError\n"}
{"Time":"2025-05-14T18:43:45.987147+03:00","Action":"output","Package":"github.com/vmware/terraform-provider-vsphere/vsphere","Test":"TestAccDataSourceVSphereResourcePool_emptyNameOnVCenterShouldError","Output":"    provider_test.go:48: \n"}
{"Time":"2025-05-14T18:43:45.987155+03:00","Action":"output","Package":"github.com/vmware/terraform-provider-vsphere/vsphere","Test":"TestAccDataSourceVSphereResourcePool_emptyNameOnVCenterShouldError","Output":"--- SKIP: TestAccDataSourceVSphereResourcePool_emptyNameOnVCenterShouldError (0.01s)\n"}
{"Time":"2025-05-14T18:43:45.987158+03:00","Action":"skip","Package":"github.com/vmware/terraform-provider-vsphere/vsphere","Test":"TestAccDataSourceVSphereResourcePool_emptyNameOnVCenterShouldError","Elapsed":0.01}
{"Time":"2025-05-14T18:43:45.98716+03:00","Action":"run","Package":"github.com/vmware/terraform-provider-vsphere/vsphere","Test":"TestAccDataSourceVSphereRole_basic"}
{"Time":"2025-05-14T18:43:45.987162+03:00","Action":"output","Package":"github.com/vmware/terraform-provider-vsphere/vsphere","Test":"TestAccDataSourceVSphereRole_basic","Output":"=== RUN   TestAccDataSourceVSphereRole_basic\n"}
{"Time":"2025-05-14T18:43:45.987184+03:00","Action":"output","Package":"github.com/vmware/terraform-provider-vsphere/vsphere","Test":"TestAccDataSourceVSphereRole_basic","Output":"    provider_test.go:48: \n"}
{"Time":"2025-05-14T18:43:45.987197+03:00","Action":"output","Package":"github.com/vmware/terraform-provider-vsphere/vsphere","Test":"TestAccDataSourceVSphereRole_basic","Output":"--- SKIP: TestAccDataSourceVSphereRole_basic (0.00s)\n"}
{"Time":"2025-05-14T18:43:45.987199+03:00","Action":"skip","Package":"github.com/vmware/terraform-provider-vsphere/vsphere","Test":"TestAccDataSourceVSphereRole_basic","Elapsed":0}
{"Time":"2025-05-14T18:43:45.987203+03:00","Action":"run","Package":"github.com/vmware/terraform-provider-vsphere/vsphere","Test":"TestAccDataSourceVSphereRole_systemRoleData"}
{"Time":"2025-05-14T18:43:45.987205+03:00","Action":"output","Package":"github.com/vmware/terraform-provider-vsphere/vsphere","Test":"TestAccDataSourceVSphereRole_systemRoleData","Output":"=== RUN   TestAccDataSourceVSphereRole_systemRoleData\n"}
{"Time":"2025-05-14T18:43:45.987257+03:00","Action":"output","Package":"github.com/vmware/terraform-provider-vsphere/vsphere","Test":"TestAccDataSourceVSphereRole_systemRoleData","Output":"    provider_test.go:48: \n"}
{"Time":"2025-05-14T18:43:45.987284+03:00","Action":"output","Package":"github.com/vmware/terraform-provider-vsphere/vsphere","Test":"TestAccDataSourceVSphereRole_systemRoleData","Output":"--- SKIP: TestAccDataSourceVSphereRole_systemRoleData (0.00s)\n"}
{"Time":"2025-05-14T18:43:45.987287+03:00","Action":"skip","Package":"github.com/vmware/terraform-provider-vsphere/vsphere","Test":"TestAccDataSourceVSphereRole_systemRoleData","Elapsed":0}
{"Time":"2025-05-14T18:43:45.98729+03:00","Action":"run","Package":"github.com/vmware/terraform-provider-vsphere/vsphere","Test":"TestAccDataSourceVSphereTagCategory_basic"}
{"Time":"2025-05-14T18:43:45.987292+03:00","Action":"output","Package":"github.com/vmware/terraform-provider-vsphere/vsphere","Test":"TestAccDataSourceVSphereTagCategory_basic","Output":"=== RUN   TestAccDataSourceVSphereTagCategory_basic\n"}
{"Time":"2025-05-14T18:43:45.992596+03:00","Action":"output","Package":"github.com/vmware/terraform-provider-vsphere/vsphere","Test":"TestAccDataSourceVSphereTagCategory_basic","Output":"    provider_test.go:48: \n"}
{"Time":"2025-05-14T18:43:45.992603+03:00","Action":"output","Package":"github.com/vmware/terraform-provider-vsphere/vsphere","Test":"TestAccDataSourceVSphereTagCategory_basic","Output":"--- SKIP: TestAccDataSourceVSphereTagCategory_basic (0.01s)\n"}
{"Time":"2025-05-14T18:43:45.992606+03:00","Action":"skip","Package":"github.com/vmware/terraform-provider-vsphere/vsphere","Test":"TestAccDataSourceVSphereTagCategory_basic","Elapsed":0.01}
{"Time":"2025-05-14T18:43:45.992607+03:00","Action":"run","Package":"github.com/vmware/terraform-provider-vsphere/vsphere","Test":"TestAccDataSourceVSphereTag_basic"}
{"Time":"2025-05-14T18:43:45.992609+03:00","Action":"output","Package":"github.com/vmware/terraform-provider-vsphere/vsphere","Test":"TestAccDataSourceVSphereTag_basic","Output":"=== RUN   TestAccDataSourceVSphereTag_basic\n"}
{"Time":"2025-05-14T18:43:45.998945+03:00","Action":"output","Package":"github.com/vmware/terraform-provider-vsphere/vsphere","Test":"TestAccDataSourceVSphereTag_basic","Output":"    provider_test.go:48: \n"}
{"Time":"2025-05-14T18:43:45.998961+03:00","Action":"output","Package":"github.com/vmware/terraform-provider-vsphere/vsphere","Test":"TestAccDataSourceVSphereTag_basic","Output":"--- SKIP: TestAccDataSourceVSphereTag_basic (0.01s)\n"}
{"Time":"2025-05-14T18:43:45.998963+03:00","Action":"skip","Package":"github.com/vmware/terraform-provider-vsphere/vsphere","Test":"TestAccDataSourceVSphereTag_basic","Elapsed":0.01}
{"Time":"2025-05-14T18:43:45.998969+03:00","Action":"run","Package":"github.com/vmware/terraform-provider-vsphere/vsphere","Test":"TestAccDataSourceVSphereVAppContainer_basic"}
{"Time":"2025-05-14T18:43:45.99897+03:00","Action":"output","Package":"github.com/vmware/terraform-provider-vsphere/vsphere","Test":"TestAccDataSourceVSphereVAppContainer_basic","Output":"=== RUN   TestAccDataSourceVSphereVAppContainer_basic\n"}
{"Time":"2025-05-14T18:43:46.006532+03:00","Action":"output","Package":"github.com/vmware/terraform-provider-vsphere/vsphere","Test":"TestAccDataSourceVSphereVAppContainer_basic","Output":"    provider_test.go:48: \n"}
{"Time":"2025-05-14T18:43:46.006538+03:00","Action":"output","Package":"github.com/vmware/terraform-provider-vsphere/vsphere","Test":"TestAccDataSourceVSphereVAppContainer_basic","Output":"--- SKIP: TestAccDataSourceVSphereVAppContainer_basic (0.01s)\n"}
{"Time":"2025-05-14T18:43:46.006541+03:00","Action":"skip","Package":"github.com/vmware/terraform-provider-vsphere/vsphere","Test":"TestAccDataSourceVSphereVAppContainer_basic","Elapsed":0.01}
{"Time":"2025-05-14T18:43:46.006543+03:00","Action":"run","Package":"github.com/vmware/terraform-provider-vsphere/vsphere","Test":"TestAccDataSourceVSphereVAppContainer_path"}
{"Time":"2025-05-14T18:43:46.006544+03:00","Action":"output","Package":"github.com/vmware/terraform-provider-vsphere/vsphere","Test":"TestAccDataSourceVSphereVAppContainer_path","Output":"=== RUN   TestAccDataSourceVSphereVAppContainer_path\n"}
{"Time":"2025-05-14T18:43:46.013361+03:00","Action":"output","Package":"github.com/vmware/terraform-provider-vsphere/vsphere","Test":"TestAccDataSourceVSphereVAppContainer_path","Output":"    provider_test.go:48: \n"}
{"Time":"2025-05-14T18:43:46.013367+03:00","Action":"output","Package":"github.com/vmware/terraform-provider-vsphere/vsphere","Test":"TestAccDataSourceVSphereVAppContainer_path","Output":"--- SKIP: TestAccDataSourceVSphereVAppContainer_path (0.01s)\n"}
{"Time":"2025-05-14T18:43:46.01337+03:00","Action":"skip","Package":"github.com/vmware/terraform-provider-vsphere/vsphere","Test":"TestAccDataSourceVSphereVAppContainer_path","Elapsed":0.01}
{"Time":"2025-05-14T18:43:46.013373+03:00","Action":"run","Package":"github.com/vmware/terraform-provider-vsphere/vsphere","Test":"TestAccDataSourceVSphereVirtualMachine_basic"}
{"Time":"2025-05-14T18:43:46.013375+03:00","Action":"output","Package":"github.com/vmware/terraform-provider-vsphere/vsphere","Test":"TestAccDataSourceVSphereVirtualMachine_basic","Output":"=== RUN   TestAccDataSourceVSphereVirtualMachine_basic\n"}
{"Time":"2025-05-14T18:43:46.027539+03:00","Action":"output","Package":"github.com/vmware/terraform-provider-vsphere/vsphere","Test":"TestAccDataSourceVSphereVirtualMachine_basic","Output":"    provider_test.go:48: \n"}
{"Time":"2025-05-14T18:43:46.027546+03:00","Action":"output","Package":"github.com/vmware/terraform-provider-vsphere/vsphere","Test":"TestAccDataSourceVSphereVirtualMachine_basic","Output":"--- SKIP: TestAccDataSourceVSphereVirtualMachine_basic (0.01s)\n"}
{"Time":"2025-05-14T18:43:46.027551+03:00","Action":"skip","Package":"github.com/vmware/terraform-provider-vsphere/vsphere","Test":"TestAccDataSourceVSphereVirtualMachine_basic","Elapsed":0.01}
{"Time":"2025-05-14T18:43:46.027552+03:00","Action":"run","Package":"github.com/vmware/terraform-provider-vsphere/vsphere","Test":"TestAccDataSourceVSphereVirtualMachine_noDatacenterAndAbsolutePath"}
{"Time":"2025-05-14T18:43:46.027554+03:00","Action":"output","Package":"github.com/vmware/terraform-provider-vsphere/vsphere","Test":"TestAccDataSourceVSphereVirtualMachine_noDatacenterAndAbsolutePath","Output":"=== RUN   TestAccDataSourceVSphereVirtualMachine_noDatacenterAndAbsolutePath\n"}
{"Time":"2025-05-14T18:43:46.039017+03:00","Action":"output","Package":"github.com/vmware/terraform-provider-vsphere/vsphere","Test":"TestAccDataSourceVSphereVirtualMachine_noDatacenterAndAbsolutePath","Output":"    provider_test.go:48: \n"}
{"Time":"2025-05-14T18:43:46.039025+03:00","Action":"output","Package":"github.com/vmware/terraform-provider-vsphere/vsphere","Test":"TestAccDataSourceVSphereVirtualMachine_noDatacenterAndAbsolutePath","Output":"--- SKIP: TestAccDataSourceVSphereVirtualMachine_noDatacenterAndAbsolutePath (0.01s)\n"}
{"Time":"2025-05-14T18:43:46.039029+03:00","Action":"skip","Package":"github.com/vmware/terraform-provider-vsphere/vsphere","Test":"TestAccDataSourceVSphereVirtualMachine_noDatacenterAndAbsolutePath","Elapsed":0.01}
{"Time":"2025-05-14T18:43:46.039031+03:00","Action":"run","Package":"github.com/vmware/terraform-provider-vsphere/vsphere","Test":"TestAccDataSourceVSphereVirtualMachine_uuid"}
{"Time":"2025-05-14T18:43:46.039033+03:00","Action":"output","Package":"github.com/vmware/terraform-provider-vsphere/vsphere","Test":"TestAccDataSourceVSphereVirtualMachine_uuid","Output":"=== RUN   TestAccDataSourceVSphereVirtualMachine_uuid\n"}
{"Time":"2025-05-14T18:43:46.048441+03:00","Action":"output","Package":"github.com/vmware/terraform-provider-vsphere/vsphere","Test":"TestAccDataSourceVSphereVirtualMachine_uuid","Output":"    provider_test.go:48: \n"}
{"Time":"2025-05-14T18:43:46.048451+03:00","Action":"output","Package":"github.com/vmware/terraform-provider-vsphere/vsphere","Test":"TestAccDataSourceVSphereVirtualMachine_uuid","Output":"--- SKIP: TestAccDataSourceVSphereVirtualMachine_uuid (0.01s)\n"}
{"Time":"2025-05-14T18:43:46.048455+03:00","Action":"skip","Package":"github.com/vmware/terraform-provider-vsphere/vsphere","Test":"TestAccDataSourceVSphereVirtualMachine_uuid","Elapsed":0.01}
{"Time":"2025-05-14T18:43:46.048476+03:00","Action":"run","Package":"github.com/vmware/terraform-provider-vsphere/vsphere","Test":"TestAccDataSourceVSphereVirtualMachine_moid"}
{"Time":"2025-05-14T18:43:46.048478+03:00","Action":"output","Package":"github.com/vmware/terraform-provider-vsphere/vsphere","Test":"TestAccDataSourceVSphereVirtualMachine_moid","Output":"=== RUN   TestAccDataSourceVSphereVirtualMachine_moid\n"}
{"Time":"2025-05-14T18:43:46.058179+03:00","Action":"output","Package":"github.com/vmware/terraform-provider-vsphere/vsphere","Test":"TestAccDataSourceVSphereVirtualMachine_moid","Output":"    provider_test.go:48: \n"}
{"Time":"2025-05-14T18:43:46.058187+03:00","Action":"output","Package":"github.com/vmware/terraform-provider-vsphere/vsphere","Test":"TestAccDataSourceVSphereVirtualMachine_moid","Output":"--- SKIP: TestAccDataSourceVSphereVirtualMachine_moid (0.01s)\n"}
{"Time":"2025-05-14T18:43:46.05819+03:00","Action":"skip","Package":"github.com/vmware/terraform-provider-vsphere/vsphere","Test":"TestAccDataSourceVSphereVirtualMachine_moid","Elapsed":0.01}
{"Time":"2025-05-14T18:43:46.058191+03:00","Action":"run","Package":"github.com/vmware/terraform-provider-vsphere/vsphere","Test":"TestAccDataSourceVSphereVirtualMachine_nameAndFolder"}
{"Time":"2025-05-14T18:43:46.058193+03:00","Action":"output","Package":"github.com/vmware/terraform-provider-vsphere/vsphere","Test":"TestAccDataSourceVSphereVirtualMachine_nameAndFolder","Output":"=== RUN   TestAccDataSourceVSphereVirtualMachine_nameAndFolder\n"}
{"Time":"2025-05-14T18:43:46.06765+03:00","Action":"output","Package":"github.com/vmware/terraform-provider-vsphere/vsphere","Test":"TestAccDataSourceVSphereVirtualMachine_nameAndFolder","Output":"    provider_test.go:48: \n"}
{"Time":"2025-05-14T18:43:46.067657+03:00","Action":"output","Package":"github.com/vmware/terraform-provider-vsphere/vsphere","Test":"TestAccDataSourceVSphereVirtualMachine_nameAndFolder","Output":"--- SKIP: TestAccDataSourceVSphereVirtualMachine_nameAndFolder (0.01s)\n"}
{"Time":"2025-05-14T18:43:46.067663+03:00","Action":"skip","Package":"github.com/vmware/terraform-provider-vsphere/vsphere","Test":"TestAccDataSourceVSphereVirtualMachine_nameAndFolder","Elapsed":0.01}
{"Time":"2025-05-14T18:43:46.067666+03:00","Action":"run","Package":"github.com/vmware/terraform-provider-vsphere/vsphere","Test":"TestAccDataSourceVSphereVmfsDisks_basic"}
{"Time":"2025-05-14T18:43:46.067668+03:00","Action":"output","Package":"github.com/vmware/terraform-provider-vsphere/vsphere","Test":"TestAccDataSourceVSphereVmfsDisks_basic","Output":"=== RUN   TestAccDataSourceVSphereVmfsDisks_basic\n"}
{"Time":"2025-05-14T18:43:46.083968+03:00","Action":"output","Package":"github.com/vmware/terraform-provider-vsphere/vsphere","Test":"TestAccDataSourceVSphereVmfsDisks_basic","Output":"    provider_test.go:48: \n"}
{"Time":"2025-05-14T18:43:46.08398+03:00","Action":"output","Package":"github.com/vmware/terraform-provider-vsphere/vsphere","Test":"TestAccDataSourceVSphereVmfsDisks_basic","Output":"--- SKIP: TestAccDataSourceVSphereVmfsDisks_basic (0.02s)\n"}
{"Time":"2025-05-14T18:43:46.083991+03:00","Action":"skip","Package":"github.com/vmware/terraform-provider-vsphere/vsphere","Test":"TestAccDataSourceVSphereVmfsDisks_basic","Elapsed":0.02}
{"Time":"2025-05-14T18:43:46.083996+03:00","Action":"run","Package":"github.com/vmware/terraform-provider-vsphere/vsphere","Test":"TestProvider"}
{"Time":"2025-05-14T18:43:46.083998+03:00","Action":"output","Package":"github.com/vmware/terraform-provider-vsphere/vsphere","Test":"TestProvider","Output":"=== RUN   TestProvider\n"}
{"Time":"2025-05-14T18:43:46.084986+03:00","Action":"output","Package":"github.com/vmware/terraform-provider-vsphere/vsphere","Test":"TestProvider","Output":"--- PASS: TestProvider (0.00s)\n"}
{"Time":"2025-05-14T18:43:46.084992+03:00","Action":"pass","Package":"github.com/vmware/terraform-provider-vsphere/vsphere","Test":"TestProvider","Elapsed":0}
{"Time":"2025-05-14T18:43:46.084994+03:00","Action":"run","Package":"github.com/vmware/terraform-provider-vsphere/vsphere","Test":"TestAccResourceVSphereComputeClusterHostGroup_basic"}
{"Time":"2025-05-14T18:43:46.084996+03:00","Action":"output","Package":"github.com/vmware/terraform-provider-vsphere/vsphere","Test":"TestAccResourceVSphereComputeClusterHostGroup_basic","Output":"=== RUN   TestAccResourceVSphereComputeClusterHostGroup_basic\n"}
{"Time":"2025-05-14T18:43:46.090956+03:00","Action":"output","Package":"github.com/vmware/terraform-provider-vsphere/vsphere","Test":"TestAccResourceVSphereComputeClusterHostGroup_basic","Output":"    provider_test.go:48: \n"}
{"Time":"2025-05-14T18:43:46.090966+03:00","Action":"output","Package":"github.com/vmware/terraform-provider-vsphere/vsphere","Test":"TestAccResourceVSphereComputeClusterHostGroup_basic","Output":"--- SKIP: TestAccResourceVSphereComputeClusterHostGroup_basic (0.01s)\n"}
{"Time":"2025-05-14T18:43:46.090999+03:00","Action":"skip","Package":"github.com/vmware/terraform-provider-vsphere/vsphere","Test":"TestAccResourceVSphereComputeClusterHostGroup_basic","Elapsed":0.01}
{"Time":"2025-05-14T18:43:46.091001+03:00","Action":"run","Package":"github.com/vmware/terraform-provider-vsphere/vsphere","Test":"TestAccResourceVSphereComputeClusterHostGroup_update"}
{"Time":"2025-05-14T18:43:46.091004+03:00","Action":"output","Package":"github.com/vmware/terraform-provider-vsphere/vsphere","Test":"TestAccResourceVSphereComputeClusterHostGroup_update","Output":"=== RUN   TestAccResourceVSphereComputeClusterHostGroup_update\n"}
{"Time":"2025-05-14T18:43:46.096573+03:00","Action":"output","Package":"github.com/vmware/terraform-provider-vsphere/vsphere","Test":"TestAccResourceVSphereComputeClusterHostGroup_update","Output":"    provider_test.go:48: \n"}
{"Time":"2025-05-14T18:43:46.096583+03:00","Action":"output","Package":"github.com/vmware/terraform-provider-vsphere/vsphere","Test":"TestAccResourceVSphereComputeClusterHostGroup_update","Output":"--- SKIP: TestAccResourceVSphereComputeClusterHostGroup_update (0.01s)\n"}
{"Time":"2025-05-14T18:43:46.096586+03:00","Action":"skip","Package":"github.com/vmware/terraform-provider-vsphere/vsphere","Test":"TestAccResourceVSphereComputeClusterHostGroup_update","Elapsed":0.01}
{"Time":"2025-05-14T18:43:46.096588+03:00","Action":"run","Package":"github.com/vmware/terraform-provider-vsphere/vsphere","Test":"TestAccResourceVSphereComputeCluster_basic"}
{"Time":"2025-05-14T18:43:46.09659+03:00","Action":"output","Package":"github.com/vmware/terraform-provider-vsphere/vsphere","Test":"TestAccResourceVSphereComputeCluster_basic","Output":"=== RUN   TestAccResourceVSphereComputeCluster_basic\n"}
{"Time":"2025-05-14T18:43:46.107259+03:00","Action":"output","Package":"github.com/vmware/terraform-provider-vsphere/vsphere","Test":"TestAccResourceVSphereComputeCluster_basic","Output":"    provider_test.go:48: \n"}
{"Time":"2025-05-14T18:43:46.107265+03:00","Action":"output","Package":"github.com/vmware/terraform-provider-vsphere/vsphere","Test":"TestAccResourceVSphereComputeCluster_basic","Output":"--- SKIP: TestAccResourceVSphereComputeCluster_basic (0.01s)\n"}
{"Time":"2025-05-14T18:43:46.107268+03:00","Action":"skip","Package":"github.com/vmware/terraform-provider-vsphere/vsphere","Test":"TestAccResourceVSphereComputeCluster_basic","Elapsed":0.01}
{"Time":"2025-05-14T18:43:46.107269+03:00","Action":"run","Package":"github.com/vmware/terraform-provider-vsphere/vsphere","Test":"TestAccResourceVSphereComputeCluster_haAdmissionControlPolicyDisabled"}
{"Time":"2025-05-14T18:43:46.107271+03:00","Action":"output","Package":"github.com/vmware/terraform-provider-vsphere/vsphere","Test":"TestAccResourceVSphereComputeCluster_haAdmissionControlPolicyDisabled","Output":"=== RUN   TestAccResourceVSphereComputeCluster_haAdmissionControlPolicyDisabled\n"}
{"Time":"2025-05-14T18:43:46.111554+03:00","Action":"output","Package":"github.com/vmware/terraform-provider-vsphere/vsphere","Test":"TestAccResourceVSphereComputeCluster_haAdmissionControlPolicyDisabled","Output":"    provider_test.go:48: \n"}
{"Time":"2025-05-14T18:43:46.111559+03:00","Action":"output","Package":"github.com/vmware/terraform-provider-vsphere/vsphere","Test":"TestAccResourceVSphereComputeCluster_haAdmissionControlPolicyDisabled","Output":"--- SKIP: TestAccResourceVSphereComputeCluster_haAdmissionControlPolicyDisabled (0.00s)\n"}
{"Time":"2025-05-14T18:43:46.111561+03:00","Action":"skip","Package":"github.com/vmware/terraform-provider-vsphere/vsphere","Test":"TestAccResourceVSphereComputeCluster_haAdmissionControlPolicyDisabled","Elapsed":0}
{"Time":"2025-05-14T18:43:46.111563+03:00","Action":"run","Package":"github.com/vmware/terraform-provider-vsphere/vsphere","Test":"TestAccResourceVSphereComputeCluster_drsHAEnabled"}
{"Time":"2025-05-14T18:43:46.111565+03:00","Action":"output","Package":"github.com/vmware/terraform-provider-vsphere/vsphere","Test":"TestAccResourceVSphereComputeCluster_drsHAEnabled","Output":"=== RUN   TestAccResourceVSphereComputeCluster_drsHAEnabled\n"}
{"Time":"2025-05-14T18:43:46.115566+03:00","Action":"output","Package":"github.com/vmware/terraform-provider-vsphere/vsphere","Test":"TestAccResourceVSphereComputeCluster_drsHAEnabled","Output":"    provider_test.go:48: \n"}
{"Time":"2025-05-14T18:43:46.115573+03:00","Action":"output","Package":"github.com/vmware/terraform-provider-vsphere/vsphere","Test":"TestAccResourceVSphereComputeCluster_drsHAEnabled","Output":"--- SKIP: TestAccResourceVSphereComputeCluster_drsHAEnabled (0.00s)\n"}
{"Time":"2025-05-14T18:43:46.115575+03:00","Action":"skip","Package":"github.com/vmware/terraform-provider-vsphere/vsphere","Test":"TestAccResourceVSphereComputeCluster_drsHAEnabled","Elapsed":0}
{"Time":"2025-05-14T18:43:46.115578+03:00","Action":"run","Package":"github.com/vmware/terraform-provider-vsphere/vsphere","Test":"TestAccResourceVSphereComputeCluster_vlcm"}
{"Time":"2025-05-14T18:43:46.115579+03:00","Action":"output","Package":"github.com/vmware/terraform-provider-vsphere/vsphere","Test":"TestAccResourceVSphereComputeCluster_vlcm","Output":"=== RUN   TestAccResourceVSphereComputeCluster_vlcm\n"}
{"Time":"2025-05-14T18:43:46.121569+03:00","Action":"output","Package":"github.com/vmware/terraform-provider-vsphere/vsphere","Test":"TestAccResourceVSphereComputeCluster_vlcm","Output":"    provider_test.go:48: \n"}
{"Time":"2025-05-14T18:43:46.121574+03:00","Action":"output","Package":"github.com/vmware/terraform-provider-vsphere/vsphere","Test":"TestAccResourceVSphereComputeCluster_vlcm","Output":"--- SKIP: TestAccResourceVSphereComputeCluster_vlcm (0.01s)\n"}
{"Time":"2025-05-14T18:43:46.121576+03:00","Action":"skip","Package":"github.com/vmware/terraform-provider-vsphere/vsphere","Test":"TestAccResourceVSphereComputeCluster_vlcm","Elapsed":0.01}
{"Time":"2025-05-14T18:43:46.121578+03:00","Action":"run","Package":"github.com/vmware/terraform-provider-vsphere/vsphere","Test":"TestAccResourceVSphereComputeCluster_vsanDedupEnabled"}
{"Time":"2025-05-14T18:43:46.12158+03:00","Action":"output","Package":"github.com/vmware/terraform-provider-vsphere/vsphere","Test":"TestAccResourceVSphereComputeCluster_vsanDedupEnabled","Output":"=== RUN   TestAccResourceVSphereComputeCluster_vsanDedupEnabled\n"}
{"Time":"2025-05-14T18:43:46.12813+03:00","Action":"output","Package":"github.com/vmware/terraform-provider-vsphere/vsphere","Test":"TestAccResourceVSphereComputeCluster_vsanDedupEnabled","Output":"    provider_test.go:48: \n"}
{"Time":"2025-05-14T18:43:46.128146+03:00","Action":"output","Package":"github.com/vmware/terraform-provider-vsphere/vsphere","Test":"TestAccResourceVSphereComputeCluster_vsanDedupEnabled","Output":"--- SKIP: TestAccResourceVSphereComputeCluster_vsanDedupEnabled (0.01s)\n"}
{"Time":"2025-05-14T18:43:46.128149+03:00","Action":"skip","Package":"github.com/vmware/terraform-provider-vsphere/vsphere","Test":"TestAccResourceVSphereComputeCluster_vsanDedupEnabled","Elapsed":0.01}
{"Time":"2025-05-14T18:43:46.128151+03:00","Action":"run","Package":"github.com/vmware/terraform-provider-vsphere/vsphere","Test":"TestAccResourceVSphereComputeCluster_vsanCompressionEnabled"}
{"Time":"2025-05-14T18:43:46.128153+03:00","Action":"output","Package":"github.com/vmware/terraform-provider-vsphere/vsphere","Test":"TestAccResourceVSphereComputeCluster_vsanCompressionEnabled","Output":"=== RUN   TestAccResourceVSphereComputeCluster_vsanCompressionEnabled\n"}
{"Time":"2025-05-14T18:43:46.135395+03:00","Action":"output","Package":"github.com/vmware/terraform-provider-vsphere/vsphere","Test":"TestAccResourceVSphereComputeCluster_vsanCompressionEnabled","Output":"    provider_test.go:48: \n"}
{"Time":"2025-05-14T18:43:46.135403+03:00","Action":"output","Package":"github.com/vmware/terraform-provider-vsphere/vsphere","Test":"TestAccResourceVSphereComputeCluster_vsanCompressionEnabled","Output":"--- SKIP: TestAccResourceVSphereComputeCluster_vsanCompressionEnabled (0.01s)\n"}
{"Time":"2025-05-14T18:43:46.135416+03:00","Action":"skip","Package":"github.com/vmware/terraform-provider-vsphere/vsphere","Test":"TestAccResourceVSphereComputeCluster_vsanCompressionEnabled","Elapsed":0.01}
{"Time":"2025-05-14T18:43:46.135419+03:00","Action":"run","Package":"github.com/vmware/terraform-provider-vsphere/vsphere","Test":"TestAccResourceVSphereComputeCluster_vsanPerfEnabled"}
{"Time":"2025-05-14T18:43:46.135421+03:00","Action":"output","Package":"github.com/vmware/terraform-provider-vsphere/vsphere","Test":"TestAccResourceVSphereComputeCluster_vsanPerfEnabled","Output":"=== RUN   TestAccResourceVSphereComputeCluster_vsanPerfEnabled\n"}
{"Time":"2025-05-14T18:43:46.145154+03:00","Action":"output","Package":"github.com/vmware/terraform-provider-vsphere/vsphere","Test":"TestAccResourceVSphereComputeCluster_vsanPerfEnabled","Output":"    provider_test.go:48: \n"}
{"Time":"2025-05-14T18:43:46.145159+03:00","Action":"output","Package":"github.com/vmware/terraform-provider-vsphere/vsphere","Test":"TestAccResourceVSphereComputeCluster_vsanPerfEnabled","Output":"--- SKIP: TestAccResourceVSphereComputeCluster_vsanPerfEnabled (0.01s)\n"}
{"Time":"2025-05-14T18:43:46.145162+03:00","Action":"skip","Package":"github.com/vmware/terraform-provider-vsphere/vsphere","Test":"TestAccResourceVSphereComputeCluster_vsanPerfEnabled","Elapsed":0.01}
{"Time":"2025-05-14T18:43:46.145165+03:00","Action":"run","Package":"github.com/vmware/terraform-provider-vsphere/vsphere","Test":"TestAccResourceVSphereComputeCluster_vsanPerfVerboseEnabled"}
{"Time":"2025-05-14T18:43:46.145167+03:00","Action":"output","Package":"github.com/vmware/terraform-provider-vsphere/vsphere","Test":"TestAccResourceVSphereComputeCluster_vsanPerfVerboseEnabled","Output":"=== RUN   TestAccResourceVSphereComputeCluster_vsanPerfVerboseEnabled\n"}
{"Time":"2025-05-14T18:43:46.155589+03:00","Action":"output","Package":"github.com/vmware/terraform-provider-vsphere/vsphere","Test":"TestAccResourceVSphereComputeCluster_vsanPerfVerboseEnabled","Output":"    provider_test.go:48: \n"}
{"Time":"2025-05-14T18:43:46.155596+03:00","Action":"output","Package":"github.com/vmware/terraform-provider-vsphere/vsphere","Test":"TestAccResourceVSphereComputeCluster_vsanPerfVerboseEnabled","Output":"--- SKIP: TestAccResourceVSphereComputeCluster_vsanPerfVerboseEnabled (0.01s)\n"}
{"Time":"2025-05-14T18:43:46.155598+03:00","Action":"skip","Package":"github.com/vmware/terraform-provider-vsphere/vsphere","Test":"TestAccResourceVSphereComputeCluster_vsanPerfVerboseEnabled","Elapsed":0.01}
{"Time":"2025-05-14T18:43:46.155601+03:00","Action":"run","Package":"github.com/vmware/terraform-provider-vsphere/vsphere","Test":"TestAccResourceVSphereComputeCluster_vsanPerfVerboseDiagnosticEnabled"}
{"Time":"2025-05-14T18:43:46.155617+03:00","Action":"output","Package":"github.com/vmware/terraform-provider-vsphere/vsphere","Test":"TestAccResourceVSphereComputeCluster_vsanPerfVerboseDiagnosticEnabled","Output":"=== RUN   TestAccResourceVSphereComputeCluster_vsanPerfVerboseDiagnosticEnabled\n"}
{"Time":"2025-05-14T18:43:46.163951+03:00","Action":"output","Package":"github.com/vmware/terraform-provider-vsphere/vsphere","Test":"TestAccResourceVSphereComputeCluster_vsanPerfVerboseDiagnosticEnabled","Output":"    provider_test.go:48: \n"}
{"Time":"2025-05-14T18:43:46.163956+03:00","Action":"output","Package":"github.com/vmware/terraform-provider-vsphere/vsphere","Test":"TestAccResourceVSphereComputeCluster_vsanPerfVerboseDiagnosticEnabled","Output":"--- SKIP: TestAccResourceVSphereComputeCluster_vsanPerfVerboseDiagnosticEnabled (0.01s)\n"}
{"Time":"2025-05-14T18:43:46.16396+03:00","Action":"skip","Package":"github.com/vmware/terraform-provider-vsphere/vsphere","Test":"TestAccResourceVSphereComputeCluster_vsanPerfVerboseDiagnosticEnabled","Elapsed":0.01}
{"Time":"2025-05-14T18:43:46.163962+03:00","Action":"run","Package":"github.com/vmware/terraform-provider-vsphere/vsphere","Test":"TestAccResourceVSphereComputeCluster_vsanUnmapEnabledwithVsanEnabled"}
{"Time":"2025-05-14T18:43:46.163963+03:00","Action":"output","Package":"github.com/vmware/terraform-provider-vsphere/vsphere","Test":"TestAccResourceVSphereComputeCluster_vsanUnmapEnabledwithVsanEnabled","Output":"=== RUN   TestAccResourceVSphereComputeCluster_vsanUnmapEnabledwithVsanEnabled\n"}
{"Time":"2025-05-14T18:43:46.174822+03:00","Action":"output","Package":"github.com/vmware/terraform-provider-vsphere/vsphere","Test":"TestAccResourceVSphereComputeCluster_vsanUnmapEnabledwithVsanEnabled","Output":"    provider_test.go:48: \n"}
{"Time":"2025-05-14T18:43:46.174827+03:00","Action":"output","Package":"github.com/vmware/terraform-provider-vsphere/vsphere","Test":"TestAccResourceVSphereComputeCluster_vsanUnmapEnabledwithVsanEnabled","Output":"--- SKIP: TestAccResourceVSphereComputeCluster_vsanUnmapEnabledwithVsanEnabled (0.01s)\n"}
{"Time":"2025-05-14T18:43:46.17483+03:00","Action":"skip","Package":"github.com/vmware/terraform-provider-vsphere/vsphere","Test":"TestAccResourceVSphereComputeCluster_vsanUnmapEnabledwithVsanEnabled","Elapsed":0.01}
{"Time":"2025-05-14T18:43:46.174832+03:00","Action":"run","Package":"github.com/vmware/terraform-provider-vsphere/vsphere","Test":"TestAccResourceVSphereComputeCluster_vsanUnmapDisabledwithVsanDisabled"}
{"Time":"2025-05-14T18:43:46.174833+03:00","Action":"output","Package":"github.com/vmware/terraform-provider-vsphere/vsphere","Test":"TestAccResourceVSphereComputeCluster_vsanUnmapDisabledwithVsanDisabled","Output":"=== RUN   TestAccResourceVSphereComputeCluster_vsanUnmapDisabledwithVsanDisabled\n"}
{"Time":"2025-05-14T18:43:46.184115+03:00","Action":"output","Package":"github.com/vmware/terraform-provider-vsphere/vsphere","Test":"TestAccResourceVSphereComputeCluster_vsanUnmapDisabledwithVsanDisabled","Output":"    provider_test.go:48: \n"}
{"Time":"2025-05-14T18:43:46.184134+03:00","Action":"output","Package":"github.com/vmware/terraform-provider-vsphere/vsphere","Test":"TestAccResourceVSphereComputeCluster_vsanUnmapDisabledwithVsanDisabled","Output":"--- SKIP: TestAccResourceVSphereComputeCluster_vsanUnmapDisabledwithVsanDisabled (0.01s)\n"}
{"Time":"2025-05-14T18:43:46.184137+03:00","Action":"skip","Package":"github.com/vmware/terraform-provider-vsphere/vsphere","Test":"TestAccResourceVSphereComputeCluster_vsanUnmapDisabledwithVsanDisabled","Elapsed":0.01}
{"Time":"2025-05-14T18:43:46.184139+03:00","Action":"run","Package":"github.com/vmware/terraform-provider-vsphere/vsphere","Test":"TestAccResourceVSphereComputeCluster_vsanDITEncryption"}
{"Time":"2025-05-14T18:43:46.184141+03:00","Action":"output","Package":"github.com/vmware/terraform-provider-vsphere/vsphere","Test":"TestAccResourceVSphereComputeCluster_vsanDITEncryption","Output":"=== RUN   TestAccResourceVSphereComputeCluster_vsanDITEncryption\n"}
{"Time":"2025-05-14T18:43:46.192279+03:00","Action":"output","Package":"github.com/vmware/terraform-provider-vsphere/vsphere","Test":"TestAccResourceVSphereComputeCluster_vsanDITEncryption","Output":"    provider_test.go:48: \n"}
{"Time":"2025-05-14T18:43:46.192288+03:00","Action":"output","Package":"github.com/vmware/terraform-provider-vsphere/vsphere","Test":"TestAccResourceVSphereComputeCluster_vsanDITEncryption","Output":"--- SKIP: TestAccResourceVSphereComputeCluster_vsanDITEncryption (0.01s)\n"}
{"Time":"2025-05-14T18:43:46.192293+03:00","Action":"skip","Package":"github.com/vmware/terraform-provider-vsphere/vsphere","Test":"TestAccResourceVSphereComputeCluster_vsanDITEncryption","Elapsed":0.01}
{"Time":"2025-05-14T18:43:46.192294+03:00","Action":"run","Package":"github.com/vmware/terraform-provider-vsphere/vsphere","Test":"TestAccResourceVSphereComputeCluster_vsanEsaEnabled"}
{"Time":"2025-05-14T18:43:46.192296+03:00","Action":"output","Package":"github.com/vmware/terraform-provider-vsphere/vsphere","Test":"TestAccResourceVSphereComputeCluster_vsanEsaEnabled","Output":"=== RUN   TestAccResourceVSphereComputeCluster_vsanEsaEnabled\n"}
{"Time":"2025-05-14T18:43:46.199841+03:00","Action":"output","Package":"github.com/vmware/terraform-provider-vsphere/vsphere","Test":"TestAccResourceVSphereComputeCluster_vsanEsaEnabled","Output":"    provider_test.go:48: \n"}
{"Time":"2025-05-14T18:43:46.199848+03:00","Action":"output","Package":"github.com/vmware/terraform-provider-vsphere/vsphere","Test":"TestAccResourceVSphereComputeCluster_vsanEsaEnabled","Output":"--- SKIP: TestAccResourceVSphereComputeCluster_vsanEsaEnabled (0.01s)\n"}
{"Time":"2025-05-14T18:43:46.199852+03:00","Action":"skip","Package":"github.com/vmware/terraform-provider-vsphere/vsphere","Test":"TestAccResourceVSphereComputeCluster_vsanEsaEnabled","Elapsed":0.01}
{"Time":"2025-05-14T18:43:46.199854+03:00","Action":"run","Package":"github.com/vmware/terraform-provider-vsphere/vsphere","Test":"TestAccResourceVSphereComputeCluster_faultDomain"}
{"Time":"2025-05-14T18:43:46.199856+03:00","Action":"output","Package":"github.com/vmware/terraform-provider-vsphere/vsphere","Test":"TestAccResourceVSphereComputeCluster_faultDomain","Output":"=== RUN   TestAccResourceVSphereComputeCluster_faultDomain\n"}
{"Time":"2025-05-14T18:43:46.207364+03:00","Action":"output","Package":"github.com/vmware/terraform-provider-vsphere/vsphere","Test":"TestAccResourceVSphereComputeCluster_faultDomain","Output":"    provider_test.go:48: \n"}
{"Time":"2025-05-14T18:43:46.207377+03:00","Action":"output","Package":"github.com/vmware/terraform-provider-vsphere/vsphere","Test":"TestAccResourceVSphereComputeCluster_faultDomain","Output":"--- SKIP: TestAccResourceVSphereComputeCluster_faultDomain (0.01s)\n"}
{"Time":"2025-05-14T18:43:46.20738+03:00","Action":"skip","Package":"github.com/vmware/terraform-provider-vsphere/vsphere","Test":"TestAccResourceVSphereComputeCluster_faultDomain","Elapsed":0.01}
{"Time":"2025-05-14T18:43:46.207382+03:00","Action":"run","Package":"github.com/vmware/terraform-provider-vsphere/vsphere","Test":"TestAccResourceVSphereComputeCluster_vsanStretchedCluster"}
{"Time":"2025-05-14T18:43:46.207384+03:00","Action":"output","Package":"github.com/vmware/terraform-provider-vsphere/vsphere","Test":"TestAccResourceVSphereComputeCluster_vsanStretchedCluster","Output":"=== RUN   TestAccResourceVSphereComputeCluster_vsanStretchedCluster\n"}
{"Time":"2025-05-14T18:43:46.214556+03:00","Action":"output","Package":"github.com/vmware/terraform-provider-vsphere/vsphere","Test":"TestAccResourceVSphereComputeCluster_vsanStretchedCluster","Output":"    provider_test.go:48: \n"}
{"Time":"2025-05-14T18:43:46.214565+03:00","Action":"output","Package":"github.com/vmware/terraform-provider-vsphere/vsphere","Test":"TestAccResourceVSphereComputeCluster_vsanStretchedCluster","Output":"--- SKIP: TestAccResourceVSphereComputeCluster_vsanStretchedCluster (0.01s)\n"}
{"Time":"2025-05-14T18:43:46.214568+03:00","Action":"skip","Package":"github.com/vmware/terraform-provider-vsphere/vsphere","Test":"TestAccResourceVSphereComputeCluster_vsanStretchedCluster","Elapsed":0.01}
{"Time":"2025-05-14T18:43:46.21457+03:00","Action":"run","Package":"github.com/vmware/terraform-provider-vsphere/vsphere","Test":"TestAccResourceVSphereComputeCluster_explicitFailoverHost"}
{"Time":"2025-05-14T18:43:46.214572+03:00","Action":"output","Package":"github.com/vmware/terraform-provider-vsphere/vsphere","Test":"TestAccResourceVSphereComputeCluster_explicitFailoverHost","Output":"=== RUN   TestAccResourceVSphereComputeCluster_explicitFailoverHost\n"}
{"Time":"2025-05-14T18:43:46.222817+03:00","Action":"output","Package":"github.com/vmware/terraform-provider-vsphere/vsphere","Test":"TestAccResourceVSphereComputeCluster_explicitFailoverHost","Output":"    provider_test.go:48: \n"}
{"Time":"2025-05-14T18:43:46.222828+03:00","Action":"output","Package":"github.com/vmware/terraform-provider-vsphere/vsphere","Test":"TestAccResourceVSphereComputeCluster_explicitFailoverHost","Output":"--- SKIP: TestAccResourceVSphereComputeCluster_explicitFailoverHost (0.01s)\n"}
{"Time":"2025-05-14T18:43:46.222831+03:00","Action":"skip","Package":"github.com/vmware/terraform-provider-vsphere/vsphere","Test":"TestAccResourceVSphereComputeCluster_explicitFailoverHost","Elapsed":0.01}
{"Time":"2025-05-14T18:43:46.222832+03:00","Action":"run","Package":"github.com/vmware/terraform-provider-vsphere/vsphere","Test":"TestAccResourceVSphereComputeCluster_rename"}
{"Time":"2025-05-14T18:43:46.222835+03:00","Action":"output","Package":"github.com/vmware/terraform-provider-vsphere/vsphere","Test":"TestAccResourceVSphereComputeCluster_rename","Output":"=== RUN   TestAccResourceVSphereComputeCluster_rename\n"}
{"Time":"2025-05-14T18:43:46.230437+03:00","Action":"output","Package":"github.com/vmware/terraform-provider-vsphere/vsphere","Test":"TestAccResourceVSphereComputeCluster_rename","Output":"    provider_test.go:48: \n"}
{"Time":"2025-05-14T18:43:46.230442+03:00","Action":"output","Package":"github.com/vmware/terraform-provider-vsphere/vsphere","Test":"TestAccResourceVSphereComputeCluster_rename","Output":"--- SKIP: TestAccResourceVSphereComputeCluster_rename (0.01s)\n"}
{"Time":"2025-05-14T18:43:46.230444+03:00","Action":"skip","Package":"github.com/vmware/terraform-provider-vsphere/vsphere","Test":"TestAccResourceVSphereComputeCluster_rename","Elapsed":0.01}
{"Time":"2025-05-14T18:43:46.230447+03:00","Action":"run","Package":"github.com/vmware/terraform-provider-vsphere/vsphere","Test":"TestAccResourceVSphereComputeCluster_inFolder"}
{"Time":"2025-05-14T18:43:46.23045+03:00","Action":"output","Package":"github.com/vmware/terraform-provider-vsphere/vsphere","Test":"TestAccResourceVSphereComputeCluster_inFolder","Output":"=== RUN   TestAccResourceVSphereComputeCluster_inFolder\n"}
{"Time":"2025-05-14T18:43:46.2403+03:00","Action":"output","Package":"github.com/vmware/terraform-provider-vsphere/vsphere","Test":"TestAccResourceVSphereComputeCluster_inFolder","Output":"    provider_test.go:48: \n"}
{"Time":"2025-05-14T18:43:46.240307+03:00","Action":"output","Package":"github.com/vmware/terraform-provider-vsphere/vsphere","Test":"TestAccResourceVSphereComputeCluster_inFolder","Output":"--- SKIP: TestAccResourceVSphereComputeCluster_inFolder (0.01s)\n"}
{"Time":"2025-05-14T18:43:46.24031+03:00","Action":"skip","Package":"github.com/vmware/terraform-provider-vsphere/vsphere","Test":"TestAccResourceVSphereComputeCluster_inFolder","Elapsed":0.01}
{"Time":"2025-05-14T18:43:46.240312+03:00","Action":"run","Package":"github.com/vmware/terraform-provider-vsphere/vsphere","Test":"TestAccResourceVSphereComputeCluster_moveToFolder"}
{"Time":"2025-05-14T18:43:46.240317+03:00","Action":"output","Package":"github.com/vmware/terraform-provider-vsphere/vsphere","Test":"TestAccResourceVSphereComputeCluster_moveToFolder","Output":"=== RUN   TestAccResourceVSphereComputeCluster_moveToFolder\n"}
{"Time":"2025-05-14T18:43:46.247348+03:00","Action":"output","Package":"github.com/vmware/terraform-provider-vsphere/vsphere","Test":"TestAccResourceVSphereComputeCluster_moveToFolder","Output":"    provider_test.go:48: \n"}
{"Time":"2025-05-14T18:43:46.247354+03:00","Action":"output","Package":"github.com/vmware/terraform-provider-vsphere/vsphere","Test":"TestAccResourceVSphereComputeCluster_moveToFolder","Output":"--- SKIP: TestAccResourceVSphereComputeCluster_moveToFolder (0.01s)\n"}
{"Time":"2025-05-14T18:43:46.247358+03:00","Action":"skip","Package":"github.com/vmware/terraform-provider-vsphere/vsphere","Test":"TestAccResourceVSphereComputeCluster_moveToFolder","Elapsed":0.01}
{"Time":"2025-05-14T18:43:46.24736+03:00","Action":"run","Package":"github.com/vmware/terraform-provider-vsphere/vsphere","Test":"TestAccResourceVSphereComputeCluster_singleTag"}
{"Time":"2025-05-14T18:43:46.247361+03:00","Action":"output","Package":"github.com/vmware/terraform-provider-vsphere/vsphere","Test":"TestAccResourceVSphereComputeCluster_singleTag","Output":"=== RUN   TestAccResourceVSphereComputeCluster_singleTag\n"}
{"Time":"2025-05-14T18:43:46.256047+03:00","Action":"output","Package":"github.com/vmware/terraform-provider-vsphere/vsphere","Test":"TestAccResourceVSphereComputeCluster_singleTag","Output":"    provider_test.go:48: \n"}
{"Time":"2025-05-14T18:43:46.256059+03:00","Action":"output","Package":"github.com/vmware/terraform-provider-vsphere/vsphere","Test":"TestAccResourceVSphereComputeCluster_singleTag","Output":"--- SKIP: TestAccResourceVSphereComputeCluster_singleTag (0.01s)\n"}
{"Time":"2025-05-14T18:43:46.256062+03:00","Action":"skip","Package":"github.com/vmware/terraform-provider-vsphere/vsphere","Test":"TestAccResourceVSphereComputeCluster_singleTag","Elapsed":0.01}
{"Time":"2025-05-14T18:43:46.256064+03:00","Action":"run","Package":"github.com/vmware/terraform-provider-vsphere/vsphere","Test":"TestAccResourceVSphereComputeCluster_multipleTags"}
{"Time":"2025-05-14T18:43:46.256065+03:00","Action":"output","Package":"github.com/vmware/terraform-provider-vsphere/vsphere","Test":"TestAccResourceVSphereComputeCluster_multipleTags","Output":"=== RUN   TestAccResourceVSphereComputeCluster_multipleTags\n"}
{"Time":"2025-05-14T18:43:46.263013+03:00","Action":"output","Package":"github.com/vmware/terraform-provider-vsphere/vsphere","Test":"TestAccResourceVSphereComputeCluster_multipleTags","Output":"    provider_test.go:48: \n"}
{"Time":"2025-05-14T18:43:46.263019+03:00","Action":"output","Package":"github.com/vmware/terraform-provider-vsphere/vsphere","Test":"TestAccResourceVSphereComputeCluster_multipleTags","Output":"--- SKIP: TestAccResourceVSphereComputeCluster_multipleTags (0.01s)\n"}
{"Time":"2025-05-14T18:43:46.263024+03:00","Action":"skip","Package":"github.com/vmware/terraform-provider-vsphere/vsphere","Test":"TestAccResourceVSphereComputeCluster_multipleTags","Elapsed":0.01}
{"Time":"2025-05-14T18:43:46.263027+03:00","Action":"run","Package":"github.com/vmware/terraform-provider-vsphere/vsphere","Test":"TestAccResourceVSphereComputeCluster_switchTags"}
{"Time":"2025-05-14T18:43:46.263028+03:00","Action":"output","Package":"github.com/vmware/terraform-provider-vsphere/vsphere","Test":"TestAccResourceVSphereComputeCluster_switchTags","Output":"=== RUN   TestAccResourceVSphereComputeCluster_switchTags\n"}
{"Time":"2025-05-14T18:43:46.272084+03:00","Action":"output","Package":"github.com/vmware/terraform-provider-vsphere/vsphere","Test":"TestAccResourceVSphereComputeCluster_switchTags","Output":"    provider_test.go:48: \n"}
{"Time":"2025-05-14T18:43:46.27209+03:00","Action":"output","Package":"github.com/vmware/terraform-provider-vsphere/vsphere","Test":"TestAccResourceVSphereComputeCluster_switchTags","Output":"--- SKIP: TestAccResourceVSphereComputeCluster_switchTags (0.01s)\n"}
{"Time":"2025-05-14T18:43:46.272093+03:00","Action":"skip","Package":"github.com/vmware/terraform-provider-vsphere/vsphere","Test":"TestAccResourceVSphereComputeCluster_switchTags","Elapsed":0.01}
{"Time":"2025-05-14T18:43:46.272095+03:00","Action":"run","Package":"github.com/vmware/terraform-provider-vsphere/vsphere","Test":"TestAccResourceVSphereComputeCluster_singleCustomAttribute"}
{"Time":"2025-05-14T18:43:46.272097+03:00","Action":"output","Package":"github.com/vmware/terraform-provider-vsphere/vsphere","Test":"TestAccResourceVSphereComputeCluster_singleCustomAttribute","Output":"=== RUN   TestAccResourceVSphereComputeCluster_singleCustomAttribute\n"}
{"Time":"2025-05-14T18:43:46.279191+03:00","Action":"output","Package":"github.com/vmware/terraform-provider-vsphere/vsphere","Test":"TestAccResourceVSphereComputeCluster_singleCustomAttribute","Output":"    provider_test.go:48: \n"}
{"Time":"2025-05-14T18:43:46.279197+03:00","Action":"output","Package":"github.com/vmware/terraform-provider-vsphere/vsphere","Test":"TestAccResourceVSphereComputeCluster_singleCustomAttribute","Output":"--- SKIP: TestAccResourceVSphereComputeCluster_singleCustomAttribute (0.01s)\n"}
{"Time":"2025-05-14T18:43:46.279199+03:00","Action":"skip","Package":"github.com/vmware/terraform-provider-vsphere/vsphere","Test":"TestAccResourceVSphereComputeCluster_singleCustomAttribute","Elapsed":0.01}
{"Time":"2025-05-14T18:43:46.2792+03:00","Action":"run","Package":"github.com/vmware/terraform-provider-vsphere/vsphere","Test":"TestAccResourceVSphereComputeCluster_multipleCustomAttribute"}
{"Time":"2025-05-14T18:43:46.279202+03:00","Action":"output","Package":"github.com/vmware/terraform-provider-vsphere/vsphere","Test":"TestAccResourceVSphereComputeCluster_multipleCustomAttribute","Output":"=== RUN   TestAccResourceVSphereComputeCluster_multipleCustomAttribute\n"}
{"Time":"2025-05-14T18:43:46.289723+03:00","Action":"output","Package":"github.com/vmware/terraform-provider-vsphere/vsphere","Test":"TestAccResourceVSphereComputeCluster_multipleCustomAttribute","Output":"    provider_test.go:48: \n"}
{"Time":"2025-05-14T18:43:46.289732+03:00","Action":"output","Package":"github.com/vmware/terraform-provider-vsphere/vsphere","Test":"TestAccResourceVSphereComputeCluster_multipleCustomAttribute","Output":"--- SKIP: TestAccResourceVSphereComputeCluster_multipleCustomAttribute (0.01s)\n"}
{"Time":"2025-05-14T18:43:46.289736+03:00","Action":"skip","Package":"github.com/vmware/terraform-provider-vsphere/vsphere","Test":"TestAccResourceVSphereComputeCluster_multipleCustomAttribute","Elapsed":0.01}
{"Time":"2025-05-14T18:43:46.289738+03:00","Action":"run","Package":"github.com/vmware/terraform-provider-vsphere/vsphere","Test":"TestAccResourceVSphereComputeCluster_switchCustomAttribute"}
{"Time":"2025-05-14T18:43:46.28974+03:00","Action":"output","Package":"github.com/vmware/terraform-provider-vsphere/vsphere","Test":"TestAccResourceVSphereComputeCluster_switchCustomAttribute","Output":"=== RUN   TestAccResourceVSphereComputeCluster_switchCustomAttribute\n"}
{"Time":"2025-05-14T18:43:46.295488+03:00","Action":"output","Package":"github.com/vmware/terraform-provider-vsphere/vsphere","Test":"TestAccResourceVSphereComputeCluster_switchCustomAttribute","Output":"    provider_test.go:48: \n"}
{"Time":"2025-05-14T18:43:46.295494+03:00","Action":"output","Package":"github.com/vmware/terraform-provider-vsphere/vsphere","Test":"TestAccResourceVSphereComputeCluster_switchCustomAttribute","Output":"--- SKIP: TestAccResourceVSphereComputeCluster_switchCustomAttribute (0.01s)\n"}
{"Time":"2025-05-14T18:43:46.295498+03:00","Action":"skip","Package":"github.com/vmware/terraform-provider-vsphere/vsphere","Test":"TestAccResourceVSphereComputeCluster_switchCustomAttribute","Elapsed":0.01}
{"Time":"2025-05-14T18:43:46.2955+03:00","Action":"run","Package":"github.com/vmware/terraform-provider-vsphere/vsphere","Test":"TestAccResourceVSphereComputeClusterVMAffinityRule_basic"}
{"Time":"2025-05-14T18:43:46.295502+03:00","Action":"output","Package":"github.com/vmware/terraform-provider-vsphere/vsphere","Test":"TestAccResourceVSphereComputeClusterVMAffinityRule_basic","Output":"=== RUN   TestAccResourceVSphereComputeClusterVMAffinityRule_basic\n"}
{"Time":"2025-05-14T18:43:46.307593+03:00","Action":"output","Package":"github.com/vmware/terraform-provider-vsphere/vsphere","Test":"TestAccResourceVSphereComputeClusterVMAffinityRule_basic","Output":"    provider_test.go:48: \n"}
{"Time":"2025-05-14T18:43:46.30761+03:00","Action":"output","Package":"github.com/vmware/terraform-provider-vsphere/vsphere","Test":"TestAccResourceVSphereComputeClusterVMAffinityRule_basic","Output":"--- SKIP: TestAccResourceVSphereComputeClusterVMAffinityRule_basic (0.01s)\n"}
{"Time":"2025-05-14T18:43:46.307618+03:00","Action":"skip","Package":"github.com/vmware/terraform-provider-vsphere/vsphere","Test":"TestAccResourceVSphereComputeClusterVMAffinityRule_basic","Elapsed":0.01}
{"Time":"2025-05-14T18:43:46.30762+03:00","Action":"run","Package":"github.com/vmware/terraform-provider-vsphere/vsphere","Test":"TestAccResourceVSphereComputeClusterVMAffinityRule_updateEnabled"}
{"Time":"2025-05-14T18:43:46.307622+03:00","Action":"output","Package":"github.com/vmware/terraform-provider-vsphere/vsphere","Test":"TestAccResourceVSphereComputeClusterVMAffinityRule_updateEnabled","Output":"=== RUN   TestAccResourceVSphereComputeClusterVMAffinityRule_updateEnabled\n"}
{"Time":"2025-05-14T18:43:46.316748+03:00","Action":"output","Package":"github.com/vmware/terraform-provider-vsphere/vsphere","Test":"TestAccResourceVSphereComputeClusterVMAffinityRule_updateEnabled","Output":"    provider_test.go:48: \n"}
{"Time":"2025-05-14T18:43:46.316755+03:00","Action":"output","Package":"github.com/vmware/terraform-provider-vsphere/vsphere","Test":"TestAccResourceVSphereComputeClusterVMAffinityRule_updateEnabled","Output":"--- SKIP: TestAccResourceVSphereComputeClusterVMAffinityRule_updateEnabled (0.01s)\n"}
{"Time":"2025-05-14T18:43:46.316777+03:00","Action":"skip","Package":"github.com/vmware/terraform-provider-vsphere/vsphere","Test":"TestAccResourceVSphereComputeClusterVMAffinityRule_updateEnabled","Elapsed":0.01}
{"Time":"2025-05-14T18:43:46.316779+03:00","Action":"run","Package":"github.com/vmware/terraform-provider-vsphere/vsphere","Test":"TestAccResourceVSphereComputeClusterVMAffinityRule_updateCount"}
{"Time":"2025-05-14T18:43:46.316781+03:00","Action":"output","Package":"github.com/vmware/terraform-provider-vsphere/vsphere","Test":"TestAccResourceVSphereComputeClusterVMAffinityRule_updateCount","Output":"=== RUN   TestAccResourceVSphereComputeClusterVMAffinityRule_updateCount\n"}
{"Time":"2025-05-14T18:43:46.33519+03:00","Action":"output","Package":"github.com/vmware/terraform-provider-vsphere/vsphere","Test":"TestAccResourceVSphereComputeClusterVMAffinityRule_updateCount","Output":"    provider_test.go:48: \n"}
{"Time":"2025-05-14T18:43:46.335225+03:00","Action":"output","Package":"github.com/vmware/terraform-provider-vsphere/vsphere","Test":"TestAccResourceVSphereComputeClusterVMAffinityRule_updateCount","Output":"--- SKIP: TestAccResourceVSphereComputeClusterVMAffinityRule_updateCount (0.02s)\n"}
{"Time":"2025-05-14T18:43:46.335228+03:00","Action":"skip","Package":"github.com/vmware/terraform-provider-vsphere/vsphere","Test":"TestAccResourceVSphereComputeClusterVMAffinityRule_updateCount","Elapsed":0.02}
{"Time":"2025-05-14T18:43:46.335234+03:00","Action":"run","Package":"github.com/vmware/terraform-provider-vsphere/vsphere","Test":"TestAccResourceVSphereComputeClusterVMAntiAffinityRule_basic"}
{"Time":"2025-05-14T18:43:46.335236+03:00","Action":"output","Package":"github.com/vmware/terraform-provider-vsphere/vsphere","Test":"TestAccResourceVSphereComputeClusterVMAntiAffinityRule_basic","Output":"=== RUN   TestAccResourceVSphereComputeClusterVMAntiAffinityRule_basic\n"}
{"Time":"2025-05-14T18:43:46.341297+03:00","Action":"output","Package":"github.com/vmware/terraform-provider-vsphere/vsphere","Test":"TestAccResourceVSphereComputeClusterVMAntiAffinityRule_basic","Output":"    provider_test.go:48: \n"}
{"Time":"2025-05-14T18:43:46.341304+03:00","Action":"output","Package":"github.com/vmware/terraform-provider-vsphere/vsphere","Test":"TestAccResourceVSphereComputeClusterVMAntiAffinityRule_basic","Output":"--- SKIP: TestAccResourceVSphereComputeClusterVMAntiAffinityRule_basic (0.01s)\n"}
{"Time":"2025-05-14T18:43:46.341309+03:00","Action":"skip","Package":"github.com/vmware/terraform-provider-vsphere/vsphere","Test":"TestAccResourceVSphereComputeClusterVMAntiAffinityRule_basic","Elapsed":0.01}
{"Time":"2025-05-14T18:43:46.341311+03:00","Action":"run","Package":"github.com/vmware/terraform-provider-vsphere/vsphere","Test":"TestAccResourceVSphereComputeClusterVMAntiAffinityRule_updateEnabled"}
{"Time":"2025-05-14T18:43:46.341312+03:00","Action":"output","Package":"github.com/vmware/terraform-provider-vsphere/vsphere","Test":"TestAccResourceVSphereComputeClusterVMAntiAffinityRule_updateEnabled","Output":"=== RUN   TestAccResourceVSphereComputeClusterVMAntiAffinityRule_updateEnabled\n"}
{"Time":"2025-05-14T18:43:46.346136+03:00","Action":"output","Package":"github.com/vmware/terraform-provider-vsphere/vsphere","Test":"TestAccResourceVSphereComputeClusterVMAntiAffinityRule_updateEnabled","Output":"    provider_test.go:48: \n"}
{"Time":"2025-05-14T18:43:46.346143+03:00","Action":"output","Package":"github.com/vmware/terraform-provider-vsphere/vsphere","Test":"TestAccResourceVSphereComputeClusterVMAntiAffinityRule_updateEnabled","Output":"--- SKIP: TestAccResourceVSphereComputeClusterVMAntiAffinityRule_updateEnabled (0.00s)\n"}
{"Time":"2025-05-14T18:43:46.346146+03:00","Action":"skip","Package":"github.com/vmware/terraform-provider-vsphere/vsphere","Test":"TestAccResourceVSphereComputeClusterVMAntiAffinityRule_updateEnabled","Elapsed":0}
{"Time":"2025-05-14T18:43:46.346148+03:00","Action":"run","Package":"github.com/vmware/terraform-provider-vsphere/vsphere","Test":"TestAccResourceVSphereComputeClusterVMAntiAffinityRule_updateCount"}
{"Time":"2025-05-14T18:43:46.34615+03:00","Action":"output","Package":"github.com/vmware/terraform-provider-vsphere/vsphere","Test":"TestAccResourceVSphereComputeClusterVMAntiAffinityRule_updateCount","Output":"=== RUN   TestAccResourceVSphereComputeClusterVMAntiAffinityRule_updateCount\n"}
{"Time":"2025-05-14T18:43:46.350725+03:00","Action":"output","Package":"github.com/vmware/terraform-provider-vsphere/vsphere","Test":"TestAccResourceVSphereComputeClusterVMAntiAffinityRule_updateCount","Output":"    provider_test.go:48: \n"}
{"Time":"2025-05-14T18:43:46.350739+03:00","Action":"output","Package":"github.com/vmware/terraform-provider-vsphere/vsphere","Test":"TestAccResourceVSphereComputeClusterVMAntiAffinityRule_updateCount","Output":"--- SKIP: TestAccResourceVSphereComputeClusterVMAntiAffinityRule_updateCount (0.00s)\n"}
{"Time":"2025-05-14T18:43:46.350745+03:00","Action":"skip","Package":"github.com/vmware/terraform-provider-vsphere/vsphere","Test":"TestAccResourceVSphereComputeClusterVMAntiAffinityRule_updateCount","Elapsed":0}
{"Time":"2025-05-14T18:43:46.35075+03:00","Action":"run","Package":"github.com/vmware/terraform-provider-vsphere/vsphere","Test":"TestAccResourceVSphereComputeClusterVMDependencyRule_basic"}
{"Time":"2025-05-14T18:43:46.350753+03:00","Action":"output","Package":"github.com/vmware/terraform-provider-vsphere/vsphere","Test":"TestAccResourceVSphereComputeClusterVMDependencyRule_basic","Output":"=== RUN   TestAccResourceVSphereComputeClusterVMDependencyRule_basic\n"}
{"Time":"2025-05-14T18:43:46.357957+03:00","Action":"output","Package":"github.com/vmware/terraform-provider-vsphere/vsphere","Test":"TestAccResourceVSphereComputeClusterVMDependencyRule_basic","Output":"    provider_test.go:48: \n"}
{"Time":"2025-05-14T18:43:46.357965+03:00","Action":"output","Package":"github.com/vmware/terraform-provider-vsphere/vsphere","Test":"TestAccResourceVSphereComputeClusterVMDependencyRule_basic","Output":"--- SKIP: TestAccResourceVSphereComputeClusterVMDependencyRule_basic (0.01s)\n"}
{"Time":"2025-05-14T18:43:46.357967+03:00","Action":"skip","Package":"github.com/vmware/terraform-provider-vsphere/vsphere","Test":"TestAccResourceVSphereComputeClusterVMDependencyRule_basic","Elapsed":0.01}
{"Time":"2025-05-14T18:43:46.357969+03:00","Action":"run","Package":"github.com/vmware/terraform-provider-vsphere/vsphere","Test":"TestAccResourceVSphereComputeClusterVMDependencyRule_altGroup"}
{"Time":"2025-05-14T18:43:46.357971+03:00","Action":"output","Package":"github.com/vmware/terraform-provider-vsphere/vsphere","Test":"TestAccResourceVSphereComputeClusterVMDependencyRule_altGroup","Output":"=== RUN   TestAccResourceVSphereComputeClusterVMDependencyRule_altGroup\n"}
{"Time":"2025-05-14T18:43:46.363027+03:00","Action":"output","Package":"github.com/vmware/terraform-provider-vsphere/vsphere","Test":"TestAccResourceVSphereComputeClusterVMDependencyRule_altGroup","Output":"    provider_test.go:48: \n"}
{"Time":"2025-05-14T18:43:46.363036+03:00","Action":"output","Package":"github.com/vmware/terraform-provider-vsphere/vsphere","Test":"TestAccResourceVSphereComputeClusterVMDependencyRule_altGroup","Output":"--- SKIP: TestAccResourceVSphereComputeClusterVMDependencyRule_altGroup (0.01s)\n"}
{"Time":"2025-05-14T18:43:46.36304+03:00","Action":"skip","Package":"github.com/vmware/terraform-provider-vsphere/vsphere","Test":"TestAccResourceVSphereComputeClusterVMDependencyRule_altGroup","Elapsed":0.01}
{"Time":"2025-05-14T18:43:46.363042+03:00","Action":"run","Package":"github.com/vmware/terraform-provider-vsphere/vsphere","Test":"TestAccResourceVSphereComputeClusterVMDependencyRule_updateEnabled"}
{"Time":"2025-05-14T18:43:46.363044+03:00","Action":"output","Package":"github.com/vmware/terraform-provider-vsphere/vsphere","Test":"TestAccResourceVSphereComputeClusterVMDependencyRule_updateEnabled","Output":"=== RUN   TestAccResourceVSphereComputeClusterVMDependencyRule_updateEnabled\n"}
{"Time":"2025-05-14T18:43:46.367821+03:00","Action":"output","Package":"github.com/vmware/terraform-provider-vsphere/vsphere","Test":"TestAccResourceVSphereComputeClusterVMDependencyRule_updateEnabled","Output":"    provider_test.go:48: \n"}
{"Time":"2025-05-14T18:43:46.367828+03:00","Action":"output","Package":"github.com/vmware/terraform-provider-vsphere/vsphere","Test":"TestAccResourceVSphereComputeClusterVMDependencyRule_updateEnabled","Output":"--- SKIP: TestAccResourceVSphereComputeClusterVMDependencyRule_updateEnabled (0.00s)\n"}
{"Time":"2025-05-14T18:43:46.367831+03:00","Action":"skip","Package":"github.com/vmware/terraform-provider-vsphere/vsphere","Test":"TestAccResourceVSphereComputeClusterVMDependencyRule_updateEnabled","Elapsed":0}
{"Time":"2025-05-14T18:43:46.36784+03:00","Action":"run","Package":"github.com/vmware/terraform-provider-vsphere/vsphere","Test":"TestAccResourceVSphereComputeClusterVMDependencyRule_updateGroup"}
{"Time":"2025-05-14T18:43:46.367841+03:00","Action":"output","Package":"github.com/vmware/terraform-provider-vsphere/vsphere","Test":"TestAccResourceVSphereComputeClusterVMDependencyRule_updateGroup","Output":"=== RUN   TestAccResourceVSphereComputeClusterVMDependencyRule_updateGroup\n"}
{"Time":"2025-05-14T18:43:46.377032+03:00","Action":"output","Package":"github.com/vmware/terraform-provider-vsphere/vsphere","Test":"TestAccResourceVSphereComputeClusterVMDependencyRule_updateGroup","Output":"    provider_test.go:48: \n"}
{"Time":"2025-05-14T18:43:46.377037+03:00","Action":"output","Package":"github.com/vmware/terraform-provider-vsphere/vsphere","Test":"TestAccResourceVSphereComputeClusterVMDependencyRule_updateGroup","Output":"--- SKIP: TestAccResourceVSphereComputeClusterVMDependencyRule_updateGroup (0.01s)\n"}
{"Time":"2025-05-14T18:43:46.37704+03:00","Action":"skip","Package":"github.com/vmware/terraform-provider-vsphere/vsphere","Test":"TestAccResourceVSphereComputeClusterVMDependencyRule_updateGroup","Elapsed":0.01}
{"Time":"2025-05-14T18:43:46.377043+03:00","Action":"run","Package":"github.com/vmware/terraform-provider-vsphere/vsphere","Test":"TestAccResourceVSphereComputeClusterVMGroup_basic"}
{"Time":"2025-05-14T18:43:46.377045+03:00","Action":"output","Package":"github.com/vmware/terraform-provider-vsphere/vsphere","Test":"TestAccResourceVSphereComputeClusterVMGroup_basic","Output":"=== RUN   TestAccResourceVSphereComputeClusterVMGroup_basic\n"}
{"Time":"2025-05-14T18:43:46.388363+03:00","Action":"output","Package":"github.com/vmware/terraform-provider-vsphere/vsphere","Test":"TestAccResourceVSphereComputeClusterVMGroup_basic","Output":"    provider_test.go:48: \n"}
{"Time":"2025-05-14T18:43:46.388372+03:00","Action":"output","Package":"github.com/vmware/terraform-provider-vsphere/vsphere","Test":"TestAccResourceVSphereComputeClusterVMGroup_basic","Output":"--- SKIP: TestAccResourceVSphereComputeClusterVMGroup_basic (0.01s)\n"}
{"Time":"2025-05-14T18:43:46.388374+03:00","Action":"skip","Package":"github.com/vmware/terraform-provider-vsphere/vsphere","Test":"TestAccResourceVSphereComputeClusterVMGroup_basic","Elapsed":0.01}
{"Time":"2025-05-14T18:43:46.388376+03:00","Action":"run","Package":"github.com/vmware/terraform-provider-vsphere/vsphere","Test":"TestAccResourceVSphereComputeClusterVMGroup_update"}
{"Time":"2025-05-14T18:43:46.388377+03:00","Action":"output","Package":"github.com/vmware/terraform-provider-vsphere/vsphere","Test":"TestAccResourceVSphereComputeClusterVMGroup_update","Output":"=== RUN   TestAccResourceVSphereComputeClusterVMGroup_update\n"}
{"Time":"2025-05-14T18:43:46.392904+03:00","Action":"output","Package":"github.com/vmware/terraform-provider-vsphere/vsphere","Test":"TestAccResourceVSphereComputeClusterVMGroup_update","Output":"    provider_test.go:48: \n"}
{"Time":"2025-05-14T18:43:46.39291+03:00","Action":"output","Package":"github.com/vmware/terraform-provider-vsphere/vsphere","Test":"TestAccResourceVSphereComputeClusterVMGroup_update","Output":"--- SKIP: TestAccResourceVSphereComputeClusterVMGroup_update (0.00s)\n"}
{"Time":"2025-05-14T18:43:46.392913+03:00","Action":"skip","Package":"github.com/vmware/terraform-provider-vsphere/vsphere","Test":"TestAccResourceVSphereComputeClusterVMGroup_update","Elapsed":0}
{"Time":"2025-05-14T18:43:46.392914+03:00","Action":"run","Package":"github.com/vmware/terraform-provider-vsphere/vsphere","Test":"TestAccResourceVSphereComputeClusterVMHostRule_basic"}
{"Time":"2025-05-14T18:43:46.392916+03:00","Action":"output","Package":"github.com/vmware/terraform-provider-vsphere/vsphere","Test":"TestAccResourceVSphereComputeClusterVMHostRule_basic","Output":"=== RUN   TestAccResourceVSphereComputeClusterVMHostRule_basic\n"}
{"Time":"2025-05-14T18:43:46.399606+03:00","Action":"output","Package":"github.com/vmware/terraform-provider-vsphere/vsphere","Test":"TestAccResourceVSphereComputeClusterVMHostRule_basic","Output":"    provider_test.go:48: \n"}
{"Time":"2025-05-14T18:43:46.399612+03:00","Action":"output","Package":"github.com/vmware/terraform-provider-vsphere/vsphere","Test":"TestAccResourceVSphereComputeClusterVMHostRule_basic","Output":"--- SKIP: TestAccResourceVSphereComputeClusterVMHostRule_basic (0.01s)\n"}
{"Time":"2025-05-14T18:43:46.399615+03:00","Action":"skip","Package":"github.com/vmware/terraform-provider-vsphere/vsphere","Test":"TestAccResourceVSphereComputeClusterVMHostRule_basic","Elapsed":0.01}
{"Time":"2025-05-14T18:43:46.399616+03:00","Action":"run","Package":"github.com/vmware/terraform-provider-vsphere/vsphere","Test":"TestAccResourceVSphereComputeClusterVMHostRule_antiAffinity"}
{"Time":"2025-05-14T18:43:46.399618+03:00","Action":"output","Package":"github.com/vmware/terraform-provider-vsphere/vsphere","Test":"TestAccResourceVSphereComputeClusterVMHostRule_antiAffinity","Output":"=== RUN   TestAccResourceVSphereComputeClusterVMHostRule_antiAffinity\n"}
{"Time":"2025-05-14T18:43:46.407767+03:00","Action":"output","Package":"github.com/vmware/terraform-provider-vsphere/vsphere","Test":"TestAccResourceVSphereComputeClusterVMHostRule_antiAffinity","Output":"    provider_test.go:48: \n"}
{"Time":"2025-05-14T18:43:46.407772+03:00","Action":"output","Package":"github.com/vmware/terraform-provider-vsphere/vsphere","Test":"TestAccResourceVSphereComputeClusterVMHostRule_antiAffinity","Output":"--- SKIP: TestAccResourceVSphereComputeClusterVMHostRule_antiAffinity (0.01s)\n"}
{"Time":"2025-05-14T18:43:46.407775+03:00","Action":"skip","Package":"github.com/vmware/terraform-provider-vsphere/vsphere","Test":"TestAccResourceVSphereComputeClusterVMHostRule_antiAffinity","Elapsed":0.01}
{"Time":"2025-05-14T18:43:46.407777+03:00","Action":"run","Package":"github.com/vmware/terraform-provider-vsphere/vsphere","Test":"TestAccResourceVSphereComputeClusterVMHostRule_updateEnabled"}
{"Time":"2025-05-14T18:43:46.407778+03:00","Action":"output","Package":"github.com/vmware/terraform-provider-vsphere/vsphere","Test":"TestAccResourceVSphereComputeClusterVMHostRule_updateEnabled","Output":"=== RUN   TestAccResourceVSphereComputeClusterVMHostRule_updateEnabled\n"}
{"Time":"2025-05-14T18:43:46.412164+03:00","Action":"output","Package":"github.com/vmware/terraform-provider-vsphere/vsphere","Test":"TestAccResourceVSphereComputeClusterVMHostRule_updateEnabled","Output":"    provider_test.go:48: \n"}
{"Time":"2025-05-14T18:43:46.41217+03:00","Action":"output","Package":"github.com/vmware/terraform-provider-vsphere/vsphere","Test":"TestAccResourceVSphereComputeClusterVMHostRule_updateEnabled","Output":"--- SKIP: TestAccResourceVSphereComputeClusterVMHostRule_updateEnabled (0.00s)\n"}
{"Time":"2025-05-14T18:43:46.412174+03:00","Action":"skip","Package":"github.com/vmware/terraform-provider-vsphere/vsphere","Test":"TestAccResourceVSphereComputeClusterVMHostRule_updateEnabled","Elapsed":0}
{"Time":"2025-05-14T18:43:46.412175+03:00","Action":"run","Package":"github.com/vmware/terraform-provider-vsphere/vsphere","Test":"TestAccResourceVSphereComputeClusterVMHostRule_updateAffinity"}
{"Time":"2025-05-14T18:43:46.412181+03:00","Action":"output","Package":"github.com/vmware/terraform-provider-vsphere/vsphere","Test":"TestAccResourceVSphereComputeClusterVMHostRule_updateAffinity","Output":"=== RUN   TestAccResourceVSphereComputeClusterVMHostRule_updateAffinity\n"}
{"Time":"2025-05-14T18:43:46.420356+03:00","Action":"output","Package":"github.com/vmware/terraform-provider-vsphere/vsphere","Test":"TestAccResourceVSphereComputeClusterVMHostRule_updateAffinity","Output":"    provider_test.go:48: \n"}
{"Time":"2025-05-14T18:43:46.420363+03:00","Action":"output","Package":"github.com/vmware/terraform-provider-vsphere/vsphere","Test":"TestAccResourceVSphereComputeClusterVMHostRule_updateAffinity","Output":"--- SKIP: TestAccResourceVSphereComputeClusterVMHostRule_updateAffinity (0.01s)\n"}
{"Time":"2025-05-14T18:43:46.420365+03:00","Action":"skip","Package":"github.com/vmware/terraform-provider-vsphere/vsphere","Test":"TestAccResourceVSphereComputeClusterVMHostRule_updateAffinity","Elapsed":0.01}
{"Time":"2025-05-14T18:43:46.420367+03:00","Action":"run","Package":"github.com/vmware/terraform-provider-vsphere/vsphere","Test":"TestAccResourceVSphereContentLibraryItem_localOva"}
{"Time":"2025-05-14T18:43:46.420369+03:00","Action":"output","Package":"github.com/vmware/terraform-provider-vsphere/vsphere","Test":"TestAccResourceVSphereContentLibraryItem_localOva","Output":"=== RUN   TestAccResourceVSphereContentLibraryItem_localOva\n"}
{"Time":"2025-05-14T18:43:46.428726+03:00","Action":"output","Package":"github.com/vmware/terraform-provider-vsphere/vsphere","Test":"TestAccResourceVSphereContentLibraryItem_localOva","Output":"    provider_test.go:48: \n"}
{"Time":"2025-05-14T18:43:46.428732+03:00","Action":"output","Package":"github.com/vmware/terraform-provider-vsphere/vsphere","Test":"TestAccResourceVSphereContentLibraryItem_localOva","Output":"--- SKIP: TestAccResourceVSphereContentLibraryItem_localOva (0.01s)\n"}
{"Time":"2025-05-14T18:43:46.428735+03:00","Action":"skip","Package":"github.com/vmware/terraform-provider-vsphere/vsphere","Test":"TestAccResourceVSphereContentLibraryItem_localOva","Elapsed":0.01}
{"Time":"2025-05-14T18:43:46.428737+03:00","Action":"run","Package":"github.com/vmware/terraform-provider-vsphere/vsphere","Test":"TestAccResourceVSphereContentLibraryItem_remoteOvf"}
{"Time":"2025-05-14T18:43:46.428738+03:00","Action":"output","Package":"github.com/vmware/terraform-provider-vsphere/vsphere","Test":"TestAccResourceVSphereContentLibraryItem_remoteOvf","Output":"=== RUN   TestAccResourceVSphereContentLibraryItem_remoteOvf\n"}
{"Time":"2025-05-14T18:43:46.440176+03:00","Action":"output","Package":"github.com/vmware/terraform-provider-vsphere/vsphere","Test":"TestAccResourceVSphereContentLibraryItem_remoteOvf","Output":"    provider_test.go:48: \n"}
{"Time":"2025-05-14T18:43:46.440181+03:00","Action":"output","Package":"github.com/vmware/terraform-provider-vsphere/vsphere","Test":"TestAccResourceVSphereContentLibraryItem_remoteOvf","Output":"--- SKIP: TestAccResourceVSphereContentLibraryItem_remoteOvf (0.01s)\n"}
{"Time":"2025-05-14T18:43:46.440183+03:00","Action":"skip","Package":"github.com/vmware/terraform-provider-vsphere/vsphere","Test":"TestAccResourceVSphereContentLibraryItem_remoteOvf","Elapsed":0.01}
{"Time":"2025-05-14T18:43:46.440185+03:00","Action":"run","Package":"github.com/vmware/terraform-provider-vsphere/vsphere","Test":"TestAccResourceVSphereContentLibraryItem_remoteOva"}
{"Time":"2025-05-14T18:43:46.440186+03:00","Action":"output","Package":"github.com/vmware/terraform-provider-vsphere/vsphere","Test":"TestAccResourceVSphereContentLibraryItem_remoteOva","Output":"=== RUN   TestAccResourceVSphereContentLibraryItem_remoteOva\n"}
{"Time":"2025-05-14T18:43:46.45109+03:00","Action":"output","Package":"github.com/vmware/terraform-provider-vsphere/vsphere","Test":"TestAccResourceVSphereContentLibraryItem_remoteOva","Output":"    provider_test.go:48: \n"}
{"Time":"2025-05-14T18:43:46.451097+03:00","Action":"output","Package":"github.com/vmware/terraform-provider-vsphere/vsphere","Test":"TestAccResourceVSphereContentLibraryItem_remoteOva","Output":"--- SKIP: TestAccResourceVSphereContentLibraryItem_remoteOva (0.01s)\n"}
{"Time":"2025-05-14T18:43:46.451111+03:00","Action":"skip","Package":"github.com/vmware/terraform-provider-vsphere/vsphere","Test":"TestAccResourceVSphereContentLibraryItem_remoteOva","Elapsed":0.01}
{"Time":"2025-05-14T18:43:46.451113+03:00","Action":"run","Package":"github.com/vmware/terraform-provider-vsphere/vsphere","Test":"TestAccResourceVSphereContentLibrary_basic"}
{"Time":"2025-05-14T18:43:46.451115+03:00","Action":"output","Package":"github.com/vmware/terraform-provider-vsphere/vsphere","Test":"TestAccResourceVSphereContentLibrary_basic","Output":"=== RUN   TestAccResourceVSphereContentLibrary_basic\n"}
{"Time":"2025-05-14T18:43:46.45919+03:00","Action":"output","Package":"github.com/vmware/terraform-provider-vsphere/vsphere","Test":"TestAccResourceVSphereContentLibrary_basic","Output":"    provider_test.go:48: \n"}
{"Time":"2025-05-14T18:43:46.459197+03:00","Action":"output","Package":"github.com/vmware/terraform-provider-vsphere/vsphere","Test":"TestAccResourceVSphereContentLibrary_basic","Output":"--- SKIP: TestAccResourceVSphereContentLibrary_basic (0.01s)\n"}
{"Time":"2025-05-14T18:43:46.4592+03:00","Action":"skip","Package":"github.com/vmware/terraform-provider-vsphere/vsphere","Test":"TestAccResourceVSphereContentLibrary_basic","Elapsed":0.01}
{"Time":"2025-05-14T18:43:46.459203+03:00","Action":"run","Package":"github.com/vmware/terraform-provider-vsphere/vsphere","Test":"TestAccResourceVSphereContentLibrary_subscribed"}
{"Time":"2025-05-14T18:43:46.459205+03:00","Action":"output","Package":"github.com/vmware/terraform-provider-vsphere/vsphere","Test":"TestAccResourceVSphereContentLibrary_subscribed","Output":"=== RUN   TestAccResourceVSphereContentLibrary_subscribed\n"}
{"Time":"2025-05-14T18:43:46.467539+03:00","Action":"output","Package":"github.com/vmware/terraform-provider-vsphere/vsphere","Test":"TestAccResourceVSphereContentLibrary_subscribed","Output":"    provider_test.go:48: \n"}
{"Time":"2025-05-14T18:43:46.467546+03:00","Action":"output","Package":"github.com/vmware/terraform-provider-vsphere/vsphere","Test":"TestAccResourceVSphereContentLibrary_subscribed","Output":"--- SKIP: TestAccResourceVSphereContentLibrary_subscribed (0.01s)\n"}
{"Time":"2025-05-14T18:43:46.467553+03:00","Action":"skip","Package":"github.com/vmware/terraform-provider-vsphere/vsphere","Test":"TestAccResourceVSphereContentLibrary_subscribed","Elapsed":0.01}
{"Time":"2025-05-14T18:43:46.467556+03:00","Action":"run","Package":"github.com/vmware/terraform-provider-vsphere/vsphere","Test":"TestAccResourceVSphereContentLibrary_authenticated"}
{"Time":"2025-05-14T18:43:46.467562+03:00","Action":"output","Package":"github.com/vmware/terraform-provider-vsphere/vsphere","Test":"TestAccResourceVSphereContentLibrary_authenticated","Output":"=== RUN   TestAccResourceVSphereContentLibrary_authenticated\n"}
{"Time":"2025-05-14T18:43:46.479108+03:00","Action":"output","Package":"github.com/vmware/terraform-provider-vsphere/vsphere","Test":"TestAccResourceVSphereContentLibrary_authenticated","Output":"    provider_test.go:48: \n"}
{"Time":"2025-05-14T18:43:46.479113+03:00","Action":"output","Package":"github.com/vmware/terraform-provider-vsphere/vsphere","Test":"TestAccResourceVSphereContentLibrary_authenticated","Output":"--- SKIP: TestAccResourceVSphereContentLibrary_authenticated (0.01s)\n"}
{"Time":"2025-05-14T18:43:46.479116+03:00","Action":"skip","Package":"github.com/vmware/terraform-provider-vsphere/vsphere","Test":"TestAccResourceVSphereContentLibrary_authenticated","Elapsed":0.01}
{"Time":"2025-05-14T18:43:46.479118+03:00","Action":"run","Package":"github.com/vmware/terraform-provider-vsphere/vsphere","Test":"TestAccResourceVSphereCustomAttribute_basic"}
{"Time":"2025-05-14T18:43:46.479121+03:00","Action":"output","Package":"github.com/vmware/terraform-provider-vsphere/vsphere","Test":"TestAccResourceVSphereCustomAttribute_basic","Output":"=== RUN   TestAccResourceVSphereCustomAttribute_basic\n"}
{"Time":"2025-05-14T18:43:46.494992+03:00","Action":"output","Package":"github.com/vmware/terraform-provider-vsphere/vsphere","Test":"TestAccResourceVSphereCustomAttribute_basic","Output":"    provider_test.go:48: \n"}
{"Time":"2025-05-14T18:43:46.495006+03:00","Action":"output","Package":"github.com/vmware/terraform-provider-vsphere/vsphere","Test":"TestAccResourceVSphereCustomAttribute_basic","Output":"--- SKIP: TestAccResourceVSphereCustomAttribute_basic (0.02s)\n"}
{"Time":"2025-05-14T18:43:46.49501+03:00","Action":"skip","Package":"github.com/vmware/terraform-provider-vsphere/vsphere","Test":"TestAccResourceVSphereCustomAttribute_basic","Elapsed":0.02}
{"Time":"2025-05-14T18:43:46.495013+03:00","Action":"run","Package":"github.com/vmware/terraform-provider-vsphere/vsphere","Test":"TestAccResourceVSphereCustomAttribute_withType"}
{"Time":"2025-05-14T18:43:46.495015+03:00","Action":"output","Package":"github.com/vmware/terraform-provider-vsphere/vsphere","Test":"TestAccResourceVSphereCustomAttribute_withType","Output":"=== RUN   TestAccResourceVSphereCustomAttribute_withType\n"}
{"Time":"2025-05-14T18:43:46.500252+03:00","Action":"output","Package":"github.com/vmware/terraform-provider-vsphere/vsphere","Test":"TestAccResourceVSphereCustomAttribute_withType","Output":"    provider_test.go:48: \n"}
{"Time":"2025-05-14T18:43:46.500265+03:00","Action":"output","Package":"github.com/vmware/terraform-provider-vsphere/vsphere","Test":"TestAccResourceVSphereCustomAttribute_withType","Output":"--- SKIP: TestAccResourceVSphereCustomAttribute_withType (0.01s)\n"}
{"Time":"2025-05-14T18:43:46.500267+03:00","Action":"skip","Package":"github.com/vmware/terraform-provider-vsphere/vsphere","Test":"TestAccResourceVSphereCustomAttribute_withType","Elapsed":0.01}
{"Time":"2025-05-14T18:43:46.50027+03:00","Action":"run","Package":"github.com/vmware/terraform-provider-vsphere/vsphere","Test":"TestAccResourceVSphereCustomAttribute_rename"}
{"Time":"2025-05-14T18:43:46.500272+03:00","Action":"output","Package":"github.com/vmware/terraform-provider-vsphere/vsphere","Test":"TestAccResourceVSphereCustomAttribute_rename","Output":"=== RUN   TestAccResourceVSphereCustomAttribute_rename\n"}
{"Time":"2025-05-14T18:43:46.5065+03:00","Action":"output","Package":"github.com/vmware/terraform-provider-vsphere/vsphere","Test":"TestAccResourceVSphereCustomAttribute_rename","Output":"    provider_test.go:48: \n"}
{"Time":"2025-05-14T18:43:46.506512+03:00","Action":"output","Package":"github.com/vmware/terraform-provider-vsphere/vsphere","Test":"TestAccResourceVSphereCustomAttribute_rename","Output":"--- SKIP: TestAccResourceVSphereCustomAttribute_rename (0.01s)\n"}
{"Time":"2025-05-14T18:43:46.506516+03:00","Action":"skip","Package":"github.com/vmware/terraform-provider-vsphere/vsphere","Test":"TestAccResourceVSphereCustomAttribute_rename","Elapsed":0.01}
{"Time":"2025-05-14T18:43:46.50652+03:00","Action":"run","Package":"github.com/vmware/terraform-provider-vsphere/vsphere","Test":"TestAccResourceVSphereCustomAttribute_changeType"}
{"Time":"2025-05-14T18:43:46.506522+03:00","Action":"output","Package":"github.com/vmware/terraform-provider-vsphere/vsphere","Test":"TestAccResourceVSphereCustomAttribute_changeType","Output":"=== RUN   TestAccResourceVSphereCustomAttribute_changeType\n"}
{"Time":"2025-05-14T18:43:46.511606+03:00","Action":"output","Package":"github.com/vmware/terraform-provider-vsphere/vsphere","Test":"TestAccResourceVSphereCustomAttribute_changeType","Output":"    provider_test.go:48: \n"}
{"Time":"2025-05-14T18:43:46.511612+03:00","Action":"output","Package":"github.com/vmware/terraform-provider-vsphere/vsphere","Test":"TestAccResourceVSphereCustomAttribute_changeType","Output":"--- SKIP: TestAccResourceVSphereCustomAttribute_changeType (0.01s)\n"}
{"Time":"2025-05-14T18:43:46.511616+03:00","Action":"skip","Package":"github.com/vmware/terraform-provider-vsphere/vsphere","Test":"TestAccResourceVSphereCustomAttribute_changeType","Elapsed":0.01}
{"Time":"2025-05-14T18:43:46.511621+03:00","Action":"run","Package":"github.com/vmware/terraform-provider-vsphere/vsphere","Test":"TestAccResourceVSphereDatacenter_createOnRootFolder"}
{"Time":"2025-05-14T18:43:46.511623+03:00","Action":"output","Package":"github.com/vmware/terraform-provider-vsphere/vsphere","Test":"TestAccResourceVSphereDatacenter_createOnRootFolder","Output":"=== RUN   TestAccResourceVSphereDatacenter_createOnRootFolder\n"}
{"Time":"2025-05-14T18:43:46.511678+03:00","Action":"output","Package":"github.com/vmware/terraform-provider-vsphere/vsphere","Test":"TestAccResourceVSphereDatacenter_createOnRootFolder","Output":"    provider_test.go:48: \n"}
{"Time":"2025-05-14T18:43:46.511711+03:00","Action":"output","Package":"github.com/vmware/terraform-provider-vsphere/vsphere","Test":"TestAccResourceVSphereDatacenter_createOnRootFolder","Output":"--- SKIP: TestAccResourceVSphereDatacenter_createOnRootFolder (0.00s)\n"}
{"Time":"2025-05-14T18:43:46.511715+03:00","Action":"skip","Package":"github.com/vmware/terraform-provider-vsphere/vsphere","Test":"TestAccResourceVSphereDatacenter_createOnRootFolder","Elapsed":0}
{"Time":"2025-05-14T18:43:46.511717+03:00","Action":"run","Package":"github.com/vmware/terraform-provider-vsphere/vsphere","Test":"TestAccResourceVSphereDatacenter_createOnSubfolder"}
{"Time":"2025-05-14T18:43:46.511719+03:00","Action":"output","Package":"github.com/vmware/terraform-provider-vsphere/vsphere","Test":"TestAccResourceVSphereDatacenter_createOnSubfolder","Output":"=== RUN   TestAccResourceVSphereDatacenter_createOnSubfolder\n"}
{"Time":"2025-05-14T18:43:46.511723+03:00","Action":"output","Package":"github.com/vmware/terraform-provider-vsphere/vsphere","Test":"TestAccResourceVSphereDatacenter_createOnSubfolder","Output":"    provider_test.go:48: \n"}
{"Time":"2025-05-14T18:43:46.511725+03:00","Action":"output","Package":"github.com/vmware/terraform-provider-vsphere/vsphere","Test":"TestAccResourceVSphereDatacenter_createOnSubfolder","Output":"--- SKIP: TestAccResourceVSphereDatacenter_createOnSubfolder (0.00s)\n"}
{"Time":"2025-05-14T18:43:46.511727+03:00","Action":"skip","Package":"github.com/vmware/terraform-provider-vsphere/vsphere","Test":"TestAccResourceVSphereDatacenter_createOnSubfolder","Elapsed":0}
{"Time":"2025-05-14T18:43:46.511735+03:00","Action":"run","Package":"github.com/vmware/terraform-provider-vsphere/vsphere","Test":"TestAccResourceVSphereDatacenter_singleTag"}
{"Time":"2025-05-14T18:43:46.511737+03:00","Action":"output","Package":"github.com/vmware/terraform-provider-vsphere/vsphere","Test":"TestAccResourceVSphereDatacenter_singleTag","Output":"=== RUN   TestAccResourceVSphereDatacenter_singleTag\n"}
{"Time":"2025-05-14T18:43:46.516256+03:00","Action":"output","Package":"github.com/vmware/terraform-provider-vsphere/vsphere","Test":"TestAccResourceVSphereDatacenter_singleTag","Output":"    provider_test.go:48: \n"}
{"Time":"2025-05-14T18:43:46.516262+03:00","Action":"output","Package":"github.com/vmware/terraform-provider-vsphere/vsphere","Test":"TestAccResourceVSphereDatacenter_singleTag","Output":"--- SKIP: TestAccResourceVSphereDatacenter_singleTag (0.00s)\n"}
{"Time":"2025-05-14T18:43:46.516266+03:00","Action":"skip","Package":"github.com/vmware/terraform-provider-vsphere/vsphere","Test":"TestAccResourceVSphereDatacenter_singleTag","Elapsed":0}
{"Time":"2025-05-14T18:43:46.516267+03:00","Action":"run","Package":"github.com/vmware/terraform-provider-vsphere/vsphere","Test":"TestAccResourceVSphereDatacenter_modifyTags"}
{"Time":"2025-05-14T18:43:46.516269+03:00","Action":"output","Package":"github.com/vmware/terraform-provider-vsphere/vsphere","Test":"TestAccResourceVSphereDatacenter_modifyTags","Output":"=== RUN   TestAccResourceVSphereDatacenter_modifyTags\n"}
{"Time":"2025-05-14T18:43:46.521926+03:00","Action":"output","Package":"github.com/vmware/terraform-provider-vsphere/vsphere","Test":"TestAccResourceVSphereDatacenter_modifyTags","Output":"    provider_test.go:48: \n"}
{"Time":"2025-05-14T18:43:46.52193+03:00","Action":"output","Package":"github.com/vmware/terraform-provider-vsphere/vsphere","Test":"TestAccResourceVSphereDatacenter_modifyTags","Output":"--- SKIP: TestAccResourceVSphereDatacenter_modifyTags (0.01s)\n"}
{"Time":"2025-05-14T18:43:46.521932+03:00","Action":"skip","Package":"github.com/vmware/terraform-provider-vsphere/vsphere","Test":"TestAccResourceVSphereDatacenter_modifyTags","Elapsed":0.01}
{"Time":"2025-05-14T18:43:46.521934+03:00","Action":"run","Package":"github.com/vmware/terraform-provider-vsphere/vsphere","Test":"TestAccResourceVSphereDatacenter_singleCustomAttribute"}
{"Time":"2025-05-14T18:43:46.521936+03:00","Action":"output","Package":"github.com/vmware/terraform-provider-vsphere/vsphere","Test":"TestAccResourceVSphereDatacenter_singleCustomAttribute","Output":"=== RUN   TestAccResourceVSphereDatacenter_singleCustomAttribute\n"}
{"Time":"2025-05-14T18:43:46.525695+03:00","Action":"output","Package":"github.com/vmware/terraform-provider-vsphere/vsphere","Test":"TestAccResourceVSphereDatacenter_singleCustomAttribute","Output":"    provider_test.go:48: \n"}
{"Time":"2025-05-14T18:43:46.5257+03:00","Action":"output","Package":"github.com/vmware/terraform-provider-vsphere/vsphere","Test":"TestAccResourceVSphereDatacenter_singleCustomAttribute","Output":"--- SKIP: TestAccResourceVSphereDatacenter_singleCustomAttribute (0.00s)\n"}
{"Time":"2025-05-14T18:43:46.525702+03:00","Action":"skip","Package":"github.com/vmware/terraform-provider-vsphere/vsphere","Test":"TestAccResourceVSphereDatacenter_singleCustomAttribute","Elapsed":0}
{"Time":"2025-05-14T18:43:46.525704+03:00","Action":"run","Package":"github.com/vmware/terraform-provider-vsphere/vsphere","Test":"TestAccResourceVSphereDatacenter_modifyCustomAttribute"}
{"Time":"2025-05-14T18:43:46.525705+03:00","Action":"output","Package":"github.com/vmware/terraform-provider-vsphere/vsphere","Test":"TestAccResourceVSphereDatacenter_modifyCustomAttribute","Output":"=== RUN   TestAccResourceVSphereDatacenter_modifyCustomAttribute\n"}
{"Time":"2025-05-14T18:43:46.53038+03:00","Action":"output","Package":"github.com/vmware/terraform-provider-vsphere/vsphere","Test":"TestAccResourceVSphereDatacenter_modifyCustomAttribute","Output":"    provider_test.go:48: \n"}
{"Time":"2025-05-14T18:43:46.530394+03:00","Action":"output","Package":"github.com/vmware/terraform-provider-vsphere/vsphere","Test":"TestAccResourceVSphereDatacenter_modifyCustomAttribute","Output":"--- SKIP: TestAccResourceVSphereDatacenter_modifyCustomAttribute (0.00s)\n"}
{"Time":"2025-05-14T18:43:46.530397+03:00","Action":"skip","Package":"github.com/vmware/terraform-provider-vsphere/vsphere","Test":"TestAccResourceVSphereDatacenter_modifyCustomAttribute","Elapsed":0}
{"Time":"2025-05-14T18:43:46.530398+03:00","Action":"run","Package":"github.com/vmware/terraform-provider-vsphere/vsphere","Test":"TestAccResourceVSphereDatastoreCluster_basic"}
{"Time":"2025-05-14T18:43:46.5304+03:00","Action":"output","Package":"github.com/vmware/terraform-provider-vsphere/vsphere","Test":"TestAccResourceVSphereDatastoreCluster_basic","Output":"=== RUN   TestAccResourceVSphereDatastoreCluster_basic\n"}
{"Time":"2025-05-14T18:43:46.537486+03:00","Action":"output","Package":"github.com/vmware/terraform-provider-vsphere/vsphere","Test":"TestAccResourceVSphereDatastoreCluster_basic","Output":"    provider_test.go:48: \n"}
{"Time":"2025-05-14T18:43:46.537492+03:00","Action":"output","Package":"github.com/vmware/terraform-provider-vsphere/vsphere","Test":"TestAccResourceVSphereDatastoreCluster_basic","Output":"--- SKIP: TestAccResourceVSphereDatastoreCluster_basic (0.01s)\n"}
{"Time":"2025-05-14T18:43:46.537494+03:00","Action":"skip","Package":"github.com/vmware/terraform-provider-vsphere/vsphere","Test":"TestAccResourceVSphereDatastoreCluster_basic","Elapsed":0.01}
{"Time":"2025-05-14T18:43:46.537496+03:00","Action":"run","Package":"github.com/vmware/terraform-provider-vsphere/vsphere","Test":"TestAccResourceVSphereDatastoreCluster_sdrsEnabled"}
{"Time":"2025-05-14T18:43:46.537497+03:00","Action":"output","Package":"github.com/vmware/terraform-provider-vsphere/vsphere","Test":"TestAccResourceVSphereDatastoreCluster_sdrsEnabled","Output":"=== RUN   TestAccResourceVSphereDatastoreCluster_sdrsEnabled\n"}
{"Time":"2025-05-14T18:43:46.543212+03:00","Action":"output","Package":"github.com/vmware/terraform-provider-vsphere/vsphere","Test":"TestAccResourceVSphereDatastoreCluster_sdrsEnabled","Output":"    provider_test.go:48: \n"}
{"Time":"2025-05-14T18:43:46.543218+03:00","Action":"output","Package":"github.com/vmware/terraform-provider-vsphere/vsphere","Test":"TestAccResourceVSphereDatastoreCluster_sdrsEnabled","Output":"--- SKIP: TestAccResourceVSphereDatastoreCluster_sdrsEnabled (0.01s)\n"}
{"Time":"2025-05-14T18:43:46.54322+03:00","Action":"skip","Package":"github.com/vmware/terraform-provider-vsphere/vsphere","Test":"TestAccResourceVSphereDatastoreCluster_sdrsEnabled","Elapsed":0.01}
{"Time":"2025-05-14T18:43:46.543222+03:00","Action":"run","Package":"github.com/vmware/terraform-provider-vsphere/vsphere","Test":"TestAccResourceVSphereDatastoreCluster_rename"}
{"Time":"2025-05-14T18:43:46.543223+03:00","Action":"output","Package":"github.com/vmware/terraform-provider-vsphere/vsphere","Test":"TestAccResourceVSphereDatastoreCluster_rename","Output":"=== RUN   TestAccResourceVSphereDatastoreCluster_rename\n"}
{"Time":"2025-05-14T18:43:46.554064+03:00","Action":"output","Package":"github.com/vmware/terraform-provider-vsphere/vsphere","Test":"TestAccResourceVSphereDatastoreCluster_rename","Output":"    provider_test.go:48: \n"}
{"Time":"2025-05-14T18:43:46.554071+03:00","Action":"output","Package":"github.com/vmware/terraform-provider-vsphere/vsphere","Test":"TestAccResourceVSphereDatastoreCluster_rename","Output":"--- SKIP: TestAccResourceVSphereDatastoreCluster_rename (0.01s)\n"}
{"Time":"2025-05-14T18:43:46.554074+03:00","Action":"skip","Package":"github.com/vmware/terraform-provider-vsphere/vsphere","Test":"TestAccResourceVSphereDatastoreCluster_rename","Elapsed":0.01}
{"Time":"2025-05-14T18:43:46.554076+03:00","Action":"run","Package":"github.com/vmware/terraform-provider-vsphere/vsphere","Test":"TestAccResourceVSphereDatastoreCluster_inFolder"}
{"Time":"2025-05-14T18:43:46.554079+03:00","Action":"output","Package":"github.com/vmware/terraform-provider-vsphere/vsphere","Test":"TestAccResourceVSphereDatastoreCluster_inFolder","Output":"=== RUN   TestAccResourceVSphereDatastoreCluster_inFolder\n"}
{"Time":"2025-05-14T18:43:46.564682+03:00","Action":"output","Package":"github.com/vmware/terraform-provider-vsphere/vsphere","Test":"TestAccResourceVSphereDatastoreCluster_inFolder","Output":"    provider_test.go:48: \n"}
{"Time":"2025-05-14T18:43:46.564689+03:00","Action":"output","Package":"github.com/vmware/terraform-provider-vsphere/vsphere","Test":"TestAccResourceVSphereDatastoreCluster_inFolder","Output":"--- SKIP: TestAccResourceVSphereDatastoreCluster_inFolder (0.01s)\n"}
{"Time":"2025-05-14T18:43:46.564691+03:00","Action":"skip","Package":"github.com/vmware/terraform-provider-vsphere/vsphere","Test":"TestAccResourceVSphereDatastoreCluster_inFolder","Elapsed":0.01}
{"Time":"2025-05-14T18:43:46.564692+03:00","Action":"run","Package":"github.com/vmware/terraform-provider-vsphere/vsphere","Test":"TestAccResourceVSphereDatastoreCluster_moveToFolder"}
{"Time":"2025-05-14T18:43:46.564694+03:00","Action":"output","Package":"github.com/vmware/terraform-provider-vsphere/vsphere","Test":"TestAccResourceVSphereDatastoreCluster_moveToFolder","Output":"=== RUN   TestAccResourceVSphereDatastoreCluster_moveToFolder\n"}
{"Time":"2025-05-14T18:43:46.580656+03:00","Action":"output","Package":"github.com/vmware/terraform-provider-vsphere/vsphere","Test":"TestAccResourceVSphereDatastoreCluster_moveToFolder","Output":"    provider_test.go:48: \n"}
{"Time":"2025-05-14T18:43:46.580663+03:00","Action":"output","Package":"github.com/vmware/terraform-provider-vsphere/vsphere","Test":"TestAccResourceVSphereDatastoreCluster_moveToFolder","Output":"--- SKIP: TestAccResourceVSphereDatastoreCluster_moveToFolder (0.02s)\n"}
{"Time":"2025-05-14T18:43:46.580666+03:00","Action":"skip","Package":"github.com/vmware/terraform-provider-vsphere/vsphere","Test":"TestAccResourceVSphereDatastoreCluster_moveToFolder","Elapsed":0.02}
{"Time":"2025-05-14T18:43:46.580669+03:00","Action":"run","Package":"github.com/vmware/terraform-provider-vsphere/vsphere","Test":"TestAccResourceVSphereDatastoreCluster_sdrsOverrides"}
{"Time":"2025-05-14T18:43:46.58067+03:00","Action":"output","Package":"github.com/vmware/terraform-provider-vsphere/vsphere","Test":"TestAccResourceVSphereDatastoreCluster_sdrsOverrides","Output":"=== RUN   TestAccResourceVSphereDatastoreCluster_sdrsOverrides\n"}
{"Time":"2025-05-14T18:43:46.589104+03:00","Action":"output","Package":"github.com/vmware/terraform-provider-vsphere/vsphere","Test":"TestAccResourceVSphereDatastoreCluster_sdrsOverrides","Output":"    provider_test.go:48: \n"}
{"Time":"2025-05-14T18:43:46.589115+03:00","Action":"output","Package":"github.com/vmware/terraform-provider-vsphere/vsphere","Test":"TestAccResourceVSphereDatastoreCluster_sdrsOverrides","Output":"--- SKIP: TestAccResourceVSphereDatastoreCluster_sdrsOverrides (0.01s)\n"}
{"Time":"2025-05-14T18:43:46.589118+03:00","Action":"skip","Package":"github.com/vmware/terraform-provider-vsphere/vsphere","Test":"TestAccResourceVSphereDatastoreCluster_sdrsOverrides","Elapsed":0.01}
{"Time":"2025-05-14T18:43:46.589122+03:00","Action":"run","Package":"github.com/vmware/terraform-provider-vsphere/vsphere","Test":"TestAccResourceVSphereDatastoreCluster_miscTweaks"}
{"Time":"2025-05-14T18:43:46.589124+03:00","Action":"output","Package":"github.com/vmware/terraform-provider-vsphere/vsphere","Test":"TestAccResourceVSphereDatastoreCluster_miscTweaks","Output":"=== RUN   TestAccResourceVSphereDatastoreCluster_miscTweaks\n"}
{"Time":"2025-05-14T18:43:46.597796+03:00","Action":"output","Package":"github.com/vmware/terraform-provider-vsphere/vsphere","Test":"TestAccResourceVSphereDatastoreCluster_miscTweaks","Output":"    provider_test.go:48: \n"}
{"Time":"2025-05-14T18:43:46.597803+03:00","Action":"output","Package":"github.com/vmware/terraform-provider-vsphere/vsphere","Test":"TestAccResourceVSphereDatastoreCluster_miscTweaks","Output":"--- SKIP: TestAccResourceVSphereDatastoreCluster_miscTweaks (0.01s)\n"}
{"Time":"2025-05-14T18:43:46.597827+03:00","Action":"skip","Package":"github.com/vmware/terraform-provider-vsphere/vsphere","Test":"TestAccResourceVSphereDatastoreCluster_miscTweaks","Elapsed":0.01}
{"Time":"2025-05-14T18:43:46.597847+03:00","Action":"run","Package":"github.com/vmware/terraform-provider-vsphere/vsphere","Test":"TestAccResourceVSphereDatastoreCluster_reservableIops"}
{"Time":"2025-05-14T18:43:46.597851+03:00","Action":"output","Package":"github.com/vmware/terraform-provider-vsphere/vsphere","Test":"TestAccResourceVSphereDatastoreCluster_reservableIops","Output":"=== RUN   TestAccResourceVSphereDatastoreCluster_reservableIops\n"}
{"Time":"2025-05-14T18:43:46.607639+03:00","Action":"output","Package":"github.com/vmware/terraform-provider-vsphere/vsphere","Test":"TestAccResourceVSphereDatastoreCluster_reservableIops","Output":"    provider_test.go:48: \n"}
{"Time":"2025-05-14T18:43:46.607646+03:00","Action":"output","Package":"github.com/vmware/terraform-provider-vsphere/vsphere","Test":"TestAccResourceVSphereDatastoreCluster_reservableIops","Output":"--- SKIP: TestAccResourceVSphereDatastoreCluster_reservableIops (0.01s)\n"}
{"Time":"2025-05-14T18:43:46.607648+03:00","Action":"skip","Package":"github.com/vmware/terraform-provider-vsphere/vsphere","Test":"TestAccResourceVSphereDatastoreCluster_reservableIops","Elapsed":0.01}
{"Time":"2025-05-14T18:43:46.60765+03:00","Action":"run","Package":"github.com/vmware/terraform-provider-vsphere/vsphere","Test":"TestAccResourceVSphereDatastoreCluster_freeSpace"}
{"Time":"2025-05-14T18:43:46.607661+03:00","Action":"output","Package":"github.com/vmware/terraform-provider-vsphere/vsphere","Test":"TestAccResourceVSphereDatastoreCluster_freeSpace","Output":"=== RUN   TestAccResourceVSphereDatastoreCluster_freeSpace\n"}
{"Time":"2025-05-14T18:43:46.617898+03:00","Action":"output","Package":"github.com/vmware/terraform-provider-vsphere/vsphere","Test":"TestAccResourceVSphereDatastoreCluster_freeSpace","Output":"    provider_test.go:48: \n"}
{"Time":"2025-05-14T18:43:46.617906+03:00","Action":"output","Package":"github.com/vmware/terraform-provider-vsphere/vsphere","Test":"TestAccResourceVSphereDatastoreCluster_freeSpace","Output":"--- SKIP: TestAccResourceVSphereDatastoreCluster_freeSpace (0.01s)\n"}
{"Time":"2025-05-14T18:43:46.617913+03:00","Action":"skip","Package":"github.com/vmware/terraform-provider-vsphere/vsphere","Test":"TestAccResourceVSphereDatastoreCluster_freeSpace","Elapsed":0.01}
{"Time":"2025-05-14T18:43:46.617915+03:00","Action":"run","Package":"github.com/vmware/terraform-provider-vsphere/vsphere","Test":"TestAccResourceVSphereDatastoreCluster_singleTag"}
{"Time":"2025-05-14T18:43:46.617916+03:00","Action":"output","Package":"github.com/vmware/terraform-provider-vsphere/vsphere","Test":"TestAccResourceVSphereDatastoreCluster_singleTag","Output":"=== RUN   TestAccResourceVSphereDatastoreCluster_singleTag\n"}
{"Time":"2025-05-14T18:43:46.625432+03:00","Action":"output","Package":"github.com/vmware/terraform-provider-vsphere/vsphere","Test":"TestAccResourceVSphereDatastoreCluster_singleTag","Output":"    provider_test.go:48: \n"}
{"Time":"2025-05-14T18:43:46.625439+03:00","Action":"output","Package":"github.com/vmware/terraform-provider-vsphere/vsphere","Test":"TestAccResourceVSphereDatastoreCluster_singleTag","Output":"--- SKIP: TestAccResourceVSphereDatastoreCluster_singleTag (0.01s)\n"}
{"Time":"2025-05-14T18:43:46.625442+03:00","Action":"skip","Package":"github.com/vmware/terraform-provider-vsphere/vsphere","Test":"TestAccResourceVSphereDatastoreCluster_singleTag","Elapsed":0.01}
{"Time":"2025-05-14T18:43:46.625445+03:00","Action":"run","Package":"github.com/vmware/terraform-provider-vsphere/vsphere","Test":"TestAccResourceVSphereDatastoreCluster_multipleTags"}
{"Time":"2025-05-14T18:43:46.625447+03:00","Action":"output","Package":"github.com/vmware/terraform-provider-vsphere/vsphere","Test":"TestAccResourceVSphereDatastoreCluster_multipleTags","Output":"=== RUN   TestAccResourceVSphereDatastoreCluster_multipleTags\n"}
{"Time":"2025-05-14T18:43:46.638503+03:00","Action":"output","Package":"github.com/vmware/terraform-provider-vsphere/vsphere","Test":"TestAccResourceVSphereDatastoreCluster_multipleTags","Output":"    provider_test.go:48: \n"}
{"Time":"2025-05-14T18:43:46.638509+03:00","Action":"output","Package":"github.com/vmware/terraform-provider-vsphere/vsphere","Test":"TestAccResourceVSphereDatastoreCluster_multipleTags","Output":"--- SKIP: TestAccResourceVSphereDatastoreCluster_multipleTags (0.01s)\n"}
{"Time":"2025-05-14T18:43:46.638512+03:00","Action":"skip","Package":"github.com/vmware/terraform-provider-vsphere/vsphere","Test":"TestAccResourceVSphereDatastoreCluster_multipleTags","Elapsed":0.01}
{"Time":"2025-05-14T18:43:46.638516+03:00","Action":"run","Package":"github.com/vmware/terraform-provider-vsphere/vsphere","Test":"TestAccResourceVSphereDatastoreCluster_switchTags"}
{"Time":"2025-05-14T18:43:46.638518+03:00","Action":"output","Package":"github.com/vmware/terraform-provider-vsphere/vsphere","Test":"TestAccResourceVSphereDatastoreCluster_switchTags","Output":"=== RUN   TestAccResourceVSphereDatastoreCluster_switchTags\n"}
{"Time":"2025-05-14T18:43:46.647508+03:00","Action":"output","Package":"github.com/vmware/terraform-provider-vsphere/vsphere","Test":"TestAccResourceVSphereDatastoreCluster_switchTags","Output":"    provider_test.go:48: \n"}
{"Time":"2025-05-14T18:43:46.647515+03:00","Action":"output","Package":"github.com/vmware/terraform-provider-vsphere/vsphere","Test":"TestAccResourceVSphereDatastoreCluster_switchTags","Output":"--- SKIP: TestAccResourceVSphereDatastoreCluster_switchTags (0.01s)\n"}
{"Time":"2025-05-14T18:43:46.647518+03:00","Action":"skip","Package":"github.com/vmware/terraform-provider-vsphere/vsphere","Test":"TestAccResourceVSphereDatastoreCluster_switchTags","Elapsed":0.01}
{"Time":"2025-05-14T18:43:46.64752+03:00","Action":"run","Package":"github.com/vmware/terraform-provider-vsphere/vsphere","Test":"TestAccResourceVSphereDatastoreCluster_singleCustomAttribute"}
{"Time":"2025-05-14T18:43:46.647522+03:00","Action":"output","Package":"github.com/vmware/terraform-provider-vsphere/vsphere","Test":"TestAccResourceVSphereDatastoreCluster_singleCustomAttribute","Output":"=== RUN   TestAccResourceVSphereDatastoreCluster_singleCustomAttribute\n"}
{"Time":"2025-05-14T18:43:46.65824+03:00","Action":"output","Package":"github.com/vmware/terraform-provider-vsphere/vsphere","Test":"TestAccResourceVSphereDatastoreCluster_singleCustomAttribute","Output":"    provider_test.go:48: \n"}
{"Time":"2025-05-14T18:43:46.658254+03:00","Action":"output","Package":"github.com/vmware/terraform-provider-vsphere/vsphere","Test":"TestAccResourceVSphereDatastoreCluster_singleCustomAttribute","Output":"--- SKIP: TestAccResourceVSphereDatastoreCluster_singleCustomAttribute (0.01s)\n"}
{"Time":"2025-05-14T18:43:46.65826+03:00","Action":"skip","Package":"github.com/vmware/terraform-provider-vsphere/vsphere","Test":"TestAccResourceVSphereDatastoreCluster_singleCustomAttribute","Elapsed":0.01}
{"Time":"2025-05-14T18:43:46.658263+03:00","Action":"run","Package":"github.com/vmware/terraform-provider-vsphere/vsphere","Test":"TestAccResourceVSphereDatastoreCluster_multipleCustomAttribute"}
{"Time":"2025-05-14T18:43:46.658276+03:00","Action":"output","Package":"github.com/vmware/terraform-provider-vsphere/vsphere","Test":"TestAccResourceVSphereDatastoreCluster_multipleCustomAttribute","Output":"=== RUN   TestAccResourceVSphereDatastoreCluster_multipleCustomAttribute\n"}
{"Time":"2025-05-14T18:43:46.667688+03:00","Action":"output","Package":"github.com/vmware/terraform-provider-vsphere/vsphere","Test":"TestAccResourceVSphereDatastoreCluster_multipleCustomAttribute","Output":"    provider_test.go:48: \n"}
{"Time":"2025-05-14T18:43:46.667696+03:00","Action":"output","Package":"github.com/vmware/terraform-provider-vsphere/vsphere","Test":"TestAccResourceVSphereDatastoreCluster_multipleCustomAttribute","Output":"--- SKIP: TestAccResourceVSphereDatastoreCluster_multipleCustomAttribute (0.01s)\n"}
{"Time":"2025-05-14T18:43:46.667701+03:00","Action":"skip","Package":"github.com/vmware/terraform-provider-vsphere/vsphere","Test":"TestAccResourceVSphereDatastoreCluster_multipleCustomAttribute","Elapsed":0.01}
{"Time":"2025-05-14T18:43:46.667703+03:00","Action":"run","Package":"github.com/vmware/terraform-provider-vsphere/vsphere","Test":"TestAccResourceVSphereDatastoreCluster_switchCustomAttribute"}
{"Time":"2025-05-14T18:43:46.667705+03:00","Action":"output","Package":"github.com/vmware/terraform-provider-vsphere/vsphere","Test":"TestAccResourceVSphereDatastoreCluster_switchCustomAttribute","Output":"=== RUN   TestAccResourceVSphereDatastoreCluster_switchCustomAttribute\n"}
{"Time":"2025-05-14T18:43:46.679259+03:00","Action":"output","Package":"github.com/vmware/terraform-provider-vsphere/vsphere","Test":"TestAccResourceVSphereDatastoreCluster_switchCustomAttribute","Output":"    provider_test.go:48: \n"}
{"Time":"2025-05-14T18:43:46.679274+03:00","Action":"output","Package":"github.com/vmware/terraform-provider-vsphere/vsphere","Test":"TestAccResourceVSphereDatastoreCluster_switchCustomAttribute","Output":"--- SKIP: TestAccResourceVSphereDatastoreCluster_switchCustomAttribute (0.01s)\n"}
{"Time":"2025-05-14T18:43:46.679277+03:00","Action":"skip","Package":"github.com/vmware/terraform-provider-vsphere/vsphere","Test":"TestAccResourceVSphereDatastoreCluster_switchCustomAttribute","Elapsed":0.01}
{"Time":"2025-05-14T18:43:46.679281+03:00","Action":"run","Package":"github.com/vmware/terraform-provider-vsphere/vsphere","Test":"TestAccResourceVSphereDatastoreClusterVMAntiAffinityRule_basic"}
{"Time":"2025-05-14T18:43:46.679283+03:00","Action":"output","Package":"github.com/vmware/terraform-provider-vsphere/vsphere","Test":"TestAccResourceVSphereDatastoreClusterVMAntiAffinityRule_basic","Output":"=== RUN   TestAccResourceVSphereDatastoreClusterVMAntiAffinityRule_basic\n"}
{"Time":"2025-05-14T18:43:46.689773+03:00","Action":"output","Package":"github.com/vmware/terraform-provider-vsphere/vsphere","Test":"TestAccResourceVSphereDatastoreClusterVMAntiAffinityRule_basic","Output":"    provider_test.go:48: \n"}
{"Time":"2025-05-14T18:43:46.689779+03:00","Action":"output","Package":"github.com/vmware/terraform-provider-vsphere/vsphere","Test":"TestAccResourceVSphereDatastoreClusterVMAntiAffinityRule_basic","Output":"--- SKIP: TestAccResourceVSphereDatastoreClusterVMAntiAffinityRule_basic (0.01s)\n"}
{"Time":"2025-05-14T18:43:46.689784+03:00","Action":"skip","Package":"github.com/vmware/terraform-provider-vsphere/vsphere","Test":"TestAccResourceVSphereDatastoreClusterVMAntiAffinityRule_basic","Elapsed":0.01}
{"Time":"2025-05-14T18:43:46.689787+03:00","Action":"run","Package":"github.com/vmware/terraform-provider-vsphere/vsphere","Test":"TestAccResourceVSphereDatastoreClusterVMAntiAffinityRule_updateEnabled"}
{"Time":"2025-05-14T18:43:46.689789+03:00","Action":"output","Package":"github.com/vmware/terraform-provider-vsphere/vsphere","Test":"TestAccResourceVSphereDatastoreClusterVMAntiAffinityRule_updateEnabled","Output":"=== RUN   TestAccResourceVSphereDatastoreClusterVMAntiAffinityRule_updateEnabled\n"}
{"Time":"2025-05-14T18:43:46.699612+03:00","Action":"output","Package":"github.com/vmware/terraform-provider-vsphere/vsphere","Test":"TestAccResourceVSphereDatastoreClusterVMAntiAffinityRule_updateEnabled","Output":"    provider_test.go:48: \n"}
{"Time":"2025-05-14T18:43:46.699618+03:00","Action":"output","Package":"github.com/vmware/terraform-provider-vsphere/vsphere","Test":"TestAccResourceVSphereDatastoreClusterVMAntiAffinityRule_updateEnabled","Output":"--- SKIP: TestAccResourceVSphereDatastoreClusterVMAntiAffinityRule_updateEnabled (0.01s)\n"}
{"Time":"2025-05-14T18:43:46.699622+03:00","Action":"skip","Package":"github.com/vmware/terraform-provider-vsphere/vsphere","Test":"TestAccResourceVSphereDatastoreClusterVMAntiAffinityRule_updateEnabled","Elapsed":0.01}
{"Time":"2025-05-14T18:43:46.699624+03:00","Action":"run","Package":"github.com/vmware/terraform-provider-vsphere/vsphere","Test":"TestAccResourceVSphereDatastoreClusterVMAntiAffinityRule_updateCount"}
{"Time":"2025-05-14T18:43:46.699626+03:00","Action":"output","Package":"github.com/vmware/terraform-provider-vsphere/vsphere","Test":"TestAccResourceVSphereDatastoreClusterVMAntiAffinityRule_updateCount","Output":"=== RUN   TestAccResourceVSphereDatastoreClusterVMAntiAffinityRule_updateCount\n"}
{"Time":"2025-05-14T18:43:46.711706+03:00","Action":"output","Package":"github.com/vmware/terraform-provider-vsphere/vsphere","Test":"TestAccResourceVSphereDatastoreClusterVMAntiAffinityRule_updateCount","Output":"    provider_test.go:48: \n"}
{"Time":"2025-05-14T18:43:46.711715+03:00","Action":"output","Package":"github.com/vmware/terraform-provider-vsphere/vsphere","Test":"TestAccResourceVSphereDatastoreClusterVMAntiAffinityRule_updateCount","Output":"--- SKIP: TestAccResourceVSphereDatastoreClusterVMAntiAffinityRule_updateCount (0.01s)\n"}
{"Time":"2025-05-14T18:43:46.711718+03:00","Action":"skip","Package":"github.com/vmware/terraform-provider-vsphere/vsphere","Test":"TestAccResourceVSphereDatastoreClusterVMAntiAffinityRule_updateCount","Elapsed":0.01}
{"Time":"2025-05-14T18:43:46.711728+03:00","Action":"run","Package":"github.com/vmware/terraform-provider-vsphere/vsphere","Test":"TestAccResourceVSphereDistributedPortGroup_basic"}
{"Time":"2025-05-14T18:43:46.711731+03:00","Action":"output","Package":"github.com/vmware/terraform-provider-vsphere/vsphere","Test":"TestAccResourceVSphereDistributedPortGroup_basic","Output":"=== RUN   TestAccResourceVSphereDistributedPortGroup_basic\n"}
{"Time":"2025-05-14T18:43:46.745256+03:00","Action":"output","Package":"github.com/vmware/terraform-provider-vsphere/vsphere","Test":"TestAccResourceVSphereDistributedPortGroup_basic","Output":"    provider_test.go:48: \n"}
{"Time":"2025-05-14T18:43:46.745266+03:00","Action":"output","Package":"github.com/vmware/terraform-provider-vsphere/vsphere","Test":"TestAccResourceVSphereDistributedPortGroup_basic","Output":"--- SKIP: TestAccResourceVSphereDistributedPortGroup_basic (0.03s)\n"}
{"Time":"2025-05-14T18:43:46.745271+03:00","Action":"skip","Package":"github.com/vmware/terraform-provider-vsphere/vsphere","Test":"TestAccResourceVSphereDistributedPortGroup_basic","Elapsed":0.03}
{"Time":"2025-05-14T18:43:46.745273+03:00","Action":"run","Package":"github.com/vmware/terraform-provider-vsphere/vsphere","Test":"TestAccResourceVSphereDistributedPortGroup_inheritPolicyDiffCheck"}
{"Time":"2025-05-14T18:43:46.745275+03:00","Action":"output","Package":"github.com/vmware/terraform-provider-vsphere/vsphere","Test":"TestAccResourceVSphereDistributedPortGroup_inheritPolicyDiffCheck","Output":"=== RUN   TestAccResourceVSphereDistributedPortGroup_inheritPolicyDiffCheck\n"}
{"Time":"2025-05-14T18:43:46.753672+03:00","Action":"output","Package":"github.com/vmware/terraform-provider-vsphere/vsphere","Test":"TestAccResourceVSphereDistributedPortGroup_inheritPolicyDiffCheck","Output":"    provider_test.go:48: \n"}
{"Time":"2025-05-14T18:43:46.75368+03:00","Action":"output","Package":"github.com/vmware/terraform-provider-vsphere/vsphere","Test":"TestAccResourceVSphereDistributedPortGroup_inheritPolicyDiffCheck","Output":"--- SKIP: TestAccResourceVSphereDistributedPortGroup_inheritPolicyDiffCheck (0.01s)\n"}
{"Time":"2025-05-14T18:43:46.753684+03:00","Action":"skip","Package":"github.com/vmware/terraform-provider-vsphere/vsphere","Test":"TestAccResourceVSphereDistributedPortGroup_inheritPolicyDiffCheck","Elapsed":0.01}
{"Time":"2025-05-14T18:43:46.753686+03:00","Action":"run","Package":"github.com/vmware/terraform-provider-vsphere/vsphere","Test":"TestAccResourceVSphereDistributedPortGroup_inheritPolicyDiffCheckVlanRangeTypeSetEdition"}
{"Time":"2025-05-14T18:43:46.753689+03:00","Action":"output","Package":"github.com/vmware/terraform-provider-vsphere/vsphere","Test":"TestAccResourceVSphereDistributedPortGroup_inheritPolicyDiffCheckVlanRangeTypeSetEdition","Output":"=== RUN   TestAccResourceVSphereDistributedPortGroup_inheritPolicyDiffCheckVlanRangeTypeSetEdition\n"}
{"Time":"2025-05-14T18:43:46.761875+03:00","Action":"output","Package":"github.com/vmware/terraform-provider-vsphere/vsphere","Test":"TestAccResourceVSphereDistributedPortGroup_inheritPolicyDiffCheckVlanRangeTypeSetEdition","Output":"    provider_test.go:48: \n"}
{"Time":"2025-05-14T18:43:46.761884+03:00","Action":"output","Package":"github.com/vmware/terraform-provider-vsphere/vsphere","Test":"TestAccResourceVSphereDistributedPortGroup_inheritPolicyDiffCheckVlanRangeTypeSetEdition","Output":"--- SKIP: TestAccResourceVSphereDistributedPortGroup_inheritPolicyDiffCheckVlanRangeTypeSetEdition (0.01s)\n"}
{"Time":"2025-05-14T18:43:46.761888+03:00","Action":"skip","Package":"github.com/vmware/terraform-provider-vsphere/vsphere","Test":"TestAccResourceVSphereDistributedPortGroup_inheritPolicyDiffCheckVlanRangeTypeSetEdition","Elapsed":0.01}
{"Time":"2025-05-14T18:43:46.761891+03:00","Action":"run","Package":"github.com/vmware/terraform-provider-vsphere/vsphere","Test":"TestAccResourceVSphereDistributedPortGroup_overrideVlan"}
{"Time":"2025-05-14T18:43:46.761893+03:00","Action":"output","Package":"github.com/vmware/terraform-provider-vsphere/vsphere","Test":"TestAccResourceVSphereDistributedPortGroup_overrideVlan","Output":"=== RUN   TestAccResourceVSphereDistributedPortGroup_overrideVlan\n"}
{"Time":"2025-05-14T18:43:46.768673+03:00","Action":"output","Package":"github.com/vmware/terraform-provider-vsphere/vsphere","Test":"TestAccResourceVSphereDistributedPortGroup_overrideVlan","Output":"    provider_test.go:48: \n"}
{"Time":"2025-05-14T18:43:46.768682+03:00","Action":"output","Package":"github.com/vmware/terraform-provider-vsphere/vsphere","Test":"TestAccResourceVSphereDistributedPortGroup_overrideVlan","Output":"--- SKIP: TestAccResourceVSphereDistributedPortGroup_overrideVlan (0.01s)\n"}
{"Time":"2025-05-14T18:43:46.768686+03:00","Action":"skip","Package":"github.com/vmware/terraform-provider-vsphere/vsphere","Test":"TestAccResourceVSphereDistributedPortGroup_overrideVlan","Elapsed":0.01}
{"Time":"2025-05-14T18:43:46.768689+03:00","Action":"run","Package":"github.com/vmware/terraform-provider-vsphere/vsphere","Test":"TestAccResourceVSphereDistributedPortGroup_singleTag"}
{"Time":"2025-05-14T18:43:46.768691+03:00","Action":"output","Package":"github.com/vmware/terraform-provider-vsphere/vsphere","Test":"TestAccResourceVSphereDistributedPortGroup_singleTag","Output":"=== RUN   TestAccResourceVSphereDistributedPortGroup_singleTag\n"}
{"Time":"2025-05-14T18:43:46.776215+03:00","Action":"output","Package":"github.com/vmware/terraform-provider-vsphere/vsphere","Test":"TestAccResourceVSphereDistributedPortGroup_singleTag","Output":"    provider_test.go:48: \n"}
{"Time":"2025-05-14T18:43:46.776225+03:00","Action":"output","Package":"github.com/vmware/terraform-provider-vsphere/vsphere","Test":"TestAccResourceVSphereDistributedPortGroup_singleTag","Output":"--- SKIP: TestAccResourceVSphereDistributedPortGroup_singleTag (0.01s)\n"}
{"Time":"2025-05-14T18:43:46.776248+03:00","Action":"skip","Package":"github.com/vmware/terraform-provider-vsphere/vsphere","Test":"TestAccResourceVSphereDistributedPortGroup_singleTag","Elapsed":0.01}
{"Time":"2025-05-14T18:43:46.776256+03:00","Action":"run","Package":"github.com/vmware/terraform-provider-vsphere/vsphere","Test":"TestAccResourceVSphereDistributedPortGroup_multiTag"}
{"Time":"2025-05-14T18:43:46.77626+03:00","Action":"output","Package":"github.com/vmware/terraform-provider-vsphere/vsphere","Test":"TestAccResourceVSphereDistributedPortGroup_multiTag","Output":"=== RUN   TestAccResourceVSphereDistributedPortGroup_multiTag\n"}
{"Time":"2025-05-14T18:43:46.784335+03:00","Action":"output","Package":"github.com/vmware/terraform-provider-vsphere/vsphere","Test":"TestAccResourceVSphereDistributedPortGroup_multiTag","Output":"    provider_test.go:48: \n"}
{"Time":"2025-05-14T18:43:46.784347+03:00","Action":"output","Package":"github.com/vmware/terraform-provider-vsphere/vsphere","Test":"TestAccResourceVSphereDistributedPortGroup_multiTag","Output":"--- SKIP: TestAccResourceVSphereDistributedPortGroup_multiTag (0.01s)\n"}
{"Time":"2025-05-14T18:43:46.784351+03:00","Action":"skip","Package":"github.com/vmware/terraform-provider-vsphere/vsphere","Test":"TestAccResourceVSphereDistributedPortGroup_multiTag","Elapsed":0.01}
{"Time":"2025-05-14T18:43:46.784353+03:00","Action":"run","Package":"github.com/vmware/terraform-provider-vsphere/vsphere","Test":"TestAccResourceVSphereDistributedPortGroup_singleCustomAttribute"}
{"Time":"2025-05-14T18:43:46.784356+03:00","Action":"output","Package":"github.com/vmware/terraform-provider-vsphere/vsphere","Test":"TestAccResourceVSphereDistributedPortGroup_singleCustomAttribute","Output":"=== RUN   TestAccResourceVSphereDistributedPortGroup_singleCustomAttribute\n"}
{"Time":"2025-05-14T18:43:46.792331+03:00","Action":"output","Package":"github.com/vmware/terraform-provider-vsphere/vsphere","Test":"TestAccResourceVSphereDistributedPortGroup_singleCustomAttribute","Output":"    provider_test.go:48: \n"}
{"Time":"2025-05-14T18:43:46.792341+03:00","Action":"output","Package":"github.com/vmware/terraform-provider-vsphere/vsphere","Test":"TestAccResourceVSphereDistributedPortGroup_singleCustomAttribute","Output":"--- SKIP: TestAccResourceVSphereDistributedPortGroup_singleCustomAttribute (0.01s)\n"}
{"Time":"2025-05-14T18:43:46.792344+03:00","Action":"skip","Package":"github.com/vmware/terraform-provider-vsphere/vsphere","Test":"TestAccResourceVSphereDistributedPortGroup_singleCustomAttribute","Elapsed":0.01}
{"Time":"2025-05-14T18:43:46.792348+03:00","Action":"run","Package":"github.com/vmware/terraform-provider-vsphere/vsphere","Test":"TestAccResourceVSphereDistributedPortGroup_multiCustomAttribute"}
{"Time":"2025-05-14T18:43:46.792351+03:00","Action":"output","Package":"github.com/vmware/terraform-provider-vsphere/vsphere","Test":"TestAccResourceVSphereDistributedPortGroup_multiCustomAttribute","Output":"=== RUN   TestAccResourceVSphereDistributedPortGroup_multiCustomAttribute\n"}
{"Time":"2025-05-14T18:43:46.800849+03:00","Action":"output","Package":"github.com/vmware/terraform-provider-vsphere/vsphere","Test":"TestAccResourceVSphereDistributedPortGroup_multiCustomAttribute","Output":"    provider_test.go:48: \n"}
{"Time":"2025-05-14T18:43:46.800856+03:00","Action":"output","Package":"github.com/vmware/terraform-provider-vsphere/vsphere","Test":"TestAccResourceVSphereDistributedPortGroup_multiCustomAttribute","Output":"--- SKIP: TestAccResourceVSphereDistributedPortGroup_multiCustomAttribute (0.01s)\n"}
{"Time":"2025-05-14T18:43:46.800859+03:00","Action":"skip","Package":"github.com/vmware/terraform-provider-vsphere/vsphere","Test":"TestAccResourceVSphereDistributedPortGroup_multiCustomAttribute","Elapsed":0.01}
{"Time":"2025-05-14T18:43:46.800862+03:00","Action":"run","Package":"github.com/vmware/terraform-provider-vsphere/vsphere","Test":"TestAccResourceVSphereDistributedVirtualSwitchPvlanMapping_basic"}
{"Time":"2025-05-14T18:43:46.800864+03:00","Action":"output","Package":"github.com/vmware/terraform-provider-vsphere/vsphere","Test":"TestAccResourceVSphereDistributedVirtualSwitchPvlanMapping_basic","Output":"=== RUN   TestAccResourceVSphereDistributedVirtualSwitchPvlanMapping_basic\n"}
{"Time":"2025-05-14T18:43:46.808698+03:00","Action":"output","Package":"github.com/vmware/terraform-provider-vsphere/vsphere","Test":"TestAccResourceVSphereDistributedVirtualSwitchPvlanMapping_basic","Output":"    provider_test.go:48: \n"}
{"Time":"2025-05-14T18:43:46.808708+03:00","Action":"output","Package":"github.com/vmware/terraform-provider-vsphere/vsphere","Test":"TestAccResourceVSphereDistributedVirtualSwitchPvlanMapping_basic","Output":"--- SKIP: TestAccResourceVSphereDistributedVirtualSwitchPvlanMapping_basic (0.01s)\n"}
{"Time":"2025-05-14T18:43:46.808712+03:00","Action":"skip","Package":"github.com/vmware/terraform-provider-vsphere/vsphere","Test":"TestAccResourceVSphereDistributedVirtualSwitchPvlanMapping_basic","Elapsed":0.01}
{"Time":"2025-05-14T18:43:46.808714+03:00","Action":"run","Package":"github.com/vmware/terraform-provider-vsphere/vsphere","Test":"TestAccResourceVSphereDistributedVirtualSwitch_basic"}
{"Time":"2025-05-14T18:43:46.808717+03:00","Action":"output","Package":"github.com/vmware/terraform-provider-vsphere/vsphere","Test":"TestAccResourceVSphereDistributedVirtualSwitch_basic","Output":"=== RUN   TestAccResourceVSphereDistributedVirtualSwitch_basic\n"}
{"Time":"2025-05-14T18:43:46.817457+03:00","Action":"output","Package":"github.com/vmware/terraform-provider-vsphere/vsphere","Test":"TestAccResourceVSphereDistributedVirtualSwitch_basic","Output":"    provider_test.go:48: \n"}
{"Time":"2025-05-14T18:43:46.817472+03:00","Action":"output","Package":"github.com/vmware/terraform-provider-vsphere/vsphere","Test":"TestAccResourceVSphereDistributedVirtualSwitch_basic","Output":"--- SKIP: TestAccResourceVSphereDistributedVirtualSwitch_basic (0.01s)\n"}
{"Time":"2025-05-14T18:43:46.817475+03:00","Action":"skip","Package":"github.com/vmware/terraform-provider-vsphere/vsphere","Test":"TestAccResourceVSphereDistributedVirtualSwitch_basic","Elapsed":0.01}
{"Time":"2025-05-14T18:43:46.817483+03:00","Action":"run","Package":"github.com/vmware/terraform-provider-vsphere/vsphere","Test":"TestAccResourceVSphereDistributedVirtualSwitch_noHosts"}
{"Time":"2025-05-14T18:43:46.817486+03:00","Action":"output","Package":"github.com/vmware/terraform-provider-vsphere/vsphere","Test":"TestAccResourceVSphereDistributedVirtualSwitch_noHosts","Output":"=== RUN   TestAccResourceVSphereDistributedVirtualSwitch_noHosts\n"}
{"Time":"2025-05-14T18:43:46.845298+03:00","Action":"output","Package":"github.com/vmware/terraform-provider-vsphere/vsphere","Test":"TestAccResourceVSphereDistributedVirtualSwitch_noHosts","Output":"    provider_test.go:48: \n"}
{"Time":"2025-05-14T18:43:46.845338+03:00","Action":"output","Package":"github.com/vmware/terraform-provider-vsphere/vsphere","Test":"TestAccResourceVSphereDistributedVirtualSwitch_noHosts","Output":"--- SKIP: TestAccResourceVSphereDistributedVirtualSwitch_noHosts (0.03s)\n"}
{"Time":"2025-05-14T18:43:46.845368+03:00","Action":"skip","Package":"github.com/vmware/terraform-provider-vsphere/vsphere","Test":"TestAccResourceVSphereDistributedVirtualSwitch_noHosts","Elapsed":0.03}
{"Time":"2025-05-14T18:43:46.845407+03:00","Action":"run","Package":"github.com/vmware/terraform-provider-vsphere/vsphere","Test":"TestAccResourceVSphereDistributedVirtualSwitch_removeNIC"}
{"Time":"2025-05-14T18:43:46.84542+03:00","Action":"output","Package":"github.com/vmware/terraform-provider-vsphere/vsphere","Test":"TestAccResourceVSphereDistributedVirtualSwitch_removeNIC","Output":"=== RUN   TestAccResourceVSphereDistributedVirtualSwitch_removeNIC\n"}
{"Time":"2025-05-14T18:43:46.852158+03:00","Action":"output","Package":"github.com/vmware/terraform-provider-vsphere/vsphere","Test":"TestAccResourceVSphereDistributedVirtualSwitch_removeNIC","Output":"    provider_test.go:48: \n"}
{"Time":"2025-05-14T18:43:46.852171+03:00","Action":"output","Package":"github.com/vmware/terraform-provider-vsphere/vsphere","Test":"TestAccResourceVSphereDistributedVirtualSwitch_removeNIC","Output":"--- SKIP: TestAccResourceVSphereDistributedVirtualSwitch_removeNIC (0.01s)\n"}
{"Time":"2025-05-14T18:43:46.852174+03:00","Action":"skip","Package":"github.com/vmware/terraform-provider-vsphere/vsphere","Test":"TestAccResourceVSphereDistributedVirtualSwitch_removeNIC","Elapsed":0.01}
{"Time":"2025-05-14T18:43:46.852176+03:00","Action":"run","Package":"github.com/vmware/terraform-provider-vsphere/vsphere","Test":"TestAccResourceVSphereDistributedVirtualSwitch_standbyWithExplicitFailoverOrder"}
{"Time":"2025-05-14T18:43:46.85218+03:00","Action":"output","Package":"github.com/vmware/terraform-provider-vsphere/vsphere","Test":"TestAccResourceVSphereDistributedVirtualSwitch_standbyWithExplicitFailoverOrder","Output":"=== RUN   TestAccResourceVSphereDistributedVirtualSwitch_standbyWithExplicitFailoverOrder\n"}
{"Time":"2025-05-14T18:43:46.858741+03:00","Action":"output","Package":"github.com/vmware/terraform-provider-vsphere/vsphere","Test":"TestAccResourceVSphereDistributedVirtualSwitch_standbyWithExplicitFailoverOrder","Output":"    provider_test.go:48: \n"}
{"Time":"2025-05-14T18:43:46.858772+03:00","Action":"output","Package":"github.com/vmware/terraform-provider-vsphere/vsphere","Test":"TestAccResourceVSphereDistributedVirtualSwitch_standbyWithExplicitFailoverOrder","Output":"--- SKIP: TestAccResourceVSphereDistributedVirtualSwitch_standbyWithExplicitFailoverOrder (0.01s)\n"}
{"Time":"2025-05-14T18:43:46.858779+03:00","Action":"skip","Package":"github.com/vmware/terraform-provider-vsphere/vsphere","Test":"TestAccResourceVSphereDistributedVirtualSwitch_standbyWithExplicitFailoverOrder","Elapsed":0.01}
{"Time":"2025-05-14T18:43:46.858782+03:00","Action":"run","Package":"github.com/vmware/terraform-provider-vsphere/vsphere","Test":"TestAccResourceVSphereDistributedVirtualSwitch_basicToStandbyWithFailover"}
{"Time":"2025-05-14T18:43:46.858786+03:00","Action":"output","Package":"github.com/vmware/terraform-provider-vsphere/vsphere","Test":"TestAccResourceVSphereDistributedVirtualSwitch_basicToStandbyWithFailover","Output":"=== RUN   TestAccResourceVSphereDistributedVirtualSwitch_basicToStandbyWithFailover\n"}
{"Time":"2025-05-14T18:43:46.867686+03:00","Action":"output","Package":"github.com/vmware/terraform-provider-vsphere/vsphere","Test":"TestAccResourceVSphereDistributedVirtualSwitch_basicToStandbyWithFailover","Output":"    provider_test.go:48: \n"}
{"Time":"2025-05-14T18:43:46.867707+03:00","Action":"output","Package":"github.com/vmware/terraform-provider-vsphere/vsphere","Test":"TestAccResourceVSphereDistributedVirtualSwitch_basicToStandbyWithFailover","Output":"--- SKIP: TestAccResourceVSphereDistributedVirtualSwitch_basicToStandbyWithFailover (0.01s)\n"}
{"Time":"2025-05-14T18:43:46.867714+03:00","Action":"skip","Package":"github.com/vmware/terraform-provider-vsphere/vsphere","Test":"TestAccResourceVSphereDistributedVirtualSwitch_basicToStandbyWithFailover","Elapsed":0.01}
{"Time":"2025-05-14T18:43:46.867732+03:00","Action":"run","Package":"github.com/vmware/terraform-provider-vsphere/vsphere","Test":"TestAccResourceVSphereDistributedVirtualSwitch_upgradeVersion"}
{"Time":"2025-05-14T18:43:46.867735+03:00","Action":"output","Package":"github.com/vmware/terraform-provider-vsphere/vsphere","Test":"TestAccResourceVSphereDistributedVirtualSwitch_upgradeVersion","Output":"=== RUN   TestAccResourceVSphereDistributedVirtualSwitch_upgradeVersion\n"}
{"Time":"2025-05-14T18:43:46.876078+03:00","Action":"output","Package":"github.com/vmware/terraform-provider-vsphere/vsphere","Test":"TestAccResourceVSphereDistributedVirtualSwitch_upgradeVersion","Output":"    provider_test.go:48: \n"}
{"Time":"2025-05-14T18:43:46.876087+03:00","Action":"output","Package":"github.com/vmware/terraform-provider-vsphere/vsphere","Test":"TestAccResourceVSphereDistributedVirtualSwitch_upgradeVersion","Output":"--- SKIP: TestAccResourceVSphereDistributedVirtualSwitch_upgradeVersion (0.01s)\n"}
{"Time":"2025-05-14T18:43:46.876092+03:00","Action":"skip","Package":"github.com/vmware/terraform-provider-vsphere/vsphere","Test":"TestAccResourceVSphereDistributedVirtualSwitch_upgradeVersion","Elapsed":0.01}
{"Time":"2025-05-14T18:43:46.876095+03:00","Action":"run","Package":"github.com/vmware/terraform-provider-vsphere/vsphere","Test":"TestAccResourceVSphereDistributedVirtualSwitch_networkResourceControl"}
{"Time":"2025-05-14T18:43:46.876097+03:00","Action":"output","Package":"github.com/vmware/terraform-provider-vsphere/vsphere","Test":"TestAccResourceVSphereDistributedVirtualSwitch_networkResourceControl","Output":"=== RUN   TestAccResourceVSphereDistributedVirtualSwitch_networkResourceControl\n"}
{"Time":"2025-05-14T18:43:46.885293+03:00","Action":"output","Package":"github.com/vmware/terraform-provider-vsphere/vsphere","Test":"TestAccResourceVSphereDistributedVirtualSwitch_networkResourceControl","Output":"    provider_test.go:48: \n"}
{"Time":"2025-05-14T18:43:46.885305+03:00","Action":"output","Package":"github.com/vmware/terraform-provider-vsphere/vsphere","Test":"TestAccResourceVSphereDistributedVirtualSwitch_networkResourceControl","Output":"--- SKIP: TestAccResourceVSphereDistributedVirtualSwitch_networkResourceControl (0.01s)\n"}
{"Time":"2025-05-14T18:43:46.88531+03:00","Action":"skip","Package":"github.com/vmware/terraform-provider-vsphere/vsphere","Test":"TestAccResourceVSphereDistributedVirtualSwitch_networkResourceControl","Elapsed":0.01}
{"Time":"2025-05-14T18:43:46.885313+03:00","Action":"run","Package":"github.com/vmware/terraform-provider-vsphere/vsphere","Test":"TestAccResourceVSphereDistributedVirtualSwitch_explicitUplinks"}
{"Time":"2025-05-14T18:43:46.885317+03:00","Action":"output","Package":"github.com/vmware/terraform-provider-vsphere/vsphere","Test":"TestAccResourceVSphereDistributedVirtualSwitch_explicitUplinks","Output":"=== RUN   TestAccResourceVSphereDistributedVirtualSwitch_explicitUplinks\n"}
{"Time":"2025-05-14T18:43:46.89816+03:00","Action":"output","Package":"github.com/vmware/terraform-provider-vsphere/vsphere","Test":"TestAccResourceVSphereDistributedVirtualSwitch_explicitUplinks","Output":"    provider_test.go:48: \n"}
{"Time":"2025-05-14T18:43:46.898168+03:00","Action":"output","Package":"github.com/vmware/terraform-provider-vsphere/vsphere","Test":"TestAccResourceVSphereDistributedVirtualSwitch_explicitUplinks","Output":"--- SKIP: TestAccResourceVSphereDistributedVirtualSwitch_explicitUplinks (0.01s)\n"}
{"Time":"2025-05-14T18:43:46.898173+03:00","Action":"skip","Package":"github.com/vmware/terraform-provider-vsphere/vsphere","Test":"TestAccResourceVSphereDistributedVirtualSwitch_explicitUplinks","Elapsed":0.01}
{"Time":"2025-05-14T18:43:46.898178+03:00","Action":"run","Package":"github.com/vmware/terraform-provider-vsphere/vsphere","Test":"TestAccResourceVSphereDistributedVirtualSwitch_modifyUplinks"}
{"Time":"2025-05-14T18:43:46.89818+03:00","Action":"output","Package":"github.com/vmware/terraform-provider-vsphere/vsphere","Test":"TestAccResourceVSphereDistributedVirtualSwitch_modifyUplinks","Output":"=== RUN   TestAccResourceVSphereDistributedVirtualSwitch_modifyUplinks\n"}
{"Time":"2025-05-14T18:43:46.909175+03:00","Action":"output","Package":"github.com/vmware/terraform-provider-vsphere/vsphere","Test":"TestAccResourceVSphereDistributedVirtualSwitch_modifyUplinks","Output":"    provider_test.go:48: \n"}
{"Time":"2025-05-14T18:43:46.909183+03:00","Action":"output","Package":"github.com/vmware/terraform-provider-vsphere/vsphere","Test":"TestAccResourceVSphereDistributedVirtualSwitch_modifyUplinks","Output":"--- SKIP: TestAccResourceVSphereDistributedVirtualSwitch_modifyUplinks (0.01s)\n"}
{"Time":"2025-05-14T18:43:46.909188+03:00","Action":"skip","Package":"github.com/vmware/terraform-provider-vsphere/vsphere","Test":"TestAccResourceVSphereDistributedVirtualSwitch_modifyUplinks","Elapsed":0.01}
{"Time":"2025-05-14T18:43:46.909191+03:00","Action":"run","Package":"github.com/vmware/terraform-provider-vsphere/vsphere","Test":"TestAccResourceVSphereDistributedVirtualSwitch_inFolder"}
{"Time":"2025-05-14T18:43:46.909194+03:00","Action":"output","Package":"github.com/vmware/terraform-provider-vsphere/vsphere","Test":"TestAccResourceVSphereDistributedVirtualSwitch_inFolder","Output":"=== RUN   TestAccResourceVSphereDistributedVirtualSwitch_inFolder\n"}
{"Time":"2025-05-14T18:43:46.92093+03:00","Action":"output","Package":"github.com/vmware/terraform-provider-vsphere/vsphere","Test":"TestAccResourceVSphereDistributedVirtualSwitch_inFolder","Output":"    provider_test.go:48: \n"}
{"Time":"2025-05-14T18:43:46.920937+03:00","Action":"output","Package":"github.com/vmware/terraform-provider-vsphere/vsphere","Test":"TestAccResourceVSphereDistributedVirtualSwitch_inFolder","Output":"--- SKIP: TestAccResourceVSphereDistributedVirtualSwitch_inFolder (0.01s)\n"}
{"Time":"2025-05-14T18:43:46.920942+03:00","Action":"skip","Package":"github.com/vmware/terraform-provider-vsphere/vsphere","Test":"TestAccResourceVSphereDistributedVirtualSwitch_inFolder","Elapsed":0.01}
{"Time":"2025-05-14T18:43:46.920953+03:00","Action":"run","Package":"github.com/vmware/terraform-provider-vsphere/vsphere","Test":"TestAccResourceVSphereDistributedVirtualSwitch_singleTag"}
{"Time":"2025-05-14T18:43:46.920955+03:00","Action":"output","Package":"github.com/vmware/terraform-provider-vsphere/vsphere","Test":"TestAccResourceVSphereDistributedVirtualSwitch_singleTag","Output":"=== RUN   TestAccResourceVSphereDistributedVirtualSwitch_singleTag\n"}
{"Time":"2025-05-14T18:43:46.932473+03:00","Action":"output","Package":"github.com/vmware/terraform-provider-vsphere/vsphere","Test":"TestAccResourceVSphereDistributedVirtualSwitch_singleTag","Output":"    provider_test.go:48: \n"}
{"Time":"2025-05-14T18:43:46.93249+03:00","Action":"output","Package":"github.com/vmware/terraform-provider-vsphere/vsphere","Test":"TestAccResourceVSphereDistributedVirtualSwitch_singleTag","Output":"--- SKIP: TestAccResourceVSphereDistributedVirtualSwitch_singleTag (0.01s)\n"}
{"Time":"2025-05-14T18:43:46.932493+03:00","Action":"skip","Package":"github.com/vmware/terraform-provider-vsphere/vsphere","Test":"TestAccResourceVSphereDistributedVirtualSwitch_singleTag","Elapsed":0.01}
{"Time":"2025-05-14T18:43:46.932497+03:00","Action":"run","Package":"github.com/vmware/terraform-provider-vsphere/vsphere","Test":"TestAccResourceVSphereDistributedVirtualSwitch_modifyTags"}
{"Time":"2025-05-14T18:43:46.9325+03:00","Action":"output","Package":"github.com/vmware/terraform-provider-vsphere/vsphere","Test":"TestAccResourceVSphereDistributedVirtualSwitch_modifyTags","Output":"=== RUN   TestAccResourceVSphereDistributedVirtualSwitch_modifyTags\n"}
{"Time":"2025-05-14T18:43:46.942238+03:00","Action":"output","Package":"github.com/vmware/terraform-provider-vsphere/vsphere","Test":"TestAccResourceVSphereDistributedVirtualSwitch_modifyTags","Output":"    provider_test.go:48: \n"}
{"Time":"2025-05-14T18:43:46.942253+03:00","Action":"output","Package":"github.com/vmware/terraform-provider-vsphere/vsphere","Test":"TestAccResourceVSphereDistributedVirtualSwitch_modifyTags","Output":"--- SKIP: TestAccResourceVSphereDistributedVirtualSwitch_modifyTags (0.01s)\n"}
{"Time":"2025-05-14T18:43:46.942258+03:00","Action":"skip","Package":"github.com/vmware/terraform-provider-vsphere/vsphere","Test":"TestAccResourceVSphereDistributedVirtualSwitch_modifyTags","Elapsed":0.01}
{"Time":"2025-05-14T18:43:46.942262+03:00","Action":"run","Package":"github.com/vmware/terraform-provider-vsphere/vsphere","Test":"TestAccResourceVSphereDistributedVirtualSwitch_netflow"}
{"Time":"2025-05-14T18:43:46.942264+03:00","Action":"output","Package":"github.com/vmware/terraform-provider-vsphere/vsphere","Test":"TestAccResourceVSphereDistributedVirtualSwitch_netflow","Output":"=== RUN   TestAccResourceVSphereDistributedVirtualSwitch_netflow\n"}
{"Time":"2025-05-14T18:43:46.95297+03:00","Action":"output","Package":"github.com/vmware/terraform-provider-vsphere/vsphere","Test":"TestAccResourceVSphereDistributedVirtualSwitch_netflow","Output":"    provider_test.go:48: \n"}
{"Time":"2025-05-14T18:43:46.952977+03:00","Action":"output","Package":"github.com/vmware/terraform-provider-vsphere/vsphere","Test":"TestAccResourceVSphereDistributedVirtualSwitch_netflow","Output":"--- SKIP: TestAccResourceVSphereDistributedVirtualSwitch_netflow (0.01s)\n"}
{"Time":"2025-05-14T18:43:46.952982+03:00","Action":"skip","Package":"github.com/vmware/terraform-provider-vsphere/vsphere","Test":"TestAccResourceVSphereDistributedVirtualSwitch_netflow","Elapsed":0.01}
{"Time":"2025-05-14T18:43:46.952985+03:00","Action":"run","Package":"github.com/vmware/terraform-provider-vsphere/vsphere","Test":"TestAccResourceVSphereDistributedVirtualSwitch_vlanRanges"}
{"Time":"2025-05-14T18:43:46.952988+03:00","Action":"output","Package":"github.com/vmware/terraform-provider-vsphere/vsphere","Test":"TestAccResourceVSphereDistributedVirtualSwitch_vlanRanges","Output":"=== RUN   TestAccResourceVSphereDistributedVirtualSwitch_vlanRanges\n"}
{"Time":"2025-05-14T18:43:46.964423+03:00","Action":"output","Package":"github.com/vmware/terraform-provider-vsphere/vsphere","Test":"TestAccResourceVSphereDistributedVirtualSwitch_vlanRanges","Output":"    provider_test.go:48: \n"}
{"Time":"2025-05-14T18:43:46.964432+03:00","Action":"output","Package":"github.com/vmware/terraform-provider-vsphere/vsphere","Test":"TestAccResourceVSphereDistributedVirtualSwitch_vlanRanges","Output":"--- SKIP: TestAccResourceVSphereDistributedVirtualSwitch_vlanRanges (0.01s)\n"}
{"Time":"2025-05-14T18:43:46.964437+03:00","Action":"skip","Package":"github.com/vmware/terraform-provider-vsphere/vsphere","Test":"TestAccResourceVSphereDistributedVirtualSwitch_vlanRanges","Elapsed":0.01}
{"Time":"2025-05-14T18:43:46.96444+03:00","Action":"run","Package":"github.com/vmware/terraform-provider-vsphere/vsphere","Test":"TestAccResourceVSphereDistributedVirtualSwitch_singleCustomAttribute"}
{"Time":"2025-05-14T18:43:46.964443+03:00","Action":"output","Package":"github.com/vmware/terraform-provider-vsphere/vsphere","Test":"TestAccResourceVSphereDistributedVirtualSwitch_singleCustomAttribute","Output":"=== RUN   TestAccResourceVSphereDistributedVirtualSwitch_singleCustomAttribute\n"}
{"Time":"2025-05-14T18:43:46.979401+03:00","Action":"output","Package":"github.com/vmware/terraform-provider-vsphere/vsphere","Test":"TestAccResourceVSphereDistributedVirtualSwitch_singleCustomAttribute","Output":"    provider_test.go:48: \n"}
{"Time":"2025-05-14T18:43:46.979411+03:00","Action":"output","Package":"github.com/vmware/terraform-provider-vsphere/vsphere","Test":"TestAccResourceVSphereDistributedVirtualSwitch_singleCustomAttribute","Output":"--- SKIP: TestAccResourceVSphereDistributedVirtualSwitch_singleCustomAttribute (0.01s)\n"}
{"Time":"2025-05-14T18:43:46.979415+03:00","Action":"skip","Package":"github.com/vmware/terraform-provider-vsphere/vsphere","Test":"TestAccResourceVSphereDistributedVirtualSwitch_singleCustomAttribute","Elapsed":0.01}
{"Time":"2025-05-14T18:43:46.979419+03:00","Action":"run","Package":"github.com/vmware/terraform-provider-vsphere/vsphere","Test":"TestAccResourceVSphereDistributedVirtualSwitch_multiCustomAttribute"}
{"Time":"2025-05-14T18:43:46.979421+03:00","Action":"output","Package":"github.com/vmware/terraform-provider-vsphere/vsphere","Test":"TestAccResourceVSphereDistributedVirtualSwitch_multiCustomAttribute","Output":"=== RUN   TestAccResourceVSphereDistributedVirtualSwitch_multiCustomAttribute\n"}
{"Time":"2025-05-14T18:43:46.994712+03:00","Action":"output","Package":"github.com/vmware/terraform-provider-vsphere/vsphere","Test":"TestAccResourceVSphereDistributedVirtualSwitch_multiCustomAttribute","Output":"    provider_test.go:48: \n"}
{"Time":"2025-05-14T18:43:46.994723+03:00","Action":"output","Package":"github.com/vmware/terraform-provider-vsphere/vsphere","Test":"TestAccResourceVSphereDistributedVirtualSwitch_multiCustomAttribute","Output":"--- SKIP: TestAccResourceVSphereDistributedVirtualSwitch_multiCustomAttribute (0.02s)\n"}
{"Time":"2025-05-14T18:43:46.994728+03:00","Action":"skip","Package":"github.com/vmware/terraform-provider-vsphere/vsphere","Test":"TestAccResourceVSphereDistributedVirtualSwitch_multiCustomAttribute","Elapsed":0.02}
{"Time":"2025-05-14T18:43:46.994732+03:00","Action":"run","Package":"github.com/vmware/terraform-provider-vsphere/vsphere","Test":"TestAccResourceVSphereDPMHostOverride_basic"}
{"Time":"2025-05-14T18:43:46.994736+03:00","Action":"output","Package":"github.com/vmware/terraform-provider-vsphere/vsphere","Test":"TestAccResourceVSphereDPMHostOverride_basic","Output":"=== RUN   TestAccResourceVSphereDPMHostOverride_basic\n"}
{"Time":"2025-05-14T18:43:47.003732+03:00","Action":"output","Package":"github.com/vmware/terraform-provider-vsphere/vsphere","Test":"TestAccResourceVSphereDPMHostOverride_basic","Output":"    provider_test.go:48: \n"}
{"Time":"2025-05-14T18:43:47.00374+03:00","Action":"output","Package":"github.com/vmware/terraform-provider-vsphere/vsphere","Test":"TestAccResourceVSphereDPMHostOverride_basic","Output":"--- SKIP: TestAccResourceVSphereDPMHostOverride_basic (0.01s)\n"}
{"Time":"2025-05-14T18:43:47.003744+03:00","Action":"skip","Package":"github.com/vmware/terraform-provider-vsphere/vsphere","Test":"TestAccResourceVSphereDPMHostOverride_basic","Elapsed":0.01}
{"Time":"2025-05-14T18:43:47.003748+03:00","Action":"run","Package":"github.com/vmware/terraform-provider-vsphere/vsphere","Test":"TestAccResourceVSphereDPMHostOverride_overrides"}
{"Time":"2025-05-14T18:43:47.003751+03:00","Action":"output","Package":"github.com/vmware/terraform-provider-vsphere/vsphere","Test":"TestAccResourceVSphereDPMHostOverride_overrides","Output":"=== RUN   TestAccResourceVSphereDPMHostOverride_overrides\n"}
{"Time":"2025-05-14T18:43:47.015103+03:00","Action":"output","Package":"github.com/vmware/terraform-provider-vsphere/vsphere","Test":"TestAccResourceVSphereDPMHostOverride_overrides","Output":"    provider_test.go:48: \n"}
{"Time":"2025-05-14T18:43:47.015114+03:00","Action":"output","Package":"github.com/vmware/terraform-provider-vsphere/vsphere","Test":"TestAccResourceVSphereDPMHostOverride_overrides","Output":"--- SKIP: TestAccResourceVSphereDPMHostOverride_overrides (0.01s)\n"}
{"Time":"2025-05-14T18:43:47.015119+03:00","Action":"skip","Package":"github.com/vmware/terraform-provider-vsphere/vsphere","Test":"TestAccResourceVSphereDPMHostOverride_overrides","Elapsed":0.01}
{"Time":"2025-05-14T18:43:47.015122+03:00","Action":"run","Package":"github.com/vmware/terraform-provider-vsphere/vsphere","Test":"TestAccResourceVSphereDPMHostOverride_update"}
{"Time":"2025-05-14T18:43:47.015125+03:00","Action":"output","Package":"github.com/vmware/terraform-provider-vsphere/vsphere","Test":"TestAccResourceVSphereDPMHostOverride_update","Output":"=== RUN   TestAccResourceVSphereDPMHostOverride_update\n"}
{"Time":"2025-05-14T18:43:47.026807+03:00","Action":"output","Package":"github.com/vmware/terraform-provider-vsphere/vsphere","Test":"TestAccResourceVSphereDPMHostOverride_update","Output":"    provider_test.go:48: \n"}
{"Time":"2025-05-14T18:43:47.026816+03:00","Action":"output","Package":"github.com/vmware/terraform-provider-vsphere/vsphere","Test":"TestAccResourceVSphereDPMHostOverride_update","Output":"--- SKIP: TestAccResourceVSphereDPMHostOverride_update (0.01s)\n"}
{"Time":"2025-05-14T18:43:47.026822+03:00","Action":"skip","Package":"github.com/vmware/terraform-provider-vsphere/vsphere","Test":"TestAccResourceVSphereDPMHostOverride_update","Elapsed":0.01}
{"Time":"2025-05-14T18:43:47.026826+03:00","Action":"run","Package":"github.com/vmware/terraform-provider-vsphere/vsphere","Test":"TestAccResourceVSphereDRSVMOverride_drs"}
{"Time":"2025-05-14T18:43:47.026829+03:00","Action":"output","Package":"github.com/vmware/terraform-provider-vsphere/vsphere","Test":"TestAccResourceVSphereDRSVMOverride_drs","Output":"=== RUN   TestAccResourceVSphereDRSVMOverride_drs\n"}
{"Time":"2025-05-14T18:43:47.033372+03:00","Action":"output","Package":"github.com/vmware/terraform-provider-vsphere/vsphere","Test":"TestAccResourceVSphereDRSVMOverride_drs","Output":"    provider_test.go:48: \n"}
{"Time":"2025-05-14T18:43:47.033382+03:00","Action":"output","Package":"github.com/vmware/terraform-provider-vsphere/vsphere","Test":"TestAccResourceVSphereDRSVMOverride_drs","Output":"--- SKIP: TestAccResourceVSphereDRSVMOverride_drs (0.01s)\n"}
{"Time":"2025-05-14T18:43:47.033387+03:00","Action":"skip","Package":"github.com/vmware/terraform-provider-vsphere/vsphere","Test":"TestAccResourceVSphereDRSVMOverride_drs","Elapsed":0.01}
{"Time":"2025-05-14T18:43:47.033391+03:00","Action":"run","Package":"github.com/vmware/terraform-provider-vsphere/vsphere","Test":"TestAccResourceVSphereDRSVMOverride_automationLevel"}
{"Time":"2025-05-14T18:43:47.033394+03:00","Action":"output","Package":"github.com/vmware/terraform-provider-vsphere/vsphere","Test":"TestAccResourceVSphereDRSVMOverride_automationLevel","Output":"=== RUN   TestAccResourceVSphereDRSVMOverride_automationLevel\n"}
{"Time":"2025-05-14T18:43:47.039461+03:00","Action":"output","Package":"github.com/vmware/terraform-provider-vsphere/vsphere","Test":"TestAccResourceVSphereDRSVMOverride_automationLevel","Output":"    provider_test.go:48: \n"}
{"Time":"2025-05-14T18:43:47.039471+03:00","Action":"output","Package":"github.com/vmware/terraform-provider-vsphere/vsphere","Test":"TestAccResourceVSphereDRSVMOverride_automationLevel","Output":"--- SKIP: TestAccResourceVSphereDRSVMOverride_automationLevel (0.01s)\n"}
{"Time":"2025-05-14T18:43:47.039477+03:00","Action":"skip","Package":"github.com/vmware/terraform-provider-vsphere/vsphere","Test":"TestAccResourceVSphereDRSVMOverride_automationLevel","Elapsed":0.01}
{"Time":"2025-05-14T18:43:47.039481+03:00","Action":"run","Package":"github.com/vmware/terraform-provider-vsphere/vsphere","Test":"TestAccResourceVSphereDRSVMOverride_update"}
{"Time":"2025-05-14T18:43:47.039485+03:00","Action":"output","Package":"github.com/vmware/terraform-provider-vsphere/vsphere","Test":"TestAccResourceVSphereDRSVMOverride_update","Output":"=== RUN   TestAccResourceVSphereDRSVMOverride_update\n"}
{"Time":"2025-05-14T18:43:47.053016+03:00","Action":"output","Package":"github.com/vmware/terraform-provider-vsphere/vsphere","Test":"TestAccResourceVSphereDRSVMOverride_update","Output":"    provider_test.go:48: \n"}
{"Time":"2025-05-14T18:43:47.053033+03:00","Action":"output","Package":"github.com/vmware/terraform-provider-vsphere/vsphere","Test":"TestAccResourceVSphereDRSVMOverride_update","Output":"--- SKIP: TestAccResourceVSphereDRSVMOverride_update (0.01s)\n"}
{"Time":"2025-05-14T18:43:47.053063+03:00","Action":"skip","Package":"github.com/vmware/terraform-provider-vsphere/vsphere","Test":"TestAccResourceVSphereDRSVMOverride_update","Elapsed":0.01}
{"Time":"2025-05-14T18:43:47.053068+03:00","Action":"run","Package":"github.com/vmware/terraform-provider-vsphere/vsphere","Test":"TestAccResourcevsphereEntityPermissions_basic"}
{"Time":"2025-05-14T18:43:47.053079+03:00","Action":"output","Package":"github.com/vmware/terraform-provider-vsphere/vsphere","Test":"TestAccResourcevsphereEntityPermissions_basic","Output":"=== RUN   TestAccResourcevsphereEntityPermissions_basic\n"}
{"Time":"2025-05-14T18:43:47.053084+03:00","Action":"output","Package":"github.com/vmware/terraform-provider-vsphere/vsphere","Test":"TestAccResourcevsphereEntityPermissions_basic","Output":"    provider_test.go:48: \n"}
{"Time":"2025-05-14T18:43:47.053089+03:00","Action":"output","Package":"github.com/vmware/terraform-provider-vsphere/vsphere","Test":"TestAccResourcevsphereEntityPermissions_basic","Output":"--- SKIP: TestAccResourcevsphereEntityPermissions_basic (0.00s)\n"}
{"Time":"2025-05-14T18:43:47.053094+03:00","Action":"skip","Package":"github.com/vmware/terraform-provider-vsphere/vsphere","Test":"TestAccResourcevsphereEntityPermissions_basic","Elapsed":0}
{"Time":"2025-05-14T18:43:47.053097+03:00","Action":"run","Package":"github.com/vmware/terraform-provider-vsphere/vsphere","Test":"TestAccResourceVSphereFile_basic"}
{"Time":"2025-05-14T18:43:47.0531+03:00","Action":"output","Package":"github.com/vmware/terraform-provider-vsphere/vsphere","Test":"TestAccResourceVSphereFile_basic","Output":"=== RUN   TestAccResourceVSphereFile_basic\n"}
{"Time":"2025-05-14T18:43:47.063166+03:00","Action":"output","Package":"github.com/vmware/terraform-provider-vsphere/vsphere","Test":"TestAccResourceVSphereFile_basic","Output":"    provider_test.go:48: \n"}
{"Time":"2025-05-14T18:43:47.063175+03:00","Action":"output","Package":"github.com/vmware/terraform-provider-vsphere/vsphere","Test":"TestAccResourceVSphereFile_basic","Output":"--- SKIP: TestAccResourceVSphereFile_basic (0.01s)\n"}
{"Time":"2025-05-14T18:43:47.063181+03:00","Action":"skip","Package":"github.com/vmware/terraform-provider-vsphere/vsphere","Test":"TestAccResourceVSphereFile_basic","Elapsed":0.01}
{"Time":"2025-05-14T18:43:47.063185+03:00","Action":"run","Package":"github.com/vmware/terraform-provider-vsphere/vsphere","Test":"TestAccResourceVSphereFile_uploadWithCreateDirectories"}
{"Time":"2025-05-14T18:43:47.063199+03:00","Action":"output","Package":"github.com/vmware/terraform-provider-vsphere/vsphere","Test":"TestAccResourceVSphereFile_uploadWithCreateDirectories","Output":"=== RUN   TestAccResourceVSphereFile_uploadWithCreateDirectories\n"}
{"Time":"2025-05-14T18:43:47.07299+03:00","Action":"output","Package":"github.com/vmware/terraform-provider-vsphere/vsphere","Test":"TestAccResourceVSphereFile_uploadWithCreateDirectories","Output":"    provider_test.go:48: \n"}
{"Time":"2025-05-14T18:43:47.073+03:00","Action":"output","Package":"github.com/vmware/terraform-provider-vsphere/vsphere","Test":"TestAccResourceVSphereFile_uploadWithCreateDirectories","Output":"--- SKIP: TestAccResourceVSphereFile_uploadWithCreateDirectories (0.01s)\n"}
{"Time":"2025-05-14T18:43:47.073006+03:00","Action":"skip","Package":"github.com/vmware/terraform-provider-vsphere/vsphere","Test":"TestAccResourceVSphereFile_uploadWithCreateDirectories","Elapsed":0.01}
{"Time":"2025-05-14T18:43:47.07301+03:00","Action":"run","Package":"github.com/vmware/terraform-provider-vsphere/vsphere","Test":"TestAccResourceVSphereFile_basicUploadAndCopy"}
{"Time":"2025-05-14T18:43:47.073012+03:00","Action":"output","Package":"github.com/vmware/terraform-provider-vsphere/vsphere","Test":"TestAccResourceVSphereFile_basicUploadAndCopy","Output":"=== RUN   TestAccResourceVSphereFile_basicUploadAndCopy\n"}
{"Time":"2025-05-14T18:43:47.087335+03:00","Action":"output","Package":"github.com/vmware/terraform-provider-vsphere/vsphere","Test":"TestAccResourceVSphereFile_basicUploadAndCopy","Output":"    provider_test.go:48: \n"}
{"Time":"2025-05-14T18:43:47.087347+03:00","Action":"output","Package":"github.com/vmware/terraform-provider-vsphere/vsphere","Test":"TestAccResourceVSphereFile_basicUploadAndCopy","Output":"--- SKIP: TestAccResourceVSphereFile_basicUploadAndCopy (0.01s)\n"}
{"Time":"2025-05-14T18:43:47.087365+03:00","Action":"skip","Package":"github.com/vmware/terraform-provider-vsphere/vsphere","Test":"TestAccResourceVSphereFile_basicUploadAndCopy","Elapsed":0.01}
{"Time":"2025-05-14T18:43:47.087369+03:00","Action":"run","Package":"github.com/vmware/terraform-provider-vsphere/vsphere","Test":"TestAccResourceVSphereFile_renamePostCreation"}
{"Time":"2025-05-14T18:43:47.087372+03:00","Action":"output","Package":"github.com/vmware/terraform-provider-vsphere/vsphere","Test":"TestAccResourceVSphereFile_renamePostCreation","Output":"=== RUN   TestAccResourceVSphereFile_renamePostCreation\n"}
{"Time":"2025-05-14T18:43:47.104421+03:00","Action":"output","Package":"github.com/vmware/terraform-provider-vsphere/vsphere","Test":"TestAccResourceVSphereFile_renamePostCreation","Output":"    provider_test.go:48: \n"}
{"Time":"2025-05-14T18:43:47.104438+03:00","Action":"output","Package":"github.com/vmware/terraform-provider-vsphere/vsphere","Test":"TestAccResourceVSphereFile_renamePostCreation","Output":"--- SKIP: TestAccResourceVSphereFile_renamePostCreation (0.02s)\n"}
{"Time":"2025-05-14T18:43:47.104444+03:00","Action":"skip","Package":"github.com/vmware/terraform-provider-vsphere/vsphere","Test":"TestAccResourceVSphereFile_renamePostCreation","Elapsed":0.02}
{"Time":"2025-05-14T18:43:47.104448+03:00","Action":"run","Package":"github.com/vmware/terraform-provider-vsphere/vsphere","Test":"TestAccResourceVSphereFile_uploadAndCopyAndUpdate"}
{"Time":"2025-05-14T18:43:47.104452+03:00","Action":"output","Package":"github.com/vmware/terraform-provider-vsphere/vsphere","Test":"TestAccResourceVSphereFile_uploadAndCopyAndUpdate","Output":"=== RUN   TestAccResourceVSphereFile_uploadAndCopyAndUpdate\n"}
{"Time":"2025-05-14T18:43:47.120438+03:00","Action":"output","Package":"github.com/vmware/terraform-provider-vsphere/vsphere","Test":"TestAccResourceVSphereFile_uploadAndCopyAndUpdate","Output":"    provider_test.go:48: \n"}
{"Time":"2025-05-14T18:43:47.120462+03:00","Action":"output","Package":"github.com/vmware/terraform-provider-vsphere/vsphere","Test":"TestAccResourceVSphereFile_uploadAndCopyAndUpdate","Output":"--- SKIP: TestAccResourceVSphereFile_uploadAndCopyAndUpdate (0.02s)\n"}
{"Time":"2025-05-14T18:43:47.120468+03:00","Action":"skip","Package":"github.com/vmware/terraform-provider-vsphere/vsphere","Test":"TestAccResourceVSphereFile_uploadAndCopyAndUpdate","Elapsed":0.02}
{"Time":"2025-05-14T18:43:47.120474+03:00","Action":"run","Package":"github.com/vmware/terraform-provider-vsphere/vsphere","Test":"TestAccResourceVSphereFolderMigrateState_basic"}
{"Time":"2025-05-14T18:43:47.120478+03:00","Action":"output","Package":"github.com/vmware/terraform-provider-vsphere/vsphere","Test":"TestAccResourceVSphereFolderMigrateState_basic","Output":"=== RUN   TestAccResourceVSphereFolderMigrateState_basic\n"}
{"Time":"2025-05-14T18:43:47.120506+03:00","Action":"output","Package":"github.com/vmware/terraform-provider-vsphere/vsphere","Test":"TestAccResourceVSphereFolderMigrateState_basic","Output":"    provider_test.go:48: \n"}
{"Time":"2025-05-14T18:43:47.120522+03:00","Action":"output","Package":"github.com/vmware/terraform-provider-vsphere/vsphere","Test":"TestAccResourceVSphereFolderMigrateState_basic","Output":"--- SKIP: TestAccResourceVSphereFolderMigrateState_basic (0.00s)\n"}
{"Time":"2025-05-14T18:43:47.120537+03:00","Action":"skip","Package":"github.com/vmware/terraform-provider-vsphere/vsphere","Test":"TestAccResourceVSphereFolderMigrateState_basic","Elapsed":0}
{"Time":"2025-05-14T18:43:47.120544+03:00","Action":"run","Package":"github.com/vmware/terraform-provider-vsphere/vsphere","Test":"TestAccResourceVSphereFolderMigrateState_empty"}
{"Time":"2025-05-14T18:43:47.12055+03:00","Action":"output","Package":"github.com/vmware/terraform-provider-vsphere/vsphere","Test":"TestAccResourceVSphereFolderMigrateState_empty","Output":"=== RUN   TestAccResourceVSphereFolderMigrateState_empty\n"}
{"Time":"2025-05-14T18:43:47.120556+03:00","Action":"output","Package":"github.com/vmware/terraform-provider-vsphere/vsphere","Test":"TestAccResourceVSphereFolderMigrateState_empty","Output":"    provider_test.go:48: \n"}
{"Time":"2025-05-14T18:43:47.120562+03:00","Action":"output","Package":"github.com/vmware/terraform-provider-vsphere/vsphere","Test":"TestAccResourceVSphereFolderMigrateState_empty","Output":"--- SKIP: TestAccResourceVSphereFolderMigrateState_empty (0.00s)\n"}
{"Time":"2025-05-14T18:43:47.120571+03:00","Action":"skip","Package":"github.com/vmware/terraform-provider-vsphere/vsphere","Test":"TestAccResourceVSphereFolderMigrateState_empty","Elapsed":0}
{"Time":"2025-05-14T18:43:47.120578+03:00","Action":"run","Package":"github.com/vmware/terraform-provider-vsphere/vsphere","Test":"TestAccResourceVSphereFolder_vmFolder"}
{"Time":"2025-05-14T18:43:47.120581+03:00","Action":"output","Package":"github.com/vmware/terraform-provider-vsphere/vsphere","Test":"TestAccResourceVSphereFolder_vmFolder","Output":"=== RUN   TestAccResourceVSphereFolder_vmFolder\n"}
{"Time":"2025-05-14T18:43:47.12828+03:00","Action":"output","Package":"github.com/vmware/terraform-provider-vsphere/vsphere","Test":"TestAccResourceVSphereFolder_vmFolder","Output":"    provider_test.go:48: \n"}
{"Time":"2025-05-14T18:43:47.128295+03:00","Action":"output","Package":"github.com/vmware/terraform-provider-vsphere/vsphere","Test":"TestAccResourceVSphereFolder_vmFolder","Output":"--- SKIP: TestAccResourceVSphereFolder_vmFolder (0.01s)\n"}
{"Time":"2025-05-14T18:43:47.128322+03:00","Action":"skip","Package":"github.com/vmware/terraform-provider-vsphere/vsphere","Test":"TestAccResourceVSphereFolder_vmFolder","Elapsed":0.01}
{"Time":"2025-05-14T18:43:47.128332+03:00","Action":"run","Package":"github.com/vmware/terraform-provider-vsphere/vsphere","Test":"TestAccResourceVSphereFolder_datastoreFolder"}
{"Time":"2025-05-14T18:43:47.128336+03:00","Action":"output","Package":"github.com/vmware/terraform-provider-vsphere/vsphere","Test":"TestAccResourceVSphereFolder_datastoreFolder","Output":"=== RUN   TestAccResourceVSphereFolder_datastoreFolder\n"}
{"Time":"2025-05-14T18:43:47.136673+03:00","Action":"output","Package":"github.com/vmware/terraform-provider-vsphere/vsphere","Test":"TestAccResourceVSphereFolder_datastoreFolder","Output":"    provider_test.go:48: \n"}
{"Time":"2025-05-14T18:43:47.13669+03:00","Action":"output","Package":"github.com/vmware/terraform-provider-vsphere/vsphere","Test":"TestAccResourceVSphereFolder_datastoreFolder","Output":"--- SKIP: TestAccResourceVSphereFolder_datastoreFolder (0.01s)\n"}
{"Time":"2025-05-14T18:43:47.136725+03:00","Action":"skip","Package":"github.com/vmware/terraform-provider-vsphere/vsphere","Test":"TestAccResourceVSphereFolder_datastoreFolder","Elapsed":0.01}
{"Time":"2025-05-14T18:43:47.136733+03:00","Action":"run","Package":"github.com/vmware/terraform-provider-vsphere/vsphere","Test":"TestAccResourceVSphereFolder_networkFolder"}
{"Time":"2025-05-14T18:43:47.136737+03:00","Action":"output","Package":"github.com/vmware/terraform-provider-vsphere/vsphere","Test":"TestAccResourceVSphereFolder_networkFolder","Output":"=== RUN   TestAccResourceVSphereFolder_networkFolder\n"}
{"Time":"2025-05-14T18:43:47.1467+03:00","Action":"output","Package":"github.com/vmware/terraform-provider-vsphere/vsphere","Test":"TestAccResourceVSphereFolder_networkFolder","Output":"    provider_test.go:48: \n"}
{"Time":"2025-05-14T18:43:47.146718+03:00","Action":"output","Package":"github.com/vmware/terraform-provider-vsphere/vsphere","Test":"TestAccResourceVSphereFolder_networkFolder","Output":"--- SKIP: TestAccResourceVSphereFolder_networkFolder (0.01s)\n"}
{"Time":"2025-05-14T18:43:47.146723+03:00","Action":"skip","Package":"github.com/vmware/terraform-provider-vsphere/vsphere","Test":"TestAccResourceVSphereFolder_networkFolder","Elapsed":0.01}
{"Time":"2025-05-14T18:43:47.146728+03:00","Action":"run","Package":"github.com/vmware/terraform-provider-vsphere/vsphere","Test":"TestAccResourceVSphereFolder_hostFolder"}
{"Time":"2025-05-14T18:43:47.146732+03:00","Action":"output","Package":"github.com/vmware/terraform-provider-vsphere/vsphere","Test":"TestAccResourceVSphereFolder_hostFolder","Output":"=== RUN   TestAccResourceVSphereFolder_hostFolder\n"}
{"Time":"2025-05-14T18:43:47.155433+03:00","Action":"output","Package":"github.com/vmware/terraform-provider-vsphere/vsphere","Test":"TestAccResourceVSphereFolder_hostFolder","Output":"    provider_test.go:48: \n"}
{"Time":"2025-05-14T18:43:47.155445+03:00","Action":"output","Package":"github.com/vmware/terraform-provider-vsphere/vsphere","Test":"TestAccResourceVSphereFolder_hostFolder","Output":"--- SKIP: TestAccResourceVSphereFolder_hostFolder (0.01s)\n"}
{"Time":"2025-05-14T18:43:47.155452+03:00","Action":"skip","Package":"github.com/vmware/terraform-provider-vsphere/vsphere","Test":"TestAccResourceVSphereFolder_hostFolder","Elapsed":0.01}
{"Time":"2025-05-14T18:43:47.155457+03:00","Action":"run","Package":"github.com/vmware/terraform-provider-vsphere/vsphere","Test":"TestAccResourceVSphereFolder_datacenterFolder"}
{"Time":"2025-05-14T18:43:47.155461+03:00","Action":"output","Package":"github.com/vmware/terraform-provider-vsphere/vsphere","Test":"TestAccResourceVSphereFolder_datacenterFolder","Output":"=== RUN   TestAccResourceVSphereFolder_datacenterFolder\n"}
{"Time":"2025-05-14T18:43:47.165813+03:00","Action":"output","Package":"github.com/vmware/terraform-provider-vsphere/vsphere","Test":"TestAccResourceVSphereFolder_datacenterFolder","Output":"    provider_test.go:48: \n"}
{"Time":"2025-05-14T18:43:47.165825+03:00","Action":"output","Package":"github.com/vmware/terraform-provider-vsphere/vsphere","Test":"TestAccResourceVSphereFolder_datacenterFolder","Output":"--- SKIP: TestAccResourceVSphereFolder_datacenterFolder (0.01s)\n"}
{"Time":"2025-05-14T18:43:47.165843+03:00","Action":"skip","Package":"github.com/vmware/terraform-provider-vsphere/vsphere","Test":"TestAccResourceVSphereFolder_datacenterFolder","Elapsed":0.01}
{"Time":"2025-05-14T18:43:47.165848+03:00","Action":"run","Package":"github.com/vmware/terraform-provider-vsphere/vsphere","Test":"TestAccResourceVSphereFolder_rename"}
{"Time":"2025-05-14T18:43:47.165874+03:00","Action":"output","Package":"github.com/vmware/terraform-provider-vsphere/vsphere","Test":"TestAccResourceVSphereFolder_rename","Output":"=== RUN   TestAccResourceVSphereFolder_rename\n"}
{"Time":"2025-05-14T18:43:47.174546+03:00","Action":"output","Package":"github.com/vmware/terraform-provider-vsphere/vsphere","Test":"TestAccResourceVSphereFolder_rename","Output":"    provider_test.go:48: \n"}
{"Time":"2025-05-14T18:43:47.17456+03:00","Action":"output","Package":"github.com/vmware/terraform-provider-vsphere/vsphere","Test":"TestAccResourceVSphereFolder_rename","Output":"--- SKIP: TestAccResourceVSphereFolder_rename (0.01s)\n"}
{"Time":"2025-05-14T18:43:47.174566+03:00","Action":"skip","Package":"github.com/vmware/terraform-provider-vsphere/vsphere","Test":"TestAccResourceVSphereFolder_rename","Elapsed":0.01}
{"Time":"2025-05-14T18:43:47.174571+03:00","Action":"run","Package":"github.com/vmware/terraform-provider-vsphere/vsphere","Test":"TestAccResourceVSphereFolder_subfolder"}
{"Time":"2025-05-14T18:43:47.174574+03:00","Action":"output","Package":"github.com/vmware/terraform-provider-vsphere/vsphere","Test":"TestAccResourceVSphereFolder_subfolder","Output":"=== RUN   TestAccResourceVSphereFolder_subfolder\n"}
{"Time":"2025-05-14T18:43:47.185326+03:00","Action":"output","Package":"github.com/vmware/terraform-provider-vsphere/vsphere","Test":"TestAccResourceVSphereFolder_subfolder","Output":"    provider_test.go:48: \n"}
{"Time":"2025-05-14T18:43:47.185339+03:00","Action":"output","Package":"github.com/vmware/terraform-provider-vsphere/vsphere","Test":"TestAccResourceVSphereFolder_subfolder","Output":"--- SKIP: TestAccResourceVSphereFolder_subfolder (0.01s)\n"}
{"Time":"2025-05-14T18:43:47.185345+03:00","Action":"skip","Package":"github.com/vmware/terraform-provider-vsphere/vsphere","Test":"TestAccResourceVSphereFolder_subfolder","Elapsed":0.01}
{"Time":"2025-05-14T18:43:47.18535+03:00","Action":"run","Package":"github.com/vmware/terraform-provider-vsphere/vsphere","Test":"TestAccResourceVSphereFolder_moveToSubfolder"}
{"Time":"2025-05-14T18:43:47.185374+03:00","Action":"output","Package":"github.com/vmware/terraform-provider-vsphere/vsphere","Test":"TestAccResourceVSphereFolder_moveToSubfolder","Output":"=== RUN   TestAccResourceVSphereFolder_moveToSubfolder\n"}
{"Time":"2025-05-14T18:43:47.195982+03:00","Action":"output","Package":"github.com/vmware/terraform-provider-vsphere/vsphere","Test":"TestAccResourceVSphereFolder_moveToSubfolder","Output":"    provider_test.go:48: \n"}
{"Time":"2025-05-14T18:43:47.196031+03:00","Action":"output","Package":"github.com/vmware/terraform-provider-vsphere/vsphere","Test":"TestAccResourceVSphereFolder_moveToSubfolder","Output":"--- SKIP: TestAccResourceVSphereFolder_moveToSubfolder (0.01s)\n"}
{"Time":"2025-05-14T18:43:47.196039+03:00","Action":"skip","Package":"github.com/vmware/terraform-provider-vsphere/vsphere","Test":"TestAccResourceVSphereFolder_moveToSubfolder","Elapsed":0.01}
{"Time":"2025-05-14T18:43:47.196046+03:00","Action":"run","Package":"github.com/vmware/terraform-provider-vsphere/vsphere","Test":"TestAccResourceVSphereFolder_tags"}
{"Time":"2025-05-14T18:43:47.19605+03:00","Action":"output","Package":"github.com/vmware/terraform-provider-vsphere/vsphere","Test":"TestAccResourceVSphereFolder_tags","Output":"=== RUN   TestAccResourceVSphereFolder_tags\n"}
{"Time":"2025-05-14T18:43:47.206701+03:00","Action":"output","Package":"github.com/vmware/terraform-provider-vsphere/vsphere","Test":"TestAccResourceVSphereFolder_tags","Output":"    provider_test.go:48: \n"}
{"Time":"2025-05-14T18:43:47.206727+03:00","Action":"output","Package":"github.com/vmware/terraform-provider-vsphere/vsphere","Test":"TestAccResourceVSphereFolder_tags","Output":"--- SKIP: TestAccResourceVSphereFolder_tags (0.01s)\n"}
{"Time":"2025-05-14T18:43:47.206741+03:00","Action":"skip","Package":"github.com/vmware/terraform-provider-vsphere/vsphere","Test":"TestAccResourceVSphereFolder_tags","Elapsed":0.01}
{"Time":"2025-05-14T18:43:47.206748+03:00","Action":"run","Package":"github.com/vmware/terraform-provider-vsphere/vsphere","Test":"TestAccResourceVSphereFolder_modifyTags"}
{"Time":"2025-05-14T18:43:47.206751+03:00","Action":"output","Package":"github.com/vmware/terraform-provider-vsphere/vsphere","Test":"TestAccResourceVSphereFolder_modifyTags","Output":"=== RUN   TestAccResourceVSphereFolder_modifyTags\n"}
{"Time":"2025-05-14T18:43:47.218763+03:00","Action":"output","Package":"github.com/vmware/terraform-provider-vsphere/vsphere","Test":"TestAccResourceVSphereFolder_modifyTags","Output":"    provider_test.go:48: \n"}
{"Time":"2025-05-14T18:43:47.218783+03:00","Action":"output","Package":"github.com/vmware/terraform-provider-vsphere/vsphere","Test":"TestAccResourceVSphereFolder_modifyTags","Output":"--- SKIP: TestAccResourceVSphereFolder_modifyTags (0.01s)\n"}
{"Time":"2025-05-14T18:43:47.21879+03:00","Action":"skip","Package":"github.com/vmware/terraform-provider-vsphere/vsphere","Test":"TestAccResourceVSphereFolder_modifyTags","Elapsed":0.01}
{"Time":"2025-05-14T18:43:47.218795+03:00","Action":"run","Package":"github.com/vmware/terraform-provider-vsphere/vsphere","Test":"TestAccResourceVSphereFolder_modifyTagsMultiStage"}
{"Time":"2025-05-14T18:43:47.218799+03:00","Action":"output","Package":"github.com/vmware/terraform-provider-vsphere/vsphere","Test":"TestAccResourceVSphereFolder_modifyTagsMultiStage","Output":"=== RUN   TestAccResourceVSphereFolder_modifyTagsMultiStage\n"}
{"Time":"2025-05-14T18:43:47.228095+03:00","Action":"output","Package":"github.com/vmware/terraform-provider-vsphere/vsphere","Test":"TestAccResourceVSphereFolder_modifyTagsMultiStage","Output":"    provider_test.go:48: \n"}
{"Time":"2025-05-14T18:43:47.228111+03:00","Action":"output","Package":"github.com/vmware/terraform-provider-vsphere/vsphere","Test":"TestAccResourceVSphereFolder_modifyTagsMultiStage","Output":"--- SKIP: TestAccResourceVSphereFolder_modifyTagsMultiStage (0.01s)\n"}
{"Time":"2025-05-14T18:43:47.228118+03:00","Action":"skip","Package":"github.com/vmware/terraform-provider-vsphere/vsphere","Test":"TestAccResourceVSphereFolder_modifyTagsMultiStage","Elapsed":0.01}
{"Time":"2025-05-14T18:43:47.228123+03:00","Action":"run","Package":"github.com/vmware/terraform-provider-vsphere/vsphere","Test":"TestAccResourceVSphereFolder_customAttributes"}
{"Time":"2025-05-14T18:43:47.228127+03:00","Action":"output","Package":"github.com/vmware/terraform-provider-vsphere/vsphere","Test":"TestAccResourceVSphereFolder_customAttributes","Output":"=== RUN   TestAccResourceVSphereFolder_customAttributes\n"}
{"Time":"2025-05-14T18:43:47.237764+03:00","Action":"output","Package":"github.com/vmware/terraform-provider-vsphere/vsphere","Test":"TestAccResourceVSphereFolder_customAttributes","Output":"    provider_test.go:48: \n"}
{"Time":"2025-05-14T18:43:47.237775+03:00","Action":"output","Package":"github.com/vmware/terraform-provider-vsphere/vsphere","Test":"TestAccResourceVSphereFolder_customAttributes","Output":"--- SKIP: TestAccResourceVSphereFolder_customAttributes (0.01s)\n"}
{"Time":"2025-05-14T18:43:47.237792+03:00","Action":"skip","Package":"github.com/vmware/terraform-provider-vsphere/vsphere","Test":"TestAccResourceVSphereFolder_customAttributes","Elapsed":0.01}
{"Time":"2025-05-14T18:43:47.237798+03:00","Action":"run","Package":"github.com/vmware/terraform-provider-vsphere/vsphere","Test":"TestAccResourceVSphereFolder_modifyCustomAttributes"}
{"Time":"2025-05-14T18:43:47.237801+03:00","Action":"output","Package":"github.com/vmware/terraform-provider-vsphere/vsphere","Test":"TestAccResourceVSphereFolder_modifyCustomAttributes","Output":"=== RUN   TestAccResourceVSphereFolder_modifyCustomAttributes\n"}
{"Time":"2025-05-14T18:43:47.248053+03:00","Action":"output","Package":"github.com/vmware/terraform-provider-vsphere/vsphere","Test":"TestAccResourceVSphereFolder_modifyCustomAttributes","Output":"    provider_test.go:48: \n"}
{"Time":"2025-05-14T18:43:47.248069+03:00","Action":"output","Package":"github.com/vmware/terraform-provider-vsphere/vsphere","Test":"TestAccResourceVSphereFolder_modifyCustomAttributes","Output":"--- SKIP: TestAccResourceVSphereFolder_modifyCustomAttributes (0.01s)\n"}
{"Time":"2025-05-14T18:43:47.248076+03:00","Action":"skip","Package":"github.com/vmware/terraform-provider-vsphere/vsphere","Test":"TestAccResourceVSphereFolder_modifyCustomAttributes","Elapsed":0.01}
{"Time":"2025-05-14T18:43:47.248082+03:00","Action":"run","Package":"github.com/vmware/terraform-provider-vsphere/vsphere","Test":"TestAccResourceVSphereFolder_removeAllCustomAttributes"}
{"Time":"2025-05-14T18:43:47.248085+03:00","Action":"output","Package":"github.com/vmware/terraform-provider-vsphere/vsphere","Test":"TestAccResourceVSphereFolder_removeAllCustomAttributes","Output":"=== RUN   TestAccResourceVSphereFolder_removeAllCustomAttributes\n"}
{"Time":"2025-05-14T18:43:47.258879+03:00","Action":"output","Package":"github.com/vmware/terraform-provider-vsphere/vsphere","Test":"TestAccResourceVSphereFolder_removeAllCustomAttributes","Output":"    provider_test.go:48: \n"}
{"Time":"2025-05-14T18:43:47.258955+03:00","Action":"output","Package":"github.com/vmware/terraform-provider-vsphere/vsphere","Test":"TestAccResourceVSphereFolder_removeAllCustomAttributes","Output":"--- SKIP: TestAccResourceVSphereFolder_removeAllCustomAttributes (0.01s)\n"}
{"Time":"2025-05-14T18:43:47.258965+03:00","Action":"skip","Package":"github.com/vmware/terraform-provider-vsphere/vsphere","Test":"TestAccResourceVSphereFolder_removeAllCustomAttributes","Elapsed":0.01}
{"Time":"2025-05-14T18:43:47.258976+03:00","Action":"run","Package":"github.com/vmware/terraform-provider-vsphere/vsphere","Test":"TestAccResourceVSphereFolder_preventDeleteIfNotEmpty"}
{"Time":"2025-05-14T18:43:47.25898+03:00","Action":"output","Package":"github.com/vmware/terraform-provider-vsphere/vsphere","Test":"TestAccResourceVSphereFolder_preventDeleteIfNotEmpty","Output":"=== RUN   TestAccResourceVSphereFolder_preventDeleteIfNotEmpty\n"}
{"Time":"2025-05-14T18:43:47.268951+03:00","Action":"output","Package":"github.com/vmware/terraform-provider-vsphere/vsphere","Test":"TestAccResourceVSphereFolder_preventDeleteIfNotEmpty","Output":"    provider_test.go:48: \n"}
{"Time":"2025-05-14T18:43:47.269004+03:00","Action":"output","Package":"github.com/vmware/terraform-provider-vsphere/vsphere","Test":"TestAccResourceVSphereFolder_preventDeleteIfNotEmpty","Output":"--- SKIP: TestAccResourceVSphereFolder_preventDeleteIfNotEmpty (0.01s)\n"}
{"Time":"2025-05-14T18:43:47.269013+03:00","Action":"skip","Package":"github.com/vmware/terraform-provider-vsphere/vsphere","Test":"TestAccResourceVSphereFolder_preventDeleteIfNotEmpty","Elapsed":0.01}
{"Time":"2025-05-14T18:43:47.269022+03:00","Action":"run","Package":"github.com/vmware/terraform-provider-vsphere/vsphere","Test":"TestAccResourceVSpherGOSC_windows_basic"}
{"Time":"2025-05-14T18:43:47.269068+03:00","Action":"output","Package":"github.com/vmware/terraform-provider-vsphere/vsphere","Test":"TestAccResourceVSpherGOSC_windows_basic","Output":"=== RUN   TestAccResourceVSpherGOSC_windows_basic\n"}
{"Time":"2025-05-14T18:43:47.27931+03:00","Action":"output","Package":"github.com/vmware/terraform-provider-vsphere/vsphere","Test":"TestAccResourceVSpherGOSC_windows_basic","Output":"    provider_test.go:48: \n"}
{"Time":"2025-05-14T18:43:47.279363+03:00","Action":"output","Package":"github.com/vmware/terraform-provider-vsphere/vsphere","Test":"TestAccResourceVSpherGOSC_windows_basic","Output":"--- SKIP: TestAccResourceVSpherGOSC_windows_basic (0.01s)\n"}
{"Time":"2025-05-14T18:43:47.279369+03:00","Action":"skip","Package":"github.com/vmware/terraform-provider-vsphere/vsphere","Test":"TestAccResourceVSpherGOSC_windows_basic","Elapsed":0.01}
{"Time":"2025-05-14T18:43:47.279377+03:00","Action":"run","Package":"github.com/vmware/terraform-provider-vsphere/vsphere","Test":"TestAccResourceVSpherGOSC_windows_workGroup"}
{"Time":"2025-05-14T18:43:47.279381+03:00","Action":"output","Package":"github.com/vmware/terraform-provider-vsphere/vsphere","Test":"TestAccResourceVSpherGOSC_windows_workGroup","Output":"=== RUN   TestAccResourceVSpherGOSC_windows_workGroup\n"}
{"Time":"2025-05-14T18:43:47.286049+03:00","Action":"output","Package":"github.com/vmware/terraform-provider-vsphere/vsphere","Test":"TestAccResourceVSpherGOSC_windows_workGroup","Output":"    provider_test.go:48: \n"}
{"Time":"2025-05-14T18:43:47.286068+03:00","Action":"output","Package":"github.com/vmware/terraform-provider-vsphere/vsphere","Test":"TestAccResourceVSpherGOSC_windows_workGroup","Output":"--- SKIP: TestAccResourceVSpherGOSC_windows_workGroup (0.01s)\n"}
{"Time":"2025-05-14T18:43:47.286074+03:00","Action":"skip","Package":"github.com/vmware/terraform-provider-vsphere/vsphere","Test":"TestAccResourceVSpherGOSC_windows_workGroup","Elapsed":0.01}
{"Time":"2025-05-14T18:43:47.286078+03:00","Action":"run","Package":"github.com/vmware/terraform-provider-vsphere/vsphere","Test":"TestAccResourceVSpherGOSC_linux"}
{"Time":"2025-05-14T18:43:47.286081+03:00","Action":"output","Package":"github.com/vmware/terraform-provider-vsphere/vsphere","Test":"TestAccResourceVSpherGOSC_linux","Output":"=== RUN   TestAccResourceVSpherGOSC_linux\n"}
{"Time":"2025-05-14T18:43:47.293251+03:00","Action":"output","Package":"github.com/vmware/terraform-provider-vsphere/vsphere","Test":"TestAccResourceVSpherGOSC_linux","Output":"    provider_test.go:48: \n"}
{"Time":"2025-05-14T18:43:47.293276+03:00","Action":"output","Package":"github.com/vmware/terraform-provider-vsphere/vsphere","Test":"TestAccResourceVSpherGOSC_linux","Output":"--- SKIP: TestAccResourceVSpherGOSC_linux (0.01s)\n"}
{"Time":"2025-05-14T18:43:47.293282+03:00","Action":"skip","Package":"github.com/vmware/terraform-provider-vsphere/vsphere","Test":"TestAccResourceVSpherGOSC_linux","Elapsed":0.01}
{"Time":"2025-05-14T18:43:47.293286+03:00","Action":"run","Package":"github.com/vmware/terraform-provider-vsphere/vsphere","Test":"TestAccResourceVSpherGOSC_sysprep"}
{"Time":"2025-05-14T18:43:47.293289+03:00","Action":"output","Package":"github.com/vmware/terraform-provider-vsphere/vsphere","Test":"TestAccResourceVSpherGOSC_sysprep","Output":"=== RUN   TestAccResourceVSpherGOSC_sysprep\n"}
{"Time":"2025-05-14T18:43:47.301621+03:00","Action":"output","Package":"github.com/vmware/terraform-provider-vsphere/vsphere","Test":"TestAccResourceVSpherGOSC_sysprep","Output":"    provider_test.go:48: \n"}
{"Time":"2025-05-14T18:43:47.301636+03:00","Action":"output","Package":"github.com/vmware/terraform-provider-vsphere/vsphere","Test":"TestAccResourceVSpherGOSC_sysprep","Output":"--- SKIP: TestAccResourceVSpherGOSC_sysprep (0.01s)\n"}
{"Time":"2025-05-14T18:43:47.301646+03:00","Action":"skip","Package":"github.com/vmware/terraform-provider-vsphere/vsphere","Test":"TestAccResourceVSpherGOSC_sysprep","Elapsed":0.01}
{"Time":"2025-05-14T18:43:47.30165+03:00","Action":"run","Package":"github.com/vmware/terraform-provider-vsphere/vsphere","Test":"TestAccResourceVSphereHAVMOverride_basic"}
{"Time":"2025-05-14T18:43:47.301652+03:00","Action":"output","Package":"github.com/vmware/terraform-provider-vsphere/vsphere","Test":"TestAccResourceVSphereHAVMOverride_basic","Output":"=== RUN   TestAccResourceVSphereHAVMOverride_basic\n"}
{"Time":"2025-05-14T18:43:47.309114+03:00","Action":"output","Package":"github.com/vmware/terraform-provider-vsphere/vsphere","Test":"TestAccResourceVSphereHAVMOverride_basic","Output":"    provider_test.go:48: \n"}
{"Time":"2025-05-14T18:43:47.309129+03:00","Action":"output","Package":"github.com/vmware/terraform-provider-vsphere/vsphere","Test":"TestAccResourceVSphereHAVMOverride_basic","Output":"--- SKIP: TestAccResourceVSphereHAVMOverride_basic (0.01s)\n"}
{"Time":"2025-05-14T18:43:47.309135+03:00","Action":"skip","Package":"github.com/vmware/terraform-provider-vsphere/vsphere","Test":"TestAccResourceVSphereHAVMOverride_basic","Elapsed":0.01}
{"Time":"2025-05-14T18:43:47.309138+03:00","Action":"run","Package":"github.com/vmware/terraform-provider-vsphere/vsphere","Test":"TestAccResourceVSphereHAVMOverride_complete"}
{"Time":"2025-05-14T18:43:47.309172+03:00","Action":"output","Package":"github.com/vmware/terraform-provider-vsphere/vsphere","Test":"TestAccResourceVSphereHAVMOverride_complete","Output":"=== RUN   TestAccResourceVSphereHAVMOverride_complete\n"}
{"Time":"2025-05-14T18:43:47.319568+03:00","Action":"output","Package":"github.com/vmware/terraform-provider-vsphere/vsphere","Test":"TestAccResourceVSphereHAVMOverride_complete","Output":"    provider_test.go:48: \n"}
{"Time":"2025-05-14T18:43:47.319604+03:00","Action":"output","Package":"github.com/vmware/terraform-provider-vsphere/vsphere","Test":"TestAccResourceVSphereHAVMOverride_complete","Output":"--- SKIP: TestAccResourceVSphereHAVMOverride_complete (0.01s)\n"}
{"Time":"2025-05-14T18:43:47.319613+03:00","Action":"skip","Package":"github.com/vmware/terraform-provider-vsphere/vsphere","Test":"TestAccResourceVSphereHAVMOverride_complete","Elapsed":0.01}
{"Time":"2025-05-14T18:43:47.31962+03:00","Action":"run","Package":"github.com/vmware/terraform-provider-vsphere/vsphere","Test":"TestAccResourceVSphereHAVMOverride_update"}
{"Time":"2025-05-14T18:43:47.319625+03:00","Action":"output","Package":"github.com/vmware/terraform-provider-vsphere/vsphere","Test":"TestAccResourceVSphereHAVMOverride_update","Output":"=== RUN   TestAccResourceVSphereHAVMOverride_update\n"}
{"Time":"2025-05-14T18:43:47.338444+03:00","Action":"output","Package":"github.com/vmware/terraform-provider-vsphere/vsphere","Test":"TestAccResourceVSphereHAVMOverride_update","Output":"    provider_test.go:48: \n"}
{"Time":"2025-05-14T18:43:47.33854+03:00","Action":"output","Package":"github.com/vmware/terraform-provider-vsphere/vsphere","Test":"TestAccResourceVSphereHAVMOverride_update","Output":"--- SKIP: TestAccResourceVSphereHAVMOverride_update (0.02s)\n"}
{"Time":"2025-05-14T18:43:47.338573+03:00","Action":"skip","Package":"github.com/vmware/terraform-provider-vsphere/vsphere","Test":"TestAccResourceVSphereHAVMOverride_update","Elapsed":0.02}
{"Time":"2025-05-14T18:43:47.338585+03:00","Action":"run","Package":"github.com/vmware/terraform-provider-vsphere/vsphere","Test":"TestAccResourceVSphereHostPortGroup_basic"}
{"Time":"2025-05-14T18:43:47.338591+03:00","Action":"output","Package":"github.com/vmware/terraform-provider-vsphere/vsphere","Test":"TestAccResourceVSphereHostPortGroup_basic","Output":"=== RUN   TestAccResourceVSphereHostPortGroup_basic\n"}
{"Time":"2025-05-14T18:43:47.352129+03:00","Action":"output","Package":"github.com/vmware/terraform-provider-vsphere/vsphere","Test":"TestAccResourceVSphereHostPortGroup_basic","Output":"    provider_test.go:48: \n"}
{"Time":"2025-05-14T18:43:47.352239+03:00","Action":"output","Package":"github.com/vmware/terraform-provider-vsphere/vsphere","Test":"TestAccResourceVSphereHostPortGroup_basic","Output":"--- SKIP: TestAccResourceVSphereHostPortGroup_basic (0.01s)\n"}
{"Time":"2025-05-14T18:43:47.352246+03:00","Action":"skip","Package":"github.com/vmware/terraform-provider-vsphere/vsphere","Test":"TestAccResourceVSphereHostPortGroup_basic","Elapsed":0.01}
{"Time":"2025-05-14T18:43:47.352256+03:00","Action":"run","Package":"github.com/vmware/terraform-provider-vsphere/vsphere","Test":"TestAccResourceVSphereHostPortGroup_complexWithOverrides"}
{"Time":"2025-05-14T18:43:47.35226+03:00","Action":"output","Package":"github.com/vmware/terraform-provider-vsphere/vsphere","Test":"TestAccResourceVSphereHostPortGroup_complexWithOverrides","Output":"=== RUN   TestAccResourceVSphereHostPortGroup_complexWithOverrides\n"}
{"Time":"2025-05-14T18:43:47.369415+03:00","Action":"output","Package":"github.com/vmware/terraform-provider-vsphere/vsphere","Test":"TestAccResourceVSphereHostPortGroup_complexWithOverrides","Output":"    provider_test.go:48: \n"}
{"Time":"2025-05-14T18:43:47.369455+03:00","Action":"output","Package":"github.com/vmware/terraform-provider-vsphere/vsphere","Test":"TestAccResourceVSphereHostPortGroup_complexWithOverrides","Output":"--- SKIP: TestAccResourceVSphereHostPortGroup_complexWithOverrides (0.02s)\n"}
{"Time":"2025-05-14T18:43:47.369462+03:00","Action":"skip","Package":"github.com/vmware/terraform-provider-vsphere/vsphere","Test":"TestAccResourceVSphereHostPortGroup_complexWithOverrides","Elapsed":0.02}
{"Time":"2025-05-14T18:43:47.369471+03:00","Action":"run","Package":"github.com/vmware/terraform-provider-vsphere/vsphere","Test":"TestAccResourceVSphereHostPortGroup_basicToComplex"}
{"Time":"2025-05-14T18:43:47.369475+03:00","Action":"output","Package":"github.com/vmware/terraform-provider-vsphere/vsphere","Test":"TestAccResourceVSphereHostPortGroup_basicToComplex","Output":"=== RUN   TestAccResourceVSphereHostPortGroup_basicToComplex\n"}
{"Time":"2025-05-14T18:43:47.37841+03:00","Action":"output","Package":"github.com/vmware/terraform-provider-vsphere/vsphere","Test":"TestAccResourceVSphereHostPortGroup_basicToComplex","Output":"    provider_test.go:48: \n"}
{"Time":"2025-05-14T18:43:47.378433+03:00","Action":"output","Package":"github.com/vmware/terraform-provider-vsphere/vsphere","Test":"TestAccResourceVSphereHostPortGroup_basicToComplex","Output":"--- SKIP: TestAccResourceVSphereHostPortGroup_basicToComplex (0.01s)\n"}
{"Time":"2025-05-14T18:43:47.378438+03:00","Action":"skip","Package":"github.com/vmware/terraform-provider-vsphere/vsphere","Test":"TestAccResourceVSphereHostPortGroup_basicToComplex","Elapsed":0.01}
{"Time":"2025-05-14T18:43:47.378444+03:00","Action":"run","Package":"github.com/vmware/terraform-provider-vsphere/vsphere","Test":"TestAccResourceVSphereHost_basic"}
{"Time":"2025-05-14T18:43:47.378448+03:00","Action":"output","Package":"github.com/vmware/terraform-provider-vsphere/vsphere","Test":"TestAccResourceVSphereHost_basic","Output":"=== RUN   TestAccResourceVSphereHost_basic\n"}
{"Time":"2025-05-14T18:43:47.395057+03:00","Action":"output","Package":"github.com/vmware/terraform-provider-vsphere/vsphere","Test":"TestAccResourceVSphereHost_basic","Output":"    provider_test.go:48: \n"}
{"Time":"2025-05-14T18:43:47.395103+03:00","Action":"output","Package":"github.com/vmware/terraform-provider-vsphere/vsphere","Test":"TestAccResourceVSphereHost_basic","Output":"--- SKIP: TestAccResourceVSphereHost_basic (0.02s)\n"}
{"Time":"2025-05-14T18:43:47.395112+03:00","Action":"skip","Package":"github.com/vmware/terraform-provider-vsphere/vsphere","Test":"TestAccResourceVSphereHost_basic","Elapsed":0.02}
{"Time":"2025-05-14T18:43:47.395122+03:00","Action":"run","Package":"github.com/vmware/terraform-provider-vsphere/vsphere","Test":"TestAccResourceVSphereHost_rootFolder"}
{"Time":"2025-05-14T18:43:47.395126+03:00","Action":"output","Package":"github.com/vmware/terraform-provider-vsphere/vsphere","Test":"TestAccResourceVSphereHost_rootFolder","Output":"=== RUN   TestAccResourceVSphereHost_rootFolder\n"}
{"Time":"2025-05-14T18:43:47.40585+03:00","Action":"output","Package":"github.com/vmware/terraform-provider-vsphere/vsphere","Test":"TestAccResourceVSphereHost_rootFolder","Output":"    provider_test.go:48: \n"}
{"Time":"2025-05-14T18:43:47.405954+03:00","Action":"output","Package":"github.com/vmware/terraform-provider-vsphere/vsphere","Test":"TestAccResourceVSphereHost_rootFolder","Output":"--- SKIP: TestAccResourceVSphereHost_rootFolder (0.01s)\n"}
{"Time":"2025-05-14T18:43:47.405963+03:00","Action":"skip","Package":"github.com/vmware/terraform-provider-vsphere/vsphere","Test":"TestAccResourceVSphereHost_rootFolder","Elapsed":0.01}
{"Time":"2025-05-14T18:43:47.40597+03:00","Action":"run","Package":"github.com/vmware/terraform-provider-vsphere/vsphere","Test":"TestAccResourceVSphereHost_connection"}
{"Time":"2025-05-14T18:43:47.405976+03:00","Action":"output","Package":"github.com/vmware/terraform-provider-vsphere/vsphere","Test":"TestAccResourceVSphereHost_connection","Output":"=== RUN   TestAccResourceVSphereHost_connection\n"}
{"Time":"2025-05-14T18:43:47.415554+03:00","Action":"output","Package":"github.com/vmware/terraform-provider-vsphere/vsphere","Test":"TestAccResourceVSphereHost_connection","Output":"    provider_test.go:48: \n"}
{"Time":"2025-05-14T18:43:47.415587+03:00","Action":"output","Package":"github.com/vmware/terraform-provider-vsphere/vsphere","Test":"TestAccResourceVSphereHost_connection","Output":"--- SKIP: TestAccResourceVSphereHost_connection (0.01s)\n"}
{"Time":"2025-05-14T18:43:47.415592+03:00","Action":"skip","Package":"github.com/vmware/terraform-provider-vsphere/vsphere","Test":"TestAccResourceVSphereHost_connection","Elapsed":0.01}
{"Time":"2025-05-14T18:43:47.415598+03:00","Action":"run","Package":"github.com/vmware/terraform-provider-vsphere/vsphere","Test":"TestAccResourceVSphereHost_maintenance"}
{"Time":"2025-05-14T18:43:47.415602+03:00","Action":"output","Package":"github.com/vmware/terraform-provider-vsphere/vsphere","Test":"TestAccResourceVSphereHost_maintenance","Output":"=== RUN   TestAccResourceVSphereHost_maintenance\n"}
{"Time":"2025-05-14T18:43:47.429758+03:00","Action":"output","Package":"github.com/vmware/terraform-provider-vsphere/vsphere","Test":"TestAccResourceVSphereHost_maintenance","Output":"    provider_test.go:48: \n"}
{"Time":"2025-05-14T18:43:47.42984+03:00","Action":"output","Package":"github.com/vmware/terraform-provider-vsphere/vsphere","Test":"TestAccResourceVSphereHost_maintenance","Output":"--- SKIP: TestAccResourceVSphereHost_maintenance (0.01s)\n"}
{"Time":"2025-05-14T18:43:47.429849+03:00","Action":"skip","Package":"github.com/vmware/terraform-provider-vsphere/vsphere","Test":"TestAccResourceVSphereHost_maintenance","Elapsed":0.01}
{"Time":"2025-05-14T18:43:47.429865+03:00","Action":"run","Package":"github.com/vmware/terraform-provider-vsphere/vsphere","Test":"TestAccResourceVSphereHost_lockdown"}
{"Time":"2025-05-14T18:43:47.42987+03:00","Action":"output","Package":"github.com/vmware/terraform-provider-vsphere/vsphere","Test":"TestAccResourceVSphereHost_lockdown","Output":"=== RUN   TestAccResourceVSphereHost_lockdown\n"}
{"Time":"2025-05-14T18:43:47.441006+03:00","Action":"output","Package":"github.com/vmware/terraform-provider-vsphere/vsphere","Test":"TestAccResourceVSphereHost_lockdown","Output":"    provider_test.go:48: \n"}
{"Time":"2025-05-14T18:43:47.441037+03:00","Action":"output","Package":"github.com/vmware/terraform-provider-vsphere/vsphere","Test":"TestAccResourceVSphereHost_lockdown","Output":"--- SKIP: TestAccResourceVSphereHost_lockdown (0.01s)\n"}
{"Time":"2025-05-14T18:43:47.441043+03:00","Action":"skip","Package":"github.com/vmware/terraform-provider-vsphere/vsphere","Test":"TestAccResourceVSphereHost_lockdown","Elapsed":0.01}
{"Time":"2025-05-14T18:43:47.44105+03:00","Action":"run","Package":"github.com/vmware/terraform-provider-vsphere/vsphere","Test":"TestAccResourceVSphereHost_lockdown_invalid"}
{"Time":"2025-05-14T18:43:47.441053+03:00","Action":"output","Package":"github.com/vmware/terraform-provider-vsphere/vsphere","Test":"TestAccResourceVSphereHost_lockdown_invalid","Output":"=== RUN   TestAccResourceVSphereHost_lockdown_invalid\n"}
{"Time":"2025-05-14T18:43:47.451342+03:00","Action":"output","Package":"github.com/vmware/terraform-provider-vsphere/vsphere","Test":"TestAccResourceVSphereHost_lockdown_invalid","Output":"    provider_test.go:48: \n"}
{"Time":"2025-05-14T18:43:47.45137+03:00","Action":"output","Package":"github.com/vmware/terraform-provider-vsphere/vsphere","Test":"TestAccResourceVSphereHost_lockdown_invalid","Output":"--- SKIP: TestAccResourceVSphereHost_lockdown_invalid (0.01s)\n"}
{"Time":"2025-05-14T18:43:47.451376+03:00","Action":"skip","Package":"github.com/vmware/terraform-provider-vsphere/vsphere","Test":"TestAccResourceVSphereHost_lockdown_invalid","Elapsed":0.01}
{"Time":"2025-05-14T18:43:47.451383+03:00","Action":"run","Package":"github.com/vmware/terraform-provider-vsphere/vsphere","Test":"TestAccResourceVSphereHost_emptyLicense"}
{"Time":"2025-05-14T18:43:47.451386+03:00","Action":"output","Package":"github.com/vmware/terraform-provider-vsphere/vsphere","Test":"TestAccResourceVSphereHost_emptyLicense","Output":"=== RUN   TestAccResourceVSphereHost_emptyLicense\n"}
{"Time":"2025-05-14T18:43:47.460511+03:00","Action":"output","Package":"github.com/vmware/terraform-provider-vsphere/vsphere","Test":"TestAccResourceVSphereHost_emptyLicense","Output":"    provider_test.go:48: \n"}
{"Time":"2025-05-14T18:43:47.460536+03:00","Action":"output","Package":"github.com/vmware/terraform-provider-vsphere/vsphere","Test":"TestAccResourceVSphereHost_emptyLicense","Output":"--- SKIP: TestAccResourceVSphereHost_emptyLicense (0.01s)\n"}
{"Time":"2025-05-14T18:43:47.460552+03:00","Action":"skip","Package":"github.com/vmware/terraform-provider-vsphere/vsphere","Test":"TestAccResourceVSphereHost_emptyLicense","Elapsed":0.01}
{"Time":"2025-05-14T18:43:47.46056+03:00","Action":"run","Package":"github.com/vmware/terraform-provider-vsphere/vsphere","Test":"TestAccResourceVSphereHostNtpService"}
{"Time":"2025-05-14T18:43:47.460563+03:00","Action":"output","Package":"github.com/vmware/terraform-provider-vsphere/vsphere","Test":"TestAccResourceVSphereHostNtpService","Output":"=== RUN   TestAccResourceVSphereHostNtpService\n"}
{"Time":"2025-05-14T18:43:47.460569+03:00","Action":"run","Package":"github.com/vmware/terraform-provider-vsphere/vsphere","Test":"TestAccResourceVSphereHostNtpService/Enabled=true,Policy=on"}
{"Time":"2025-05-14T18:43:47.460603+03:00","Action":"output","Package":"github.com/vmware/terraform-provider-vsphere/vsphere","Test":"TestAccResourceVSphereHostNtpService/Enabled=true,Policy=on","Output":"=== RUN   TestAccResourceVSphereHostNtpService/Enabled=true,Policy=on\n"}
{"Time":"2025-05-14T18:43:47.460698+03:00","Action":"output","Package":"github.com/vmware/terraform-provider-vsphere/vsphere","Test":"TestAccResourceVSphereHostNtpService/Enabled=true,Policy=on","Output":"    provider_test.go:48: \n"}
{"Time":"2025-05-14T18:43:47.460725+03:00","Action":"run","Package":"github.com/vmware/terraform-provider-vsphere/vsphere","Test":"TestAccResourceVSphereHostNtpService/Enabled=true,Policy=off"}
{"Time":"2025-05-14T18:43:47.460738+03:00","Action":"output","Package":"github.com/vmware/terraform-provider-vsphere/vsphere","Test":"TestAccResourceVSphereHostNtpService/Enabled=true,Policy=off","Output":"=== RUN   TestAccResourceVSphereHostNtpService/Enabled=true,Policy=off\n"}
{"Time":"2025-05-14T18:43:47.46075+03:00","Action":"output","Package":"github.com/vmware/terraform-provider-vsphere/vsphere","Test":"TestAccResourceVSphereHostNtpService/Enabled=true,Policy=off","Output":"    provider_test.go:48: \n"}
{"Time":"2025-05-14T18:43:47.460786+03:00","Action":"run","Package":"github.com/vmware/terraform-provider-vsphere/vsphere","Test":"TestAccResourceVSphereHostNtpService/Enabled=true,Policy=automatic"}
{"Time":"2025-05-14T18:43:47.460795+03:00","Action":"output","Package":"github.com/vmware/terraform-provider-vsphere/vsphere","Test":"TestAccResourceVSphereHostNtpService/Enabled=true,Policy=automatic","Output":"=== RUN   TestAccResourceVSphereHostNtpService/Enabled=true,Policy=automatic\n"}
{"Time":"2025-05-14T18:43:47.460817+03:00","Action":"output","Package":"github.com/vmware/terraform-provider-vsphere/vsphere","Test":"TestAccResourceVSphereHostNtpService/Enabled=true,Policy=automatic","Output":"    provider_test.go:48: \n"}
{"Time":"2025-05-14T18:43:47.460842+03:00","Action":"run","Package":"github.com/vmware/terraform-provider-vsphere/vsphere","Test":"TestAccResourceVSphereHostNtpService/Enabled=false,Policy=on"}
{"Time":"2025-05-14T18:43:47.460845+03:00","Action":"output","Package":"github.com/vmware/terraform-provider-vsphere/vsphere","Test":"TestAccResourceVSphereHostNtpService/Enabled=false,Policy=on","Output":"=== RUN   TestAccResourceVSphereHostNtpService/Enabled=false,Policy=on\n"}
{"Time":"2025-05-14T18:43:47.460911+03:00","Action":"output","Package":"github.com/vmware/terraform-provider-vsphere/vsphere","Test":"TestAccResourceVSphereHostNtpService/Enabled=false,Policy=on","Output":"    provider_test.go:48: \n"}
{"Time":"2025-05-14T18:43:47.460929+03:00","Action":"run","Package":"github.com/vmware/terraform-provider-vsphere/vsphere","Test":"TestAccResourceVSphereHostNtpService/Enabled=false,Policy=off"}
{"Time":"2025-05-14T18:43:47.460935+03:00","Action":"output","Package":"github.com/vmware/terraform-provider-vsphere/vsphere","Test":"TestAccResourceVSphereHostNtpService/Enabled=false,Policy=off","Output":"=== RUN   TestAccResourceVSphereHostNtpService/Enabled=false,Policy=off\n"}
{"Time":"2025-05-14T18:43:47.460945+03:00","Action":"output","Package":"github.com/vmware/terraform-provider-vsphere/vsphere","Test":"TestAccResourceVSphereHostNtpService/Enabled=false,Policy=off","Output":"    provider_test.go:48: \n"}
{"Time":"2025-05-14T18:43:47.460951+03:00","Action":"run","Package":"github.com/vmware/terraform-provider-vsphere/vsphere","Test":"TestAccResourceVSphereHostNtpService/Enabled=false,Policy=automatic"}
{"Time":"2025-05-14T18:43:47.460956+03:00","Action":"output","Package":"github.com/vmware/terraform-provider-vsphere/vsphere","Test":"TestAccResourceVSphereHostNtpService/Enabled=false,Policy=automatic","Output":"=== RUN   TestAccResourceVSphereHostNtpService/Enabled=false,Policy=automatic\n"}
{"Time":"2025-05-14T18:43:47.461053+03:00","Action":"output","Package":"github.com/vmware/terraform-provider-vsphere/vsphere","Test":"TestAccResourceVSphereHostNtpService/Enabled=false,Policy=automatic","Output":"    provider_test.go:48: \n"}
{"Time":"2025-05-14T18:43:47.461062+03:00","Action":"output","Package":"github.com/vmware/terraform-provider-vsphere/vsphere","Test":"TestAccResourceVSphereHostNtpService","Output":"--- PASS: TestAccResourceVSphereHostNtpService (0.00s)\n"}
{"Time":"2025-05-14T18:43:47.46107+03:00","Action":"output","Package":"github.com/vmware/terraform-provider-vsphere/vsphere","Test":"TestAccResourceVSphereHostNtpService/Enabled=true,Policy=on","Output":"    --- SKIP: TestAccResourceVSphereHostNtpService/Enabled=true,Policy=on (0.00s)\n"}
{"Time":"2025-05-14T18:43:47.461075+03:00","Action":"skip","Package":"github.com/vmware/terraform-provider-vsphere/vsphere","Test":"TestAccResourceVSphereHostNtpService/Enabled=true,Policy=on","Elapsed":0}
{"Time":"2025-05-14T18:43:47.461078+03:00","Action":"output","Package":"github.com/vmware/terraform-provider-vsphere/vsphere","Test":"TestAccResourceVSphereHostNtpService/Enabled=true,Policy=off","Output":"    --- SKIP: TestAccResourceVSphereHostNtpService/Enabled=true,Policy=off (0.00s)\n"}
{"Time":"2025-05-14T18:43:47.461082+03:00","Action":"skip","Package":"github.com/vmware/terraform-provider-vsphere/vsphere","Test":"TestAccResourceVSphereHostNtpService/Enabled=true,Policy=off","Elapsed":0}
{"Time":"2025-05-14T18:43:47.461084+03:00","Action":"output","Package":"github.com/vmware/terraform-provider-vsphere/vsphere","Test":"TestAccResourceVSphereHostNtpService/Enabled=true,Policy=automatic","Output":"    --- SKIP: TestAccResourceVSphereHostNtpService/Enabled=true,Policy=automatic (0.00s)\n"}
{"Time":"2025-05-14T18:43:47.461088+03:00","Action":"skip","Package":"github.com/vmware/terraform-provider-vsphere/vsphere","Test":"TestAccResourceVSphereHostNtpService/Enabled=true,Policy=automatic","Elapsed":0}
{"Time":"2025-05-14T18:43:47.461092+03:00","Action":"output","Package":"github.com/vmware/terraform-provider-vsphere/vsphere","Test":"TestAccResourceVSphereHostNtpService/Enabled=false,Policy=on","Output":"    --- SKIP: TestAccResourceVSphereHostNtpService/Enabled=false,Policy=on (0.00s)\n"}
{"Time":"2025-05-14T18:43:47.461095+03:00","Action":"skip","Package":"github.com/vmware/terraform-provider-vsphere/vsphere","Test":"TestAccResourceVSphereHostNtpService/Enabled=false,Policy=on","Elapsed":0}
{"Time":"2025-05-14T18:43:47.461098+03:00","Action":"output","Package":"github.com/vmware/terraform-provider-vsphere/vsphere","Test":"TestAccResourceVSphereHostNtpService/Enabled=false,Policy=off","Output":"    --- SKIP: TestAccResourceVSphereHostNtpService/Enabled=false,Policy=off (0.00s)\n"}
{"Time":"2025-05-14T18:43:47.461102+03:00","Action":"skip","Package":"github.com/vmware/terraform-provider-vsphere/vsphere","Test":"TestAccResourceVSphereHostNtpService/Enabled=false,Policy=off","Elapsed":0}
{"Time":"2025-05-14T18:43:47.461104+03:00","Action":"output","Package":"github.com/vmware/terraform-provider-vsphere/vsphere","Test":"TestAccResourceVSphereHostNtpService/Enabled=false,Policy=automatic","Output":"    --- SKIP: TestAccResourceVSphereHostNtpService/Enabled=false,Policy=automatic (0.00s)\n"}
{"Time":"2025-05-14T18:43:47.46111+03:00","Action":"skip","Package":"github.com/vmware/terraform-provider-vsphere/vsphere","Test":"TestAccResourceVSphereHostNtpService/Enabled=false,Policy=automatic","Elapsed":0}
{"Time":"2025-05-14T18:43:47.461113+03:00","Action":"pass","Package":"github.com/vmware/terraform-provider-vsphere/vsphere","Test":"TestAccResourceVSphereHostNtpService","Elapsed":0}
{"Time":"2025-05-14T18:43:47.461116+03:00","Action":"run","Package":"github.com/vmware/terraform-provider-vsphere/vsphere","Test":"TestAccResourceVSphereHostNTPServers"}
{"Time":"2025-05-14T18:43:47.461119+03:00","Action":"output","Package":"github.com/vmware/terraform-provider-vsphere/vsphere","Test":"TestAccResourceVSphereHostNTPServers","Output":"=== RUN   TestAccResourceVSphereHostNTPServers\n"}
{"Time":"2025-05-14T18:43:47.461124+03:00","Action":"output","Package":"github.com/vmware/terraform-provider-vsphere/vsphere","Test":"TestAccResourceVSphereHostNTPServers","Output":"    resource_vsphere_host_test.go:443: NTP_SERVERS environment variable is not set, using fallback value\n"}
{"Time":"2025-05-14T18:43:47.461129+03:00","Action":"output","Package":"github.com/vmware/terraform-provider-vsphere/vsphere","Test":"TestAccResourceVSphereHostNTPServers","Output":"2025/05/14 18:43:47 Generated Terraform configuration: \n"}
{"Time":"2025-05-14T18:43:47.461133+03:00","Action":"output","Package":"github.com/vmware/terraform-provider-vsphere/vsphere","Test":"TestAccResourceVSphereHostNTPServers","Output":"\n"}
{"Time":"2025-05-14T18:43:47.461136+03:00","Action":"output","Package":"github.com/vmware/terraform-provider-vsphere/vsphere","Test":"TestAccResourceVSphereHostNTPServers","Output":"data \"vsphere_datacenter\" \"rootdc1\" {\n"}
{"Time":"2025-05-14T18:43:47.46114+03:00","Action":"output","Package":"github.com/vmware/terraform-provider-vsphere/vsphere","Test":"TestAccResourceVSphereHostNTPServers","Output":"  name = \"acc-test-dc\"\n"}
{"Time":"2025-05-14T18:43:47.461143+03:00","Action":"output","Package":"github.com/vmware/terraform-provider-vsphere/vsphere","Test":"TestAccResourceVSphereHostNTPServers","Output":"}\n"}
{"Time":"2025-05-14T18:43:47.461146+03:00","Action":"output","Package":"github.com/vmware/terraform-provider-vsphere/vsphere","Test":"TestAccResourceVSphereHostNTPServers","Output":"\n"}
{"Time":"2025-05-14T18:43:47.461149+03:00","Action":"output","Package":"github.com/vmware/terraform-provider-vsphere/vsphere","Test":"TestAccResourceVSphereHostNTPServers","Output":"\n"}
{"Time":"2025-05-14T18:43:47.461152+03:00","Action":"output","Package":"github.com/vmware/terraform-provider-vsphere/vsphere","Test":"TestAccResourceVSphereHostNTPServers","Output":"resource \"vsphere_compute_cluster\" \"c1\" {\n"}
{"Time":"2025-05-14T18:43:47.461154+03:00","Action":"output","Package":"github.com/vmware/terraform-provider-vsphere/vsphere","Test":"TestAccResourceVSphereHostNTPServers","Output":"  name = \"TestCluster\"\n"}
{"Time":"2025-05-14T18:43:47.461159+03:00","Action":"output","Package":"github.com/vmware/terraform-provider-vsphere/vsphere","Test":"TestAccResourceVSphereHostNTPServers","Output":"  datacenter_id = data.vsphere_datacenter.rootdc1.id\n"}
{"Time":"2025-05-14T18:43:47.461162+03:00","Action":"output","Package":"github.com/vmware/terraform-provider-vsphere/vsphere","Test":"TestAccResourceVSphereHostNTPServers","Output":"}\n"}
{"Time":"2025-05-14T18:43:47.461165+03:00","Action":"output","Package":"github.com/vmware/terraform-provider-vsphere/vsphere","Test":"TestAccResourceVSphereHostNTPServers","Output":"\n"}
{"Time":"2025-05-14T18:43:47.461168+03:00","Action":"output","Package":"github.com/vmware/terraform-provider-vsphere/vsphere","Test":"TestAccResourceVSphereHostNTPServers","Output":"data \"vsphere_host_thumbprint\" \"thumbprint\" {\n"}
{"Time":"2025-05-14T18:43:47.461171+03:00","Action":"output","Package":"github.com/vmware/terraform-provider-vsphere/vsphere","Test":"TestAccResourceVSphereHostNTPServers","Output":"    address = \"\"\n"}
{"Time":"2025-05-14T18:43:47.461174+03:00","Action":"output","Package":"github.com/vmware/terraform-provider-vsphere/vsphere","Test":"TestAccResourceVSphereHostNTPServers","Output":"    insecure = true\n"}
{"Time":"2025-05-14T18:43:47.461186+03:00","Action":"output","Package":"github.com/vmware/terraform-provider-vsphere/vsphere","Test":"TestAccResourceVSphereHostNTPServers","Output":"}\n"}
{"Time":"2025-05-14T18:43:47.461189+03:00","Action":"output","Package":"github.com/vmware/terraform-provider-vsphere/vsphere","Test":"TestAccResourceVSphereHostNTPServers","Output":"\n"}
{"Time":"2025-05-14T18:43:47.461192+03:00","Action":"output","Package":"github.com/vmware/terraform-provider-vsphere/vsphere","Test":"TestAccResourceVSphereHostNTPServers","Output":"resource \"vsphere_host\" \"h1\" {\n"}
{"Time":"2025-05-14T18:43:47.461195+03:00","Action":"output","Package":"github.com/vmware/terraform-provider-vsphere/vsphere","Test":"TestAccResourceVSphereHostNTPServers","Output":"    hostname = \"\"\n"}
{"Time":"2025-05-14T18:43:47.461199+03:00","Action":"output","Package":"github.com/vmware/terraform-provider-vsphere/vsphere","Test":"TestAccResourceVSphereHostNTPServers","Output":"    username = \"\"\n"}
{"Time":"2025-05-14T18:43:47.461202+03:00","Action":"output","Package":"github.com/vmware/terraform-provider-vsphere/vsphere","Test":"TestAccResourceVSphereHostNTPServers","Output":"    password = \"\"\n"}
{"Time":"2025-05-14T18:43:47.461205+03:00","Action":"output","Package":"github.com/vmware/terraform-provider-vsphere/vsphere","Test":"TestAccResourceVSphereHostNTPServers","Output":"    thumbprint = data.vsphere_host_thumbprint.thumbprint.id\n"}
{"Time":"2025-05-14T18:43:47.461209+03:00","Action":"output","Package":"github.com/vmware/terraform-provider-vsphere/vsphere","Test":"TestAccResourceVSphereHostNTPServers","Output":"    services {\n"}
{"Time":"2025-05-14T18:43:47.461212+03:00","Action":"output","Package":"github.com/vmware/terraform-provider-vsphere/vsphere","Test":"TestAccResourceVSphereHostNTPServers","Output":"        ntpd {\n"}
{"Time":"2025-05-14T18:43:47.461214+03:00","Action":"output","Package":"github.com/vmware/terraform-provider-vsphere/vsphere","Test":"TestAccResourceVSphereHostNTPServers","Output":"             ntp_servers = [\"0.pool.ntp.org\", \"1.pool.ntp.org\", \"2.pool.ntp.org\", \"3.pool.ntp.org\"]\n"}
{"Time":"2025-05-14T18:43:47.461219+03:00","Action":"output","Package":"github.com/vmware/terraform-provider-vsphere/vsphere","Test":"TestAccResourceVSphereHostNTPServers","Output":"             enabled = true\n"}
{"Time":"2025-05-14T18:43:47.461222+03:00","Action":"output","Package":"github.com/vmware/terraform-provider-vsphere/vsphere","Test":"TestAccResourceVSphereHostNTPServers","Output":"             policy = \"on\"\n"}
{"Time":"2025-05-14T18:43:47.461225+03:00","Action":"output","Package":"github.com/vmware/terraform-provider-vsphere/vsphere","Test":"TestAccResourceVSphereHostNTPServers","Output":"        }\n"}
{"Time":"2025-05-14T18:43:47.461228+03:00","Action":"output","Package":"github.com/vmware/terraform-provider-vsphere/vsphere","Test":"TestAccResourceVSphereHostNTPServers","Output":"    }\n"}
{"Time":"2025-05-14T18:43:47.461232+03:00","Action":"output","Package":"github.com/vmware/terraform-provider-vsphere/vsphere","Test":"TestAccResourceVSphereHostNTPServers","Output":"    cluster = vsphere_compute_cluster.c1.id\n"}
{"Time":"2025-05-14T18:43:47.461235+03:00","Action":"output","Package":"github.com/vmware/terraform-provider-vsphere/vsphere","Test":"TestAccResourceVSphereHostNTPServers","Output":"}\n"}
{"Time":"2025-05-14T18:43:47.461239+03:00","Action":"output","Package":"github.com/vmware/terraform-provider-vsphere/vsphere","Test":"TestAccResourceVSphereHostNTPServers","Output":"    provider_test.go:48: \n"}
{"Time":"2025-05-14T18:43:47.461243+03:00","Action":"output","Package":"github.com/vmware/terraform-provider-vsphere/vsphere","Test":"TestAccResourceVSphereHostNTPServers","Output":"--- SKIP: TestAccResourceVSphereHostNTPServers (0.00s)\n"}
{"Time":"2025-05-14T18:43:47.461247+03:00","Action":"skip","Package":"github.com/vmware/terraform-provider-vsphere/vsphere","Test":"TestAccResourceVSphereHostNTPServers","Elapsed":0}
{"Time":"2025-05-14T18:43:47.461251+03:00","Action":"run","Package":"github.com/vmware/terraform-provider-vsphere/vsphere","Test":"TestAccResourceVSphereHostVirtualSwitch_basic"}
{"Time":"2025-05-14T18:43:47.461253+03:00","Action":"output","Package":"github.com/vmware/terraform-provider-vsphere/vsphere","Test":"TestAccResourceVSphereHostVirtualSwitch_basic","Output":"=== RUN   TestAccResourceVSphereHostVirtualSwitch_basic\n"}
{"Time":"2025-05-14T18:43:47.471088+03:00","Action":"output","Package":"github.com/vmware/terraform-provider-vsphere/vsphere","Test":"TestAccResourceVSphereHostVirtualSwitch_basic","Output":"    provider_test.go:48: \n"}
{"Time":"2025-05-14T18:43:47.47112+03:00","Action":"output","Package":"github.com/vmware/terraform-provider-vsphere/vsphere","Test":"TestAccResourceVSphereHostVirtualSwitch_basic","Output":"--- SKIP: TestAccResourceVSphereHostVirtualSwitch_basic (0.01s)\n"}
{"Time":"2025-05-14T18:43:47.471128+03:00","Action":"skip","Package":"github.com/vmware/terraform-provider-vsphere/vsphere","Test":"TestAccResourceVSphereHostVirtualSwitch_basic","Elapsed":0.01}
{"Time":"2025-05-14T18:43:47.471135+03:00","Action":"run","Package":"github.com/vmware/terraform-provider-vsphere/vsphere","Test":"TestAccResourceVSphereHostVirtualSwitch_removeNIC"}
{"Time":"2025-05-14T18:43:47.471139+03:00","Action":"output","Package":"github.com/vmware/terraform-provider-vsphere/vsphere","Test":"TestAccResourceVSphereHostVirtualSwitch_removeNIC","Output":"=== RUN   TestAccResourceVSphereHostVirtualSwitch_removeNIC\n"}
{"Time":"2025-05-14T18:43:47.47904+03:00","Action":"output","Package":"github.com/vmware/terraform-provider-vsphere/vsphere","Test":"TestAccResourceVSphereHostVirtualSwitch_removeNIC","Output":"    provider_test.go:48: \n"}
{"Time":"2025-05-14T18:43:47.479056+03:00","Action":"output","Package":"github.com/vmware/terraform-provider-vsphere/vsphere","Test":"TestAccResourceVSphereHostVirtualSwitch_removeNIC","Output":"--- SKIP: TestAccResourceVSphereHostVirtualSwitch_removeNIC (0.01s)\n"}
{"Time":"2025-05-14T18:43:47.479061+03:00","Action":"skip","Package":"github.com/vmware/terraform-provider-vsphere/vsphere","Test":"TestAccResourceVSphereHostVirtualSwitch_removeNIC","Elapsed":0.01}
{"Time":"2025-05-14T18:43:47.479065+03:00","Action":"run","Package":"github.com/vmware/terraform-provider-vsphere/vsphere","Test":"TestAccResourceVSphereHostVirtualSwitch_noNICs"}
{"Time":"2025-05-14T18:43:47.479068+03:00","Action":"output","Package":"github.com/vmware/terraform-provider-vsphere/vsphere","Test":"TestAccResourceVSphereHostVirtualSwitch_noNICs","Output":"=== RUN   TestAccResourceVSphereHostVirtualSwitch_noNICs\n"}
{"Time":"2025-05-14T18:43:47.491176+03:00","Action":"output","Package":"github.com/vmware/terraform-provider-vsphere/vsphere","Test":"TestAccResourceVSphereHostVirtualSwitch_noNICs","Output":"    provider_test.go:48: \n"}
{"Time":"2025-05-14T18:43:47.491196+03:00","Action":"output","Package":"github.com/vmware/terraform-provider-vsphere/vsphere","Test":"TestAccResourceVSphereHostVirtualSwitch_noNICs","Output":"--- SKIP: TestAccResourceVSphereHostVirtualSwitch_noNICs (0.01s)\n"}
{"Time":"2025-05-14T18:43:47.491202+03:00","Action":"skip","Package":"github.com/vmware/terraform-provider-vsphere/vsphere","Test":"TestAccResourceVSphereHostVirtualSwitch_noNICs","Elapsed":0.01}
{"Time":"2025-05-14T18:43:47.491208+03:00","Action":"run","Package":"github.com/vmware/terraform-provider-vsphere/vsphere","Test":"TestAccResourceVSphereHostVirtualSwitch_badActiveNICList"}
{"Time":"2025-05-14T18:43:47.491211+03:00","Action":"output","Package":"github.com/vmware/terraform-provider-vsphere/vsphere","Test":"TestAccResourceVSphereHostVirtualSwitch_badActiveNICList","Output":"=== RUN   TestAccResourceVSphereHostVirtualSwitch_badActiveNICList\n"}
{"Time":"2025-05-14T18:43:47.503524+03:00","Action":"output","Package":"github.com/vmware/terraform-provider-vsphere/vsphere","Test":"TestAccResourceVSphereHostVirtualSwitch_badActiveNICList","Output":"    provider_test.go:48: \n"}
{"Time":"2025-05-14T18:43:47.50354+03:00","Action":"output","Package":"github.com/vmware/terraform-provider-vsphere/vsphere","Test":"TestAccResourceVSphereHostVirtualSwitch_badActiveNICList","Output":"--- SKIP: TestAccResourceVSphereHostVirtualSwitch_badActiveNICList (0.01s)\n"}
{"Time":"2025-05-14T18:43:47.503546+03:00","Action":"skip","Package":"github.com/vmware/terraform-provider-vsphere/vsphere","Test":"TestAccResourceVSphereHostVirtualSwitch_badActiveNICList","Elapsed":0.01}
{"Time":"2025-05-14T18:43:47.50355+03:00","Action":"run","Package":"github.com/vmware/terraform-provider-vsphere/vsphere","Test":"TestAccResourceVSphereHostVirtualSwitch_badStandbyNICList"}
{"Time":"2025-05-14T18:43:47.503553+03:00","Action":"output","Package":"github.com/vmware/terraform-provider-vsphere/vsphere","Test":"TestAccResourceVSphereHostVirtualSwitch_badStandbyNICList","Output":"=== RUN   TestAccResourceVSphereHostVirtualSwitch_badStandbyNICList\n"}
{"Time":"2025-05-14T18:43:47.511276+03:00","Action":"output","Package":"github.com/vmware/terraform-provider-vsphere/vsphere","Test":"TestAccResourceVSphereHostVirtualSwitch_badStandbyNICList","Output":"    provider_test.go:48: \n"}
{"Time":"2025-05-14T18:43:47.511287+03:00","Action":"output","Package":"github.com/vmware/terraform-provider-vsphere/vsphere","Test":"TestAccResourceVSphereHostVirtualSwitch_badStandbyNICList","Output":"--- SKIP: TestAccResourceVSphereHostVirtualSwitch_badStandbyNICList (0.01s)\n"}
{"Time":"2025-05-14T18:43:47.511292+03:00","Action":"skip","Package":"github.com/vmware/terraform-provider-vsphere/vsphere","Test":"TestAccResourceVSphereHostVirtualSwitch_badStandbyNICList","Elapsed":0.01}
{"Time":"2025-05-14T18:43:47.511296+03:00","Action":"run","Package":"github.com/vmware/terraform-provider-vsphere/vsphere","Test":"TestAccResourceVSphereHostVirtualSwitch_removeAllNICs"}
{"Time":"2025-05-14T18:43:47.5113+03:00","Action":"output","Package":"github.com/vmware/terraform-provider-vsphere/vsphere","Test":"TestAccResourceVSphereHostVirtualSwitch_removeAllNICs","Output":"=== RUN   TestAccResourceVSphereHostVirtualSwitch_removeAllNICs\n"}
{"Time":"2025-05-14T18:43:47.521154+03:00","Action":"output","Package":"github.com/vmware/terraform-provider-vsphere/vsphere","Test":"TestAccResourceVSphereHostVirtualSwitch_removeAllNICs","Output":"    provider_test.go:48: \n"}
{"Time":"2025-05-14T18:43:47.521192+03:00","Action":"output","Package":"github.com/vmware/terraform-provider-vsphere/vsphere","Test":"TestAccResourceVSphereHostVirtualSwitch_removeAllNICs","Output":"--- SKIP: TestAccResourceVSphereHostVirtualSwitch_removeAllNICs (0.01s)\n"}
{"Time":"2025-05-14T18:43:47.521199+03:00","Action":"skip","Package":"github.com/vmware/terraform-provider-vsphere/vsphere","Test":"TestAccResourceVSphereHostVirtualSwitch_removeAllNICs","Elapsed":0.01}
{"Time":"2025-05-14T18:43:47.521203+03:00","Action":"run","Package":"github.com/vmware/terraform-provider-vsphere/vsphere","Test":"TestAccResourceVSphereLicense_basic"}
{"Time":"2025-05-14T18:43:47.521207+03:00","Action":"output","Package":"github.com/vmware/terraform-provider-vsphere/vsphere","Test":"TestAccResourceVSphereLicense_basic","Output":"=== RUN   TestAccResourceVSphereLicense_basic\n"}
{"Time":"2025-05-14T18:43:47.529319+03:00","Action":"output","Package":"github.com/vmware/terraform-provider-vsphere/vsphere","Test":"TestAccResourceVSphereLicense_basic","Output":"    provider_test.go:48: \n"}
{"Time":"2025-05-14T18:43:47.529332+03:00","Action":"output","Package":"github.com/vmware/terraform-provider-vsphere/vsphere","Test":"TestAccResourceVSphereLicense_basic","Output":"--- SKIP: TestAccResourceVSphereLicense_basic (0.01s)\n"}
{"Time":"2025-05-14T18:43:47.529338+03:00","Action":"skip","Package":"github.com/vmware/terraform-provider-vsphere/vsphere","Test":"TestAccResourceVSphereLicense_basic","Elapsed":0.01}
{"Time":"2025-05-14T18:43:47.529341+03:00","Action":"run","Package":"github.com/vmware/terraform-provider-vsphere/vsphere","Test":"TestAccResourceVSphereLicense_invalid"}
{"Time":"2025-05-14T18:43:47.529345+03:00","Action":"output","Package":"github.com/vmware/terraform-provider-vsphere/vsphere","Test":"TestAccResourceVSphereLicense_invalid","Output":"=== RUN   TestAccResourceVSphereLicense_invalid\n"}
{"Time":"2025-05-14T18:43:47.539812+03:00","Action":"output","Package":"github.com/vmware/terraform-provider-vsphere/vsphere","Test":"TestAccResourceVSphereLicense_invalid","Output":"    provider_test.go:48: \n"}
{"Time":"2025-05-14T18:43:47.539872+03:00","Action":"output","Package":"github.com/vmware/terraform-provider-vsphere/vsphere","Test":"TestAccResourceVSphereLicense_invalid","Output":"--- SKIP: TestAccResourceVSphereLicense_invalid (0.01s)\n"}
{"Time":"2025-05-14T18:43:47.539885+03:00","Action":"skip","Package":"github.com/vmware/terraform-provider-vsphere/vsphere","Test":"TestAccResourceVSphereLicense_invalid","Elapsed":0.01}
{"Time":"2025-05-14T18:43:47.539895+03:00","Action":"run","Package":"github.com/vmware/terraform-provider-vsphere/vsphere","Test":"TestAccResourceVSphereLicense_withLabelsOnVCenter"}
{"Time":"2025-05-14T18:43:47.5399+03:00","Action":"output","Package":"github.com/vmware/terraform-provider-vsphere/vsphere","Test":"TestAccResourceVSphereLicense_withLabelsOnVCenter","Output":"=== RUN   TestAccResourceVSphereLicense_withLabelsOnVCenter\n"}
{"Time":"2025-05-14T18:43:47.561738+03:00","Action":"output","Package":"github.com/vmware/terraform-provider-vsphere/vsphere","Test":"TestAccResourceVSphereLicense_withLabelsOnVCenter","Output":"    provider_test.go:48: \n"}
{"Time":"2025-05-14T18:43:47.561755+03:00","Action":"output","Package":"github.com/vmware/terraform-provider-vsphere/vsphere","Test":"TestAccResourceVSphereLicense_withLabelsOnVCenter","Output":"--- SKIP: TestAccResourceVSphereLicense_withLabelsOnVCenter (0.02s)\n"}
{"Time":"2025-05-14T18:43:47.561762+03:00","Action":"skip","Package":"github.com/vmware/terraform-provider-vsphere/vsphere","Test":"TestAccResourceVSphereLicense_withLabelsOnVCenter","Elapsed":0.02}
{"Time":"2025-05-14T18:43:47.561768+03:00","Action":"run","Package":"github.com/vmware/terraform-provider-vsphere/vsphere","Test":"TestAccResourceVSphereLicense_withLabelsOnESXiServer"}
{"Time":"2025-05-14T18:43:47.561772+03:00","Action":"output","Package":"github.com/vmware/terraform-provider-vsphere/vsphere","Test":"TestAccResourceVSphereLicense_withLabelsOnESXiServer","Output":"=== RUN   TestAccResourceVSphereLicense_withLabelsOnESXiServer\n"}
{"Time":"2025-05-14T18:43:47.579783+03:00","Action":"output","Package":"github.com/vmware/terraform-provider-vsphere/vsphere","Test":"TestAccResourceVSphereLicense_withLabelsOnESXiServer","Output":"    provider_test.go:48: \n"}
{"Time":"2025-05-14T18:43:47.579814+03:00","Action":"output","Package":"github.com/vmware/terraform-provider-vsphere/vsphere","Test":"TestAccResourceVSphereLicense_withLabelsOnESXiServer","Output":"--- SKIP: TestAccResourceVSphereLicense_withLabelsOnESXiServer (0.02s)\n"}
{"Time":"2025-05-14T18:43:47.579824+03:00","Action":"skip","Package":"github.com/vmware/terraform-provider-vsphere/vsphere","Test":"TestAccResourceVSphereLicense_withLabelsOnESXiServer","Elapsed":0.02}
{"Time":"2025-05-14T18:43:47.579831+03:00","Action":"run","Package":"github.com/vmware/terraform-provider-vsphere/vsphere","Test":"TestAccResourceVSphereNasDatastore_basic"}
{"Time":"2025-05-14T18:43:47.579835+03:00","Action":"output","Package":"github.com/vmware/terraform-provider-vsphere/vsphere","Test":"TestAccResourceVSphereNasDatastore_basic","Output":"=== RUN   TestAccResourceVSphereNasDatastore_basic\n"}
{"Time":"2025-05-14T18:43:47.59422+03:00","Action":"output","Package":"github.com/vmware/terraform-provider-vsphere/vsphere","Test":"TestAccResourceVSphereNasDatastore_basic","Output":"    provider_test.go:48: \n"}
{"Time":"2025-05-14T18:43:47.594257+03:00","Action":"output","Package":"github.com/vmware/terraform-provider-vsphere/vsphere","Test":"TestAccResourceVSphereNasDatastore_basic","Output":"--- SKIP: TestAccResourceVSphereNasDatastore_basic (0.01s)\n"}
{"Time":"2025-05-14T18:43:47.594266+03:00","Action":"skip","Package":"github.com/vmware/terraform-provider-vsphere/vsphere","Test":"TestAccResourceVSphereNasDatastore_basic","Elapsed":0.01}
{"Time":"2025-05-14T18:43:47.594272+03:00","Action":"run","Package":"github.com/vmware/terraform-provider-vsphere/vsphere","Test":"TestAccResourceVSphereNasDatastore_multiHost"}
{"Time":"2025-05-14T18:43:47.594276+03:00","Action":"output","Package":"github.com/vmware/terraform-provider-vsphere/vsphere","Test":"TestAccResourceVSphereNasDatastore_multiHost","Output":"=== RUN   TestAccResourceVSphereNasDatastore_multiHost\n"}
{"Time":"2025-05-14T18:43:47.602853+03:00","Action":"output","Package":"github.com/vmware/terraform-provider-vsphere/vsphere","Test":"TestAccResourceVSphereNasDatastore_multiHost","Output":"    provider_test.go:48: \n"}
{"Time":"2025-05-14T18:43:47.602874+03:00","Action":"output","Package":"github.com/vmware/terraform-provider-vsphere/vsphere","Test":"TestAccResourceVSphereNasDatastore_multiHost","Output":"--- SKIP: TestAccResourceVSphereNasDatastore_multiHost (0.01s)\n"}
{"Time":"2025-05-14T18:43:47.602882+03:00","Action":"skip","Package":"github.com/vmware/terraform-provider-vsphere/vsphere","Test":"TestAccResourceVSphereNasDatastore_multiHost","Elapsed":0.01}
{"Time":"2025-05-14T18:43:47.602885+03:00","Action":"run","Package":"github.com/vmware/terraform-provider-vsphere/vsphere","Test":"TestAccResourceVSphereNasDatastore_basicToMultiHost"}
{"Time":"2025-05-14T18:43:47.602889+03:00","Action":"output","Package":"github.com/vmware/terraform-provider-vsphere/vsphere","Test":"TestAccResourceVSphereNasDatastore_basicToMultiHost","Output":"=== RUN   TestAccResourceVSphereNasDatastore_basicToMultiHost\n"}
{"Time":"2025-05-14T18:43:47.610766+03:00","Action":"output","Package":"github.com/vmware/terraform-provider-vsphere/vsphere","Test":"TestAccResourceVSphereNasDatastore_basicToMultiHost","Output":"    provider_test.go:48: \n"}
{"Time":"2025-05-14T18:43:47.610791+03:00","Action":"output","Package":"github.com/vmware/terraform-provider-vsphere/vsphere","Test":"TestAccResourceVSphereNasDatastore_basicToMultiHost","Output":"--- SKIP: TestAccResourceVSphereNasDatastore_basicToMultiHost (0.01s)\n"}
{"Time":"2025-05-14T18:43:47.610796+03:00","Action":"skip","Package":"github.com/vmware/terraform-provider-vsphere/vsphere","Test":"TestAccResourceVSphereNasDatastore_basicToMultiHost","Elapsed":0.01}
{"Time":"2025-05-14T18:43:47.610802+03:00","Action":"run","Package":"github.com/vmware/terraform-provider-vsphere/vsphere","Test":"TestAccResourceVSphereNasDatastore_multiHostToBasic"}
{"Time":"2025-05-14T18:43:47.610805+03:00","Action":"output","Package":"github.com/vmware/terraform-provider-vsphere/vsphere","Test":"TestAccResourceVSphereNasDatastore_multiHostToBasic","Output":"=== RUN   TestAccResourceVSphereNasDatastore_multiHostToBasic\n"}
{"Time":"2025-05-14T18:43:47.618424+03:00","Action":"output","Package":"github.com/vmware/terraform-provider-vsphere/vsphere","Test":"TestAccResourceVSphereNasDatastore_multiHostToBasic","Output":"    provider_test.go:48: \n"}
{"Time":"2025-05-14T18:43:47.618437+03:00","Action":"output","Package":"github.com/vmware/terraform-provider-vsphere/vsphere","Test":"TestAccResourceVSphereNasDatastore_multiHostToBasic","Output":"--- SKIP: TestAccResourceVSphereNasDatastore_multiHostToBasic (0.01s)\n"}
{"Time":"2025-05-14T18:43:47.618442+03:00","Action":"skip","Package":"github.com/vmware/terraform-provider-vsphere/vsphere","Test":"TestAccResourceVSphereNasDatastore_multiHostToBasic","Elapsed":0.01}
{"Time":"2025-05-14T18:43:47.618445+03:00","Action":"run","Package":"github.com/vmware/terraform-provider-vsphere/vsphere","Test":"TestAccResourceVSphereNasDatastore_renameDatastore"}
{"Time":"2025-05-14T18:43:47.618448+03:00","Action":"output","Package":"github.com/vmware/terraform-provider-vsphere/vsphere","Test":"TestAccResourceVSphereNasDatastore_renameDatastore","Output":"=== RUN   TestAccResourceVSphereNasDatastore_renameDatastore\n"}
{"Time":"2025-05-14T18:43:47.627253+03:00","Action":"output","Package":"github.com/vmware/terraform-provider-vsphere/vsphere","Test":"TestAccResourceVSphereNasDatastore_renameDatastore","Output":"    provider_test.go:48: \n"}
{"Time":"2025-05-14T18:43:47.627315+03:00","Action":"output","Package":"github.com/vmware/terraform-provider-vsphere/vsphere","Test":"TestAccResourceVSphereNasDatastore_renameDatastore","Output":"--- SKIP: TestAccResourceVSphereNasDatastore_renameDatastore (0.01s)\n"}
{"Time":"2025-05-14T18:43:47.627322+03:00","Action":"skip","Package":"github.com/vmware/terraform-provider-vsphere/vsphere","Test":"TestAccResourceVSphereNasDatastore_renameDatastore","Elapsed":0.01}
{"Time":"2025-05-14T18:43:47.627332+03:00","Action":"run","Package":"github.com/vmware/terraform-provider-vsphere/vsphere","Test":"TestAccResourceVSphereNasDatastore_inFolder"}
{"Time":"2025-05-14T18:43:47.627337+03:00","Action":"output","Package":"github.com/vmware/terraform-provider-vsphere/vsphere","Test":"TestAccResourceVSphereNasDatastore_inFolder","Output":"=== RUN   TestAccResourceVSphereNasDatastore_inFolder\n"}
{"Time":"2025-05-14T18:43:47.638557+03:00","Action":"output","Package":"github.com/vmware/terraform-provider-vsphere/vsphere","Test":"TestAccResourceVSphereNasDatastore_inFolder","Output":"    provider_test.go:48: \n"}
{"Time":"2025-05-14T18:43:47.638578+03:00","Action":"output","Package":"github.com/vmware/terraform-provider-vsphere/vsphere","Test":"TestAccResourceVSphereNasDatastore_inFolder","Output":"--- SKIP: TestAccResourceVSphereNasDatastore_inFolder (0.01s)\n"}
{"Time":"2025-05-14T18:43:47.638582+03:00","Action":"skip","Package":"github.com/vmware/terraform-provider-vsphere/vsphere","Test":"TestAccResourceVSphereNasDatastore_inFolder","Elapsed":0.01}
{"Time":"2025-05-14T18:43:47.638586+03:00","Action":"run","Package":"github.com/vmware/terraform-provider-vsphere/vsphere","Test":"TestAccResourceVSphereNasDatastore_moveToFolder"}
{"Time":"2025-05-14T18:43:47.638588+03:00","Action":"output","Package":"github.com/vmware/terraform-provider-vsphere/vsphere","Test":"TestAccResourceVSphereNasDatastore_moveToFolder","Output":"=== RUN   TestAccResourceVSphereNasDatastore_moveToFolder\n"}
{"Time":"2025-05-14T18:43:47.644976+03:00","Action":"output","Package":"github.com/vmware/terraform-provider-vsphere/vsphere","Test":"TestAccResourceVSphereNasDatastore_moveToFolder","Output":"    provider_test.go:48: \n"}
{"Time":"2025-05-14T18:43:47.644985+03:00","Action":"output","Package":"github.com/vmware/terraform-provider-vsphere/vsphere","Test":"TestAccResourceVSphereNasDatastore_moveToFolder","Output":"--- SKIP: TestAccResourceVSphereNasDatastore_moveToFolder (0.01s)\n"}
{"Time":"2025-05-14T18:43:47.644988+03:00","Action":"skip","Package":"github.com/vmware/terraform-provider-vsphere/vsphere","Test":"TestAccResourceVSphereNasDatastore_moveToFolder","Elapsed":0.01}
{"Time":"2025-05-14T18:43:47.644991+03:00","Action":"run","Package":"github.com/vmware/terraform-provider-vsphere/vsphere","Test":"TestAccResourceVSphereNasDatastore_inDatastoreCluster"}
{"Time":"2025-05-14T18:43:47.644992+03:00","Action":"output","Package":"github.com/vmware/terraform-provider-vsphere/vsphere","Test":"TestAccResourceVSphereNasDatastore_inDatastoreCluster","Output":"=== RUN   TestAccResourceVSphereNasDatastore_inDatastoreCluster\n"}
{"Time":"2025-05-14T18:43:47.651102+03:00","Action":"output","Package":"github.com/vmware/terraform-provider-vsphere/vsphere","Test":"TestAccResourceVSphereNasDatastore_inDatastoreCluster","Output":"    provider_test.go:48: \n"}
{"Time":"2025-05-14T18:43:47.651119+03:00","Action":"output","Package":"github.com/vmware/terraform-provider-vsphere/vsphere","Test":"TestAccResourceVSphereNasDatastore_inDatastoreCluster","Output":"--- SKIP: TestAccResourceVSphereNasDatastore_inDatastoreCluster (0.01s)\n"}
{"Time":"2025-05-14T18:43:47.651149+03:00","Action":"skip","Package":"github.com/vmware/terraform-provider-vsphere/vsphere","Test":"TestAccResourceVSphereNasDatastore_inDatastoreCluster","Elapsed":0.01}
{"Time":"2025-05-14T18:43:47.651154+03:00","Action":"run","Package":"github.com/vmware/terraform-provider-vsphere/vsphere","Test":"TestAccResourceVSphereNasDatastore_moveToDatastoreCluster"}
{"Time":"2025-05-14T18:43:47.651201+03:00","Action":"output","Package":"github.com/vmware/terraform-provider-vsphere/vsphere","Test":"TestAccResourceVSphereNasDatastore_moveToDatastoreCluster","Output":"=== RUN   TestAccResourceVSphereNasDatastore_moveToDatastoreCluster\n"}
{"Time":"2025-05-14T18:43:47.660547+03:00","Action":"output","Package":"github.com/vmware/terraform-provider-vsphere/vsphere","Test":"TestAccResourceVSphereNasDatastore_moveToDatastoreCluster","Output":"    provider_test.go:48: \n"}
{"Time":"2025-05-14T18:43:47.660592+03:00","Action":"output","Package":"github.com/vmware/terraform-provider-vsphere/vsphere","Test":"TestAccResourceVSphereNasDatastore_moveToDatastoreCluster","Output":"--- SKIP: TestAccResourceVSphereNasDatastore_moveToDatastoreCluster (0.01s)\n"}
{"Time":"2025-05-14T18:43:47.660604+03:00","Action":"skip","Package":"github.com/vmware/terraform-provider-vsphere/vsphere","Test":"TestAccResourceVSphereNasDatastore_moveToDatastoreCluster","Elapsed":0.01}
{"Time":"2025-05-14T18:43:47.660612+03:00","Action":"run","Package":"github.com/vmware/terraform-provider-vsphere/vsphere","Test":"TestAccResourceVSphereNasDatastore_singleTag"}
{"Time":"2025-05-14T18:43:47.660617+03:00","Action":"output","Package":"github.com/vmware/terraform-provider-vsphere/vsphere","Test":"TestAccResourceVSphereNasDatastore_singleTag","Output":"=== RUN   TestAccResourceVSphereNasDatastore_singleTag\n"}
{"Time":"2025-05-14T18:43:47.670759+03:00","Action":"output","Package":"github.com/vmware/terraform-provider-vsphere/vsphere","Test":"TestAccResourceVSphereNasDatastore_singleTag","Output":"    provider_test.go:48: \n"}
{"Time":"2025-05-14T18:43:47.670786+03:00","Action":"output","Package":"github.com/vmware/terraform-provider-vsphere/vsphere","Test":"TestAccResourceVSphereNasDatastore_singleTag","Output":"--- SKIP: TestAccResourceVSphereNasDatastore_singleTag (0.01s)\n"}
{"Time":"2025-05-14T18:43:47.670798+03:00","Action":"skip","Package":"github.com/vmware/terraform-provider-vsphere/vsphere","Test":"TestAccResourceVSphereNasDatastore_singleTag","Elapsed":0.01}
{"Time":"2025-05-14T18:43:47.670804+03:00","Action":"run","Package":"github.com/vmware/terraform-provider-vsphere/vsphere","Test":"TestAccResourceVSphereNasDatastore_modifyTags"}
{"Time":"2025-05-14T18:43:47.670808+03:00","Action":"output","Package":"github.com/vmware/terraform-provider-vsphere/vsphere","Test":"TestAccResourceVSphereNasDatastore_modifyTags","Output":"=== RUN   TestAccResourceVSphereNasDatastore_modifyTags\n"}
{"Time":"2025-05-14T18:43:47.681133+03:00","Action":"output","Package":"github.com/vmware/terraform-provider-vsphere/vsphere","Test":"TestAccResourceVSphereNasDatastore_modifyTags","Output":"    provider_test.go:48: \n"}
{"Time":"2025-05-14T18:43:47.681165+03:00","Action":"output","Package":"github.com/vmware/terraform-provider-vsphere/vsphere","Test":"TestAccResourceVSphereNasDatastore_modifyTags","Output":"--- SKIP: TestAccResourceVSphereNasDatastore_modifyTags (0.01s)\n"}
{"Time":"2025-05-14T18:43:47.681172+03:00","Action":"skip","Package":"github.com/vmware/terraform-provider-vsphere/vsphere","Test":"TestAccResourceVSphereNasDatastore_modifyTags","Elapsed":0.01}
{"Time":"2025-05-14T18:43:47.68118+03:00","Action":"run","Package":"github.com/vmware/terraform-provider-vsphere/vsphere","Test":"TestAccResourceVSphereNasDatastore_singleCustomAttribute"}
{"Time":"2025-05-14T18:43:47.681184+03:00","Action":"output","Package":"github.com/vmware/terraform-provider-vsphere/vsphere","Test":"TestAccResourceVSphereNasDatastore_singleCustomAttribute","Output":"=== RUN   TestAccResourceVSphereNasDatastore_singleCustomAttribute\n"}
{"Time":"2025-05-14T18:43:47.690931+03:00","Action":"output","Package":"github.com/vmware/terraform-provider-vsphere/vsphere","Test":"TestAccResourceVSphereNasDatastore_singleCustomAttribute","Output":"    provider_test.go:48: \n"}
{"Time":"2025-05-14T18:43:47.690949+03:00","Action":"output","Package":"github.com/vmware/terraform-provider-vsphere/vsphere","Test":"TestAccResourceVSphereNasDatastore_singleCustomAttribute","Output":"--- SKIP: TestAccResourceVSphereNasDatastore_singleCustomAttribute (0.01s)\n"}
{"Time":"2025-05-14T18:43:47.690958+03:00","Action":"skip","Package":"github.com/vmware/terraform-provider-vsphere/vsphere","Test":"TestAccResourceVSphereNasDatastore_singleCustomAttribute","Elapsed":0.01}
{"Time":"2025-05-14T18:43:47.690963+03:00","Action":"run","Package":"github.com/vmware/terraform-provider-vsphere/vsphere","Test":"TestAccResourceVSphereNasDatastore_multiCustomAttribute"}
{"Time":"2025-05-14T18:43:47.690968+03:00","Action":"output","Package":"github.com/vmware/terraform-provider-vsphere/vsphere","Test":"TestAccResourceVSphereNasDatastore_multiCustomAttribute","Output":"=== RUN   TestAccResourceVSphereNasDatastore_multiCustomAttribute\n"}
{"Time":"2025-05-14T18:43:47.698124+03:00","Action":"output","Package":"github.com/vmware/terraform-provider-vsphere/vsphere","Test":"TestAccResourceVSphereNasDatastore_multiCustomAttribute","Output":"    provider_test.go:48: \n"}
{"Time":"2025-05-14T18:43:47.698207+03:00","Action":"output","Package":"github.com/vmware/terraform-provider-vsphere/vsphere","Test":"TestAccResourceVSphereNasDatastore_multiCustomAttribute","Output":"--- SKIP: TestAccResourceVSphereNasDatastore_multiCustomAttribute (0.01s)\n"}
{"Time":"2025-05-14T18:43:47.698218+03:00","Action":"skip","Package":"github.com/vmware/terraform-provider-vsphere/vsphere","Test":"TestAccResourceVSphereNasDatastore_multiCustomAttribute","Elapsed":0.01}
{"Time":"2025-05-14T18:43:47.69823+03:00","Action":"run","Package":"github.com/vmware/terraform-provider-vsphere/vsphere","Test":"TestAccResourceVSphereOfflineSoftwareDepot_basic"}
{"Time":"2025-05-14T18:43:47.698234+03:00","Action":"output","Package":"github.com/vmware/terraform-provider-vsphere/vsphere","Test":"TestAccResourceVSphereOfflineSoftwareDepot_basic","Output":"=== RUN   TestAccResourceVSphereOfflineSoftwareDepot_basic\n"}
{"Time":"2025-05-14T18:43:47.706795+03:00","Action":"output","Package":"github.com/vmware/terraform-provider-vsphere/vsphere","Test":"TestAccResourceVSphereOfflineSoftwareDepot_basic","Output":"    provider_test.go:48: \n"}
{"Time":"2025-05-14T18:43:47.706821+03:00","Action":"output","Package":"github.com/vmware/terraform-provider-vsphere/vsphere","Test":"TestAccResourceVSphereOfflineSoftwareDepot_basic","Output":"--- SKIP: TestAccResourceVSphereOfflineSoftwareDepot_basic (0.01s)\n"}
{"Time":"2025-05-14T18:43:47.706827+03:00","Action":"skip","Package":"github.com/vmware/terraform-provider-vsphere/vsphere","Test":"TestAccResourceVSphereOfflineSoftwareDepot_basic","Elapsed":0.01}
{"Time":"2025-05-14T18:43:47.706833+03:00","Action":"run","Package":"github.com/vmware/terraform-provider-vsphere/vsphere","Test":"TestAccResourceVSphereResourcePool_basic"}
{"Time":"2025-05-14T18:43:47.706837+03:00","Action":"output","Package":"github.com/vmware/terraform-provider-vsphere/vsphere","Test":"TestAccResourceVSphereResourcePool_basic","Output":"=== RUN   TestAccResourceVSphereResourcePool_basic\n"}
{"Time":"2025-05-14T18:43:47.716345+03:00","Action":"output","Package":"github.com/vmware/terraform-provider-vsphere/vsphere","Test":"TestAccResourceVSphereResourcePool_basic","Output":"    provider_test.go:48: \n"}
{"Time":"2025-05-14T18:43:47.716362+03:00","Action":"output","Package":"github.com/vmware/terraform-provider-vsphere/vsphere","Test":"TestAccResourceVSphereResourcePool_basic","Output":"--- SKIP: TestAccResourceVSphereResourcePool_basic (0.01s)\n"}
{"Time":"2025-05-14T18:43:47.716368+03:00","Action":"skip","Package":"github.com/vmware/terraform-provider-vsphere/vsphere","Test":"TestAccResourceVSphereResourcePool_basic","Elapsed":0.01}
{"Time":"2025-05-14T18:43:47.716372+03:00","Action":"run","Package":"github.com/vmware/terraform-provider-vsphere/vsphere","Test":"TestAccResourceVSphereResourcePool_updateRename"}
{"Time":"2025-05-14T18:43:47.716375+03:00","Action":"output","Package":"github.com/vmware/terraform-provider-vsphere/vsphere","Test":"TestAccResourceVSphereResourcePool_updateRename","Output":"=== RUN   TestAccResourceVSphereResourcePool_updateRename\n"}
{"Time":"2025-05-14T18:43:47.724708+03:00","Action":"output","Package":"github.com/vmware/terraform-provider-vsphere/vsphere","Test":"TestAccResourceVSphereResourcePool_updateRename","Output":"    provider_test.go:48: \n"}
{"Time":"2025-05-14T18:43:47.724749+03:00","Action":"output","Package":"github.com/vmware/terraform-provider-vsphere/vsphere","Test":"TestAccResourceVSphereResourcePool_updateRename","Output":"--- SKIP: TestAccResourceVSphereResourcePool_updateRename (0.01s)\n"}
{"Time":"2025-05-14T18:43:47.724755+03:00","Action":"skip","Package":"github.com/vmware/terraform-provider-vsphere/vsphere","Test":"TestAccResourceVSphereResourcePool_updateRename","Elapsed":0.01}
{"Time":"2025-05-14T18:43:47.724767+03:00","Action":"run","Package":"github.com/vmware/terraform-provider-vsphere/vsphere","Test":"TestAccResourceVSphereResourcePool_updateToCustom"}
{"Time":"2025-05-14T18:43:47.72477+03:00","Action":"output","Package":"github.com/vmware/terraform-provider-vsphere/vsphere","Test":"TestAccResourceVSphereResourcePool_updateToCustom","Output":"=== RUN   TestAccResourceVSphereResourcePool_updateToCustom\n"}
{"Time":"2025-05-14T18:43:47.733108+03:00","Action":"output","Package":"github.com/vmware/terraform-provider-vsphere/vsphere","Test":"TestAccResourceVSphereResourcePool_updateToCustom","Output":"    provider_test.go:48: \n"}
{"Time":"2025-05-14T18:43:47.733126+03:00","Action":"output","Package":"github.com/vmware/terraform-provider-vsphere/vsphere","Test":"TestAccResourceVSphereResourcePool_updateToCustom","Output":"--- SKIP: TestAccResourceVSphereResourcePool_updateToCustom (0.01s)\n"}
{"Time":"2025-05-14T18:43:47.733131+03:00","Action":"skip","Package":"github.com/vmware/terraform-provider-vsphere/vsphere","Test":"TestAccResourceVSphereResourcePool_updateToCustom","Elapsed":0.01}
{"Time":"2025-05-14T18:43:47.733137+03:00","Action":"run","Package":"github.com/vmware/terraform-provider-vsphere/vsphere","Test":"TestAccResourceVSphereResourcePool_updateToDefaults"}
{"Time":"2025-05-14T18:43:47.733141+03:00","Action":"output","Package":"github.com/vmware/terraform-provider-vsphere/vsphere","Test":"TestAccResourceVSphereResourcePool_updateToDefaults","Output":"=== RUN   TestAccResourceVSphereResourcePool_updateToDefaults\n"}
{"Time":"2025-05-14T18:43:47.745415+03:00","Action":"output","Package":"github.com/vmware/terraform-provider-vsphere/vsphere","Test":"TestAccResourceVSphereResourcePool_updateToDefaults","Output":"    provider_test.go:48: \n"}
{"Time":"2025-05-14T18:43:47.745451+03:00","Action":"output","Package":"github.com/vmware/terraform-provider-vsphere/vsphere","Test":"TestAccResourceVSphereResourcePool_updateToDefaults","Output":"--- SKIP: TestAccResourceVSphereResourcePool_updateToDefaults (0.01s)\n"}
{"Time":"2025-05-14T18:43:47.74546+03:00","Action":"skip","Package":"github.com/vmware/terraform-provider-vsphere/vsphere","Test":"TestAccResourceVSphereResourcePool_updateToDefaults","Elapsed":0.01}
{"Time":"2025-05-14T18:43:47.74547+03:00","Action":"run","Package":"github.com/vmware/terraform-provider-vsphere/vsphere","Test":"TestAccResourceVSphereResourcePool_esxiHost"}
{"Time":"2025-05-14T18:43:47.745475+03:00","Action":"output","Package":"github.com/vmware/terraform-provider-vsphere/vsphere","Test":"TestAccResourceVSphereResourcePool_esxiHost","Output":"=== RUN   TestAccResourceVSphereResourcePool_esxiHost\n"}
{"Time":"2025-05-14T18:43:47.75515+03:00","Action":"output","Package":"github.com/vmware/terraform-provider-vsphere/vsphere","Test":"TestAccResourceVSphereResourcePool_esxiHost","Output":"    provider_test.go:48: \n"}
{"Time":"2025-05-14T18:43:47.755194+03:00","Action":"output","Package":"github.com/vmware/terraform-provider-vsphere/vsphere","Test":"TestAccResourceVSphereResourcePool_esxiHost","Output":"--- SKIP: TestAccResourceVSphereResourcePool_esxiHost (0.01s)\n"}
{"Time":"2025-05-14T18:43:47.755202+03:00","Action":"skip","Package":"github.com/vmware/terraform-provider-vsphere/vsphere","Test":"TestAccResourceVSphereResourcePool_esxiHost","Elapsed":0.01}
{"Time":"2025-05-14T18:43:47.755213+03:00","Action":"run","Package":"github.com/vmware/terraform-provider-vsphere/vsphere","Test":"TestAccResourceVSphereResourcePool_updateParent"}
{"Time":"2025-05-14T18:43:47.755276+03:00","Action":"output","Package":"github.com/vmware/terraform-provider-vsphere/vsphere","Test":"TestAccResourceVSphereResourcePool_updateParent","Output":"=== RUN   TestAccResourceVSphereResourcePool_updateParent\n"}
{"Time":"2025-05-14T18:43:47.766051+03:00","Action":"output","Package":"github.com/vmware/terraform-provider-vsphere/vsphere","Test":"TestAccResourceVSphereResourcePool_updateParent","Output":"    provider_test.go:48: \n"}
{"Time":"2025-05-14T18:43:47.766092+03:00","Action":"output","Package":"github.com/vmware/terraform-provider-vsphere/vsphere","Test":"TestAccResourceVSphereResourcePool_updateParent","Output":"--- SKIP: TestAccResourceVSphereResourcePool_updateParent (0.01s)\n"}
{"Time":"2025-05-14T18:43:47.766101+03:00","Action":"skip","Package":"github.com/vmware/terraform-provider-vsphere/vsphere","Test":"TestAccResourceVSphereResourcePool_updateParent","Elapsed":0.01}
{"Time":"2025-05-14T18:43:47.76611+03:00","Action":"run","Package":"github.com/vmware/terraform-provider-vsphere/vsphere","Test":"TestAccResourceVSphereResourcePool_tags"}
{"Time":"2025-05-14T18:43:47.766115+03:00","Action":"output","Package":"github.com/vmware/terraform-provider-vsphere/vsphere","Test":"TestAccResourceVSphereResourcePool_tags","Output":"=== RUN   TestAccResourceVSphereResourcePool_tags\n"}
{"Time":"2025-05-14T18:43:47.778558+03:00","Action":"output","Package":"github.com/vmware/terraform-provider-vsphere/vsphere","Test":"TestAccResourceVSphereResourcePool_tags","Output":"    provider_test.go:48: \n"}
{"Time":"2025-05-14T18:43:47.778575+03:00","Action":"output","Package":"github.com/vmware/terraform-provider-vsphere/vsphere","Test":"TestAccResourceVSphereResourcePool_tags","Output":"--- SKIP: TestAccResourceVSphereResourcePool_tags (0.01s)\n"}
{"Time":"2025-05-14T18:43:47.778587+03:00","Action":"skip","Package":"github.com/vmware/terraform-provider-vsphere/vsphere","Test":"TestAccResourceVSphereResourcePool_tags","Elapsed":0.01}
{"Time":"2025-05-14T18:43:47.778592+03:00","Action":"run","Package":"github.com/vmware/terraform-provider-vsphere/vsphere","Test":"TestAccResourceVsphereRole_createRole"}
{"Time":"2025-05-14T18:43:47.778596+03:00","Action":"output","Package":"github.com/vmware/terraform-provider-vsphere/vsphere","Test":"TestAccResourceVsphereRole_createRole","Output":"=== RUN   TestAccResourceVsphereRole_createRole\n"}
{"Time":"2025-05-14T18:43:47.77867+03:00","Action":"output","Package":"github.com/vmware/terraform-provider-vsphere/vsphere","Test":"TestAccResourceVsphereRole_createRole","Output":"    provider_test.go:48: \n"}
{"Time":"2025-05-14T18:43:47.778698+03:00","Action":"output","Package":"github.com/vmware/terraform-provider-vsphere/vsphere","Test":"TestAccResourceVsphereRole_createRole","Output":"--- SKIP: TestAccResourceVsphereRole_createRole (0.00s)\n"}
{"Time":"2025-05-14T18:43:47.778707+03:00","Action":"skip","Package":"github.com/vmware/terraform-provider-vsphere/vsphere","Test":"TestAccResourceVsphereRole_createRole","Elapsed":0}
{"Time":"2025-05-14T18:43:47.778714+03:00","Action":"run","Package":"github.com/vmware/terraform-provider-vsphere/vsphere","Test":"TestAccResourceVsphereRole_addPrivileges"}
{"Time":"2025-05-14T18:43:47.778719+03:00","Action":"output","Package":"github.com/vmware/terraform-provider-vsphere/vsphere","Test":"TestAccResourceVsphereRole_addPrivileges","Output":"=== RUN   TestAccResourceVsphereRole_addPrivileges\n"}
{"Time":"2025-05-14T18:43:47.778814+03:00","Action":"output","Package":"github.com/vmware/terraform-provider-vsphere/vsphere","Test":"TestAccResourceVsphereRole_addPrivileges","Output":"    provider_test.go:48: \n"}
{"Time":"2025-05-14T18:43:47.778835+03:00","Action":"output","Package":"github.com/vmware/terraform-provider-vsphere/vsphere","Test":"TestAccResourceVsphereRole_addPrivileges","Output":"--- SKIP: TestAccResourceVsphereRole_addPrivileges (0.00s)\n"}
{"Time":"2025-05-14T18:43:47.778845+03:00","Action":"skip","Package":"github.com/vmware/terraform-provider-vsphere/vsphere","Test":"TestAccResourceVsphereRole_addPrivileges","Elapsed":0}
{"Time":"2025-05-14T18:43:47.778849+03:00","Action":"run","Package":"github.com/vmware/terraform-provider-vsphere/vsphere","Test":"TestAccResourceVsphereRole_removePrivileges"}
{"Time":"2025-05-14T18:43:47.778854+03:00","Action":"output","Package":"github.com/vmware/terraform-provider-vsphere/vsphere","Test":"TestAccResourceVsphereRole_removePrivileges","Output":"=== RUN   TestAccResourceVsphereRole_removePrivileges\n"}
{"Time":"2025-05-14T18:43:47.778973+03:00","Action":"output","Package":"github.com/vmware/terraform-provider-vsphere/vsphere","Test":"TestAccResourceVsphereRole_removePrivileges","Output":"    provider_test.go:48: \n"}
{"Time":"2025-05-14T18:43:47.778997+03:00","Action":"output","Package":"github.com/vmware/terraform-provider-vsphere/vsphere","Test":"TestAccResourceVsphereRole_removePrivileges","Output":"--- SKIP: TestAccResourceVsphereRole_removePrivileges (0.00s)\n"}
{"Time":"2025-05-14T18:43:47.779037+03:00","Action":"skip","Package":"github.com/vmware/terraform-provider-vsphere/vsphere","Test":"TestAccResourceVsphereRole_removePrivileges","Elapsed":0}
{"Time":"2025-05-14T18:43:47.779045+03:00","Action":"run","Package":"github.com/vmware/terraform-provider-vsphere/vsphere","Test":"TestAccResourceVsphereRole_importSystemRoleShouldError"}
{"Time":"2025-05-14T18:43:47.77905+03:00","Action":"output","Package":"github.com/vmware/terraform-provider-vsphere/vsphere","Test":"TestAccResourceVsphereRole_importSystemRoleShouldError","Output":"=== RUN   TestAccResourceVsphereRole_importSystemRoleShouldError\n"}
{"Time":"2025-05-14T18:43:47.779134+03:00","Action":"output","Package":"github.com/vmware/terraform-provider-vsphere/vsphere","Test":"TestAccResourceVsphereRole_importSystemRoleShouldError","Output":"    provider_test.go:48: \n"}
{"Time":"2025-05-14T18:43:47.779152+03:00","Action":"output","Package":"github.com/vmware/terraform-provider-vsphere/vsphere","Test":"TestAccResourceVsphereRole_importSystemRoleShouldError","Output":"--- SKIP: TestAccResourceVsphereRole_importSystemRoleShouldError (0.00s)\n"}
{"Time":"2025-05-14T18:43:47.77916+03:00","Action":"skip","Package":"github.com/vmware/terraform-provider-vsphere/vsphere","Test":"TestAccResourceVsphereRole_importSystemRoleShouldError","Elapsed":0}
{"Time":"2025-05-14T18:43:47.779165+03:00","Action":"run","Package":"github.com/vmware/terraform-provider-vsphere/vsphere","Test":"TestAccResourceVSphereStorageDrsVMOverride_basic"}
{"Time":"2025-05-14T18:43:47.77917+03:00","Action":"output","Package":"github.com/vmware/terraform-provider-vsphere/vsphere","Test":"TestAccResourceVSphereStorageDrsVMOverride_basic","Output":"=== RUN   TestAccResourceVSphereStorageDrsVMOverride_basic\n"}
{"Time":"2025-05-14T18:43:47.789538+03:00","Action":"output","Package":"github.com/vmware/terraform-provider-vsphere/vsphere","Test":"TestAccResourceVSphereStorageDrsVMOverride_basic","Output":"    provider_test.go:48: \n"}
{"Time":"2025-05-14T18:43:47.789596+03:00","Action":"output","Package":"github.com/vmware/terraform-provider-vsphere/vsphere","Test":"TestAccResourceVSphereStorageDrsVMOverride_basic","Output":"--- SKIP: TestAccResourceVSphereStorageDrsVMOverride_basic (0.01s)\n"}
{"Time":"2025-05-14T18:43:47.789604+03:00","Action":"skip","Package":"github.com/vmware/terraform-provider-vsphere/vsphere","Test":"TestAccResourceVSphereStorageDrsVMOverride_basic","Elapsed":0.01}
{"Time":"2025-05-14T18:43:47.789613+03:00","Action":"run","Package":"github.com/vmware/terraform-provider-vsphere/vsphere","Test":"TestAccResourceVSphereStorageDrsVMOverride_overrides"}
{"Time":"2025-05-14T18:43:47.789621+03:00","Action":"output","Package":"github.com/vmware/terraform-provider-vsphere/vsphere","Test":"TestAccResourceVSphereStorageDrsVMOverride_overrides","Output":"=== RUN   TestAccResourceVSphereStorageDrsVMOverride_overrides\n"}
{"Time":"2025-05-14T18:43:47.80171+03:00","Action":"output","Package":"github.com/vmware/terraform-provider-vsphere/vsphere","Test":"TestAccResourceVSphereStorageDrsVMOverride_overrides","Output":"    provider_test.go:48: \n"}
{"Time":"2025-05-14T18:43:47.80173+03:00","Action":"output","Package":"github.com/vmware/terraform-provider-vsphere/vsphere","Test":"TestAccResourceVSphereStorageDrsVMOverride_overrides","Output":"--- SKIP: TestAccResourceVSphereStorageDrsVMOverride_overrides (0.01s)\n"}
{"Time":"2025-05-14T18:43:47.801738+03:00","Action":"skip","Package":"github.com/vmware/terraform-provider-vsphere/vsphere","Test":"TestAccResourceVSphereStorageDrsVMOverride_overrides","Elapsed":0.01}
{"Time":"2025-05-14T18:43:47.801744+03:00","Action":"run","Package":"github.com/vmware/terraform-provider-vsphere/vsphere","Test":"TestAccResourceVSphereStorageDrsVMOverride_update"}
{"Time":"2025-05-14T18:43:47.801748+03:00","Action":"output","Package":"github.com/vmware/terraform-provider-vsphere/vsphere","Test":"TestAccResourceVSphereStorageDrsVMOverride_update","Output":"=== RUN   TestAccResourceVSphereStorageDrsVMOverride_update\n"}
{"Time":"2025-05-14T18:43:47.811718+03:00","Action":"output","Package":"github.com/vmware/terraform-provider-vsphere/vsphere","Test":"TestAccResourceVSphereStorageDrsVMOverride_update","Output":"    provider_test.go:48: \n"}
{"Time":"2025-05-14T18:43:47.811731+03:00","Action":"output","Package":"github.com/vmware/terraform-provider-vsphere/vsphere","Test":"TestAccResourceVSphereStorageDrsVMOverride_update","Output":"--- SKIP: TestAccResourceVSphereStorageDrsVMOverride_update (0.01s)\n"}
{"Time":"2025-05-14T18:43:47.811738+03:00","Action":"skip","Package":"github.com/vmware/terraform-provider-vsphere/vsphere","Test":"TestAccResourceVSphereStorageDrsVMOverride_update","Elapsed":0.01}
{"Time":"2025-05-14T18:43:47.811743+03:00","Action":"run","Package":"github.com/vmware/terraform-provider-vsphere/vsphere","Test":"TestAccResourceVSphereSupervisor_basic"}
{"Time":"2025-05-14T18:43:47.811746+03:00","Action":"output","Package":"github.com/vmware/terraform-provider-vsphere/vsphere","Test":"TestAccResourceVSphereSupervisor_basic","Output":"=== RUN   TestAccResourceVSphereSupervisor_basic\n"}
{"Time":"2025-05-14T18:43:47.811903+03:00","Action":"output","Package":"github.com/vmware/terraform-provider-vsphere/vsphere","Test":"TestAccResourceVSphereSupervisor_basic","Output":"    provider_test.go:55: TF_VAR_MANAGEMENT_NETWORK must be set for this acceptance test\n"}
{"Time":"2025-05-14T18:43:47.811915+03:00","Action":"output","Package":"github.com/vmware/terraform-provider-vsphere/vsphere","Test":"TestAccResourceVSphereSupervisor_basic","Output":"--- SKIP: TestAccResourceVSphereSupervisor_basic (0.00s)\n"}
{"Time":"2025-05-14T18:43:47.811922+03:00","Action":"skip","Package":"github.com/vmware/terraform-provider-vsphere/vsphere","Test":"TestAccResourceVSphereSupervisor_basic","Elapsed":0}
{"Time":"2025-05-14T18:43:47.811926+03:00","Action":"run","Package":"github.com/vmware/terraform-provider-vsphere/vsphere","Test":"TestAccResourceVSphereSupervisor_full"}
{"Time":"2025-05-14T18:43:47.811929+03:00","Action":"output","Package":"github.com/vmware/terraform-provider-vsphere/vsphere","Test":"TestAccResourceVSphereSupervisor_full","Output":"=== RUN   TestAccResourceVSphereSupervisor_full\n"}
{"Time":"2025-05-14T18:43:47.811986+03:00","Action":"output","Package":"github.com/vmware/terraform-provider-vsphere/vsphere","Test":"TestAccResourceVSphereSupervisor_full","Output":"    provider_test.go:55: TF_VAR_MANAGEMENT_NETWORK must be set for this acceptance test\n"}
{"Time":"2025-05-14T18:43:47.811998+03:00","Action":"output","Package":"github.com/vmware/terraform-provider-vsphere/vsphere","Test":"TestAccResourceVSphereSupervisor_full","Output":"--- SKIP: TestAccResourceVSphereSupervisor_full (0.00s)\n"}
{"Time":"2025-05-14T18:43:47.812005+03:00","Action":"skip","Package":"github.com/vmware/terraform-provider-vsphere/vsphere","Test":"TestAccResourceVSphereSupervisor_full","Elapsed":0}
{"Time":"2025-05-14T18:43:47.812017+03:00","Action":"run","Package":"github.com/vmware/terraform-provider-vsphere/vsphere","Test":"TestAccResourceVSphereTagCategory_basic"}
{"Time":"2025-05-14T18:43:47.812021+03:00","Action":"output","Package":"github.com/vmware/terraform-provider-vsphere/vsphere","Test":"TestAccResourceVSphereTagCategory_basic","Output":"=== RUN   TestAccResourceVSphereTagCategory_basic\n"}
{"Time":"2025-05-14T18:43:47.822299+03:00","Action":"output","Package":"github.com/vmware/terraform-provider-vsphere/vsphere","Test":"TestAccResourceVSphereTagCategory_basic","Output":"    provider_test.go:48: \n"}
{"Time":"2025-05-14T18:43:47.822318+03:00","Action":"output","Package":"github.com/vmware/terraform-provider-vsphere/vsphere","Test":"TestAccResourceVSphereTagCategory_basic","Output":"--- SKIP: TestAccResourceVSphereTagCategory_basic (0.01s)\n"}
{"Time":"2025-05-14T18:43:47.822326+03:00","Action":"skip","Package":"github.com/vmware/terraform-provider-vsphere/vsphere","Test":"TestAccResourceVSphereTagCategory_basic","Elapsed":0.01}
{"Time":"2025-05-14T18:43:47.822331+03:00","Action":"run","Package":"github.com/vmware/terraform-provider-vsphere/vsphere","Test":"TestAccResourceVSphereTagCategory_addType"}
{"Time":"2025-05-14T18:43:47.822336+03:00","Action":"output","Package":"github.com/vmware/terraform-provider-vsphere/vsphere","Test":"TestAccResourceVSphereTagCategory_addType","Output":"=== RUN   TestAccResourceVSphereTagCategory_addType\n"}
{"Time":"2025-05-14T18:43:47.836852+03:00","Action":"output","Package":"github.com/vmware/terraform-provider-vsphere/vsphere","Test":"TestAccResourceVSphereTagCategory_addType","Output":"    provider_test.go:48: \n"}
{"Time":"2025-05-14T18:43:47.836874+03:00","Action":"output","Package":"github.com/vmware/terraform-provider-vsphere/vsphere","Test":"TestAccResourceVSphereTagCategory_addType","Output":"--- SKIP: TestAccResourceVSphereTagCategory_addType (0.01s)\n"}
{"Time":"2025-05-14T18:43:47.836879+03:00","Action":"skip","Package":"github.com/vmware/terraform-provider-vsphere/vsphere","Test":"TestAccResourceVSphereTagCategory_addType","Elapsed":0.01}
{"Time":"2025-05-14T18:43:47.836885+03:00","Action":"run","Package":"github.com/vmware/terraform-provider-vsphere/vsphere","Test":"TestAccResourceVSphereTagCategory_removeTypeShouldError"}
{"Time":"2025-05-14T18:43:47.83689+03:00","Action":"output","Package":"github.com/vmware/terraform-provider-vsphere/vsphere","Test":"TestAccResourceVSphereTagCategory_removeTypeShouldError","Output":"=== RUN   TestAccResourceVSphereTagCategory_removeTypeShouldError\n"}
{"Time":"2025-05-14T18:43:47.845685+03:00","Action":"output","Package":"github.com/vmware/terraform-provider-vsphere/vsphere","Test":"TestAccResourceVSphereTagCategory_removeTypeShouldError","Output":"    provider_test.go:48: \n"}
{"Time":"2025-05-14T18:43:47.845714+03:00","Action":"output","Package":"github.com/vmware/terraform-provider-vsphere/vsphere","Test":"TestAccResourceVSphereTagCategory_removeTypeShouldError","Output":"--- SKIP: TestAccResourceVSphereTagCategory_removeTypeShouldError (0.01s)\n"}
{"Time":"2025-05-14T18:43:47.84572+03:00","Action":"skip","Package":"github.com/vmware/terraform-provider-vsphere/vsphere","Test":"TestAccResourceVSphereTagCategory_removeTypeShouldError","Elapsed":0.01}
{"Time":"2025-05-14T18:43:47.845726+03:00","Action":"run","Package":"github.com/vmware/terraform-provider-vsphere/vsphere","Test":"TestAccResourceVSphereTagCategory_invalidTypeShouldError"}
{"Time":"2025-05-14T18:43:47.845729+03:00","Action":"output","Package":"github.com/vmware/terraform-provider-vsphere/vsphere","Test":"TestAccResourceVSphereTagCategory_invalidTypeShouldError","Output":"=== RUN   TestAccResourceVSphereTagCategory_invalidTypeShouldError\n"}
{"Time":"2025-05-14T18:43:47.856857+03:00","Action":"output","Package":"github.com/vmware/terraform-provider-vsphere/vsphere","Test":"TestAccResourceVSphereTagCategory_invalidTypeShouldError","Output":"    provider_test.go:48: \n"}
{"Time":"2025-05-14T18:43:47.856867+03:00","Action":"output","Package":"github.com/vmware/terraform-provider-vsphere/vsphere","Test":"TestAccResourceVSphereTagCategory_invalidTypeShouldError","Output":"--- SKIP: TestAccResourceVSphereTagCategory_invalidTypeShouldError (0.01s)\n"}
{"Time":"2025-05-14T18:43:47.856871+03:00","Action":"skip","Package":"github.com/vmware/terraform-provider-vsphere/vsphere","Test":"TestAccResourceVSphereTagCategory_invalidTypeShouldError","Elapsed":0.01}
{"Time":"2025-05-14T18:43:47.856875+03:00","Action":"run","Package":"github.com/vmware/terraform-provider-vsphere/vsphere","Test":"TestAccResourceVSphereTagCategory_rename"}
{"Time":"2025-05-14T18:43:47.856879+03:00","Action":"output","Package":"github.com/vmware/terraform-provider-vsphere/vsphere","Test":"TestAccResourceVSphereTagCategory_rename","Output":"=== RUN   TestAccResourceVSphereTagCategory_rename\n"}
{"Time":"2025-05-14T18:43:47.867429+03:00","Action":"output","Package":"github.com/vmware/terraform-provider-vsphere/vsphere","Test":"TestAccResourceVSphereTagCategory_rename","Output":"    provider_test.go:48: \n"}
{"Time":"2025-05-14T18:43:47.867444+03:00","Action":"output","Package":"github.com/vmware/terraform-provider-vsphere/vsphere","Test":"TestAccResourceVSphereTagCategory_rename","Output":"--- SKIP: TestAccResourceVSphereTagCategory_rename (0.01s)\n"}
{"Time":"2025-05-14T18:43:47.867451+03:00","Action":"skip","Package":"github.com/vmware/terraform-provider-vsphere/vsphere","Test":"TestAccResourceVSphereTagCategory_rename","Elapsed":0.01}
{"Time":"2025-05-14T18:43:47.867454+03:00","Action":"run","Package":"github.com/vmware/terraform-provider-vsphere/vsphere","Test":"TestAccResourceVSphereTagCategory_singleCardinality"}
{"Time":"2025-05-14T18:43:47.867458+03:00","Action":"output","Package":"github.com/vmware/terraform-provider-vsphere/vsphere","Test":"TestAccResourceVSphereTagCategory_singleCardinality","Output":"=== RUN   TestAccResourceVSphereTagCategory_singleCardinality\n"}
{"Time":"2025-05-14T18:43:47.876704+03:00","Action":"output","Package":"github.com/vmware/terraform-provider-vsphere/vsphere","Test":"TestAccResourceVSphereTagCategory_singleCardinality","Output":"    provider_test.go:48: \n"}
{"Time":"2025-05-14T18:43:47.876746+03:00","Action":"output","Package":"github.com/vmware/terraform-provider-vsphere/vsphere","Test":"TestAccResourceVSphereTagCategory_singleCardinality","Output":"--- SKIP: TestAccResourceVSphereTagCategory_singleCardinality (0.01s)\n"}
{"Time":"2025-05-14T18:43:47.876751+03:00","Action":"skip","Package":"github.com/vmware/terraform-provider-vsphere/vsphere","Test":"TestAccResourceVSphereTagCategory_singleCardinality","Elapsed":0.01}
{"Time":"2025-05-14T18:43:47.876755+03:00","Action":"run","Package":"github.com/vmware/terraform-provider-vsphere/vsphere","Test":"TestAccResourceVSphereTagCategory_multiCardinality"}
{"Time":"2025-05-14T18:43:47.876758+03:00","Action":"output","Package":"github.com/vmware/terraform-provider-vsphere/vsphere","Test":"TestAccResourceVSphereTagCategory_multiCardinality","Output":"=== RUN   TestAccResourceVSphereTagCategory_multiCardinality\n"}
{"Time":"2025-05-14T18:43:47.887626+03:00","Action":"output","Package":"github.com/vmware/terraform-provider-vsphere/vsphere","Test":"TestAccResourceVSphereTagCategory_multiCardinality","Output":"    provider_test.go:48: \n"}
{"Time":"2025-05-14T18:43:47.887635+03:00","Action":"output","Package":"github.com/vmware/terraform-provider-vsphere/vsphere","Test":"TestAccResourceVSphereTagCategory_multiCardinality","Output":"--- SKIP: TestAccResourceVSphereTagCategory_multiCardinality (0.01s)\n"}
{"Time":"2025-05-14T18:43:47.88764+03:00","Action":"skip","Package":"github.com/vmware/terraform-provider-vsphere/vsphere","Test":"TestAccResourceVSphereTagCategory_multiCardinality","Elapsed":0.01}
{"Time":"2025-05-14T18:43:47.887644+03:00","Action":"run","Package":"github.com/vmware/terraform-provider-vsphere/vsphere","Test":"TestAccResourceVSphereTag_basic"}
{"Time":"2025-05-14T18:43:47.887647+03:00","Action":"output","Package":"github.com/vmware/terraform-provider-vsphere/vsphere","Test":"TestAccResourceVSphereTag_basic","Output":"=== RUN   TestAccResourceVSphereTag_basic\n"}
{"Time":"2025-05-14T18:43:47.899746+03:00","Action":"output","Package":"github.com/vmware/terraform-provider-vsphere/vsphere","Test":"TestAccResourceVSphereTag_basic","Output":"    provider_test.go:48: \n"}
{"Time":"2025-05-14T18:43:47.899759+03:00","Action":"output","Package":"github.com/vmware/terraform-provider-vsphere/vsphere","Test":"TestAccResourceVSphereTag_basic","Output":"--- SKIP: TestAccResourceVSphereTag_basic (0.01s)\n"}
{"Time":"2025-05-14T18:43:47.899765+03:00","Action":"skip","Package":"github.com/vmware/terraform-provider-vsphere/vsphere","Test":"TestAccResourceVSphereTag_basic","Elapsed":0.01}
{"Time":"2025-05-14T18:43:47.899768+03:00","Action":"run","Package":"github.com/vmware/terraform-provider-vsphere/vsphere","Test":"TestAccResourceVSphereTag_changeName"}
{"Time":"2025-05-14T18:43:47.899771+03:00","Action":"output","Package":"github.com/vmware/terraform-provider-vsphere/vsphere","Test":"TestAccResourceVSphereTag_changeName","Output":"=== RUN   TestAccResourceVSphereTag_changeName\n"}
{"Time":"2025-05-14T18:43:47.911032+03:00","Action":"output","Package":"github.com/vmware/terraform-provider-vsphere/vsphere","Test":"TestAccResourceVSphereTag_changeName","Output":"    provider_test.go:48: \n"}
{"Time":"2025-05-14T18:43:47.911041+03:00","Action":"output","Package":"github.com/vmware/terraform-provider-vsphere/vsphere","Test":"TestAccResourceVSphereTag_changeName","Output":"--- SKIP: TestAccResourceVSphereTag_changeName (0.01s)\n"}
{"Time":"2025-05-14T18:43:47.911048+03:00","Action":"skip","Package":"github.com/vmware/terraform-provider-vsphere/vsphere","Test":"TestAccResourceVSphereTag_changeName","Elapsed":0.01}
{"Time":"2025-05-14T18:43:47.911051+03:00","Action":"run","Package":"github.com/vmware/terraform-provider-vsphere/vsphere","Test":"TestAccResourceVSphereTag_changeDescription"}
{"Time":"2025-05-14T18:43:47.911055+03:00","Action":"output","Package":"github.com/vmware/terraform-provider-vsphere/vsphere","Test":"TestAccResourceVSphereTag_changeDescription","Output":"=== RUN   TestAccResourceVSphereTag_changeDescription\n"}
{"Time":"2025-05-14T18:43:47.921936+03:00","Action":"output","Package":"github.com/vmware/terraform-provider-vsphere/vsphere","Test":"TestAccResourceVSphereTag_changeDescription","Output":"    provider_test.go:48: \n"}
{"Time":"2025-05-14T18:43:47.921946+03:00","Action":"output","Package":"github.com/vmware/terraform-provider-vsphere/vsphere","Test":"TestAccResourceVSphereTag_changeDescription","Output":"--- SKIP: TestAccResourceVSphereTag_changeDescription (0.01s)\n"}
{"Time":"2025-05-14T18:43:47.921952+03:00","Action":"skip","Package":"github.com/vmware/terraform-provider-vsphere/vsphere","Test":"TestAccResourceVSphereTag_changeDescription","Elapsed":0.01}
{"Time":"2025-05-14T18:43:47.921977+03:00","Action":"run","Package":"github.com/vmware/terraform-provider-vsphere/vsphere","Test":"TestAccResourceVSphereTag_detachAllTags"}
{"Time":"2025-05-14T18:43:47.92198+03:00","Action":"output","Package":"github.com/vmware/terraform-provider-vsphere/vsphere","Test":"TestAccResourceVSphereTag_detachAllTags","Output":"=== RUN   TestAccResourceVSphereTag_detachAllTags\n"}
{"Time":"2025-05-14T18:43:47.933799+03:00","Action":"output","Package":"github.com/vmware/terraform-provider-vsphere/vsphere","Test":"TestAccResourceVSphereTag_detachAllTags","Output":"    provider_test.go:48: \n"}
{"Time":"2025-05-14T18:43:47.933822+03:00","Action":"output","Package":"github.com/vmware/terraform-provider-vsphere/vsphere","Test":"TestAccResourceVSphereTag_detachAllTags","Output":"--- SKIP: TestAccResourceVSphereTag_detachAllTags (0.01s)\n"}
{"Time":"2025-05-14T18:43:47.933826+03:00","Action":"skip","Package":"github.com/vmware/terraform-provider-vsphere/vsphere","Test":"TestAccResourceVSphereTag_detachAllTags","Elapsed":0.01}
{"Time":"2025-05-14T18:43:47.933831+03:00","Action":"run","Package":"github.com/vmware/terraform-provider-vsphere/vsphere","Test":"TestAccResourceVSphereVAppContainer_basic"}
{"Time":"2025-05-14T18:43:47.933835+03:00","Action":"output","Package":"github.com/vmware/terraform-provider-vsphere/vsphere","Test":"TestAccResourceVSphereVAppContainer_basic","Output":"=== RUN   TestAccResourceVSphereVAppContainer_basic\n"}
{"Time":"2025-05-14T18:43:47.943606+03:00","Action":"output","Package":"github.com/vmware/terraform-provider-vsphere/vsphere","Test":"TestAccResourceVSphereVAppContainer_basic","Output":"    provider_test.go:48: \n"}
{"Time":"2025-05-14T18:43:47.943623+03:00","Action":"output","Package":"github.com/vmware/terraform-provider-vsphere/vsphere","Test":"TestAccResourceVSphereVAppContainer_basic","Output":"--- SKIP: TestAccResourceVSphereVAppContainer_basic (0.01s)\n"}
{"Time":"2025-05-14T18:43:47.943636+03:00","Action":"skip","Package":"github.com/vmware/terraform-provider-vsphere/vsphere","Test":"TestAccResourceVSphereVAppContainer_basic","Elapsed":0.01}
{"Time":"2025-05-14T18:43:47.94364+03:00","Action":"run","Package":"github.com/vmware/terraform-provider-vsphere/vsphere","Test":"TestAccResourceVSphereVAppContainer_childImport"}
{"Time":"2025-05-14T18:43:47.943643+03:00","Action":"output","Package":"github.com/vmware/terraform-provider-vsphere/vsphere","Test":"TestAccResourceVSphereVAppContainer_childImport","Output":"=== RUN   TestAccResourceVSphereVAppContainer_childImport\n"}
{"Time":"2025-05-14T18:43:47.953543+03:00","Action":"output","Package":"github.com/vmware/terraform-provider-vsphere/vsphere","Test":"TestAccResourceVSphereVAppContainer_childImport","Output":"    provider_test.go:48: \n"}
{"Time":"2025-05-14T18:43:47.953554+03:00","Action":"output","Package":"github.com/vmware/terraform-provider-vsphere/vsphere","Test":"TestAccResourceVSphereVAppContainer_childImport","Output":"--- SKIP: TestAccResourceVSphereVAppContainer_childImport (0.01s)\n"}
{"Time":"2025-05-14T18:43:47.95356+03:00","Action":"skip","Package":"github.com/vmware/terraform-provider-vsphere/vsphere","Test":"TestAccResourceVSphereVAppContainer_childImport","Elapsed":0.01}
{"Time":"2025-05-14T18:43:47.953563+03:00","Action":"run","Package":"github.com/vmware/terraform-provider-vsphere/vsphere","Test":"TestAccResourceVSphereVAppContainer_vmBasic"}
{"Time":"2025-05-14T18:43:47.953567+03:00","Action":"output","Package":"github.com/vmware/terraform-provider-vsphere/vsphere","Test":"TestAccResourceVSphereVAppContainer_vmBasic","Output":"=== RUN   TestAccResourceVSphereVAppContainer_vmBasic\n"}
{"Time":"2025-05-14T18:43:47.966111+03:00","Action":"output","Package":"github.com/vmware/terraform-provider-vsphere/vsphere","Test":"TestAccResourceVSphereVAppContainer_vmBasic","Output":"    provider_test.go:48: \n"}
{"Time":"2025-05-14T18:43:47.966128+03:00","Action":"output","Package":"github.com/vmware/terraform-provider-vsphere/vsphere","Test":"TestAccResourceVSphereVAppContainer_vmBasic","Output":"--- SKIP: TestAccResourceVSphereVAppContainer_vmBasic (0.01s)\n"}
{"Time":"2025-05-14T18:43:47.966132+03:00","Action":"skip","Package":"github.com/vmware/terraform-provider-vsphere/vsphere","Test":"TestAccResourceVSphereVAppContainer_vmBasic","Elapsed":0.01}
{"Time":"2025-05-14T18:43:47.966136+03:00","Action":"run","Package":"github.com/vmware/terraform-provider-vsphere/vsphere","Test":"TestAccResourceVSphereVAppContainer_vmMoveIntoVApp"}
{"Time":"2025-05-14T18:43:47.966138+03:00","Action":"output","Package":"github.com/vmware/terraform-provider-vsphere/vsphere","Test":"TestAccResourceVSphereVAppContainer_vmMoveIntoVApp","Output":"=== RUN   TestAccResourceVSphereVAppContainer_vmMoveIntoVApp\n"}
{"Time":"2025-05-14T18:43:47.971372+03:00","Action":"output","Package":"github.com/vmware/terraform-provider-vsphere/vsphere","Test":"TestAccResourceVSphereVAppContainer_vmMoveIntoVApp","Output":"    provider_test.go:48: \n"}
{"Time":"2025-05-14T18:43:47.971382+03:00","Action":"output","Package":"github.com/vmware/terraform-provider-vsphere/vsphere","Test":"TestAccResourceVSphereVAppContainer_vmMoveIntoVApp","Output":"--- SKIP: TestAccResourceVSphereVAppContainer_vmMoveIntoVApp (0.01s)\n"}
{"Time":"2025-05-14T18:43:47.971386+03:00","Action":"skip","Package":"github.com/vmware/terraform-provider-vsphere/vsphere","Test":"TestAccResourceVSphereVAppContainer_vmMoveIntoVApp","Elapsed":0.01}
{"Time":"2025-05-14T18:43:47.971388+03:00","Action":"run","Package":"github.com/vmware/terraform-provider-vsphere/vsphere","Test":"TestAccResourceVSphereVAppContainer_vmSDRS"}
{"Time":"2025-05-14T18:43:47.971389+03:00","Action":"output","Package":"github.com/vmware/terraform-provider-vsphere/vsphere","Test":"TestAccResourceVSphereVAppContainer_vmSDRS","Output":"=== RUN   TestAccResourceVSphereVAppContainer_vmSDRS\n"}
{"Time":"2025-05-14T18:43:47.978729+03:00","Action":"output","Package":"github.com/vmware/terraform-provider-vsphere/vsphere","Test":"TestAccResourceVSphereVAppContainer_vmSDRS","Output":"    provider_test.go:48: \n"}
{"Time":"2025-05-14T18:43:47.978739+03:00","Action":"output","Package":"github.com/vmware/terraform-provider-vsphere/vsphere","Test":"TestAccResourceVSphereVAppContainer_vmSDRS","Output":"--- SKIP: TestAccResourceVSphereVAppContainer_vmSDRS (0.01s)\n"}
{"Time":"2025-05-14T18:43:47.978742+03:00","Action":"skip","Package":"github.com/vmware/terraform-provider-vsphere/vsphere","Test":"TestAccResourceVSphereVAppContainer_vmSDRS","Elapsed":0.01}
{"Time":"2025-05-14T18:43:47.978744+03:00","Action":"run","Package":"github.com/vmware/terraform-provider-vsphere/vsphere","Test":"TestAccResourceVSphereVAppContainer_vmClone"}
{"Time":"2025-05-14T18:43:47.978747+03:00","Action":"output","Package":"github.com/vmware/terraform-provider-vsphere/vsphere","Test":"TestAccResourceVSphereVAppContainer_vmClone","Output":"=== RUN   TestAccResourceVSphereVAppContainer_vmClone\n"}
{"Time":"2025-05-14T18:43:47.985448+03:00","Action":"output","Package":"github.com/vmware/terraform-provider-vsphere/vsphere","Test":"TestAccResourceVSphereVAppContainer_vmClone","Output":"    provider_test.go:48: \n"}
{"Time":"2025-05-14T18:43:47.98546+03:00","Action":"output","Package":"github.com/vmware/terraform-provider-vsphere/vsphere","Test":"TestAccResourceVSphereVAppContainer_vmClone","Output":"--- SKIP: TestAccResourceVSphereVAppContainer_vmClone (0.01s)\n"}
{"Time":"2025-05-14T18:43:47.985465+03:00","Action":"skip","Package":"github.com/vmware/terraform-provider-vsphere/vsphere","Test":"TestAccResourceVSphereVAppContainer_vmClone","Elapsed":0.01}
{"Time":"2025-05-14T18:43:47.985468+03:00","Action":"run","Package":"github.com/vmware/terraform-provider-vsphere/vsphere","Test":"TestAccResourceVSphereVAppContainer_vmCloneSDRS"}
{"Time":"2025-05-14T18:43:47.985471+03:00","Action":"output","Package":"github.com/vmware/terraform-provider-vsphere/vsphere","Test":"TestAccResourceVSphereVAppContainer_vmCloneSDRS","Output":"=== RUN   TestAccResourceVSphereVAppContainer_vmCloneSDRS\n"}
{"Time":"2025-05-14T18:43:47.9925+03:00","Action":"output","Package":"github.com/vmware/terraform-provider-vsphere/vsphere","Test":"TestAccResourceVSphereVAppContainer_vmCloneSDRS","Output":"    provider_test.go:48: \n"}
{"Time":"2025-05-14T18:43:47.992511+03:00","Action":"output","Package":"github.com/vmware/terraform-provider-vsphere/vsphere","Test":"TestAccResourceVSphereVAppContainer_vmCloneSDRS","Output":"--- SKIP: TestAccResourceVSphereVAppContainer_vmCloneSDRS (0.01s)\n"}
{"Time":"2025-05-14T18:43:47.992516+03:00","Action":"skip","Package":"github.com/vmware/terraform-provider-vsphere/vsphere","Test":"TestAccResourceVSphereVAppContainer_vmCloneSDRS","Elapsed":0.01}
{"Time":"2025-05-14T18:43:47.99252+03:00","Action":"run","Package":"github.com/vmware/terraform-provider-vsphere/vsphere","Test":"TestAccResourceVSphereVAppContainer_vmMoveIntoVAppSDRS"}
{"Time":"2025-05-14T18:43:47.992522+03:00","Action":"output","Package":"github.com/vmware/terraform-provider-vsphere/vsphere","Test":"TestAccResourceVSphereVAppContainer_vmMoveIntoVAppSDRS","Output":"=== RUN   TestAccResourceVSphereVAppContainer_vmMoveIntoVAppSDRS\n"}
{"Time":"2025-05-14T18:43:48.00213+03:00","Action":"output","Package":"github.com/vmware/terraform-provider-vsphere/vsphere","Test":"TestAccResourceVSphereVAppContainer_vmMoveIntoVAppSDRS","Output":"    provider_test.go:48: \n"}
{"Time":"2025-05-14T18:43:48.002143+03:00","Action":"output","Package":"github.com/vmware/terraform-provider-vsphere/vsphere","Test":"TestAccResourceVSphereVAppContainer_vmMoveIntoVAppSDRS","Output":"--- SKIP: TestAccResourceVSphereVAppContainer_vmMoveIntoVAppSDRS (0.01s)\n"}
{"Time":"2025-05-14T18:43:48.002147+03:00","Action":"skip","Package":"github.com/vmware/terraform-provider-vsphere/vsphere","Test":"TestAccResourceVSphereVAppContainer_vmMoveIntoVAppSDRS","Elapsed":0.01}
{"Time":"2025-05-14T18:43:48.002151+03:00","Action":"run","Package":"github.com/vmware/terraform-provider-vsphere/vsphere","Test":"TestAccResourceVSphereVAppEntity_basic"}
{"Time":"2025-05-14T18:43:48.002154+03:00","Action":"output","Package":"github.com/vmware/terraform-provider-vsphere/vsphere","Test":"TestAccResourceVSphereVAppEntity_basic","Output":"=== RUN   TestAccResourceVSphereVAppEntity_basic\n"}
{"Time":"2025-05-14T18:43:48.012625+03:00","Action":"output","Package":"github.com/vmware/terraform-provider-vsphere/vsphere","Test":"TestAccResourceVSphereVAppEntity_basic","Output":"    provider_test.go:48: \n"}
{"Time":"2025-05-14T18:43:48.012636+03:00","Action":"output","Package":"github.com/vmware/terraform-provider-vsphere/vsphere","Test":"TestAccResourceVSphereVAppEntity_basic","Output":"--- SKIP: TestAccResourceVSphereVAppEntity_basic (0.01s)\n"}
{"Time":"2025-05-14T18:43:48.012641+03:00","Action":"skip","Package":"github.com/vmware/terraform-provider-vsphere/vsphere","Test":"TestAccResourceVSphereVAppEntity_basic","Elapsed":0.01}
{"Time":"2025-05-14T18:43:48.012645+03:00","Action":"run","Package":"github.com/vmware/terraform-provider-vsphere/vsphere","Test":"TestAccResourceVSphereVAppEntity_nonDefault"}
{"Time":"2025-05-14T18:43:48.012649+03:00","Action":"output","Package":"github.com/vmware/terraform-provider-vsphere/vsphere","Test":"TestAccResourceVSphereVAppEntity_nonDefault","Output":"=== RUN   TestAccResourceVSphereVAppEntity_nonDefault\n"}
{"Time":"2025-05-14T18:43:48.023882+03:00","Action":"output","Package":"github.com/vmware/terraform-provider-vsphere/vsphere","Test":"TestAccResourceVSphereVAppEntity_nonDefault","Output":"    provider_test.go:48: \n"}
{"Time":"2025-05-14T18:43:48.023894+03:00","Action":"output","Package":"github.com/vmware/terraform-provider-vsphere/vsphere","Test":"TestAccResourceVSphereVAppEntity_nonDefault","Output":"--- SKIP: TestAccResourceVSphereVAppEntity_nonDefault (0.01s)\n"}
{"Time":"2025-05-14T18:43:48.0239+03:00","Action":"skip","Package":"github.com/vmware/terraform-provider-vsphere/vsphere","Test":"TestAccResourceVSphereVAppEntity_nonDefault","Elapsed":0.01}
{"Time":"2025-05-14T18:43:48.023904+03:00","Action":"run","Package":"github.com/vmware/terraform-provider-vsphere/vsphere","Test":"TestAccResourceVSphereVAppEntity_update"}
{"Time":"2025-05-14T18:43:48.023907+03:00","Action":"output","Package":"github.com/vmware/terraform-provider-vsphere/vsphere","Test":"TestAccResourceVSphereVAppEntity_update","Output":"=== RUN   TestAccResourceVSphereVAppEntity_update\n"}
{"Time":"2025-05-14T18:43:48.035317+03:00","Action":"output","Package":"github.com/vmware/terraform-provider-vsphere/vsphere","Test":"TestAccResourceVSphereVAppEntity_update","Output":"    provider_test.go:48: \n"}
{"Time":"2025-05-14T18:43:48.035326+03:00","Action":"output","Package":"github.com/vmware/terraform-provider-vsphere/vsphere","Test":"TestAccResourceVSphereVAppEntity_update","Output":"--- SKIP: TestAccResourceVSphereVAppEntity_update (0.01s)\n"}
{"Time":"2025-05-14T18:43:48.035331+03:00","Action":"skip","Package":"github.com/vmware/terraform-provider-vsphere/vsphere","Test":"TestAccResourceVSphereVAppEntity_update","Elapsed":0.01}
{"Time":"2025-05-14T18:43:48.035335+03:00","Action":"run","Package":"github.com/vmware/terraform-provider-vsphere/vsphere","Test":"TestAccResourceVSphereVAppEntity_multi"}
{"Time":"2025-05-14T18:43:48.035338+03:00","Action":"output","Package":"github.com/vmware/terraform-provider-vsphere/vsphere","Test":"TestAccResourceVSphereVAppEntity_multi","Output":"=== RUN   TestAccResourceVSphereVAppEntity_multi\n"}
{"Time":"2025-05-14T18:43:48.047796+03:00","Action":"output","Package":"github.com/vmware/terraform-provider-vsphere/vsphere","Test":"TestAccResourceVSphereVAppEntity_multi","Output":"    provider_test.go:48: \n"}
{"Time":"2025-05-14T18:43:48.047811+03:00","Action":"output","Package":"github.com/vmware/terraform-provider-vsphere/vsphere","Test":"TestAccResourceVSphereVAppEntity_multi","Output":"--- SKIP: TestAccResourceVSphereVAppEntity_multi (0.01s)\n"}
{"Time":"2025-05-14T18:43:48.047817+03:00","Action":"skip","Package":"github.com/vmware/terraform-provider-vsphere/vsphere","Test":"TestAccResourceVSphereVAppEntity_multi","Elapsed":0.01}
{"Time":"2025-05-14T18:43:48.047822+03:00","Action":"run","Package":"github.com/vmware/terraform-provider-vsphere/vsphere","Test":"TestAccResourceVSphereVAppEntity_multiUpdate"}
{"Time":"2025-05-14T18:43:48.047825+03:00","Action":"output","Package":"github.com/vmware/terraform-provider-vsphere/vsphere","Test":"TestAccResourceVSphereVAppEntity_multiUpdate","Output":"=== RUN   TestAccResourceVSphereVAppEntity_multiUpdate\n"}
{"Time":"2025-05-14T18:43:48.058629+03:00","Action":"output","Package":"github.com/vmware/terraform-provider-vsphere/vsphere","Test":"TestAccResourceVSphereVAppEntity_multiUpdate","Output":"    provider_test.go:48: \n"}
{"Time":"2025-05-14T18:43:48.058639+03:00","Action":"output","Package":"github.com/vmware/terraform-provider-vsphere/vsphere","Test":"TestAccResourceVSphereVAppEntity_multiUpdate","Output":"--- SKIP: TestAccResourceVSphereVAppEntity_multiUpdate (0.01s)\n"}
{"Time":"2025-05-14T18:43:48.058647+03:00","Action":"skip","Package":"github.com/vmware/terraform-provider-vsphere/vsphere","Test":"TestAccResourceVSphereVAppEntity_multiUpdate","Elapsed":0.01}
{"Time":"2025-05-14T18:43:48.05865+03:00","Action":"run","Package":"github.com/vmware/terraform-provider-vsphere/vsphere","Test":"TestAccResourceVSphereVirtualDisk_basic"}
{"Time":"2025-05-14T18:43:48.058654+03:00","Action":"output","Package":"github.com/vmware/terraform-provider-vsphere/vsphere","Test":"TestAccResourceVSphereVirtualDisk_basic","Output":"=== RUN   TestAccResourceVSphereVirtualDisk_basic\n"}
{"Time":"2025-05-14T18:43:48.072993+03:00","Action":"output","Package":"github.com/vmware/terraform-provider-vsphere/vsphere","Test":"TestAccResourceVSphereVirtualDisk_basic","Output":"    provider_test.go:48: \n"}
{"Time":"2025-05-14T18:43:48.073005+03:00","Action":"output","Package":"github.com/vmware/terraform-provider-vsphere/vsphere","Test":"TestAccResourceVSphereVirtualDisk_basic","Output":"--- SKIP: TestAccResourceVSphereVirtualDisk_basic (0.01s)\n"}
{"Time":"2025-05-14T18:43:48.073015+03:00","Action":"skip","Package":"github.com/vmware/terraform-provider-vsphere/vsphere","Test":"TestAccResourceVSphereVirtualDisk_basic","Elapsed":0.01}
{"Time":"2025-05-14T18:43:48.073018+03:00","Action":"run","Package":"github.com/vmware/terraform-provider-vsphere/vsphere","Test":"TestAccResourceVSphereVirtualDisk_extend"}
{"Time":"2025-05-14T18:43:48.073022+03:00","Action":"output","Package":"github.com/vmware/terraform-provider-vsphere/vsphere","Test":"TestAccResourceVSphereVirtualDisk_extend","Output":"=== RUN   TestAccResourceVSphereVirtualDisk_extend\n"}
{"Time":"2025-05-14T18:43:48.084466+03:00","Action":"output","Package":"github.com/vmware/terraform-provider-vsphere/vsphere","Test":"TestAccResourceVSphereVirtualDisk_extend","Output":"    provider_test.go:48: \n"}
{"Time":"2025-05-14T18:43:48.084488+03:00","Action":"output","Package":"github.com/vmware/terraform-provider-vsphere/vsphere","Test":"TestAccResourceVSphereVirtualDisk_extend","Output":"--- SKIP: TestAccResourceVSphereVirtualDisk_extend (0.01s)\n"}
{"Time":"2025-05-14T18:43:48.084495+03:00","Action":"skip","Package":"github.com/vmware/terraform-provider-vsphere/vsphere","Test":"TestAccResourceVSphereVirtualDisk_extend","Elapsed":0.01}
{"Time":"2025-05-14T18:43:48.084499+03:00","Action":"run","Package":"github.com/vmware/terraform-provider-vsphere/vsphere","Test":"TestAccResourceVSphereVirtualDisk_multi"}
{"Time":"2025-05-14T18:43:48.084506+03:00","Action":"output","Package":"github.com/vmware/terraform-provider-vsphere/vsphere","Test":"TestAccResourceVSphereVirtualDisk_multi","Output":"=== RUN   TestAccResourceVSphereVirtualDisk_multi\n"}
{"Time":"2025-05-14T18:43:48.100842+03:00","Action":"output","Package":"github.com/vmware/terraform-provider-vsphere/vsphere","Test":"TestAccResourceVSphereVirtualDisk_multi","Output":"    provider_test.go:48: \n"}
{"Time":"2025-05-14T18:43:48.100867+03:00","Action":"output","Package":"github.com/vmware/terraform-provider-vsphere/vsphere","Test":"TestAccResourceVSphereVirtualDisk_multi","Output":"--- SKIP: TestAccResourceVSphereVirtualDisk_multi (0.02s)\n"}
{"Time":"2025-05-14T18:43:48.100874+03:00","Action":"skip","Package":"github.com/vmware/terraform-provider-vsphere/vsphere","Test":"TestAccResourceVSphereVirtualDisk_multi","Elapsed":0.02}
{"Time":"2025-05-14T18:43:48.10088+03:00","Action":"run","Package":"github.com/vmware/terraform-provider-vsphere/vsphere","Test":"TestAccResourceVSphereVirtualDisk_multiWithParent"}
{"Time":"2025-05-14T18:43:48.100884+03:00","Action":"output","Package":"github.com/vmware/terraform-provider-vsphere/vsphere","Test":"TestAccResourceVSphereVirtualDisk_multiWithParent","Output":"=== RUN   TestAccResourceVSphereVirtualDisk_multiWithParent\n"}
{"Time":"2025-05-14T18:43:48.115284+03:00","Action":"output","Package":"github.com/vmware/terraform-provider-vsphere/vsphere","Test":"TestAccResourceVSphereVirtualDisk_multiWithParent","Output":"    provider_test.go:48: \n"}
{"Time":"2025-05-14T18:43:48.115301+03:00","Action":"output","Package":"github.com/vmware/terraform-provider-vsphere/vsphere","Test":"TestAccResourceVSphereVirtualDisk_multiWithParent","Output":"--- SKIP: TestAccResourceVSphereVirtualDisk_multiWithParent (0.01s)\n"}
{"Time":"2025-05-14T18:43:48.115307+03:00","Action":"skip","Package":"github.com/vmware/terraform-provider-vsphere/vsphere","Test":"TestAccResourceVSphereVirtualDisk_multiWithParent","Elapsed":0.01}
{"Time":"2025-05-14T18:43:48.115311+03:00","Action":"run","Package":"github.com/vmware/terraform-provider-vsphere/vsphere","Test":"TestAccResourceVSphereVirtualDisk_withParent"}
{"Time":"2025-05-14T18:43:48.115315+03:00","Action":"output","Package":"github.com/vmware/terraform-provider-vsphere/vsphere","Test":"TestAccResourceVSphereVirtualDisk_withParent","Output":"=== RUN   TestAccResourceVSphereVirtualDisk_withParent\n"}
{"Time":"2025-05-14T18:43:48.127007+03:00","Action":"output","Package":"github.com/vmware/terraform-provider-vsphere/vsphere","Test":"TestAccResourceVSphereVirtualDisk_withParent","Output":"    provider_test.go:48: \n"}
{"Time":"2025-05-14T18:43:48.127039+03:00","Action":"output","Package":"github.com/vmware/terraform-provider-vsphere/vsphere","Test":"TestAccResourceVSphereVirtualDisk_withParent","Output":"--- SKIP: TestAccResourceVSphereVirtualDisk_withParent (0.01s)\n"}
{"Time":"2025-05-14T18:43:48.127049+03:00","Action":"skip","Package":"github.com/vmware/terraform-provider-vsphere/vsphere","Test":"TestAccResourceVSphereVirtualDisk_withParent","Elapsed":0.01}
{"Time":"2025-05-14T18:43:48.127055+03:00","Action":"run","Package":"github.com/vmware/terraform-provider-vsphere/vsphere","Test":"TestAccResourceVSphereVmClass_basic"}
{"Time":"2025-05-14T18:43:48.127058+03:00","Action":"output","Package":"github.com/vmware/terraform-provider-vsphere/vsphere","Test":"TestAccResourceVSphereVmClass_basic","Output":"=== RUN   TestAccResourceVSphereVmClass_basic\n"}
{"Time":"2025-05-14T18:43:48.127091+03:00","Action":"output","Package":"github.com/vmware/terraform-provider-vsphere/vsphere","Test":"TestAccResourceVSphereVmClass_basic","Output":"    provider_test.go:48: \n"}
{"Time":"2025-05-14T18:43:48.127105+03:00","Action":"output","Package":"github.com/vmware/terraform-provider-vsphere/vsphere","Test":"TestAccResourceVSphereVmClass_basic","Output":"--- SKIP: TestAccResourceVSphereVmClass_basic (0.00s)\n"}
{"Time":"2025-05-14T18:43:48.127113+03:00","Action":"skip","Package":"github.com/vmware/terraform-provider-vsphere/vsphere","Test":"TestAccResourceVSphereVmClass_basic","Elapsed":0}
{"Time":"2025-05-14T18:43:48.127118+03:00","Action":"run","Package":"github.com/vmware/terraform-provider-vsphere/vsphere","Test":"TestAccResourceVSphereVmClass_vgpu"}
{"Time":"2025-05-14T18:43:48.127125+03:00","Action":"output","Package":"github.com/vmware/terraform-provider-vsphere/vsphere","Test":"TestAccResourceVSphereVmClass_vgpu","Output":"=== RUN   TestAccResourceVSphereVmClass_vgpu\n"}
{"Time":"2025-05-14T18:43:48.127175+03:00","Action":"output","Package":"github.com/vmware/terraform-provider-vsphere/vsphere","Test":"TestAccResourceVSphereVmClass_vgpu","Output":"    provider_test.go:48: \n"}
{"Time":"2025-05-14T18:43:48.127201+03:00","Action":"output","Package":"github.com/vmware/terraform-provider-vsphere/vsphere","Test":"TestAccResourceVSphereVmClass_vgpu","Output":"--- SKIP: TestAccResourceVSphereVmClass_vgpu (0.00s)\n"}
{"Time":"2025-05-14T18:43:48.12721+03:00","Action":"skip","Package":"github.com/vmware/terraform-provider-vsphere/vsphere","Test":"TestAccResourceVSphereVmClass_vgpu","Elapsed":0}
{"Time":"2025-05-14T18:43:48.127216+03:00","Action":"run","Package":"github.com/vmware/terraform-provider-vsphere/vsphere","Test":"TestVSphereVirtualMachine_migrateStateV1"}
{"Time":"2025-05-14T18:43:48.12722+03:00","Action":"output","Package":"github.com/vmware/terraform-provider-vsphere/vsphere","Test":"TestVSphereVirtualMachine_migrateStateV1","Output":"=== RUN   TestVSphereVirtualMachine_migrateStateV1\n"}
{"Time":"2025-05-14T18:43:48.127418+03:00","Action":"output","Package":"github.com/vmware/terraform-provider-vsphere/vsphere","Test":"TestVSphereVirtualMachine_migrateStateV1","Output":"--- PASS: TestVSphereVirtualMachine_migrateStateV1 (0.00s)\n"}
{"Time":"2025-05-14T18:43:48.127431+03:00","Action":"pass","Package":"github.com/vmware/terraform-provider-vsphere/vsphere","Test":"TestVSphereVirtualMachine_migrateStateV1","Elapsed":0}
{"Time":"2025-05-14T18:43:48.127456+03:00","Action":"run","Package":"github.com/vmware/terraform-provider-vsphere/vsphere","Test":"TestAccResourceVSphereVirtualMachine_migrateStateV3_fromV2"}
{"Time":"2025-05-14T18:43:48.12746+03:00","Action":"output","Package":"github.com/vmware/terraform-provider-vsphere/vsphere","Test":"TestAccResourceVSphereVirtualMachine_migrateStateV3_fromV2","Output":"=== RUN   TestAccResourceVSphereVirtualMachine_migrateStateV3_fromV2\n"}
{"Time":"2025-05-14T18:43:48.127467+03:00","Action":"output","Package":"github.com/vmware/terraform-provider-vsphere/vsphere","Test":"TestAccResourceVSphereVirtualMachine_migrateStateV3_fromV2","Output":"    resource_vsphere_virtual_machine_migrate_test.go:26: set TF_VAR_VSPHERE_VM_V1_PATH to run vsphere_virtual_machine state migration tests\n"}
{"Time":"2025-05-14T18:43:48.127475+03:00","Action":"output","Package":"github.com/vmware/terraform-provider-vsphere/vsphere","Test":"TestAccResourceVSphereVirtualMachine_migrateStateV3_fromV2","Output":"--- SKIP: TestAccResourceVSphereVirtualMachine_migrateStateV3_fromV2 (0.00s)\n"}
{"Time":"2025-05-14T18:43:48.127507+03:00","Action":"skip","Package":"github.com/vmware/terraform-provider-vsphere/vsphere","Test":"TestAccResourceVSphereVirtualMachine_migrateStateV3_fromV2","Elapsed":0}
{"Time":"2025-05-14T18:43:48.127518+03:00","Action":"run","Package":"github.com/vmware/terraform-provider-vsphere/vsphere","Test":"TestAccResourceVSphereVirtualMachine_migrateStateV3FromV1"}
{"Time":"2025-05-14T18:43:48.127522+03:00","Action":"output","Package":"github.com/vmware/terraform-provider-vsphere/vsphere","Test":"TestAccResourceVSphereVirtualMachine_migrateStateV3FromV1","Output":"=== RUN   TestAccResourceVSphereVirtualMachine_migrateStateV3FromV1\n"}
{"Time":"2025-05-14T18:43:48.127526+03:00","Action":"output","Package":"github.com/vmware/terraform-provider-vsphere/vsphere","Test":"TestAccResourceVSphereVirtualMachine_migrateStateV3FromV1","Output":"    resource_vsphere_virtual_machine_migrate_test.go:26: set TF_VAR_VSPHERE_VM_V1_PATH to run vsphere_virtual_machine state migration tests\n"}
{"Time":"2025-05-14T18:43:48.127534+03:00","Action":"output","Package":"github.com/vmware/terraform-provider-vsphere/vsphere","Test":"TestAccResourceVSphereVirtualMachine_migrateStateV3FromV1","Output":"--- SKIP: TestAccResourceVSphereVirtualMachine_migrateStateV3FromV1 (0.00s)\n"}
{"Time":"2025-05-14T18:43:48.127557+03:00","Action":"skip","Package":"github.com/vmware/terraform-provider-vsphere/vsphere","Test":"TestAccResourceVSphereVirtualMachine_migrateStateV3FromV1","Elapsed":0}
{"Time":"2025-05-14T18:43:48.12756+03:00","Action":"run","Package":"github.com/vmware/terraform-provider-vsphere/vsphere","Test":"TestAccResourceVSphereVirtualMachine_migrateStateV2"}
{"Time":"2025-05-14T18:43:48.127563+03:00","Action":"output","Package":"github.com/vmware/terraform-provider-vsphere/vsphere","Test":"TestAccResourceVSphereVirtualMachine_migrateStateV2","Output":"=== RUN   TestAccResourceVSphereVirtualMachine_migrateStateV2\n"}
{"Time":"2025-05-14T18:43:48.127569+03:00","Action":"output","Package":"github.com/vmware/terraform-provider-vsphere/vsphere","Test":"TestAccResourceVSphereVirtualMachine_migrateStateV2","Output":"    resource_vsphere_virtual_machine_migrate_test.go:26: set TF_VAR_VSPHERE_VM_V1_PATH to run vsphere_virtual_machine state migration tests\n"}
{"Time":"2025-05-14T18:43:48.127573+03:00","Action":"output","Package":"github.com/vmware/terraform-provider-vsphere/vsphere","Test":"TestAccResourceVSphereVirtualMachine_migrateStateV2","Output":"--- SKIP: TestAccResourceVSphereVirtualMachine_migrateStateV2 (0.00s)\n"}
{"Time":"2025-05-14T18:43:48.127577+03:00","Action":"skip","Package":"github.com/vmware/terraform-provider-vsphere/vsphere","Test":"TestAccResourceVSphereVirtualMachine_migrateStateV2","Elapsed":0}
{"Time":"2025-05-14T18:43:48.12758+03:00","Action":"run","Package":"github.com/vmware/terraform-provider-vsphere/vsphere","Test":"TestComputeInstanceMigrateState_empty"}
{"Time":"2025-05-14T18:43:48.127585+03:00","Action":"output","Package":"github.com/vmware/terraform-provider-vsphere/vsphere","Test":"TestComputeInstanceMigrateState_empty","Output":"=== RUN   TestComputeInstanceMigrateState_empty\n"}
{"Time":"2025-05-14T18:43:48.127618+03:00","Action":"output","Package":"github.com/vmware/terraform-provider-vsphere/vsphere","Test":"TestComputeInstanceMigrateState_empty","Output":"--- PASS: TestComputeInstanceMigrateState_empty (0.00s)\n"}
{"Time":"2025-05-14T18:43:48.127623+03:00","Action":"pass","Package":"github.com/vmware/terraform-provider-vsphere/vsphere","Test":"TestComputeInstanceMigrateState_empty","Elapsed":0}
{"Time":"2025-05-14T18:43:48.127627+03:00","Action":"run","Package":"github.com/vmware/terraform-provider-vsphere/vsphere","Test":"TestAccResourceVSphereVirtualMachineSnapshot_basic"}
{"Time":"2025-05-14T18:43:48.12763+03:00","Action":"output","Package":"github.com/vmware/terraform-provider-vsphere/vsphere","Test":"TestAccResourceVSphereVirtualMachineSnapshot_basic","Output":"=== RUN   TestAccResourceVSphereVirtualMachineSnapshot_basic\n"}
{"Time":"2025-05-14T18:43:48.135922+03:00","Action":"output","Package":"github.com/vmware/terraform-provider-vsphere/vsphere","Test":"TestAccResourceVSphereVirtualMachineSnapshot_basic","Output":"    provider_test.go:48: \n"}
{"Time":"2025-05-14T18:43:48.135941+03:00","Action":"output","Package":"github.com/vmware/terraform-provider-vsphere/vsphere","Test":"TestAccResourceVSphereVirtualMachineSnapshot_basic","Output":"--- SKIP: TestAccResourceVSphereVirtualMachineSnapshot_basic (0.01s)\n"}
{"Time":"2025-05-14T18:43:48.135947+03:00","Action":"skip","Package":"github.com/vmware/terraform-provider-vsphere/vsphere","Test":"TestAccResourceVSphereVirtualMachineSnapshot_basic","Elapsed":0.01}
{"Time":"2025-05-14T18:43:48.135952+03:00","Action":"run","Package":"github.com/vmware/terraform-provider-vsphere/vsphere","Test":"TestAccResourceVSphereVirtualMachine_basic"}
{"Time":"2025-05-14T18:43:48.135971+03:00","Action":"output","Package":"github.com/vmware/terraform-provider-vsphere/vsphere","Test":"TestAccResourceVSphereVirtualMachine_basic","Output":"=== RUN   TestAccResourceVSphereVirtualMachine_basic\n"}
{"Time":"2025-05-14T18:43:48.145493+03:00","Action":"output","Package":"github.com/vmware/terraform-provider-vsphere/vsphere","Test":"TestAccResourceVSphereVirtualMachine_basic","Output":"    provider_test.go:48: \n"}
{"Time":"2025-05-14T18:43:48.145506+03:00","Action":"output","Package":"github.com/vmware/terraform-provider-vsphere/vsphere","Test":"TestAccResourceVSphereVirtualMachine_basic","Output":"--- SKIP: TestAccResourceVSphereVirtualMachine_basic (0.01s)\n"}
{"Time":"2025-05-14T18:43:48.145512+03:00","Action":"skip","Package":"github.com/vmware/terraform-provider-vsphere/vsphere","Test":"TestAccResourceVSphereVirtualMachine_basic","Elapsed":0.01}
{"Time":"2025-05-14T18:43:48.145516+03:00","Action":"run","Package":"github.com/vmware/terraform-provider-vsphere/vsphere","Test":"TestAccResourceVSphereVirtualMachine_hardwareVersionBare"}
{"Time":"2025-05-14T18:43:48.145518+03:00","Action":"output","Package":"github.com/vmware/terraform-provider-vsphere/vsphere","Test":"TestAccResourceVSphereVirtualMachine_hardwareVersionBare","Output":"=== RUN   TestAccResourceVSphereVirtualMachine_hardwareVersionBare\n"}
{"Time":"2025-05-14T18:43:48.155737+03:00","Action":"output","Package":"github.com/vmware/terraform-provider-vsphere/vsphere","Test":"TestAccResourceVSphereVirtualMachine_hardwareVersionBare","Output":"    provider_test.go:48: \n"}
{"Time":"2025-05-14T18:43:48.155748+03:00","Action":"output","Package":"github.com/vmware/terraform-provider-vsphere/vsphere","Test":"TestAccResourceVSphereVirtualMachine_hardwareVersionBare","Output":"--- SKIP: TestAccResourceVSphereVirtualMachine_hardwareVersionBare (0.01s)\n"}
{"Time":"2025-05-14T18:43:48.155755+03:00","Action":"skip","Package":"github.com/vmware/terraform-provider-vsphere/vsphere","Test":"TestAccResourceVSphereVirtualMachine_hardwareVersionBare","Elapsed":0.01}
{"Time":"2025-05-14T18:43:48.155758+03:00","Action":"run","Package":"github.com/vmware/terraform-provider-vsphere/vsphere","Test":"TestAccResourceVSphereVirtualMachine_hardwareVersionUpgrade"}
{"Time":"2025-05-14T18:43:48.155763+03:00","Action":"output","Package":"github.com/vmware/terraform-provider-vsphere/vsphere","Test":"TestAccResourceVSphereVirtualMachine_hardwareVersionUpgrade","Output":"=== RUN   TestAccResourceVSphereVirtualMachine_hardwareVersionUpgrade\n"}
{"Time":"2025-05-14T18:43:48.165191+03:00","Action":"output","Package":"github.com/vmware/terraform-provider-vsphere/vsphere","Test":"TestAccResourceVSphereVirtualMachine_hardwareVersionUpgrade","Output":"    provider_test.go:48: \n"}
{"Time":"2025-05-14T18:43:48.165217+03:00","Action":"output","Package":"github.com/vmware/terraform-provider-vsphere/vsphere","Test":"TestAccResourceVSphereVirtualMachine_hardwareVersionUpgrade","Output":"--- SKIP: TestAccResourceVSphereVirtualMachine_hardwareVersionUpgrade (0.01s)\n"}
{"Time":"2025-05-14T18:43:48.165225+03:00","Action":"skip","Package":"github.com/vmware/terraform-provider-vsphere/vsphere","Test":"TestAccResourceVSphereVirtualMachine_hardwareVersionUpgrade","Elapsed":0.01}
{"Time":"2025-05-14T18:43:48.16523+03:00","Action":"run","Package":"github.com/vmware/terraform-provider-vsphere/vsphere","Test":"TestAccResourceVSphereVirtualMachine_hardwareVersionInvalidVersion"}
{"Time":"2025-05-14T18:43:48.165269+03:00","Action":"output","Package":"github.com/vmware/terraform-provider-vsphere/vsphere","Test":"TestAccResourceVSphereVirtualMachine_hardwareVersionInvalidVersion","Output":"=== RUN   TestAccResourceVSphereVirtualMachine_hardwareVersionInvalidVersion\n"}
{"Time":"2025-05-14T18:43:48.17778+03:00","Action":"output","Package":"github.com/vmware/terraform-provider-vsphere/vsphere","Test":"TestAccResourceVSphereVirtualMachine_hardwareVersionInvalidVersion","Output":"    provider_test.go:48: \n"}
{"Time":"2025-05-14T18:43:48.177793+03:00","Action":"output","Package":"github.com/vmware/terraform-provider-vsphere/vsphere","Test":"TestAccResourceVSphereVirtualMachine_hardwareVersionInvalidVersion","Output":"--- SKIP: TestAccResourceVSphereVirtualMachine_hardwareVersionInvalidVersion (0.01s)\n"}
{"Time":"2025-05-14T18:43:48.177798+03:00","Action":"skip","Package":"github.com/vmware/terraform-provider-vsphere/vsphere","Test":"TestAccResourceVSphereVirtualMachine_hardwareVersionInvalidVersion","Elapsed":0.01}
{"Time":"2025-05-14T18:43:48.177802+03:00","Action":"run","Package":"github.com/vmware/terraform-provider-vsphere/vsphere","Test":"TestAccResourceVSphereVirtualMachine_hardwareVersionDowngrade"}
{"Time":"2025-05-14T18:43:48.177805+03:00","Action":"output","Package":"github.com/vmware/terraform-provider-vsphere/vsphere","Test":"TestAccResourceVSphereVirtualMachine_hardwareVersionDowngrade","Output":"=== RUN   TestAccResourceVSphereVirtualMachine_hardwareVersionDowngrade\n"}
{"Time":"2025-05-14T18:43:48.190326+03:00","Action":"output","Package":"github.com/vmware/terraform-provider-vsphere/vsphere","Test":"TestAccResourceVSphereVirtualMachine_hardwareVersionDowngrade","Output":"    provider_test.go:48: \n"}
{"Time":"2025-05-14T18:43:48.190345+03:00","Action":"output","Package":"github.com/vmware/terraform-provider-vsphere/vsphere","Test":"TestAccResourceVSphereVirtualMachine_hardwareVersionDowngrade","Output":"--- SKIP: TestAccResourceVSphereVirtualMachine_hardwareVersionDowngrade (0.01s)\n"}
{"Time":"2025-05-14T18:43:48.190351+03:00","Action":"skip","Package":"github.com/vmware/terraform-provider-vsphere/vsphere","Test":"TestAccResourceVSphereVirtualMachine_hardwareVersionDowngrade","Elapsed":0.01}
{"Time":"2025-05-14T18:43:48.190355+03:00","Action":"run","Package":"github.com/vmware/terraform-provider-vsphere/vsphere","Test":"TestAccResourceVSphereVirtualMachine_hardwareVersionClone"}
{"Time":"2025-05-14T18:43:48.190358+03:00","Action":"output","Package":"github.com/vmware/terraform-provider-vsphere/vsphere","Test":"TestAccResourceVSphereVirtualMachine_hardwareVersionClone","Output":"=== RUN   TestAccResourceVSphereVirtualMachine_hardwareVersionClone\n"}
{"Time":"2025-05-14T18:43:48.199364+03:00","Action":"output","Package":"github.com/vmware/terraform-provider-vsphere/vsphere","Test":"TestAccResourceVSphereVirtualMachine_hardwareVersionClone","Output":"    provider_test.go:48: \n"}
{"Time":"2025-05-14T18:43:48.199374+03:00","Action":"output","Package":"github.com/vmware/terraform-provider-vsphere/vsphere","Test":"TestAccResourceVSphereVirtualMachine_hardwareVersionClone","Output":"--- SKIP: TestAccResourceVSphereVirtualMachine_hardwareVersionClone (0.01s)\n"}
{"Time":"2025-05-14T18:43:48.199378+03:00","Action":"skip","Package":"github.com/vmware/terraform-provider-vsphere/vsphere","Test":"TestAccResourceVSphereVirtualMachine_hardwareVersionClone","Elapsed":0.01}
{"Time":"2025-05-14T18:43:48.199382+03:00","Action":"run","Package":"github.com/vmware/terraform-provider-vsphere/vsphere","Test":"TestAccResourceVSphereVirtualMachineContentLibrary_basic"}
{"Time":"2025-05-14T18:43:48.199386+03:00","Action":"output","Package":"github.com/vmware/terraform-provider-vsphere/vsphere","Test":"TestAccResourceVSphereVirtualMachineContentLibrary_basic","Output":"=== RUN   TestAccResourceVSphereVirtualMachineContentLibrary_basic\n"}
{"Time":"2025-05-14T18:43:48.210174+03:00","Action":"output","Package":"github.com/vmware/terraform-provider-vsphere/vsphere","Test":"TestAccResourceVSphereVirtualMachineContentLibrary_basic","Output":"    provider_test.go:48: \n"}
{"Time":"2025-05-14T18:43:48.210186+03:00","Action":"output","Package":"github.com/vmware/terraform-provider-vsphere/vsphere","Test":"TestAccResourceVSphereVirtualMachineContentLibrary_basic","Output":"--- SKIP: TestAccResourceVSphereVirtualMachineContentLibrary_basic (0.01s)\n"}
{"Time":"2025-05-14T18:43:48.210191+03:00","Action":"skip","Package":"github.com/vmware/terraform-provider-vsphere/vsphere","Test":"TestAccResourceVSphereVirtualMachineContentLibrary_basic","Elapsed":0.01}
{"Time":"2025-05-14T18:43:48.210195+03:00","Action":"run","Package":"github.com/vmware/terraform-provider-vsphere/vsphere","Test":"TestAccResourceVSphereVirtualMachine_ignoreValidationOnComputedValue"}
{"Time":"2025-05-14T18:43:48.210208+03:00","Action":"output","Package":"github.com/vmware/terraform-provider-vsphere/vsphere","Test":"TestAccResourceVSphereVirtualMachine_ignoreValidationOnComputedValue","Output":"=== RUN   TestAccResourceVSphereVirtualMachine_ignoreValidationOnComputedValue\n"}
{"Time":"2025-05-14T18:43:48.221504+03:00","Action":"output","Package":"github.com/vmware/terraform-provider-vsphere/vsphere","Test":"TestAccResourceVSphereVirtualMachine_ignoreValidationOnComputedValue","Output":"    provider_test.go:48: \n"}
{"Time":"2025-05-14T18:43:48.221515+03:00","Action":"output","Package":"github.com/vmware/terraform-provider-vsphere/vsphere","Test":"TestAccResourceVSphereVirtualMachine_ignoreValidationOnComputedValue","Output":"--- SKIP: TestAccResourceVSphereVirtualMachine_ignoreValidationOnComputedValue (0.01s)\n"}
{"Time":"2025-05-14T18:43:48.22152+03:00","Action":"skip","Package":"github.com/vmware/terraform-provider-vsphere/vsphere","Test":"TestAccResourceVSphereVirtualMachine_ignoreValidationOnComputedValue","Elapsed":0.01}
{"Time":"2025-05-14T18:43:48.221524+03:00","Action":"run","Package":"github.com/vmware/terraform-provider-vsphere/vsphere","Test":"TestAccResourceVSphereVirtualMachine_highLatencySensitivity"}
{"Time":"2025-05-14T18:43:48.221528+03:00","Action":"output","Package":"github.com/vmware/terraform-provider-vsphere/vsphere","Test":"TestAccResourceVSphereVirtualMachine_highLatencySensitivity","Output":"=== RUN   TestAccResourceVSphereVirtualMachine_highLatencySensitivity\n"}
{"Time":"2025-05-14T18:43:48.232082+03:00","Action":"output","Package":"github.com/vmware/terraform-provider-vsphere/vsphere","Test":"TestAccResourceVSphereVirtualMachine_highLatencySensitivity","Output":"    provider_test.go:48: \n"}
{"Time":"2025-05-14T18:43:48.232108+03:00","Action":"output","Package":"github.com/vmware/terraform-provider-vsphere/vsphere","Test":"TestAccResourceVSphereVirtualMachine_highLatencySensitivity","Output":"--- SKIP: TestAccResourceVSphereVirtualMachine_highLatencySensitivity (0.01s)\n"}
{"Time":"2025-05-14T18:43:48.232112+03:00","Action":"skip","Package":"github.com/vmware/terraform-provider-vsphere/vsphere","Test":"TestAccResourceVSphereVirtualMachine_highLatencySensitivity","Elapsed":0.01}
{"Time":"2025-05-14T18:43:48.232117+03:00","Action":"run","Package":"github.com/vmware/terraform-provider-vsphere/vsphere","Test":"TestAccResourceVSphereVirtualMachine_ESXiOnly"}
{"Time":"2025-05-14T18:43:48.232124+03:00","Action":"output","Package":"github.com/vmware/terraform-provider-vsphere/vsphere","Test":"TestAccResourceVSphereVirtualMachine_ESXiOnly","Output":"=== RUN   TestAccResourceVSphereVirtualMachine_ESXiOnly\n"}
{"Time":"2025-05-14T18:43:48.242932+03:00","Action":"output","Package":"github.com/vmware/terraform-provider-vsphere/vsphere","Test":"TestAccResourceVSphereVirtualMachine_ESXiOnly","Output":"    provider_test.go:48: \n"}
{"Time":"2025-05-14T18:43:48.242944+03:00","Action":"output","Package":"github.com/vmware/terraform-provider-vsphere/vsphere","Test":"TestAccResourceVSphereVirtualMachine_ESXiOnly","Output":"--- SKIP: TestAccResourceVSphereVirtualMachine_ESXiOnly (0.01s)\n"}
{"Time":"2025-05-14T18:43:48.242949+03:00","Action":"skip","Package":"github.com/vmware/terraform-provider-vsphere/vsphere","Test":"TestAccResourceVSphereVirtualMachine_ESXiOnly","Elapsed":0.01}
{"Time":"2025-05-14T18:43:48.242953+03:00","Action":"run","Package":"github.com/vmware/terraform-provider-vsphere/vsphere","Test":"TestAccResourceVSphereVirtualMachine_shutdownOK"}
{"Time":"2025-05-14T18:43:48.242956+03:00","Action":"output","Package":"github.com/vmware/terraform-provider-vsphere/vsphere","Test":"TestAccResourceVSphereVirtualMachine_shutdownOK","Output":"=== RUN   TestAccResourceVSphereVirtualMachine_shutdownOK\n"}
{"Time":"2025-05-14T18:43:48.25616+03:00","Action":"output","Package":"github.com/vmware/terraform-provider-vsphere/vsphere","Test":"TestAccResourceVSphereVirtualMachine_shutdownOK","Output":"    provider_test.go:48: \n"}
{"Time":"2025-05-14T18:43:48.256169+03:00","Action":"output","Package":"github.com/vmware/terraform-provider-vsphere/vsphere","Test":"TestAccResourceVSphereVirtualMachine_shutdownOK","Output":"--- SKIP: TestAccResourceVSphereVirtualMachine_shutdownOK (0.01s)\n"}
{"Time":"2025-05-14T18:43:48.256174+03:00","Action":"skip","Package":"github.com/vmware/terraform-provider-vsphere/vsphere","Test":"TestAccResourceVSphereVirtualMachine_shutdownOK","Elapsed":0.01}
{"Time":"2025-05-14T18:43:48.256177+03:00","Action":"run","Package":"github.com/vmware/terraform-provider-vsphere/vsphere","Test":"TestAccResourceVSphereVirtualMachine_reCreateOnDeletion"}
{"Time":"2025-05-14T18:43:48.25618+03:00","Action":"output","Package":"github.com/vmware/terraform-provider-vsphere/vsphere","Test":"TestAccResourceVSphereVirtualMachine_reCreateOnDeletion","Output":"=== RUN   TestAccResourceVSphereVirtualMachine_reCreateOnDeletion\n"}
{"Time":"2025-05-14T18:43:48.266971+03:00","Action":"output","Package":"github.com/vmware/terraform-provider-vsphere/vsphere","Test":"TestAccResourceVSphereVirtualMachine_reCreateOnDeletion","Output":"    provider_test.go:48: \n"}
{"Time":"2025-05-14T18:43:48.26698+03:00","Action":"output","Package":"github.com/vmware/terraform-provider-vsphere/vsphere","Test":"TestAccResourceVSphereVirtualMachine_reCreateOnDeletion","Output":"--- SKIP: TestAccResourceVSphereVirtualMachine_reCreateOnDeletion (0.01s)\n"}
{"Time":"2025-05-14T18:43:48.266985+03:00","Action":"skip","Package":"github.com/vmware/terraform-provider-vsphere/vsphere","Test":"TestAccResourceVSphereVirtualMachine_reCreateOnDeletion","Elapsed":0.01}
{"Time":"2025-05-14T18:43:48.266988+03:00","Action":"run","Package":"github.com/vmware/terraform-provider-vsphere/vsphere","Test":"TestAccResourceVSphereVirtualMachine_multiDevice"}
{"Time":"2025-05-14T18:43:48.266991+03:00","Action":"output","Package":"github.com/vmware/terraform-provider-vsphere/vsphere","Test":"TestAccResourceVSphereVirtualMachine_multiDevice","Output":"=== RUN   TestAccResourceVSphereVirtualMachine_multiDevice\n"}
{"Time":"2025-05-14T18:43:48.277688+03:00","Action":"output","Package":"github.com/vmware/terraform-provider-vsphere/vsphere","Test":"TestAccResourceVSphereVirtualMachine_multiDevice","Output":"    provider_test.go:48: \n"}
{"Time":"2025-05-14T18:43:48.277699+03:00","Action":"output","Package":"github.com/vmware/terraform-provider-vsphere/vsphere","Test":"TestAccResourceVSphereVirtualMachine_multiDevice","Output":"--- SKIP: TestAccResourceVSphereVirtualMachine_multiDevice (0.01s)\n"}
{"Time":"2025-05-14T18:43:48.277704+03:00","Action":"skip","Package":"github.com/vmware/terraform-provider-vsphere/vsphere","Test":"TestAccResourceVSphereVirtualMachine_multiDevice","Elapsed":0.01}
{"Time":"2025-05-14T18:43:48.277707+03:00","Action":"run","Package":"github.com/vmware/terraform-provider-vsphere/vsphere","Test":"TestAccResourceVSphereVirtualMachine_addDevices"}
{"Time":"2025-05-14T18:43:48.27771+03:00","Action":"output","Package":"github.com/vmware/terraform-provider-vsphere/vsphere","Test":"TestAccResourceVSphereVirtualMachine_addDevices","Output":"=== RUN   TestAccResourceVSphereVirtualMachine_addDevices\n"}
{"Time":"2025-05-14T18:43:48.288768+03:00","Action":"output","Package":"github.com/vmware/terraform-provider-vsphere/vsphere","Test":"TestAccResourceVSphereVirtualMachine_addDevices","Output":"    provider_test.go:48: \n"}
{"Time":"2025-05-14T18:43:48.288777+03:00","Action":"output","Package":"github.com/vmware/terraform-provider-vsphere/vsphere","Test":"TestAccResourceVSphereVirtualMachine_addDevices","Output":"--- SKIP: TestAccResourceVSphereVirtualMachine_addDevices (0.01s)\n"}
{"Time":"2025-05-14T18:43:48.288782+03:00","Action":"skip","Package":"github.com/vmware/terraform-provider-vsphere/vsphere","Test":"TestAccResourceVSphereVirtualMachine_addDevices","Elapsed":0.01}
{"Time":"2025-05-14T18:43:48.288785+03:00","Action":"run","Package":"github.com/vmware/terraform-provider-vsphere/vsphere","Test":"TestAccResourceVSphereVirtualMachine_removeMiddleDevices"}
{"Time":"2025-05-14T18:43:48.288788+03:00","Action":"output","Package":"github.com/vmware/terraform-provider-vsphere/vsphere","Test":"TestAccResourceVSphereVirtualMachine_removeMiddleDevices","Output":"=== RUN   TestAccResourceVSphereVirtualMachine_removeMiddleDevices\n"}
{"Time":"2025-05-14T18:43:48.299487+03:00","Action":"output","Package":"github.com/vmware/terraform-provider-vsphere/vsphere","Test":"TestAccResourceVSphereVirtualMachine_removeMiddleDevices","Output":"    provider_test.go:48: \n"}
{"Time":"2025-05-14T18:43:48.2995+03:00","Action":"output","Package":"github.com/vmware/terraform-provider-vsphere/vsphere","Test":"TestAccResourceVSphereVirtualMachine_removeMiddleDevices","Output":"--- SKIP: TestAccResourceVSphereVirtualMachine_removeMiddleDevices (0.01s)\n"}
{"Time":"2025-05-14T18:43:48.299505+03:00","Action":"skip","Package":"github.com/vmware/terraform-provider-vsphere/vsphere","Test":"TestAccResourceVSphereVirtualMachine_removeMiddleDevices","Elapsed":0.01}
{"Time":"2025-05-14T18:43:48.299509+03:00","Action":"run","Package":"github.com/vmware/terraform-provider-vsphere/vsphere","Test":"TestAccResourceVSphereVirtualMachine_removeMiddleDevicesChangeDiskUnit"}
{"Time":"2025-05-14T18:43:48.299522+03:00","Action":"output","Package":"github.com/vmware/terraform-provider-vsphere/vsphere","Test":"TestAccResourceVSphereVirtualMachine_removeMiddleDevicesChangeDiskUnit","Output":"=== RUN   TestAccResourceVSphereVirtualMachine_removeMiddleDevicesChangeDiskUnit\n"}
{"Time":"2025-05-14T18:43:48.310913+03:00","Action":"output","Package":"github.com/vmware/terraform-provider-vsphere/vsphere","Test":"TestAccResourceVSphereVirtualMachine_removeMiddleDevicesChangeDiskUnit","Output":"    provider_test.go:48: \n"}
{"Time":"2025-05-14T18:43:48.310931+03:00","Action":"output","Package":"github.com/vmware/terraform-provider-vsphere/vsphere","Test":"TestAccResourceVSphereVirtualMachine_removeMiddleDevicesChangeDiskUnit","Output":"--- SKIP: TestAccResourceVSphereVirtualMachine_removeMiddleDevicesChangeDiskUnit (0.01s)\n"}
{"Time":"2025-05-14T18:43:48.310935+03:00","Action":"skip","Package":"github.com/vmware/terraform-provider-vsphere/vsphere","Test":"TestAccResourceVSphereVirtualMachine_removeMiddleDevicesChangeDiskUnit","Elapsed":0.01}
{"Time":"2025-05-14T18:43:48.310939+03:00","Action":"run","Package":"github.com/vmware/terraform-provider-vsphere/vsphere","Test":"TestAccResourceVSphereVirtualMachine_highDiskUnitNumbers"}
{"Time":"2025-05-14T18:43:48.310943+03:00","Action":"output","Package":"github.com/vmware/terraform-provider-vsphere/vsphere","Test":"TestAccResourceVSphereVirtualMachine_highDiskUnitNumbers","Output":"=== RUN   TestAccResourceVSphereVirtualMachine_highDiskUnitNumbers\n"}
{"Time":"2025-05-14T18:43:48.320605+03:00","Action":"output","Package":"github.com/vmware/terraform-provider-vsphere/vsphere","Test":"TestAccResourceVSphereVirtualMachine_highDiskUnitNumbers","Output":"    provider_test.go:48: \n"}
{"Time":"2025-05-14T18:43:48.320614+03:00","Action":"output","Package":"github.com/vmware/terraform-provider-vsphere/vsphere","Test":"TestAccResourceVSphereVirtualMachine_highDiskUnitNumbers","Output":"--- SKIP: TestAccResourceVSphereVirtualMachine_highDiskUnitNumbers (0.01s)\n"}
{"Time":"2025-05-14T18:43:48.320631+03:00","Action":"skip","Package":"github.com/vmware/terraform-provider-vsphere/vsphere","Test":"TestAccResourceVSphereVirtualMachine_highDiskUnitNumbers","Elapsed":0.01}
{"Time":"2025-05-14T18:43:48.320635+03:00","Action":"run","Package":"github.com/vmware/terraform-provider-vsphere/vsphere","Test":"TestAccResourceVSphereVirtualMachine_highDiskUnitInsufficientBus"}
{"Time":"2025-05-14T18:43:48.320638+03:00","Action":"output","Package":"github.com/vmware/terraform-provider-vsphere/vsphere","Test":"TestAccResourceVSphereVirtualMachine_highDiskUnitInsufficientBus","Output":"=== RUN   TestAccResourceVSphereVirtualMachine_highDiskUnitInsufficientBus\n"}
{"Time":"2025-05-14T18:43:48.332785+03:00","Action":"output","Package":"github.com/vmware/terraform-provider-vsphere/vsphere","Test":"TestAccResourceVSphereVirtualMachine_highDiskUnitInsufficientBus","Output":"    provider_test.go:48: \n"}
{"Time":"2025-05-14T18:43:48.332796+03:00","Action":"output","Package":"github.com/vmware/terraform-provider-vsphere/vsphere","Test":"TestAccResourceVSphereVirtualMachine_highDiskUnitInsufficientBus","Output":"--- SKIP: TestAccResourceVSphereVirtualMachine_highDiskUnitInsufficientBus (0.01s)\n"}
{"Time":"2025-05-14T18:43:48.332806+03:00","Action":"skip","Package":"github.com/vmware/terraform-provider-vsphere/vsphere","Test":"TestAccResourceVSphereVirtualMachine_highDiskUnitInsufficientBus","Elapsed":0.01}
{"Time":"2025-05-14T18:43:48.332821+03:00","Action":"run","Package":"github.com/vmware/terraform-provider-vsphere/vsphere","Test":"TestAccResourceVSphereVirtualMachine_highDiskUnitsToRegularSingleController"}
{"Time":"2025-05-14T18:43:48.332827+03:00","Action":"output","Package":"github.com/vmware/terraform-provider-vsphere/vsphere","Test":"TestAccResourceVSphereVirtualMachine_highDiskUnitsToRegularSingleController","Output":"=== RUN   TestAccResourceVSphereVirtualMachine_highDiskUnitsToRegularSingleController\n"}
{"Time":"2025-05-14T18:43:48.35197+03:00","Action":"output","Package":"github.com/vmware/terraform-provider-vsphere/vsphere","Test":"TestAccResourceVSphereVirtualMachine_highDiskUnitsToRegularSingleController","Output":"    provider_test.go:48: \n"}
{"Time":"2025-05-14T18:43:48.35199+03:00","Action":"output","Package":"github.com/vmware/terraform-provider-vsphere/vsphere","Test":"TestAccResourceVSphereVirtualMachine_highDiskUnitsToRegularSingleController","Output":"--- SKIP: TestAccResourceVSphereVirtualMachine_highDiskUnitsToRegularSingleController (0.02s)\n"}
{"Time":"2025-05-14T18:43:48.352036+03:00","Action":"skip","Package":"github.com/vmware/terraform-provider-vsphere/vsphere","Test":"TestAccResourceVSphereVirtualMachine_highDiskUnitsToRegularSingleController","Elapsed":0.02}
{"Time":"2025-05-14T18:43:48.352108+03:00","Action":"run","Package":"github.com/vmware/terraform-provider-vsphere/vsphere","Test":"TestAccResourceVSphereVirtualMachine_scsiBusSharing"}
{"Time":"2025-05-14T18:43:48.352113+03:00","Action":"output","Package":"github.com/vmware/terraform-provider-vsphere/vsphere","Test":"TestAccResourceVSphereVirtualMachine_scsiBusSharing","Output":"=== RUN   TestAccResourceVSphereVirtualMachine_scsiBusSharing\n"}
{"Time":"2025-05-14T18:43:48.363493+03:00","Action":"output","Package":"github.com/vmware/terraform-provider-vsphere/vsphere","Test":"TestAccResourceVSphereVirtualMachine_scsiBusSharing","Output":"    provider_test.go:48: \n"}
{"Time":"2025-05-14T18:43:48.363546+03:00","Action":"output","Package":"github.com/vmware/terraform-provider-vsphere/vsphere","Test":"TestAccResourceVSphereVirtualMachine_scsiBusSharing","Output":"--- SKIP: TestAccResourceVSphereVirtualMachine_scsiBusSharing (0.01s)\n"}
{"Time":"2025-05-14T18:43:48.363612+03:00","Action":"skip","Package":"github.com/vmware/terraform-provider-vsphere/vsphere","Test":"TestAccResourceVSphereVirtualMachine_scsiBusSharing","Elapsed":0.01}
{"Time":"2025-05-14T18:43:48.363621+03:00","Action":"run","Package":"github.com/vmware/terraform-provider-vsphere/vsphere","Test":"TestAccResourceVSphereVirtualMachine_scsiBusSharingUpdate"}
{"Time":"2025-05-14T18:43:48.363625+03:00","Action":"output","Package":"github.com/vmware/terraform-provider-vsphere/vsphere","Test":"TestAccResourceVSphereVirtualMachine_scsiBusSharingUpdate","Output":"=== RUN   TestAccResourceVSphereVirtualMachine_scsiBusSharingUpdate\n"}
{"Time":"2025-05-14T18:43:48.380785+03:00","Action":"output","Package":"github.com/vmware/terraform-provider-vsphere/vsphere","Test":"TestAccResourceVSphereVirtualMachine_scsiBusSharingUpdate","Output":"    provider_test.go:48: \n"}
{"Time":"2025-05-14T18:43:48.380826+03:00","Action":"output","Package":"github.com/vmware/terraform-provider-vsphere/vsphere","Test":"TestAccResourceVSphereVirtualMachine_scsiBusSharingUpdate","Output":"--- SKIP: TestAccResourceVSphereVirtualMachine_scsiBusSharingUpdate (0.02s)\n"}
{"Time":"2025-05-14T18:43:48.380837+03:00","Action":"skip","Package":"github.com/vmware/terraform-provider-vsphere/vsphere","Test":"TestAccResourceVSphereVirtualMachine_scsiBusSharingUpdate","Elapsed":0.02}
{"Time":"2025-05-14T18:43:48.380845+03:00","Action":"run","Package":"github.com/vmware/terraform-provider-vsphere/vsphere","Test":"TestAccResourceVSphereVirtualMachine_disksKeepOnRemove"}
{"Time":"2025-05-14T18:43:48.380849+03:00","Action":"output","Package":"github.com/vmware/terraform-provider-vsphere/vsphere","Test":"TestAccResourceVSphereVirtualMachine_disksKeepOnRemove","Output":"=== RUN   TestAccResourceVSphereVirtualMachine_disksKeepOnRemove\n"}
{"Time":"2025-05-14T18:43:48.394679+03:00","Action":"output","Package":"github.com/vmware/terraform-provider-vsphere/vsphere","Test":"TestAccResourceVSphereVirtualMachine_disksKeepOnRemove","Output":"    provider_test.go:48: \n"}
{"Time":"2025-05-14T18:43:48.394697+03:00","Action":"output","Package":"github.com/vmware/terraform-provider-vsphere/vsphere","Test":"TestAccResourceVSphereVirtualMachine_disksKeepOnRemove","Output":"--- SKIP: TestAccResourceVSphereVirtualMachine_disksKeepOnRemove (0.01s)\n"}
{"Time":"2025-05-14T18:43:48.394704+03:00","Action":"skip","Package":"github.com/vmware/terraform-provider-vsphere/vsphere","Test":"TestAccResourceVSphereVirtualMachine_disksKeepOnRemove","Elapsed":0.01}
{"Time":"2025-05-14T18:43:48.394707+03:00","Action":"run","Package":"github.com/vmware/terraform-provider-vsphere/vsphere","Test":"TestAccResourceVSphereVirtualMachine_cdromClientMapping"}
{"Time":"2025-05-14T18:43:48.39471+03:00","Action":"output","Package":"github.com/vmware/terraform-provider-vsphere/vsphere","Test":"TestAccResourceVSphereVirtualMachine_cdromClientMapping","Output":"=== RUN   TestAccResourceVSphereVirtualMachine_cdromClientMapping\n"}
{"Time":"2025-05-14T18:43:48.400958+03:00","Action":"output","Package":"github.com/vmware/terraform-provider-vsphere/vsphere","Test":"TestAccResourceVSphereVirtualMachine_cdromClientMapping","Output":"    provider_test.go:48: \n"}
{"Time":"2025-05-14T18:43:48.400971+03:00","Action":"output","Package":"github.com/vmware/terraform-provider-vsphere/vsphere","Test":"TestAccResourceVSphereVirtualMachine_cdromClientMapping","Output":"--- SKIP: TestAccResourceVSphereVirtualMachine_cdromClientMapping (0.01s)\n"}
{"Time":"2025-05-14T18:43:48.400978+03:00","Action":"skip","Package":"github.com/vmware/terraform-provider-vsphere/vsphere","Test":"TestAccResourceVSphereVirtualMachine_cdromClientMapping","Elapsed":0.01}
{"Time":"2025-05-14T18:43:48.400982+03:00","Action":"run","Package":"github.com/vmware/terraform-provider-vsphere/vsphere","Test":"TestAccResourceVSphereVirtualMachine_vAppIsoBasic"}
{"Time":"2025-05-14T18:43:48.400984+03:00","Action":"output","Package":"github.com/vmware/terraform-provider-vsphere/vsphere","Test":"TestAccResourceVSphereVirtualMachine_vAppIsoBasic","Output":"=== RUN   TestAccResourceVSphereVirtualMachine_vAppIsoBasic\n"}
{"Time":"2025-05-14T18:43:48.409504+03:00","Action":"output","Package":"github.com/vmware/terraform-provider-vsphere/vsphere","Test":"TestAccResourceVSphereVirtualMachine_vAppIsoBasic","Output":"    provider_test.go:48: \n"}
{"Time":"2025-05-14T18:43:48.409533+03:00","Action":"output","Package":"github.com/vmware/terraform-provider-vsphere/vsphere","Test":"TestAccResourceVSphereVirtualMachine_vAppIsoBasic","Output":"--- SKIP: TestAccResourceVSphereVirtualMachine_vAppIsoBasic (0.01s)\n"}
{"Time":"2025-05-14T18:43:48.409539+03:00","Action":"skip","Package":"github.com/vmware/terraform-provider-vsphere/vsphere","Test":"TestAccResourceVSphereVirtualMachine_vAppIsoBasic","Elapsed":0.01}
{"Time":"2025-05-14T18:43:48.409543+03:00","Action":"run","Package":"github.com/vmware/terraform-provider-vsphere/vsphere","Test":"TestAccResourceVSphereVirtualMachine_vAppIsoNoVApp"}
{"Time":"2025-05-14T18:43:48.409547+03:00","Action":"output","Package":"github.com/vmware/terraform-provider-vsphere/vsphere","Test":"TestAccResourceVSphereVirtualMachine_vAppIsoNoVApp","Output":"=== RUN   TestAccResourceVSphereVirtualMachine_vAppIsoNoVApp\n"}
{"Time":"2025-05-14T18:43:48.41951+03:00","Action":"output","Package":"github.com/vmware/terraform-provider-vsphere/vsphere","Test":"TestAccResourceVSphereVirtualMachine_vAppIsoNoVApp","Output":"    provider_test.go:48: \n"}
{"Time":"2025-05-14T18:43:48.419529+03:00","Action":"output","Package":"github.com/vmware/terraform-provider-vsphere/vsphere","Test":"TestAccResourceVSphereVirtualMachine_vAppIsoNoVApp","Output":"--- SKIP: TestAccResourceVSphereVirtualMachine_vAppIsoNoVApp (0.01s)\n"}
{"Time":"2025-05-14T18:43:48.419537+03:00","Action":"skip","Package":"github.com/vmware/terraform-provider-vsphere/vsphere","Test":"TestAccResourceVSphereVirtualMachine_vAppIsoNoVApp","Elapsed":0.01}
{"Time":"2025-05-14T18:43:48.419544+03:00","Action":"run","Package":"github.com/vmware/terraform-provider-vsphere/vsphere","Test":"TestAccResourceVSphereVirtualMachine_vAppIsoNoCdrom"}
{"Time":"2025-05-14T18:43:48.419549+03:00","Action":"output","Package":"github.com/vmware/terraform-provider-vsphere/vsphere","Test":"TestAccResourceVSphereVirtualMachine_vAppIsoNoCdrom","Output":"=== RUN   TestAccResourceVSphereVirtualMachine_vAppIsoNoCdrom\n"}
{"Time":"2025-05-14T18:43:48.431743+03:00","Action":"output","Package":"github.com/vmware/terraform-provider-vsphere/vsphere","Test":"TestAccResourceVSphereVirtualMachine_vAppIsoNoCdrom","Output":"    provider_test.go:48: \n"}
{"Time":"2025-05-14T18:43:48.431777+03:00","Action":"output","Package":"github.com/vmware/terraform-provider-vsphere/vsphere","Test":"TestAccResourceVSphereVirtualMachine_vAppIsoNoCdrom","Output":"--- SKIP: TestAccResourceVSphereVirtualMachine_vAppIsoNoCdrom (0.01s)\n"}
{"Time":"2025-05-14T18:43:48.431787+03:00","Action":"skip","Package":"github.com/vmware/terraform-provider-vsphere/vsphere","Test":"TestAccResourceVSphereVirtualMachine_vAppIsoNoCdrom","Elapsed":0.01}
{"Time":"2025-05-14T18:43:48.431796+03:00","Action":"run","Package":"github.com/vmware/terraform-provider-vsphere/vsphere","Test":"TestAccResourceVSphereVirtualMachine_vAppIsoConfigIsoIgnored"}
{"Time":"2025-05-14T18:43:48.431801+03:00","Action":"output","Package":"github.com/vmware/terraform-provider-vsphere/vsphere","Test":"TestAccResourceVSphereVirtualMachine_vAppIsoConfigIsoIgnored","Output":"=== RUN   TestAccResourceVSphereVirtualMachine_vAppIsoConfigIsoIgnored\n"}
{"Time":"2025-05-14T18:43:48.445665+03:00","Action":"output","Package":"github.com/vmware/terraform-provider-vsphere/vsphere","Test":"TestAccResourceVSphereVirtualMachine_vAppIsoConfigIsoIgnored","Output":"    provider_test.go:48: \n"}
{"Time":"2025-05-14T18:43:48.445693+03:00","Action":"output","Package":"github.com/vmware/terraform-provider-vsphere/vsphere","Test":"TestAccResourceVSphereVirtualMachine_vAppIsoConfigIsoIgnored","Output":"--- SKIP: TestAccResourceVSphereVirtualMachine_vAppIsoConfigIsoIgnored (0.01s)\n"}
{"Time":"2025-05-14T18:43:48.445701+03:00","Action":"skip","Package":"github.com/vmware/terraform-provider-vsphere/vsphere","Test":"TestAccResourceVSphereVirtualMachine_vAppIsoConfigIsoIgnored","Elapsed":0.01}
{"Time":"2025-05-14T18:43:48.445707+03:00","Action":"run","Package":"github.com/vmware/terraform-provider-vsphere/vsphere","Test":"TestAccResourceVSphereVirtualMachine_vAppIsoChangeCdromBacking"}
{"Time":"2025-05-14T18:43:48.445711+03:00","Action":"output","Package":"github.com/vmware/terraform-provider-vsphere/vsphere","Test":"TestAccResourceVSphereVirtualMachine_vAppIsoChangeCdromBacking","Output":"=== RUN   TestAccResourceVSphereVirtualMachine_vAppIsoChangeCdromBacking\n"}
{"Time":"2025-05-14T18:43:48.455951+03:00","Action":"output","Package":"github.com/vmware/terraform-provider-vsphere/vsphere","Test":"TestAccResourceVSphereVirtualMachine_vAppIsoChangeCdromBacking","Output":"    provider_test.go:48: \n"}
{"Time":"2025-05-14T18:43:48.456025+03:00","Action":"output","Package":"github.com/vmware/terraform-provider-vsphere/vsphere","Test":"TestAccResourceVSphereVirtualMachine_vAppIsoChangeCdromBacking","Output":"--- SKIP: TestAccResourceVSphereVirtualMachine_vAppIsoChangeCdromBacking (0.01s)\n"}
{"Time":"2025-05-14T18:43:48.456034+03:00","Action":"skip","Package":"github.com/vmware/terraform-provider-vsphere/vsphere","Test":"TestAccResourceVSphereVirtualMachine_vAppIsoChangeCdromBacking","Elapsed":0.01}
{"Time":"2025-05-14T18:43:48.456043+03:00","Action":"run","Package":"github.com/vmware/terraform-provider-vsphere/vsphere","Test":"TestAccResourceVSphereVirtualMachine_vAppIsoPoweredOffCdromRead"}
{"Time":"2025-05-14T18:43:48.456075+03:00","Action":"output","Package":"github.com/vmware/terraform-provider-vsphere/vsphere","Test":"TestAccResourceVSphereVirtualMachine_vAppIsoPoweredOffCdromRead","Output":"=== RUN   TestAccResourceVSphereVirtualMachine_vAppIsoPoweredOffCdromRead\n"}
{"Time":"2025-05-14T18:43:48.467835+03:00","Action":"output","Package":"github.com/vmware/terraform-provider-vsphere/vsphere","Test":"TestAccResourceVSphereVirtualMachine_vAppIsoPoweredOffCdromRead","Output":"    provider_test.go:48: \n"}
{"Time":"2025-05-14T18:43:48.467877+03:00","Action":"output","Package":"github.com/vmware/terraform-provider-vsphere/vsphere","Test":"TestAccResourceVSphereVirtualMachine_vAppIsoPoweredOffCdromRead","Output":"--- SKIP: TestAccResourceVSphereVirtualMachine_vAppIsoPoweredOffCdromRead (0.01s)\n"}
{"Time":"2025-05-14T18:43:48.469236+03:00","Action":"skip","Package":"github.com/vmware/terraform-provider-vsphere/vsphere","Test":"TestAccResourceVSphereVirtualMachine_vAppIsoPoweredOffCdromRead","Elapsed":0.01}
{"Time":"2025-05-14T18:43:48.469252+03:00","Action":"run","Package":"github.com/vmware/terraform-provider-vsphere/vsphere","Test":"TestAccResourceVSphereVirtualMachine_vvtdAndVbs"}
{"Time":"2025-05-14T18:43:48.469318+03:00","Action":"output","Package":"github.com/vmware/terraform-provider-vsphere/vsphere","Test":"TestAccResourceVSphereVirtualMachine_vvtdAndVbs","Output":"=== RUN   TestAccResourceVSphereVirtualMachine_vvtdAndVbs\n"}
{"Time":"2025-05-14T18:43:48.469327+03:00","Action":"output","Package":"github.com/vmware/terraform-provider-vsphere/vsphere","Test":"TestAccResourceVSphereVirtualMachine_vvtdAndVbs","Output":"    provider_test.go:48: \n"}
{"Time":"2025-05-14T18:43:48.469335+03:00","Action":"output","Package":"github.com/vmware/terraform-provider-vsphere/vsphere","Test":"TestAccResourceVSphereVirtualMachine_vvtdAndVbs","Output":"--- SKIP: TestAccResourceVSphereVirtualMachine_vvtdAndVbs (0.00s)\n"}
{"Time":"2025-05-14T18:43:48.469342+03:00","Action":"skip","Package":"github.com/vmware/terraform-provider-vsphere/vsphere","Test":"TestAccResourceVSphereVirtualMachine_vvtdAndVbs","Elapsed":0}
{"Time":"2025-05-14T18:43:48.469347+03:00","Action":"run","Package":"github.com/vmware/terraform-provider-vsphere/vsphere","Test":"TestAccResourceVSphereVirtualMachine_cdromNoParameters"}
{"Time":"2025-05-14T18:43:48.469352+03:00","Action":"output","Package":"github.com/vmware/terraform-provider-vsphere/vsphere","Test":"TestAccResourceVSphereVirtualMachine_cdromNoParameters","Output":"=== RUN   TestAccResourceVSphereVirtualMachine_cdromNoParameters\n"}
{"Time":"2025-05-14T18:43:48.479021+03:00","Action":"output","Package":"github.com/vmware/terraform-provider-vsphere/vsphere","Test":"TestAccResourceVSphereVirtualMachine_cdromNoParameters","Output":"    provider_test.go:48: \n"}
{"Time":"2025-05-14T18:43:48.479036+03:00","Action":"output","Package":"github.com/vmware/terraform-provider-vsphere/vsphere","Test":"TestAccResourceVSphereVirtualMachine_cdromNoParameters","Output":"--- SKIP: TestAccResourceVSphereVirtualMachine_cdromNoParameters (0.01s)\n"}
{"Time":"2025-05-14T18:43:48.479043+03:00","Action":"skip","Package":"github.com/vmware/terraform-provider-vsphere/vsphere","Test":"TestAccResourceVSphereVirtualMachine_cdromNoParameters","Elapsed":0.01}
{"Time":"2025-05-14T18:43:48.479048+03:00","Action":"run","Package":"github.com/vmware/terraform-provider-vsphere/vsphere","Test":"TestAccResourceVSphereVirtualMachine_cdromIsoBacking"}
{"Time":"2025-05-14T18:43:48.479052+03:00","Action":"output","Package":"github.com/vmware/terraform-provider-vsphere/vsphere","Test":"TestAccResourceVSphereVirtualMachine_cdromIsoBacking","Output":"=== RUN   TestAccResourceVSphereVirtualMachine_cdromIsoBacking\n"}
{"Time":"2025-05-14T18:43:48.490641+03:00","Action":"output","Package":"github.com/vmware/terraform-provider-vsphere/vsphere","Test":"TestAccResourceVSphereVirtualMachine_cdromIsoBacking","Output":"    provider_test.go:48: \n"}
{"Time":"2025-05-14T18:43:48.490654+03:00","Action":"output","Package":"github.com/vmware/terraform-provider-vsphere/vsphere","Test":"TestAccResourceVSphereVirtualMachine_cdromIsoBacking","Output":"--- SKIP: TestAccResourceVSphereVirtualMachine_cdromIsoBacking (0.01s)\n"}
{"Time":"2025-05-14T18:43:48.49066+03:00","Action":"skip","Package":"github.com/vmware/terraform-provider-vsphere/vsphere","Test":"TestAccResourceVSphereVirtualMachine_cdromIsoBacking","Elapsed":0.01}
{"Time":"2025-05-14T18:43:48.490665+03:00","Action":"run","Package":"github.com/vmware/terraform-provider-vsphere/vsphere","Test":"TestAccResourceVSphereVirtualMachine_cdromConflictingParameters"}
{"Time":"2025-05-14T18:43:48.490671+03:00","Action":"output","Package":"github.com/vmware/terraform-provider-vsphere/vsphere","Test":"TestAccResourceVSphereVirtualMachine_cdromConflictingParameters","Output":"=== RUN   TestAccResourceVSphereVirtualMachine_cdromConflictingParameters\n"}
{"Time":"2025-05-14T18:43:48.503339+03:00","Action":"output","Package":"github.com/vmware/terraform-provider-vsphere/vsphere","Test":"TestAccResourceVSphereVirtualMachine_cdromConflictingParameters","Output":"    provider_test.go:48: \n"}
{"Time":"2025-05-14T18:43:48.503389+03:00","Action":"output","Package":"github.com/vmware/terraform-provider-vsphere/vsphere","Test":"TestAccResourceVSphereVirtualMachine_cdromConflictingParameters","Output":"--- SKIP: TestAccResourceVSphereVirtualMachine_cdromConflictingParameters (0.01s)\n"}
{"Time":"2025-05-14T18:43:48.5034+03:00","Action":"skip","Package":"github.com/vmware/terraform-provider-vsphere/vsphere","Test":"TestAccResourceVSphereVirtualMachine_cdromConflictingParameters","Elapsed":0.01}
{"Time":"2025-05-14T18:43:48.503407+03:00","Action":"run","Package":"github.com/vmware/terraform-provider-vsphere/vsphere","Test":"TestAccResourceVSphereVirtualMachine_maximumNumberOfNICs"}
{"Time":"2025-05-14T18:43:48.503412+03:00","Action":"output","Package":"github.com/vmware/terraform-provider-vsphere/vsphere","Test":"TestAccResourceVSphereVirtualMachine_maximumNumberOfNICs","Output":"=== RUN   TestAccResourceVSphereVirtualMachine_maximumNumberOfNICs\n"}
{"Time":"2025-05-14T18:43:48.514611+03:00","Action":"output","Package":"github.com/vmware/terraform-provider-vsphere/vsphere","Test":"TestAccResourceVSphereVirtualMachine_maximumNumberOfNICs","Output":"    provider_test.go:48: \n"}
{"Time":"2025-05-14T18:43:48.514663+03:00","Action":"output","Package":"github.com/vmware/terraform-provider-vsphere/vsphere","Test":"TestAccResourceVSphereVirtualMachine_maximumNumberOfNICs","Output":"--- SKIP: TestAccResourceVSphereVirtualMachine_maximumNumberOfNICs (0.01s)\n"}
{"Time":"2025-05-14T18:43:48.514673+03:00","Action":"skip","Package":"github.com/vmware/terraform-provider-vsphere/vsphere","Test":"TestAccResourceVSphereVirtualMachine_maximumNumberOfNICs","Elapsed":0.01}
{"Time":"2025-05-14T18:43:48.514681+03:00","Action":"run","Package":"github.com/vmware/terraform-provider-vsphere/vsphere","Test":"TestAccResourceVSphereVirtualMachine_upgradeCPUAndRam"}
{"Time":"2025-05-14T18:43:48.514686+03:00","Action":"output","Package":"github.com/vmware/terraform-provider-vsphere/vsphere","Test":"TestAccResourceVSphereVirtualMachine_upgradeCPUAndRam","Output":"=== RUN   TestAccResourceVSphereVirtualMachine_upgradeCPUAndRam\n"}
{"Time":"2025-05-14T18:43:48.527842+03:00","Action":"output","Package":"github.com/vmware/terraform-provider-vsphere/vsphere","Test":"TestAccResourceVSphereVirtualMachine_upgradeCPUAndRam","Output":"    provider_test.go:48: \n"}
{"Time":"2025-05-14T18:43:48.527888+03:00","Action":"output","Package":"github.com/vmware/terraform-provider-vsphere/vsphere","Test":"TestAccResourceVSphereVirtualMachine_upgradeCPUAndRam","Output":"--- SKIP: TestAccResourceVSphereVirtualMachine_upgradeCPUAndRam (0.01s)\n"}
{"Time":"2025-05-14T18:43:48.527897+03:00","Action":"skip","Package":"github.com/vmware/terraform-provider-vsphere/vsphere","Test":"TestAccResourceVSphereVirtualMachine_upgradeCPUAndRam","Elapsed":0.01}
{"Time":"2025-05-14T18:43:48.527909+03:00","Action":"run","Package":"github.com/vmware/terraform-provider-vsphere/vsphere","Test":"TestAccResourceVSphereVirtualMachine_modifyAnnotation"}
{"Time":"2025-05-14T18:43:48.527915+03:00","Action":"output","Package":"github.com/vmware/terraform-provider-vsphere/vsphere","Test":"TestAccResourceVSphereVirtualMachine_modifyAnnotation","Output":"=== RUN   TestAccResourceVSphereVirtualMachine_modifyAnnotation\n"}
{"Time":"2025-05-14T18:43:48.538806+03:00","Action":"output","Package":"github.com/vmware/terraform-provider-vsphere/vsphere","Test":"TestAccResourceVSphereVirtualMachine_modifyAnnotation","Output":"    provider_test.go:48: \n"}
{"Time":"2025-05-14T18:43:48.538825+03:00","Action":"output","Package":"github.com/vmware/terraform-provider-vsphere/vsphere","Test":"TestAccResourceVSphereVirtualMachine_modifyAnnotation","Output":"--- SKIP: TestAccResourceVSphereVirtualMachine_modifyAnnotation (0.01s)\n"}
{"Time":"2025-05-14T18:43:48.538851+03:00","Action":"skip","Package":"github.com/vmware/terraform-provider-vsphere/vsphere","Test":"TestAccResourceVSphereVirtualMachine_modifyAnnotation","Elapsed":0.01}
{"Time":"2025-05-14T18:43:48.538857+03:00","Action":"run","Package":"github.com/vmware/terraform-provider-vsphere/vsphere","Test":"TestAccResourceVSphereVirtualMachine_growDisk"}
{"Time":"2025-05-14T18:43:48.538861+03:00","Action":"output","Package":"github.com/vmware/terraform-provider-vsphere/vsphere","Test":"TestAccResourceVSphereVirtualMachine_growDisk","Output":"=== RUN   TestAccResourceVSphereVirtualMachine_growDisk\n"}
{"Time":"2025-05-14T18:43:48.551051+03:00","Action":"output","Package":"github.com/vmware/terraform-provider-vsphere/vsphere","Test":"TestAccResourceVSphereVirtualMachine_growDisk","Output":"    provider_test.go:48: \n"}
{"Time":"2025-05-14T18:43:48.551064+03:00","Action":"output","Package":"github.com/vmware/terraform-provider-vsphere/vsphere","Test":"TestAccResourceVSphereVirtualMachine_growDisk","Output":"--- SKIP: TestAccResourceVSphereVirtualMachine_growDisk (0.01s)\n"}
{"Time":"2025-05-14T18:43:48.55107+03:00","Action":"skip","Package":"github.com/vmware/terraform-provider-vsphere/vsphere","Test":"TestAccResourceVSphereVirtualMachine_growDisk","Elapsed":0.01}
{"Time":"2025-05-14T18:43:48.551075+03:00","Action":"run","Package":"github.com/vmware/terraform-provider-vsphere/vsphere","Test":"TestAccResourceVSphereVirtualMachine_swapSCSIBus"}
{"Time":"2025-05-14T18:43:48.551079+03:00","Action":"output","Package":"github.com/vmware/terraform-provider-vsphere/vsphere","Test":"TestAccResourceVSphereVirtualMachine_swapSCSIBus","Output":"=== RUN   TestAccResourceVSphereVirtualMachine_swapSCSIBus\n"}
{"Time":"2025-05-14T18:43:48.56217+03:00","Action":"output","Package":"github.com/vmware/terraform-provider-vsphere/vsphere","Test":"TestAccResourceVSphereVirtualMachine_swapSCSIBus","Output":"    provider_test.go:48: \n"}
{"Time":"2025-05-14T18:43:48.562219+03:00","Action":"output","Package":"github.com/vmware/terraform-provider-vsphere/vsphere","Test":"TestAccResourceVSphereVirtualMachine_swapSCSIBus","Output":"--- SKIP: TestAccResourceVSphereVirtualMachine_swapSCSIBus (0.01s)\n"}
{"Time":"2025-05-14T18:43:48.562228+03:00","Action":"skip","Package":"github.com/vmware/terraform-provider-vsphere/vsphere","Test":"TestAccResourceVSphereVirtualMachine_swapSCSIBus","Elapsed":0.01}
{"Time":"2025-05-14T18:43:48.562236+03:00","Action":"run","Package":"github.com/vmware/terraform-provider-vsphere/vsphere","Test":"TestAccResourceVSphereVirtualMachine_extraConfig"}
{"Time":"2025-05-14T18:43:48.562241+03:00","Action":"output","Package":"github.com/vmware/terraform-provider-vsphere/vsphere","Test":"TestAccResourceVSphereVirtualMachine_extraConfig","Output":"=== RUN   TestAccResourceVSphereVirtualMachine_extraConfig\n"}
{"Time":"2025-05-14T18:43:48.574604+03:00","Action":"output","Package":"github.com/vmware/terraform-provider-vsphere/vsphere","Test":"TestAccResourceVSphereVirtualMachine_extraConfig","Output":"    provider_test.go:48: \n"}
{"Time":"2025-05-14T18:43:48.574644+03:00","Action":"output","Package":"github.com/vmware/terraform-provider-vsphere/vsphere","Test":"TestAccResourceVSphereVirtualMachine_extraConfig","Output":"--- SKIP: TestAccResourceVSphereVirtualMachine_extraConfig (0.01s)\n"}
{"Time":"2025-05-14T18:43:48.574651+03:00","Action":"skip","Package":"github.com/vmware/terraform-provider-vsphere/vsphere","Test":"TestAccResourceVSphereVirtualMachine_extraConfig","Elapsed":0.01}
{"Time":"2025-05-14T18:43:48.57466+03:00","Action":"run","Package":"github.com/vmware/terraform-provider-vsphere/vsphere","Test":"TestAccResourceVSphereVirtualMachine_extraConfigSwapKeys"}
{"Time":"2025-05-14T18:43:48.574664+03:00","Action":"output","Package":"github.com/vmware/terraform-provider-vsphere/vsphere","Test":"TestAccResourceVSphereVirtualMachine_extraConfigSwapKeys","Output":"=== RUN   TestAccResourceVSphereVirtualMachine_extraConfigSwapKeys\n"}
{"Time":"2025-05-14T18:43:48.585872+03:00","Action":"output","Package":"github.com/vmware/terraform-provider-vsphere/vsphere","Test":"TestAccResourceVSphereVirtualMachine_extraConfigSwapKeys","Output":"    provider_test.go:48: \n"}
{"Time":"2025-05-14T18:43:48.585913+03:00","Action":"output","Package":"github.com/vmware/terraform-provider-vsphere/vsphere","Test":"TestAccResourceVSphereVirtualMachine_extraConfigSwapKeys","Output":"--- SKIP: TestAccResourceVSphereVirtualMachine_extraConfigSwapKeys (0.01s)\n"}
{"Time":"2025-05-14T18:43:48.585923+03:00","Action":"skip","Package":"github.com/vmware/terraform-provider-vsphere/vsphere","Test":"TestAccResourceVSphereVirtualMachine_extraConfigSwapKeys","Elapsed":0.01}
{"Time":"2025-05-14T18:43:48.585932+03:00","Action":"run","Package":"github.com/vmware/terraform-provider-vsphere/vsphere","Test":"TestAccResourceVSphereVirtualMachine_attachExistingVmdk"}
{"Time":"2025-05-14T18:43:48.58594+03:00","Action":"output","Package":"github.com/vmware/terraform-provider-vsphere/vsphere","Test":"TestAccResourceVSphereVirtualMachine_attachExistingVmdk","Output":"=== RUN   TestAccResourceVSphereVirtualMachine_attachExistingVmdk\n"}
{"Time":"2025-05-14T18:43:48.604347+03:00","Action":"output","Package":"github.com/vmware/terraform-provider-vsphere/vsphere","Test":"TestAccResourceVSphereVirtualMachine_attachExistingVmdk","Output":"    provider_test.go:48: \n"}
{"Time":"2025-05-14T18:43:48.604367+03:00","Action":"output","Package":"github.com/vmware/terraform-provider-vsphere/vsphere","Test":"TestAccResourceVSphereVirtualMachine_attachExistingVmdk","Output":"--- SKIP: TestAccResourceVSphereVirtualMachine_attachExistingVmdk (0.02s)\n"}
{"Time":"2025-05-14T18:43:48.604376+03:00","Action":"skip","Package":"github.com/vmware/terraform-provider-vsphere/vsphere","Test":"TestAccResourceVSphereVirtualMachine_attachExistingVmdk","Elapsed":0.02}
{"Time":"2025-05-14T18:43:48.604381+03:00","Action":"run","Package":"github.com/vmware/terraform-provider-vsphere/vsphere","Test":"TestAccResourceVSphereVirtualMachine_attachExistingVmdkTaint"}
{"Time":"2025-05-14T18:43:48.604385+03:00","Action":"output","Package":"github.com/vmware/terraform-provider-vsphere/vsphere","Test":"TestAccResourceVSphereVirtualMachine_attachExistingVmdkTaint","Output":"=== RUN   TestAccResourceVSphereVirtualMachine_attachExistingVmdkTaint\n"}
{"Time":"2025-05-14T18:43:48.613824+03:00","Action":"output","Package":"github.com/vmware/terraform-provider-vsphere/vsphere","Test":"TestAccResourceVSphereVirtualMachine_attachExistingVmdkTaint","Output":"    provider_test.go:48: \n"}
{"Time":"2025-05-14T18:43:48.613844+03:00","Action":"output","Package":"github.com/vmware/terraform-provider-vsphere/vsphere","Test":"TestAccResourceVSphereVirtualMachine_attachExistingVmdkTaint","Output":"--- SKIP: TestAccResourceVSphereVirtualMachine_attachExistingVmdkTaint (0.01s)\n"}
{"Time":"2025-05-14T18:43:48.613852+03:00","Action":"skip","Package":"github.com/vmware/terraform-provider-vsphere/vsphere","Test":"TestAccResourceVSphereVirtualMachine_attachExistingVmdkTaint","Elapsed":0.01}
{"Time":"2025-05-14T18:43:48.613858+03:00","Action":"run","Package":"github.com/vmware/terraform-provider-vsphere/vsphere","Test":"TestAccResourceVSphereVirtualMachine_resourcePoolMove"}
{"Time":"2025-05-14T18:43:48.613863+03:00","Action":"output","Package":"github.com/vmware/terraform-provider-vsphere/vsphere","Test":"TestAccResourceVSphereVirtualMachine_resourcePoolMove","Output":"=== RUN   TestAccResourceVSphereVirtualMachine_resourcePoolMove\n"}
{"Time":"2025-05-14T18:43:48.625179+03:00","Action":"output","Package":"github.com/vmware/terraform-provider-vsphere/vsphere","Test":"TestAccResourceVSphereVirtualMachine_resourcePoolMove","Output":"    provider_test.go:48: \n"}
{"Time":"2025-05-14T18:43:48.625197+03:00","Action":"output","Package":"github.com/vmware/terraform-provider-vsphere/vsphere","Test":"TestAccResourceVSphereVirtualMachine_resourcePoolMove","Output":"--- SKIP: TestAccResourceVSphereVirtualMachine_resourcePoolMove (0.01s)\n"}
{"Time":"2025-05-14T18:43:48.625203+03:00","Action":"skip","Package":"github.com/vmware/terraform-provider-vsphere/vsphere","Test":"TestAccResourceVSphereVirtualMachine_resourcePoolMove","Elapsed":0.01}
{"Time":"2025-05-14T18:43:48.625208+03:00","Action":"run","Package":"github.com/vmware/terraform-provider-vsphere/vsphere","Test":"TestAccResourceVSphereVirtualMachine_vAppContainerAndFolder"}
{"Time":"2025-05-14T18:43:48.625213+03:00","Action":"output","Package":"github.com/vmware/terraform-provider-vsphere/vsphere","Test":"TestAccResourceVSphereVirtualMachine_vAppContainerAndFolder","Output":"=== RUN   TestAccResourceVSphereVirtualMachine_vAppContainerAndFolder\n"}
{"Time":"2025-05-14T18:43:48.637718+03:00","Action":"output","Package":"github.com/vmware/terraform-provider-vsphere/vsphere","Test":"TestAccResourceVSphereVirtualMachine_vAppContainerAndFolder","Output":"    provider_test.go:48: \n"}
{"Time":"2025-05-14T18:43:48.63773+03:00","Action":"output","Package":"github.com/vmware/terraform-provider-vsphere/vsphere","Test":"TestAccResourceVSphereVirtualMachine_vAppContainerAndFolder","Output":"--- SKIP: TestAccResourceVSphereVirtualMachine_vAppContainerAndFolder (0.01s)\n"}
{"Time":"2025-05-14T18:43:48.637736+03:00","Action":"skip","Package":"github.com/vmware/terraform-provider-vsphere/vsphere","Test":"TestAccResourceVSphereVirtualMachine_vAppContainerAndFolder","Elapsed":0.01}
{"Time":"2025-05-14T18:43:48.637741+03:00","Action":"run","Package":"github.com/vmware/terraform-provider-vsphere/vsphere","Test":"TestAccResourceVSphereVirtualMachine_vAppContainerMove"}
{"Time":"2025-05-14T18:43:48.637745+03:00","Action":"output","Package":"github.com/vmware/terraform-provider-vsphere/vsphere","Test":"TestAccResourceVSphereVirtualMachine_vAppContainerMove","Output":"=== RUN   TestAccResourceVSphereVirtualMachine_vAppContainerMove\n"}
{"Time":"2025-05-14T18:43:48.648058+03:00","Action":"output","Package":"github.com/vmware/terraform-provider-vsphere/vsphere","Test":"TestAccResourceVSphereVirtualMachine_vAppContainerMove","Output":"    provider_test.go:48: \n"}
{"Time":"2025-05-14T18:43:48.648072+03:00","Action":"output","Package":"github.com/vmware/terraform-provider-vsphere/vsphere","Test":"TestAccResourceVSphereVirtualMachine_vAppContainerMove","Output":"--- SKIP: TestAccResourceVSphereVirtualMachine_vAppContainerMove (0.01s)\n"}
{"Time":"2025-05-14T18:43:48.648078+03:00","Action":"skip","Package":"github.com/vmware/terraform-provider-vsphere/vsphere","Test":"TestAccResourceVSphereVirtualMachine_vAppContainerMove","Elapsed":0.01}
{"Time":"2025-05-14T18:43:48.648083+03:00","Action":"run","Package":"github.com/vmware/terraform-provider-vsphere/vsphere","Test":"TestAccResourceVSphereVirtualMachine_inFolder"}
{"Time":"2025-05-14T18:43:48.648087+03:00","Action":"output","Package":"github.com/vmware/terraform-provider-vsphere/vsphere","Test":"TestAccResourceVSphereVirtualMachine_inFolder","Output":"=== RUN   TestAccResourceVSphereVirtualMachine_inFolder\n"}
{"Time":"2025-05-14T18:43:48.659333+03:00","Action":"output","Package":"github.com/vmware/terraform-provider-vsphere/vsphere","Test":"TestAccResourceVSphereVirtualMachine_inFolder","Output":"    provider_test.go:48: \n"}
{"Time":"2025-05-14T18:43:48.659418+03:00","Action":"output","Package":"github.com/vmware/terraform-provider-vsphere/vsphere","Test":"TestAccResourceVSphereVirtualMachine_inFolder","Output":"--- SKIP: TestAccResourceVSphereVirtualMachine_inFolder (0.01s)\n"}
{"Time":"2025-05-14T18:43:48.659429+03:00","Action":"skip","Package":"github.com/vmware/terraform-provider-vsphere/vsphere","Test":"TestAccResourceVSphereVirtualMachine_inFolder","Elapsed":0.01}
{"Time":"2025-05-14T18:43:48.659443+03:00","Action":"run","Package":"github.com/vmware/terraform-provider-vsphere/vsphere","Test":"TestAccResourceVSphereVirtualMachine_moveToFolder"}
{"Time":"2025-05-14T18:43:48.659449+03:00","Action":"output","Package":"github.com/vmware/terraform-provider-vsphere/vsphere","Test":"TestAccResourceVSphereVirtualMachine_moveToFolder","Output":"=== RUN   TestAccResourceVSphereVirtualMachine_moveToFolder\n"}
{"Time":"2025-05-14T18:43:48.672276+03:00","Action":"output","Package":"github.com/vmware/terraform-provider-vsphere/vsphere","Test":"TestAccResourceVSphereVirtualMachine_moveToFolder","Output":"    provider_test.go:48: \n"}
{"Time":"2025-05-14T18:43:48.672301+03:00","Action":"output","Package":"github.com/vmware/terraform-provider-vsphere/vsphere","Test":"TestAccResourceVSphereVirtualMachine_moveToFolder","Output":"--- SKIP: TestAccResourceVSphereVirtualMachine_moveToFolder (0.01s)\n"}
{"Time":"2025-05-14T18:43:48.672311+03:00","Action":"skip","Package":"github.com/vmware/terraform-provider-vsphere/vsphere","Test":"TestAccResourceVSphereVirtualMachine_moveToFolder","Elapsed":0.01}
{"Time":"2025-05-14T18:43:48.672317+03:00","Action":"run","Package":"github.com/vmware/terraform-provider-vsphere/vsphere","Test":"TestAccResourceVSphereVirtualMachine_staticMAC"}
{"Time":"2025-05-14T18:43:48.672331+03:00","Action":"output","Package":"github.com/vmware/terraform-provider-vsphere/vsphere","Test":"TestAccResourceVSphereVirtualMachine_staticMAC","Output":"=== RUN   TestAccResourceVSphereVirtualMachine_staticMAC\n"}
{"Time":"2025-05-14T18:43:48.682585+03:00","Action":"output","Package":"github.com/vmware/terraform-provider-vsphere/vsphere","Test":"TestAccResourceVSphereVirtualMachine_staticMAC","Output":"    provider_test.go:48: \n"}
{"Time":"2025-05-14T18:43:48.682602+03:00","Action":"output","Package":"github.com/vmware/terraform-provider-vsphere/vsphere","Test":"TestAccResourceVSphereVirtualMachine_staticMAC","Output":"--- SKIP: TestAccResourceVSphereVirtualMachine_staticMAC (0.01s)\n"}
{"Time":"2025-05-14T18:43:48.68261+03:00","Action":"skip","Package":"github.com/vmware/terraform-provider-vsphere/vsphere","Test":"TestAccResourceVSphereVirtualMachine_staticMAC","Elapsed":0.01}
{"Time":"2025-05-14T18:43:48.682615+03:00","Action":"run","Package":"github.com/vmware/terraform-provider-vsphere/vsphere","Test":"TestAccResourceVSphereVirtualMachine_singleTag"}
{"Time":"2025-05-14T18:43:48.682619+03:00","Action":"output","Package":"github.com/vmware/terraform-provider-vsphere/vsphere","Test":"TestAccResourceVSphereVirtualMachine_singleTag","Output":"=== RUN   TestAccResourceVSphereVirtualMachine_singleTag\n"}
{"Time":"2025-05-14T18:43:48.692778+03:00","Action":"output","Package":"github.com/vmware/terraform-provider-vsphere/vsphere","Test":"TestAccResourceVSphereVirtualMachine_singleTag","Output":"    provider_test.go:48: \n"}
{"Time":"2025-05-14T18:43:48.692842+03:00","Action":"output","Package":"github.com/vmware/terraform-provider-vsphere/vsphere","Test":"TestAccResourceVSphereVirtualMachine_singleTag","Output":"--- SKIP: TestAccResourceVSphereVirtualMachine_singleTag (0.01s)\n"}
{"Time":"2025-05-14T18:43:48.692855+03:00","Action":"skip","Package":"github.com/vmware/terraform-provider-vsphere/vsphere","Test":"TestAccResourceVSphereVirtualMachine_singleTag","Elapsed":0.01}
{"Time":"2025-05-14T18:43:48.692866+03:00","Action":"run","Package":"github.com/vmware/terraform-provider-vsphere/vsphere","Test":"TestAccResourceVSphereVirtualMachine_multipleTags"}
{"Time":"2025-05-14T18:43:48.692937+03:00","Action":"output","Package":"github.com/vmware/terraform-provider-vsphere/vsphere","Test":"TestAccResourceVSphereVirtualMachine_multipleTags","Output":"=== RUN   TestAccResourceVSphereVirtualMachine_multipleTags\n"}
{"Time":"2025-05-14T18:43:48.706155+03:00","Action":"output","Package":"github.com/vmware/terraform-provider-vsphere/vsphere","Test":"TestAccResourceVSphereVirtualMachine_multipleTags","Output":"    provider_test.go:48: \n"}
{"Time":"2025-05-14T18:43:48.706174+03:00","Action":"output","Package":"github.com/vmware/terraform-provider-vsphere/vsphere","Test":"TestAccResourceVSphereVirtualMachine_multipleTags","Output":"--- SKIP: TestAccResourceVSphereVirtualMachine_multipleTags (0.01s)\n"}
{"Time":"2025-05-14T18:43:48.706183+03:00","Action":"skip","Package":"github.com/vmware/terraform-provider-vsphere/vsphere","Test":"TestAccResourceVSphereVirtualMachine_multipleTags","Elapsed":0.01}
{"Time":"2025-05-14T18:43:48.706189+03:00","Action":"run","Package":"github.com/vmware/terraform-provider-vsphere/vsphere","Test":"TestAccResourceVSphereVirtualMachine_switchTags"}
{"Time":"2025-05-14T18:43:48.706193+03:00","Action":"output","Package":"github.com/vmware/terraform-provider-vsphere/vsphere","Test":"TestAccResourceVSphereVirtualMachine_switchTags","Output":"=== RUN   TestAccResourceVSphereVirtualMachine_switchTags\n"}
{"Time":"2025-05-14T18:43:48.719068+03:00","Action":"output","Package":"github.com/vmware/terraform-provider-vsphere/vsphere","Test":"TestAccResourceVSphereVirtualMachine_switchTags","Output":"    provider_test.go:48: \n"}
{"Time":"2025-05-14T18:43:48.719116+03:00","Action":"output","Package":"github.com/vmware/terraform-provider-vsphere/vsphere","Test":"TestAccResourceVSphereVirtualMachine_switchTags","Output":"--- SKIP: TestAccResourceVSphereVirtualMachine_switchTags (0.01s)\n"}
{"Time":"2025-05-14T18:43:48.719123+03:00","Action":"skip","Package":"github.com/vmware/terraform-provider-vsphere/vsphere","Test":"TestAccResourceVSphereVirtualMachine_switchTags","Elapsed":0.01}
{"Time":"2025-05-14T18:43:48.719133+03:00","Action":"run","Package":"github.com/vmware/terraform-provider-vsphere/vsphere","Test":"TestAccResourceVSphereVirtualMachine_renamedDiskInPlaceOfExisting"}
{"Time":"2025-05-14T18:43:48.719137+03:00","Action":"output","Package":"github.com/vmware/terraform-provider-vsphere/vsphere","Test":"TestAccResourceVSphereVirtualMachine_renamedDiskInPlaceOfExisting","Output":"=== RUN   TestAccResourceVSphereVirtualMachine_renamedDiskInPlaceOfExisting\n"}
{"Time":"2025-05-14T18:43:48.729556+03:00","Action":"output","Package":"github.com/vmware/terraform-provider-vsphere/vsphere","Test":"TestAccResourceVSphereVirtualMachine_renamedDiskInPlaceOfExisting","Output":"    provider_test.go:48: \n"}
{"Time":"2025-05-14T18:43:48.729598+03:00","Action":"output","Package":"github.com/vmware/terraform-provider-vsphere/vsphere","Test":"TestAccResourceVSphereVirtualMachine_renamedDiskInPlaceOfExisting","Output":"--- SKIP: TestAccResourceVSphereVirtualMachine_renamedDiskInPlaceOfExisting (0.01s)\n"}
{"Time":"2025-05-14T18:43:48.729609+03:00","Action":"skip","Package":"github.com/vmware/terraform-provider-vsphere/vsphere","Test":"TestAccResourceVSphereVirtualMachine_renamedDiskInPlaceOfExisting","Elapsed":0.01}
{"Time":"2025-05-14T18:43:48.729617+03:00","Action":"run","Package":"github.com/vmware/terraform-provider-vsphere/vsphere","Test":"TestAccResourceVSphereVirtualMachine_blockComputedDiskName"}
{"Time":"2025-05-14T18:43:48.729622+03:00","Action":"output","Package":"github.com/vmware/terraform-provider-vsphere/vsphere","Test":"TestAccResourceVSphereVirtualMachine_blockComputedDiskName","Output":"=== RUN   TestAccResourceVSphereVirtualMachine_blockComputedDiskName\n"}
{"Time":"2025-05-14T18:43:48.743607+03:00","Action":"output","Package":"github.com/vmware/terraform-provider-vsphere/vsphere","Test":"TestAccResourceVSphereVirtualMachine_blockComputedDiskName","Output":"    provider_test.go:48: \n"}
{"Time":"2025-05-14T18:43:48.743652+03:00","Action":"output","Package":"github.com/vmware/terraform-provider-vsphere/vsphere","Test":"TestAccResourceVSphereVirtualMachine_blockComputedDiskName","Output":"--- SKIP: TestAccResourceVSphereVirtualMachine_blockComputedDiskName (0.01s)\n"}
{"Time":"2025-05-14T18:43:48.743665+03:00","Action":"skip","Package":"github.com/vmware/terraform-provider-vsphere/vsphere","Test":"TestAccResourceVSphereVirtualMachine_blockComputedDiskName","Elapsed":0.01}
{"Time":"2025-05-14T18:43:48.743674+03:00","Action":"run","Package":"github.com/vmware/terraform-provider-vsphere/vsphere","Test":"TestAccResourceVSphereVirtualMachine_blockVAppSettingsOnNonClones"}
{"Time":"2025-05-14T18:43:48.743684+03:00","Action":"output","Package":"github.com/vmware/terraform-provider-vsphere/vsphere","Test":"TestAccResourceVSphereVirtualMachine_blockVAppSettingsOnNonClones","Output":"=== RUN   TestAccResourceVSphereVirtualMachine_blockVAppSettingsOnNonClones\n"}
{"Time":"2025-05-14T18:43:48.768511+03:00","Action":"output","Package":"github.com/vmware/terraform-provider-vsphere/vsphere","Test":"TestAccResourceVSphereVirtualMachine_blockVAppSettingsOnNonClones","Output":"    provider_test.go:48: \n"}
{"Time":"2025-05-14T18:43:48.768553+03:00","Action":"output","Package":"github.com/vmware/terraform-provider-vsphere/vsphere","Test":"TestAccResourceVSphereVirtualMachine_blockVAppSettingsOnNonClones","Output":"--- SKIP: TestAccResourceVSphereVirtualMachine_blockVAppSettingsOnNonClones (0.02s)\n"}
{"Time":"2025-05-14T18:43:48.768563+03:00","Action":"skip","Package":"github.com/vmware/terraform-provider-vsphere/vsphere","Test":"TestAccResourceVSphereVirtualMachine_blockVAppSettingsOnNonClones","Elapsed":0.02}
{"Time":"2025-05-14T18:43:48.768571+03:00","Action":"run","Package":"github.com/vmware/terraform-provider-vsphere/vsphere","Test":"TestAccResourceVSphereVirtualMachine_blockVAppSettingsOnNonClonesAfterCreation"}
{"Time":"2025-05-14T18:43:48.768576+03:00","Action":"output","Package":"github.com/vmware/terraform-provider-vsphere/vsphere","Test":"TestAccResourceVSphereVirtualMachine_blockVAppSettingsOnNonClonesAfterCreation","Output":"=== RUN   TestAccResourceVSphereVirtualMachine_blockVAppSettingsOnNonClonesAfterCreation\n"}
{"Time":"2025-05-14T18:43:48.781533+03:00","Action":"output","Package":"github.com/vmware/terraform-provider-vsphere/vsphere","Test":"TestAccResourceVSphereVirtualMachine_blockVAppSettingsOnNonClonesAfterCreation","Output":"    provider_test.go:48: \n"}
{"Time":"2025-05-14T18:43:48.781577+03:00","Action":"output","Package":"github.com/vmware/terraform-provider-vsphere/vsphere","Test":"TestAccResourceVSphereVirtualMachine_blockVAppSettingsOnNonClonesAfterCreation","Output":"--- SKIP: TestAccResourceVSphereVirtualMachine_blockVAppSettingsOnNonClonesAfterCreation (0.01s)\n"}
{"Time":"2025-05-14T18:43:48.781585+03:00","Action":"skip","Package":"github.com/vmware/terraform-provider-vsphere/vsphere","Test":"TestAccResourceVSphereVirtualMachine_blockVAppSettingsOnNonClonesAfterCreation","Elapsed":0.01}
{"Time":"2025-05-14T18:43:48.781593+03:00","Action":"run","Package":"github.com/vmware/terraform-provider-vsphere/vsphere","Test":"TestAccResourceVSphereVirtualMachine_blockDiskLabelStartingWithOrphanedPrefix"}
{"Time":"2025-05-14T18:43:48.781599+03:00","Action":"output","Package":"github.com/vmware/terraform-provider-vsphere/vsphere","Test":"TestAccResourceVSphereVirtualMachine_blockDiskLabelStartingWithOrphanedPrefix","Output":"=== RUN   TestAccResourceVSphereVirtualMachine_blockDiskLabelStartingWithOrphanedPrefix\n"}
{"Time":"2025-05-14T18:43:48.791088+03:00","Action":"output","Package":"github.com/vmware/terraform-provider-vsphere/vsphere","Test":"TestAccResourceVSphereVirtualMachine_blockDiskLabelStartingWithOrphanedPrefix","Output":"    provider_test.go:48: \n"}
{"Time":"2025-05-14T18:43:48.791107+03:00","Action":"output","Package":"github.com/vmware/terraform-provider-vsphere/vsphere","Test":"TestAccResourceVSphereVirtualMachine_blockDiskLabelStartingWithOrphanedPrefix","Output":"--- SKIP: TestAccResourceVSphereVirtualMachine_blockDiskLabelStartingWithOrphanedPrefix (0.01s)\n"}
{"Time":"2025-05-14T18:43:48.791197+03:00","Action":"skip","Package":"github.com/vmware/terraform-provider-vsphere/vsphere","Test":"TestAccResourceVSphereVirtualMachine_blockDiskLabelStartingWithOrphanedPrefix","Elapsed":0.01}
{"Time":"2025-05-14T18:43:48.79124+03:00","Action":"run","Package":"github.com/vmware/terraform-provider-vsphere/vsphere","Test":"TestAccResourceVSphereVirtualMachine_createIntoEmptyClusterNoEnvironmentBrowser"}
{"Time":"2025-05-14T18:43:48.791245+03:00","Action":"output","Package":"github.com/vmware/terraform-provider-vsphere/vsphere","Test":"TestAccResourceVSphereVirtualMachine_createIntoEmptyClusterNoEnvironmentBrowser","Output":"=== RUN   TestAccResourceVSphereVirtualMachine_createIntoEmptyClusterNoEnvironmentBrowser\n"}
{"Time":"2025-05-14T18:43:48.800973+03:00","Action":"output","Package":"github.com/vmware/terraform-provider-vsphere/vsphere","Test":"TestAccResourceVSphereVirtualMachine_createIntoEmptyClusterNoEnvironmentBrowser","Output":"    provider_test.go:48: \n"}
{"Time":"2025-05-14T18:43:48.80099+03:00","Action":"output","Package":"github.com/vmware/terraform-provider-vsphere/vsphere","Test":"TestAccResourceVSphereVirtualMachine_createIntoEmptyClusterNoEnvironmentBrowser","Output":"--- SKIP: TestAccResourceVSphereVirtualMachine_createIntoEmptyClusterNoEnvironmentBrowser (0.01s)\n"}
{"Time":"2025-05-14T18:43:48.800998+03:00","Action":"skip","Package":"github.com/vmware/terraform-provider-vsphere/vsphere","Test":"TestAccResourceVSphereVirtualMachine_createIntoEmptyClusterNoEnvironmentBrowser","Elapsed":0.01}
{"Time":"2025-05-14T18:43:48.801003+03:00","Action":"run","Package":"github.com/vmware/terraform-provider-vsphere/vsphere","Test":"TestAccResourceVSphereVirtualMachine_cloneFromTemplate"}
{"Time":"2025-05-14T18:43:48.801007+03:00","Action":"output","Package":"github.com/vmware/terraform-provider-vsphere/vsphere","Test":"TestAccResourceVSphereVirtualMachine_cloneFromTemplate","Output":"=== RUN   TestAccResourceVSphereVirtualMachine_cloneFromTemplate\n"}
{"Time":"2025-05-14T18:43:48.812648+03:00","Action":"output","Package":"github.com/vmware/terraform-provider-vsphere/vsphere","Test":"TestAccResourceVSphereVirtualMachine_cloneFromTemplate","Output":"    provider_test.go:48: \n"}
{"Time":"2025-05-14T18:43:48.812663+03:00","Action":"output","Package":"github.com/vmware/terraform-provider-vsphere/vsphere","Test":"TestAccResourceVSphereVirtualMachine_cloneFromTemplate","Output":"--- SKIP: TestAccResourceVSphereVirtualMachine_cloneFromTemplate (0.01s)\n"}
{"Time":"2025-05-14T18:43:48.812671+03:00","Action":"skip","Package":"github.com/vmware/terraform-provider-vsphere/vsphere","Test":"TestAccResourceVSphereVirtualMachine_cloneFromTemplate","Elapsed":0.01}
{"Time":"2025-05-14T18:43:48.812676+03:00","Action":"run","Package":"github.com/vmware/terraform-provider-vsphere/vsphere","Test":"TestAccResourceVSphereVirtualMachine_clonePoweredOn"}
{"Time":"2025-05-14T18:43:48.81268+03:00","Action":"output","Package":"github.com/vmware/terraform-provider-vsphere/vsphere","Test":"TestAccResourceVSphereVirtualMachine_clonePoweredOn","Output":"=== RUN   TestAccResourceVSphereVirtualMachine_clonePoweredOn\n"}
{"Time":"2025-05-14T18:43:48.822661+03:00","Action":"output","Package":"github.com/vmware/terraform-provider-vsphere/vsphere","Test":"TestAccResourceVSphereVirtualMachine_clonePoweredOn","Output":"    provider_test.go:48: \n"}
{"Time":"2025-05-14T18:43:48.822678+03:00","Action":"output","Package":"github.com/vmware/terraform-provider-vsphere/vsphere","Test":"TestAccResourceVSphereVirtualMachine_clonePoweredOn","Output":"--- SKIP: TestAccResourceVSphereVirtualMachine_clonePoweredOn (0.01s)\n"}
{"Time":"2025-05-14T18:43:48.822711+03:00","Action":"skip","Package":"github.com/vmware/terraform-provider-vsphere/vsphere","Test":"TestAccResourceVSphereVirtualMachine_clonePoweredOn","Elapsed":0.01}
{"Time":"2025-05-14T18:43:48.822719+03:00","Action":"run","Package":"github.com/vmware/terraform-provider-vsphere/vsphere","Test":"TestAccResourceVSphereVirtualMachine_cloneCustomizeWithNewResourcePool"}
{"Time":"2025-05-14T18:43:48.822723+03:00","Action":"output","Package":"github.com/vmware/terraform-provider-vsphere/vsphere","Test":"TestAccResourceVSphereVirtualMachine_cloneCustomizeWithNewResourcePool","Output":"=== RUN   TestAccResourceVSphereVirtualMachine_cloneCustomizeWithNewResourcePool\n"}
{"Time":"2025-05-14T18:43:48.833484+03:00","Action":"output","Package":"github.com/vmware/terraform-provider-vsphere/vsphere","Test":"TestAccResourceVSphereVirtualMachine_cloneCustomizeWithNewResourcePool","Output":"    provider_test.go:48: \n"}
{"Time":"2025-05-14T18:43:48.833508+03:00","Action":"output","Package":"github.com/vmware/terraform-provider-vsphere/vsphere","Test":"TestAccResourceVSphereVirtualMachine_cloneCustomizeWithNewResourcePool","Output":"--- SKIP: TestAccResourceVSphereVirtualMachine_cloneCustomizeWithNewResourcePool (0.01s)\n"}
{"Time":"2025-05-14T18:43:48.833514+03:00","Action":"skip","Package":"github.com/vmware/terraform-provider-vsphere/vsphere","Test":"TestAccResourceVSphereVirtualMachine_cloneCustomizeWithNewResourcePool","Elapsed":0.01}
{"Time":"2025-05-14T18:43:48.833519+03:00","Action":"run","Package":"github.com/vmware/terraform-provider-vsphere/vsphere","Test":"TestAccResourceVSphereVirtualMachine_cloneCustomizeForceNewWithDatastore"}
{"Time":"2025-05-14T18:43:48.833522+03:00","Action":"output","Package":"github.com/vmware/terraform-provider-vsphere/vsphere","Test":"TestAccResourceVSphereVirtualMachine_cloneCustomizeForceNewWithDatastore","Output":"=== RUN   TestAccResourceVSphereVirtualMachine_cloneCustomizeForceNewWithDatastore\n"}
{"Time":"2025-05-14T18:43:48.850251+03:00","Action":"output","Package":"github.com/vmware/terraform-provider-vsphere/vsphere","Test":"TestAccResourceVSphereVirtualMachine_cloneCustomizeForceNewWithDatastore","Output":"    provider_test.go:48: \n"}
{"Time":"2025-05-14T18:43:48.850296+03:00","Action":"output","Package":"github.com/vmware/terraform-provider-vsphere/vsphere","Test":"TestAccResourceVSphereVirtualMachine_cloneCustomizeForceNewWithDatastore","Output":"--- SKIP: TestAccResourceVSphereVirtualMachine_cloneCustomizeForceNewWithDatastore (0.02s)\n"}
{"Time":"2025-05-14T18:43:48.850304+03:00","Action":"skip","Package":"github.com/vmware/terraform-provider-vsphere/vsphere","Test":"TestAccResourceVSphereVirtualMachine_cloneCustomizeForceNewWithDatastore","Elapsed":0.02}
{"Time":"2025-05-14T18:43:48.850313+03:00","Action":"run","Package":"github.com/vmware/terraform-provider-vsphere/vsphere","Test":"TestAccResourceVSphereVirtualMachine_cloneModifyDiskAndSCSITypeAtSameTime"}
{"Time":"2025-05-14T18:43:48.850317+03:00","Action":"output","Package":"github.com/vmware/terraform-provider-vsphere/vsphere","Test":"TestAccResourceVSphereVirtualMachine_cloneModifyDiskAndSCSITypeAtSameTime","Output":"=== RUN   TestAccResourceVSphereVirtualMachine_cloneModifyDiskAndSCSITypeAtSameTime\n"}
{"Time":"2025-05-14T18:43:48.860801+03:00","Action":"output","Package":"github.com/vmware/terraform-provider-vsphere/vsphere","Test":"TestAccResourceVSphereVirtualMachine_cloneModifyDiskAndSCSITypeAtSameTime","Output":"    provider_test.go:48: \n"}
{"Time":"2025-05-14T18:43:48.860818+03:00","Action":"output","Package":"github.com/vmware/terraform-provider-vsphere/vsphere","Test":"TestAccResourceVSphereVirtualMachine_cloneModifyDiskAndSCSITypeAtSameTime","Output":"--- SKIP: TestAccResourceVSphereVirtualMachine_cloneModifyDiskAndSCSITypeAtSameTime (0.01s)\n"}
{"Time":"2025-05-14T18:43:48.860825+03:00","Action":"skip","Package":"github.com/vmware/terraform-provider-vsphere/vsphere","Test":"TestAccResourceVSphereVirtualMachine_cloneModifyDiskAndSCSITypeAtSameTime","Elapsed":0.01}
{"Time":"2025-05-14T18:43:48.860829+03:00","Action":"run","Package":"github.com/vmware/terraform-provider-vsphere/vsphere","Test":"TestAccResourceVSphereVirtualMachine_cloneMultiNICWithSameGateway"}
{"Time":"2025-05-14T18:43:48.860832+03:00","Action":"output","Package":"github.com/vmware/terraform-provider-vsphere/vsphere","Test":"TestAccResourceVSphereVirtualMachine_cloneMultiNICWithSameGateway","Output":"=== RUN   TestAccResourceVSphereVirtualMachine_cloneMultiNICWithSameGateway\n"}
{"Time":"2025-05-14T18:43:48.860859+03:00","Action":"output","Package":"github.com/vmware/terraform-provider-vsphere/vsphere","Test":"TestAccResourceVSphereVirtualMachine_cloneMultiNICWithSameGateway","Output":"    resource_vsphere_virtual_machine_test.go:1649: \n"}
{"Time":"2025-05-14T18:43:48.860888+03:00","Action":"output","Package":"github.com/vmware/terraform-provider-vsphere/vsphere","Test":"TestAccResourceVSphereVirtualMachine_cloneMultiNICWithSameGateway","Output":"--- SKIP: TestAccResourceVSphereVirtualMachine_cloneMultiNICWithSameGateway (0.00s)\n"}
{"Time":"2025-05-14T18:43:48.860903+03:00","Action":"skip","Package":"github.com/vmware/terraform-provider-vsphere/vsphere","Test":"TestAccResourceVSphereVirtualMachine_cloneMultiNICWithSameGateway","Elapsed":0}
{"Time":"2025-05-14T18:43:48.86091+03:00","Action":"run","Package":"github.com/vmware/terraform-provider-vsphere/vsphere","Test":"TestAccResourceVSphereVirtualMachine_cloneMultiNICFromSingleNICTemplate"}
{"Time":"2025-05-14T18:43:48.860913+03:00","Action":"output","Package":"github.com/vmware/terraform-provider-vsphere/vsphere","Test":"TestAccResourceVSphereVirtualMachine_cloneMultiNICFromSingleNICTemplate","Output":"=== RUN   TestAccResourceVSphereVirtualMachine_cloneMultiNICFromSingleNICTemplate\n"}
{"Time":"2025-05-14T18:43:48.87061+03:00","Action":"output","Package":"github.com/vmware/terraform-provider-vsphere/vsphere","Test":"TestAccResourceVSphereVirtualMachine_cloneMultiNICFromSingleNICTemplate","Output":"    provider_test.go:48: \n"}
{"Time":"2025-05-14T18:43:48.870625+03:00","Action":"output","Package":"github.com/vmware/terraform-provider-vsphere/vsphere","Test":"TestAccResourceVSphereVirtualMachine_cloneMultiNICFromSingleNICTemplate","Output":"--- SKIP: TestAccResourceVSphereVirtualMachine_cloneMultiNICFromSingleNICTemplate (0.01s)\n"}
{"Time":"2025-05-14T18:43:48.870631+03:00","Action":"skip","Package":"github.com/vmware/terraform-provider-vsphere/vsphere","Test":"TestAccResourceVSphereVirtualMachine_cloneMultiNICFromSingleNICTemplate","Elapsed":0.01}
{"Time":"2025-05-14T18:43:48.870634+03:00","Action":"run","Package":"github.com/vmware/terraform-provider-vsphere/vsphere","Test":"TestAccResourceVSphereVirtualMachine_cloneMultiNICSRIOVFromVMXNET3Template"}
{"Time":"2025-05-14T18:43:48.870638+03:00","Action":"output","Package":"github.com/vmware/terraform-provider-vsphere/vsphere","Test":"TestAccResourceVSphereVirtualMachine_cloneMultiNICSRIOVFromVMXNET3Template","Output":"=== RUN   TestAccResourceVSphereVirtualMachine_cloneMultiNICSRIOVFromVMXNET3Template\n"}
{"Time":"2025-05-14T18:43:48.881323+03:00","Action":"output","Package":"github.com/vmware/terraform-provider-vsphere/vsphere","Test":"TestAccResourceVSphereVirtualMachine_cloneMultiNICSRIOVFromVMXNET3Template","Output":"    provider_test.go:48: \n"}
{"Time":"2025-05-14T18:43:48.881336+03:00","Action":"output","Package":"github.com/vmware/terraform-provider-vsphere/vsphere","Test":"TestAccResourceVSphereVirtualMachine_cloneMultiNICSRIOVFromVMXNET3Template","Output":"--- SKIP: TestAccResourceVSphereVirtualMachine_cloneMultiNICSRIOVFromVMXNET3Template (0.01s)\n"}
{"Time":"2025-05-14T18:43:48.881343+03:00","Action":"skip","Package":"github.com/vmware/terraform-provider-vsphere/vsphere","Test":"TestAccResourceVSphereVirtualMachine_cloneMultiNICSRIOVFromVMXNET3Template","Elapsed":0.01}
{"Time":"2025-05-14T18:43:48.881347+03:00","Action":"run","Package":"github.com/vmware/terraform-provider-vsphere/vsphere","Test":"TestAccResourceVSphereVirtualMachine_cloneWithDifferentTimezone"}
{"Time":"2025-05-14T18:43:48.88135+03:00","Action":"output","Package":"github.com/vmware/terraform-provider-vsphere/vsphere","Test":"TestAccResourceVSphereVirtualMachine_cloneWithDifferentTimezone","Output":"=== RUN   TestAccResourceVSphereVirtualMachine_cloneWithDifferentTimezone\n"}
{"Time":"2025-05-14T18:43:48.893933+03:00","Action":"output","Package":"github.com/vmware/terraform-provider-vsphere/vsphere","Test":"TestAccResourceVSphereVirtualMachine_cloneWithDifferentTimezone","Output":"    provider_test.go:48: \n"}
{"Time":"2025-05-14T18:43:48.893944+03:00","Action":"output","Package":"github.com/vmware/terraform-provider-vsphere/vsphere","Test":"TestAccResourceVSphereVirtualMachine_cloneWithDifferentTimezone","Output":"--- SKIP: TestAccResourceVSphereVirtualMachine_cloneWithDifferentTimezone (0.01s)\n"}
{"Time":"2025-05-14T18:43:48.89395+03:00","Action":"skip","Package":"github.com/vmware/terraform-provider-vsphere/vsphere","Test":"TestAccResourceVSphereVirtualMachine_cloneWithDifferentTimezone","Elapsed":0.01}
{"Time":"2025-05-14T18:43:48.893954+03:00","Action":"run","Package":"github.com/vmware/terraform-provider-vsphere/vsphere","Test":"TestAccResourceVSphereVirtualMachine_cloneBlockESXi"}
{"Time":"2025-05-14T18:43:48.893958+03:00","Action":"output","Package":"github.com/vmware/terraform-provider-vsphere/vsphere","Test":"TestAccResourceVSphereVirtualMachine_cloneBlockESXi","Output":"=== RUN   TestAccResourceVSphereVirtualMachine_cloneBlockESXi\n"}
{"Time":"2025-05-14T18:43:48.90369+03:00","Action":"output","Package":"github.com/vmware/terraform-provider-vsphere/vsphere","Test":"TestAccResourceVSphereVirtualMachine_cloneBlockESXi","Output":"    provider_test.go:48: \n"}
{"Time":"2025-05-14T18:43:48.903701+03:00","Action":"output","Package":"github.com/vmware/terraform-provider-vsphere/vsphere","Test":"TestAccResourceVSphereVirtualMachine_cloneBlockESXi","Output":"--- SKIP: TestAccResourceVSphereVirtualMachine_cloneBlockESXi (0.01s)\n"}
{"Time":"2025-05-14T18:43:48.903707+03:00","Action":"skip","Package":"github.com/vmware/terraform-provider-vsphere/vsphere","Test":"TestAccResourceVSphereVirtualMachine_cloneBlockESXi","Elapsed":0.01}
{"Time":"2025-05-14T18:43:48.903711+03:00","Action":"run","Package":"github.com/vmware/terraform-provider-vsphere/vsphere","Test":"TestAccResourceVSphereVirtualMachine_cloneWithBadTimezone"}
{"Time":"2025-05-14T18:43:48.903715+03:00","Action":"output","Package":"github.com/vmware/terraform-provider-vsphere/vsphere","Test":"TestAccResourceVSphereVirtualMachine_cloneWithBadTimezone","Output":"=== RUN   TestAccResourceVSphereVirtualMachine_cloneWithBadTimezone\n"}
{"Time":"2025-05-14T18:43:48.912763+03:00","Action":"output","Package":"github.com/vmware/terraform-provider-vsphere/vsphere","Test":"TestAccResourceVSphereVirtualMachine_cloneWithBadTimezone","Output":"    provider_test.go:48: \n"}
{"Time":"2025-05-14T18:43:48.912773+03:00","Action":"output","Package":"github.com/vmware/terraform-provider-vsphere/vsphere","Test":"TestAccResourceVSphereVirtualMachine_cloneWithBadTimezone","Output":"--- SKIP: TestAccResourceVSphereVirtualMachine_cloneWithBadTimezone (0.01s)\n"}
{"Time":"2025-05-14T18:43:48.912779+03:00","Action":"skip","Package":"github.com/vmware/terraform-provider-vsphere/vsphere","Test":"TestAccResourceVSphereVirtualMachine_cloneWithBadTimezone","Elapsed":0.01}
{"Time":"2025-05-14T18:43:48.912782+03:00","Action":"run","Package":"github.com/vmware/terraform-provider-vsphere/vsphere","Test":"TestAccResourceVSphereVirtualMachine_cloneWithBadSizeWithLinkedClone"}
{"Time":"2025-05-14T18:43:48.912786+03:00","Action":"output","Package":"github.com/vmware/terraform-provider-vsphere/vsphere","Test":"TestAccResourceVSphereVirtualMachine_cloneWithBadSizeWithLinkedClone","Output":"=== RUN   TestAccResourceVSphereVirtualMachine_cloneWithBadSizeWithLinkedClone\n"}
{"Time":"2025-05-14T18:43:48.924254+03:00","Action":"output","Package":"github.com/vmware/terraform-provider-vsphere/vsphere","Test":"TestAccResourceVSphereVirtualMachine_cloneWithBadSizeWithLinkedClone","Output":"    provider_test.go:48: \n"}
{"Time":"2025-05-14T18:43:48.92427+03:00","Action":"output","Package":"github.com/vmware/terraform-provider-vsphere/vsphere","Test":"TestAccResourceVSphereVirtualMachine_cloneWithBadSizeWithLinkedClone","Output":"--- SKIP: TestAccResourceVSphereVirtualMachine_cloneWithBadSizeWithLinkedClone (0.01s)\n"}
{"Time":"2025-05-14T18:43:48.924277+03:00","Action":"skip","Package":"github.com/vmware/terraform-provider-vsphere/vsphere","Test":"TestAccResourceVSphereVirtualMachine_cloneWithBadSizeWithLinkedClone","Elapsed":0.01}
{"Time":"2025-05-14T18:43:48.92429+03:00","Action":"run","Package":"github.com/vmware/terraform-provider-vsphere/vsphere","Test":"TestAccResourceVSphereVirtualMachine_cloneWithBadSizeWithoutLinkedClone"}
{"Time":"2025-05-14T18:43:48.924309+03:00","Action":"output","Package":"github.com/vmware/terraform-provider-vsphere/vsphere","Test":"TestAccResourceVSphereVirtualMachine_cloneWithBadSizeWithoutLinkedClone","Output":"=== RUN   TestAccResourceVSphereVirtualMachine_cloneWithBadSizeWithoutLinkedClone\n"}
{"Time":"2025-05-14T18:43:48.936978+03:00","Action":"output","Package":"github.com/vmware/terraform-provider-vsphere/vsphere","Test":"TestAccResourceVSphereVirtualMachine_cloneWithBadSizeWithoutLinkedClone","Output":"    provider_test.go:48: \n"}
{"Time":"2025-05-14T18:43:48.93701+03:00","Action":"output","Package":"github.com/vmware/terraform-provider-vsphere/vsphere","Test":"TestAccResourceVSphereVirtualMachine_cloneWithBadSizeWithoutLinkedClone","Output":"--- SKIP: TestAccResourceVSphereVirtualMachine_cloneWithBadSizeWithoutLinkedClone (0.01s)\n"}
{"Time":"2025-05-14T18:43:48.937019+03:00","Action":"skip","Package":"github.com/vmware/terraform-provider-vsphere/vsphere","Test":"TestAccResourceVSphereVirtualMachine_cloneWithBadSizeWithoutLinkedClone","Elapsed":0.01}
{"Time":"2025-05-14T18:43:48.937027+03:00","Action":"run","Package":"github.com/vmware/terraform-provider-vsphere/vsphere","Test":"TestAccResourceVSphereVirtualMachine_cloneIntoEmptyCluster"}
{"Time":"2025-05-14T18:43:48.937034+03:00","Action":"output","Package":"github.com/vmware/terraform-provider-vsphere/vsphere","Test":"TestAccResourceVSphereVirtualMachine_cloneIntoEmptyCluster","Output":"=== RUN   TestAccResourceVSphereVirtualMachine_cloneIntoEmptyCluster\n"}
{"Time":"2025-05-14T18:43:48.937206+03:00","Action":"output","Package":"github.com/vmware/terraform-provider-vsphere/vsphere","Test":"TestAccResourceVSphereVirtualMachine_cloneIntoEmptyCluster","Output":"    provider_test.go:48: \n"}
{"Time":"2025-05-14T18:43:48.937233+03:00","Action":"output","Package":"github.com/vmware/terraform-provider-vsphere/vsphere","Test":"TestAccResourceVSphereVirtualMachine_cloneIntoEmptyCluster","Output":"--- SKIP: TestAccResourceVSphereVirtualMachine_cloneIntoEmptyCluster (0.00s)\n"}
{"Time":"2025-05-14T18:43:48.937272+03:00","Action":"skip","Package":"github.com/vmware/terraform-provider-vsphere/vsphere","Test":"TestAccResourceVSphereVirtualMachine_cloneIntoEmptyCluster","Elapsed":0}
{"Time":"2025-05-14T18:43:48.937284+03:00","Action":"run","Package":"github.com/vmware/terraform-provider-vsphere/vsphere","Test":"TestAccResourceVSphereVirtualMachine_cloneWithDifferentHostname"}
{"Time":"2025-05-14T18:43:48.937289+03:00","Action":"output","Package":"github.com/vmware/terraform-provider-vsphere/vsphere","Test":"TestAccResourceVSphereVirtualMachine_cloneWithDifferentHostname","Output":"=== RUN   TestAccResourceVSphereVirtualMachine_cloneWithDifferentHostname\n"}
{"Time":"2025-05-14T18:43:48.946868+03:00","Action":"output","Package":"github.com/vmware/terraform-provider-vsphere/vsphere","Test":"TestAccResourceVSphereVirtualMachine_cloneWithDifferentHostname","Output":"    provider_test.go:48: \n"}
{"Time":"2025-05-14T18:43:48.946892+03:00","Action":"output","Package":"github.com/vmware/terraform-provider-vsphere/vsphere","Test":"TestAccResourceVSphereVirtualMachine_cloneWithDifferentHostname","Output":"--- SKIP: TestAccResourceVSphereVirtualMachine_cloneWithDifferentHostname (0.01s)\n"}
{"Time":"2025-05-14T18:43:48.946896+03:00","Action":"skip","Package":"github.com/vmware/terraform-provider-vsphere/vsphere","Test":"TestAccResourceVSphereVirtualMachine_cloneWithDifferentHostname","Elapsed":0.01}
{"Time":"2025-05-14T18:43:48.9469+03:00","Action":"run","Package":"github.com/vmware/terraform-provider-vsphere/vsphere","Test":"TestAccResourceVSphereVirtualMachine_cloneWithDiskTypeChange"}
{"Time":"2025-05-14T18:43:48.946902+03:00","Action":"output","Package":"github.com/vmware/terraform-provider-vsphere/vsphere","Test":"TestAccResourceVSphereVirtualMachine_cloneWithDiskTypeChange","Output":"=== RUN   TestAccResourceVSphereVirtualMachine_cloneWithDiskTypeChange\n"}
{"Time":"2025-05-14T18:43:48.955773+03:00","Action":"output","Package":"github.com/vmware/terraform-provider-vsphere/vsphere","Test":"TestAccResourceVSphereVirtualMachine_cloneWithDiskTypeChange","Output":"    provider_test.go:48: \n"}
{"Time":"2025-05-14T18:43:48.955791+03:00","Action":"output","Package":"github.com/vmware/terraform-provider-vsphere/vsphere","Test":"TestAccResourceVSphereVirtualMachine_cloneWithDiskTypeChange","Output":"--- SKIP: TestAccResourceVSphereVirtualMachine_cloneWithDiskTypeChange (0.01s)\n"}
{"Time":"2025-05-14T18:43:48.955836+03:00","Action":"skip","Package":"github.com/vmware/terraform-provider-vsphere/vsphere","Test":"TestAccResourceVSphereVirtualMachine_cloneWithDiskTypeChange","Elapsed":0.01}
{"Time":"2025-05-14T18:43:48.955843+03:00","Action":"run","Package":"github.com/vmware/terraform-provider-vsphere/vsphere","Test":"TestAccResourceVSphereVirtualMachine_cloneOnDsCuster"}
{"Time":"2025-05-14T18:43:48.955848+03:00","Action":"output","Package":"github.com/vmware/terraform-provider-vsphere/vsphere","Test":"TestAccResourceVSphereVirtualMachine_cloneOnDsCuster","Output":"=== RUN   TestAccResourceVSphereVirtualMachine_cloneOnDsCuster\n"}
{"Time":"2025-05-14T18:43:48.968248+03:00","Action":"output","Package":"github.com/vmware/terraform-provider-vsphere/vsphere","Test":"TestAccResourceVSphereVirtualMachine_cloneOnDsCuster","Output":"    provider_test.go:48: \n"}
{"Time":"2025-05-14T18:43:48.968261+03:00","Action":"output","Package":"github.com/vmware/terraform-provider-vsphere/vsphere","Test":"TestAccResourceVSphereVirtualMachine_cloneOnDsCuster","Output":"--- SKIP: TestAccResourceVSphereVirtualMachine_cloneOnDsCuster (0.01s)\n"}
{"Time":"2025-05-14T18:43:48.968268+03:00","Action":"skip","Package":"github.com/vmware/terraform-provider-vsphere/vsphere","Test":"TestAccResourceVSphereVirtualMachine_cloneOnDsCuster","Elapsed":0.01}
{"Time":"2025-05-14T18:43:48.968273+03:00","Action":"run","Package":"github.com/vmware/terraform-provider-vsphere/vsphere","Test":"TestAccResourceVSphereVirtualMachine_cpuHotAdd"}
{"Time":"2025-05-14T18:43:48.968278+03:00","Action":"output","Package":"github.com/vmware/terraform-provider-vsphere/vsphere","Test":"TestAccResourceVSphereVirtualMachine_cpuHotAdd","Output":"=== RUN   TestAccResourceVSphereVirtualMachine_cpuHotAdd\n"}
{"Time":"2025-05-14T18:43:48.980491+03:00","Action":"output","Package":"github.com/vmware/terraform-provider-vsphere/vsphere","Test":"TestAccResourceVSphereVirtualMachine_cpuHotAdd","Output":"    provider_test.go:48: \n"}
{"Time":"2025-05-14T18:43:48.980502+03:00","Action":"output","Package":"github.com/vmware/terraform-provider-vsphere/vsphere","Test":"TestAccResourceVSphereVirtualMachine_cpuHotAdd","Output":"--- SKIP: TestAccResourceVSphereVirtualMachine_cpuHotAdd (0.01s)\n"}
{"Time":"2025-05-14T18:43:48.980508+03:00","Action":"skip","Package":"github.com/vmware/terraform-provider-vsphere/vsphere","Test":"TestAccResourceVSphereVirtualMachine_cpuHotAdd","Elapsed":0.01}
{"Time":"2025-05-14T18:43:48.980512+03:00","Action":"run","Package":"github.com/vmware/terraform-provider-vsphere/vsphere","Test":"TestAccResourceVSphereVirtualMachine_memoryHotAdd"}
{"Time":"2025-05-14T18:43:48.980516+03:00","Action":"output","Package":"github.com/vmware/terraform-provider-vsphere/vsphere","Test":"TestAccResourceVSphereVirtualMachine_memoryHotAdd","Output":"=== RUN   TestAccResourceVSphereVirtualMachine_memoryHotAdd\n"}
{"Time":"2025-05-14T18:43:48.993018+03:00","Action":"output","Package":"github.com/vmware/terraform-provider-vsphere/vsphere","Test":"TestAccResourceVSphereVirtualMachine_memoryHotAdd","Output":"    provider_test.go:48: \n"}
{"Time":"2025-05-14T18:43:48.993038+03:00","Action":"output","Package":"github.com/vmware/terraform-provider-vsphere/vsphere","Test":"TestAccResourceVSphereVirtualMachine_memoryHotAdd","Output":"--- SKIP: TestAccResourceVSphereVirtualMachine_memoryHotAdd (0.01s)\n"}
{"Time":"2025-05-14T18:43:48.993044+03:00","Action":"skip","Package":"github.com/vmware/terraform-provider-vsphere/vsphere","Test":"TestAccResourceVSphereVirtualMachine_memoryHotAdd","Elapsed":0.01}
{"Time":"2025-05-14T18:43:48.993049+03:00","Action":"run","Package":"github.com/vmware/terraform-provider-vsphere/vsphere","Test":"TestAccResourceVSphereVirtualMachine_dualStackIPv4AndIPv6"}
{"Time":"2025-05-14T18:43:48.993053+03:00","Action":"output","Package":"github.com/vmware/terraform-provider-vsphere/vsphere","Test":"TestAccResourceVSphereVirtualMachine_dualStackIPv4AndIPv6","Output":"=== RUN   TestAccResourceVSphereVirtualMachine_dualStackIPv4AndIPv6\n"}
{"Time":"2025-05-14T18:43:49.005053+03:00","Action":"output","Package":"github.com/vmware/terraform-provider-vsphere/vsphere","Test":"TestAccResourceVSphereVirtualMachine_dualStackIPv4AndIPv6","Output":"    provider_test.go:48: \n"}
{"Time":"2025-05-14T18:43:49.005063+03:00","Action":"output","Package":"github.com/vmware/terraform-provider-vsphere/vsphere","Test":"TestAccResourceVSphereVirtualMachine_dualStackIPv4AndIPv6","Output":"--- SKIP: TestAccResourceVSphereVirtualMachine_dualStackIPv4AndIPv6 (0.01s)\n"}
{"Time":"2025-05-14T18:43:49.005068+03:00","Action":"skip","Package":"github.com/vmware/terraform-provider-vsphere/vsphere","Test":"TestAccResourceVSphereVirtualMachine_dualStackIPv4AndIPv6","Elapsed":0.01}
{"Time":"2025-05-14T18:43:49.005071+03:00","Action":"run","Package":"github.com/vmware/terraform-provider-vsphere/vsphere","Test":"TestAccResourceVSphereVirtualMachine_hostCheck"}
{"Time":"2025-05-14T18:43:49.005074+03:00","Action":"output","Package":"github.com/vmware/terraform-provider-vsphere/vsphere","Test":"TestAccResourceVSphereVirtualMachine_hostCheck","Output":"=== RUN   TestAccResourceVSphereVirtualMachine_hostCheck\n"}
{"Time":"2025-05-14T18:43:49.017287+03:00","Action":"output","Package":"github.com/vmware/terraform-provider-vsphere/vsphere","Test":"TestAccResourceVSphereVirtualMachine_hostCheck","Output":"    provider_test.go:48: \n"}
{"Time":"2025-05-14T18:43:49.017304+03:00","Action":"output","Package":"github.com/vmware/terraform-provider-vsphere/vsphere","Test":"TestAccResourceVSphereVirtualMachine_hostCheck","Output":"--- SKIP: TestAccResourceVSphereVirtualMachine_hostCheck (0.01s)\n"}
{"Time":"2025-05-14T18:43:49.017311+03:00","Action":"skip","Package":"github.com/vmware/terraform-provider-vsphere/vsphere","Test":"TestAccResourceVSphereVirtualMachine_hostCheck","Elapsed":0.01}
{"Time":"2025-05-14T18:43:49.017316+03:00","Action":"run","Package":"github.com/vmware/terraform-provider-vsphere/vsphere","Test":"TestAccResourceVSphereVirtualMachine_hostVMotion"}
{"Time":"2025-05-14T18:43:49.01732+03:00","Action":"output","Package":"github.com/vmware/terraform-provider-vsphere/vsphere","Test":"TestAccResourceVSphereVirtualMachine_hostVMotion","Output":"=== RUN   TestAccResourceVSphereVirtualMachine_hostVMotion\n"}
{"Time":"2025-05-14T18:43:49.02615+03:00","Action":"output","Package":"github.com/vmware/terraform-provider-vsphere/vsphere","Test":"TestAccResourceVSphereVirtualMachine_hostVMotion","Output":"    provider_test.go:48: \n"}
{"Time":"2025-05-14T18:43:49.02616+03:00","Action":"output","Package":"github.com/vmware/terraform-provider-vsphere/vsphere","Test":"TestAccResourceVSphereVirtualMachine_hostVMotion","Output":"--- SKIP: TestAccResourceVSphereVirtualMachine_hostVMotion (0.01s)\n"}
{"Time":"2025-05-14T18:43:49.026165+03:00","Action":"skip","Package":"github.com/vmware/terraform-provider-vsphere/vsphere","Test":"TestAccResourceVSphereVirtualMachine_hostVMotion","Elapsed":0.01}
{"Time":"2025-05-14T18:43:49.026168+03:00","Action":"run","Package":"github.com/vmware/terraform-provider-vsphere/vsphere","Test":"TestAccResourceVSphereVirtualMachine_resourcePoolVMotion"}
{"Time":"2025-05-14T18:43:49.026171+03:00","Action":"output","Package":"github.com/vmware/terraform-provider-vsphere/vsphere","Test":"TestAccResourceVSphereVirtualMachine_resourcePoolVMotion","Output":"=== RUN   TestAccResourceVSphereVirtualMachine_resourcePoolVMotion\n"}
{"Time":"2025-05-14T18:43:49.034026+03:00","Action":"output","Package":"github.com/vmware/terraform-provider-vsphere/vsphere","Test":"TestAccResourceVSphereVirtualMachine_resourcePoolVMotion","Output":"    provider_test.go:48: \n"}
{"Time":"2025-05-14T18:43:49.034039+03:00","Action":"output","Package":"github.com/vmware/terraform-provider-vsphere/vsphere","Test":"TestAccResourceVSphereVirtualMachine_resourcePoolVMotion","Output":"--- SKIP: TestAccResourceVSphereVirtualMachine_resourcePoolVMotion (0.01s)\n"}
{"Time":"2025-05-14T18:43:49.034045+03:00","Action":"skip","Package":"github.com/vmware/terraform-provider-vsphere/vsphere","Test":"TestAccResourceVSphereVirtualMachine_resourcePoolVMotion","Elapsed":0.01}
{"Time":"2025-05-14T18:43:49.034048+03:00","Action":"run","Package":"github.com/vmware/terraform-provider-vsphere/vsphere","Test":"TestAccResourceVSphereVirtualMachine_storageVMotionGlobalSetting"}
{"Time":"2025-05-14T18:43:49.034061+03:00","Action":"output","Package":"github.com/vmware/terraform-provider-vsphere/vsphere","Test":"TestAccResourceVSphereVirtualMachine_storageVMotionGlobalSetting","Output":"=== RUN   TestAccResourceVSphereVirtualMachine_storageVMotionGlobalSetting\n"}
{"Time":"2025-05-14T18:43:49.045455+03:00","Action":"output","Package":"github.com/vmware/terraform-provider-vsphere/vsphere","Test":"TestAccResourceVSphereVirtualMachine_storageVMotionGlobalSetting","Output":"    provider_test.go:48: \n"}
{"Time":"2025-05-14T18:43:49.045469+03:00","Action":"output","Package":"github.com/vmware/terraform-provider-vsphere/vsphere","Test":"TestAccResourceVSphereVirtualMachine_storageVMotionGlobalSetting","Output":"--- SKIP: TestAccResourceVSphereVirtualMachine_storageVMotionGlobalSetting (0.01s)\n"}
{"Time":"2025-05-14T18:43:49.045477+03:00","Action":"skip","Package":"github.com/vmware/terraform-provider-vsphere/vsphere","Test":"TestAccResourceVSphereVirtualMachine_storageVMotionGlobalSetting","Elapsed":0.01}
{"Time":"2025-05-14T18:43:49.045482+03:00","Action":"run","Package":"github.com/vmware/terraform-provider-vsphere/vsphere","Test":"TestAccResourceVSphereVirtualMachine_storageVMotionSingleDisk"}
{"Time":"2025-05-14T18:43:49.045486+03:00","Action":"output","Package":"github.com/vmware/terraform-provider-vsphere/vsphere","Test":"TestAccResourceVSphereVirtualMachine_storageVMotionSingleDisk","Output":"=== RUN   TestAccResourceVSphereVirtualMachine_storageVMotionSingleDisk\n"}
{"Time":"2025-05-14T18:43:49.055799+03:00","Action":"output","Package":"github.com/vmware/terraform-provider-vsphere/vsphere","Test":"TestAccResourceVSphereVirtualMachine_storageVMotionSingleDisk","Output":"    provider_test.go:48: \n"}
{"Time":"2025-05-14T18:43:49.055816+03:00","Action":"output","Package":"github.com/vmware/terraform-provider-vsphere/vsphere","Test":"TestAccResourceVSphereVirtualMachine_storageVMotionSingleDisk","Output":"--- SKIP: TestAccResourceVSphereVirtualMachine_storageVMotionSingleDisk (0.01s)\n"}
{"Time":"2025-05-14T18:43:49.055825+03:00","Action":"skip","Package":"github.com/vmware/terraform-provider-vsphere/vsphere","Test":"TestAccResourceVSphereVirtualMachine_storageVMotionSingleDisk","Elapsed":0.01}
{"Time":"2025-05-14T18:43:49.055829+03:00","Action":"run","Package":"github.com/vmware/terraform-provider-vsphere/vsphere","Test":"TestAccResourceVSphereVirtualMachine_storageVMotionPinDatastore"}
{"Time":"2025-05-14T18:43:49.055833+03:00","Action":"output","Package":"github.com/vmware/terraform-provider-vsphere/vsphere","Test":"TestAccResourceVSphereVirtualMachine_storageVMotionPinDatastore","Output":"=== RUN   TestAccResourceVSphereVirtualMachine_storageVMotionPinDatastore\n"}
{"Time":"2025-05-14T18:43:49.065944+03:00","Action":"output","Package":"github.com/vmware/terraform-provider-vsphere/vsphere","Test":"TestAccResourceVSphereVirtualMachine_storageVMotionPinDatastore","Output":"    provider_test.go:48: \n"}
{"Time":"2025-05-14T18:43:49.065956+03:00","Action":"output","Package":"github.com/vmware/terraform-provider-vsphere/vsphere","Test":"TestAccResourceVSphereVirtualMachine_storageVMotionPinDatastore","Output":"--- SKIP: TestAccResourceVSphereVirtualMachine_storageVMotionPinDatastore (0.01s)\n"}
{"Time":"2025-05-14T18:43:49.065964+03:00","Action":"skip","Package":"github.com/vmware/terraform-provider-vsphere/vsphere","Test":"TestAccResourceVSphereVirtualMachine_storageVMotionPinDatastore","Elapsed":0.01}
{"Time":"2025-05-14T18:43:49.065969+03:00","Action":"run","Package":"github.com/vmware/terraform-provider-vsphere/vsphere","Test":"TestAccResourceVSphereVirtualMachine_storageVMotionRenamedVirtualMachine"}
{"Time":"2025-05-14T18:43:49.065973+03:00","Action":"output","Package":"github.com/vmware/terraform-provider-vsphere/vsphere","Test":"TestAccResourceVSphereVirtualMachine_storageVMotionRenamedVirtualMachine","Output":"=== RUN   TestAccResourceVSphereVirtualMachine_storageVMotionRenamedVirtualMachine\n"}
{"Time":"2025-05-14T18:43:49.077795+03:00","Action":"output","Package":"github.com/vmware/terraform-provider-vsphere/vsphere","Test":"TestAccResourceVSphereVirtualMachine_storageVMotionRenamedVirtualMachine","Output":"    provider_test.go:48: \n"}
{"Time":"2025-05-14T18:43:49.077812+03:00","Action":"output","Package":"github.com/vmware/terraform-provider-vsphere/vsphere","Test":"TestAccResourceVSphereVirtualMachine_storageVMotionRenamedVirtualMachine","Output":"--- SKIP: TestAccResourceVSphereVirtualMachine_storageVMotionRenamedVirtualMachine (0.01s)\n"}
{"Time":"2025-05-14T18:43:49.077819+03:00","Action":"skip","Package":"github.com/vmware/terraform-provider-vsphere/vsphere","Test":"TestAccResourceVSphereVirtualMachine_storageVMotionRenamedVirtualMachine","Elapsed":0.01}
{"Time":"2025-05-14T18:43:49.077824+03:00","Action":"run","Package":"github.com/vmware/terraform-provider-vsphere/vsphere","Test":"TestAccResourceVSphereVirtualMachine_storageVMotionLinkedClones"}
{"Time":"2025-05-14T18:43:49.077828+03:00","Action":"output","Package":"github.com/vmware/terraform-provider-vsphere/vsphere","Test":"TestAccResourceVSphereVirtualMachine_storageVMotionLinkedClones","Output":"=== RUN   TestAccResourceVSphereVirtualMachine_storageVMotionLinkedClones\n"}
{"Time":"2025-05-14T18:43:49.089759+03:00","Action":"output","Package":"github.com/vmware/terraform-provider-vsphere/vsphere","Test":"TestAccResourceVSphereVirtualMachine_storageVMotionLinkedClones","Output":"    provider_test.go:48: \n"}
{"Time":"2025-05-14T18:43:49.089828+03:00","Action":"output","Package":"github.com/vmware/terraform-provider-vsphere/vsphere","Test":"TestAccResourceVSphereVirtualMachine_storageVMotionLinkedClones","Output":"--- SKIP: TestAccResourceVSphereVirtualMachine_storageVMotionLinkedClones (0.01s)\n"}
{"Time":"2025-05-14T18:43:49.089843+03:00","Action":"skip","Package":"github.com/vmware/terraform-provider-vsphere/vsphere","Test":"TestAccResourceVSphereVirtualMachine_storageVMotionLinkedClones","Elapsed":0.01}
{"Time":"2025-05-14T18:43:49.089854+03:00","Action":"run","Package":"github.com/vmware/terraform-provider-vsphere/vsphere","Test":"TestAccResourceVSphereVirtualMachine_storageVMotionBlockExternallyAttachedDisks"}
{"Time":"2025-05-14T18:43:49.08986+03:00","Action":"output","Package":"github.com/vmware/terraform-provider-vsphere/vsphere","Test":"TestAccResourceVSphereVirtualMachine_storageVMotionBlockExternallyAttachedDisks","Output":"=== RUN   TestAccResourceVSphereVirtualMachine_storageVMotionBlockExternallyAttachedDisks\n"}
{"Time":"2025-05-14T18:43:49.11485+03:00","Action":"output","Package":"github.com/vmware/terraform-provider-vsphere/vsphere","Test":"TestAccResourceVSphereVirtualMachine_storageVMotionBlockExternallyAttachedDisks","Output":"    provider_test.go:48: \n"}
{"Time":"2025-05-14T18:43:49.114868+03:00","Action":"output","Package":"github.com/vmware/terraform-provider-vsphere/vsphere","Test":"TestAccResourceVSphereVirtualMachine_storageVMotionBlockExternallyAttachedDisks","Output":"--- SKIP: TestAccResourceVSphereVirtualMachine_storageVMotionBlockExternallyAttachedDisks (0.03s)\n"}
{"Time":"2025-05-14T18:43:49.114873+03:00","Action":"skip","Package":"github.com/vmware/terraform-provider-vsphere/vsphere","Test":"TestAccResourceVSphereVirtualMachine_storageVMotionBlockExternallyAttachedDisks","Elapsed":0.03}
{"Time":"2025-05-14T18:43:49.114879+03:00","Action":"run","Package":"github.com/vmware/terraform-provider-vsphere/vsphere","Test":"TestAccResourceVSphereVirtualMachine_singleCustomAttribute"}
{"Time":"2025-05-14T18:43:49.114883+03:00","Action":"output","Package":"github.com/vmware/terraform-provider-vsphere/vsphere","Test":"TestAccResourceVSphereVirtualMachine_singleCustomAttribute","Output":"=== RUN   TestAccResourceVSphereVirtualMachine_singleCustomAttribute\n"}
{"Time":"2025-05-14T18:43:49.12829+03:00","Action":"output","Package":"github.com/vmware/terraform-provider-vsphere/vsphere","Test":"TestAccResourceVSphereVirtualMachine_singleCustomAttribute","Output":"    provider_test.go:48: \n"}
{"Time":"2025-05-14T18:43:49.128304+03:00","Action":"output","Package":"github.com/vmware/terraform-provider-vsphere/vsphere","Test":"TestAccResourceVSphereVirtualMachine_singleCustomAttribute","Output":"--- SKIP: TestAccResourceVSphereVirtualMachine_singleCustomAttribute (0.01s)\n"}
{"Time":"2025-05-14T18:43:49.128311+03:00","Action":"skip","Package":"github.com/vmware/terraform-provider-vsphere/vsphere","Test":"TestAccResourceVSphereVirtualMachine_singleCustomAttribute","Elapsed":0.01}
{"Time":"2025-05-14T18:43:49.128316+03:00","Action":"run","Package":"github.com/vmware/terraform-provider-vsphere/vsphere","Test":"TestAccResourceVSphereVirtualMachine_multiCustomAttribute"}
{"Time":"2025-05-14T18:43:49.12832+03:00","Action":"output","Package":"github.com/vmware/terraform-provider-vsphere/vsphere","Test":"TestAccResourceVSphereVirtualMachine_multiCustomAttribute","Output":"=== RUN   TestAccResourceVSphereVirtualMachine_multiCustomAttribute\n"}
{"Time":"2025-05-14T18:43:49.138642+03:00","Action":"output","Package":"github.com/vmware/terraform-provider-vsphere/vsphere","Test":"TestAccResourceVSphereVirtualMachine_multiCustomAttribute","Output":"    provider_test.go:48: \n"}
{"Time":"2025-05-14T18:43:49.138727+03:00","Action":"output","Package":"github.com/vmware/terraform-provider-vsphere/vsphere","Test":"TestAccResourceVSphereVirtualMachine_multiCustomAttribute","Output":"--- SKIP: TestAccResourceVSphereVirtualMachine_multiCustomAttribute (0.01s)\n"}
{"Time":"2025-05-14T18:43:49.138737+03:00","Action":"skip","Package":"github.com/vmware/terraform-provider-vsphere/vsphere","Test":"TestAccResourceVSphereVirtualMachine_multiCustomAttribute","Elapsed":0.01}
{"Time":"2025-05-14T18:43:49.13875+03:00","Action":"run","Package":"github.com/vmware/terraform-provider-vsphere/vsphere","Test":"TestAccResourceVSphereVirtualMachine_switchCustomAttribute"}
{"Time":"2025-05-14T18:43:49.138756+03:00","Action":"output","Package":"github.com/vmware/terraform-provider-vsphere/vsphere","Test":"TestAccResourceVSphereVirtualMachine_switchCustomAttribute","Output":"=== RUN   TestAccResourceVSphereVirtualMachine_switchCustomAttribute\n"}
{"Time":"2025-05-14T18:43:49.149339+03:00","Action":"output","Package":"github.com/vmware/terraform-provider-vsphere/vsphere","Test":"TestAccResourceVSphereVirtualMachine_switchCustomAttribute","Output":"    provider_test.go:48: \n"}
{"Time":"2025-05-14T18:43:49.149353+03:00","Action":"output","Package":"github.com/vmware/terraform-provider-vsphere/vsphere","Test":"TestAccResourceVSphereVirtualMachine_switchCustomAttribute","Output":"--- SKIP: TestAccResourceVSphereVirtualMachine_switchCustomAttribute (0.01s)\n"}
{"Time":"2025-05-14T18:43:49.149359+03:00","Action":"skip","Package":"github.com/vmware/terraform-provider-vsphere/vsphere","Test":"TestAccResourceVSphereVirtualMachine_switchCustomAttribute","Elapsed":0.01}
{"Time":"2025-05-14T18:43:49.149363+03:00","Action":"run","Package":"github.com/vmware/terraform-provider-vsphere/vsphere","Test":"TestAccResourceVSphereVirtualMachine_multipleDisksAtDifferentSCSISlotsImport"}
{"Time":"2025-05-14T18:43:49.149392+03:00","Action":"output","Package":"github.com/vmware/terraform-provider-vsphere/vsphere","Test":"TestAccResourceVSphereVirtualMachine_multipleDisksAtDifferentSCSISlotsImport","Output":"=== RUN   TestAccResourceVSphereVirtualMachine_multipleDisksAtDifferentSCSISlotsImport\n"}
{"Time":"2025-05-14T18:43:49.159844+03:00","Action":"output","Package":"github.com/vmware/terraform-provider-vsphere/vsphere","Test":"TestAccResourceVSphereVirtualMachine_multipleDisksAtDifferentSCSISlotsImport","Output":"    provider_test.go:48: \n"}
{"Time":"2025-05-14T18:43:49.159858+03:00","Action":"output","Package":"github.com/vmware/terraform-provider-vsphere/vsphere","Test":"TestAccResourceVSphereVirtualMachine_multipleDisksAtDifferentSCSISlotsImport","Output":"--- SKIP: TestAccResourceVSphereVirtualMachine_multipleDisksAtDifferentSCSISlotsImport (0.01s)\n"}
{"Time":"2025-05-14T18:43:49.159879+03:00","Action":"skip","Package":"github.com/vmware/terraform-provider-vsphere/vsphere","Test":"TestAccResourceVSphereVirtualMachine_multipleDisksAtDifferentSCSISlotsImport","Elapsed":0.01}
{"Time":"2025-05-14T18:43:49.159886+03:00","Action":"run","Package":"github.com/vmware/terraform-provider-vsphere/vsphere","Test":"TestAccResourceVSphereVirtualMachine_cloneImport"}
{"Time":"2025-05-14T18:43:49.15989+03:00","Action":"output","Package":"github.com/vmware/terraform-provider-vsphere/vsphere","Test":"TestAccResourceVSphereVirtualMachine_cloneImport","Output":"=== RUN   TestAccResourceVSphereVirtualMachine_cloneImport\n"}
{"Time":"2025-05-14T18:43:49.170063+03:00","Action":"output","Package":"github.com/vmware/terraform-provider-vsphere/vsphere","Test":"TestAccResourceVSphereVirtualMachine_cloneImport","Output":"    provider_test.go:48: \n"}
{"Time":"2025-05-14T18:43:49.170076+03:00","Action":"output","Package":"github.com/vmware/terraform-provider-vsphere/vsphere","Test":"TestAccResourceVSphereVirtualMachine_cloneImport","Output":"--- SKIP: TestAccResourceVSphereVirtualMachine_cloneImport (0.01s)\n"}
{"Time":"2025-05-14T18:43:49.170083+03:00","Action":"skip","Package":"github.com/vmware/terraform-provider-vsphere/vsphere","Test":"TestAccResourceVSphereVirtualMachine_cloneImport","Elapsed":0.01}
{"Time":"2025-05-14T18:43:49.170088+03:00","Action":"run","Package":"github.com/vmware/terraform-provider-vsphere/vsphere","Test":"TestAccResourceVSphereVirtualMachine_interpolatedDisk"}
{"Time":"2025-05-14T18:43:49.170092+03:00","Action":"output","Package":"github.com/vmware/terraform-provider-vsphere/vsphere","Test":"TestAccResourceVSphereVirtualMachine_interpolatedDisk","Output":"=== RUN   TestAccResourceVSphereVirtualMachine_interpolatedDisk\n"}
{"Time":"2025-05-14T18:43:49.180597+03:00","Action":"output","Package":"github.com/vmware/terraform-provider-vsphere/vsphere","Test":"TestAccResourceVSphereVirtualMachine_interpolatedDisk","Output":"    provider_test.go:48: \n"}
{"Time":"2025-05-14T18:43:49.180609+03:00","Action":"output","Package":"github.com/vmware/terraform-provider-vsphere/vsphere","Test":"TestAccResourceVSphereVirtualMachine_interpolatedDisk","Output":"--- SKIP: TestAccResourceVSphereVirtualMachine_interpolatedDisk (0.01s)\n"}
{"Time":"2025-05-14T18:43:49.180616+03:00","Action":"skip","Package":"github.com/vmware/terraform-provider-vsphere/vsphere","Test":"TestAccResourceVSphereVirtualMachine_interpolatedDisk","Elapsed":0.01}
{"Time":"2025-05-14T18:43:49.18062+03:00","Action":"run","Package":"github.com/vmware/terraform-provider-vsphere/vsphere","Test":"TestAccResourceVSphereVirtualMachine_deployOvfFromUrl"}
{"Time":"2025-05-14T18:43:49.180624+03:00","Action":"output","Package":"github.com/vmware/terraform-provider-vsphere/vsphere","Test":"TestAccResourceVSphereVirtualMachine_deployOvfFromUrl","Output":"=== RUN   TestAccResourceVSphereVirtualMachine_deployOvfFromUrl\n"}
{"Time":"2025-05-14T18:43:49.192442+03:00","Action":"output","Package":"github.com/vmware/terraform-provider-vsphere/vsphere","Test":"TestAccResourceVSphereVirtualMachine_deployOvfFromUrl","Output":"    provider_test.go:48: \n"}
{"Time":"2025-05-14T18:43:49.192453+03:00","Action":"output","Package":"github.com/vmware/terraform-provider-vsphere/vsphere","Test":"TestAccResourceVSphereVirtualMachine_deployOvfFromUrl","Output":"--- SKIP: TestAccResourceVSphereVirtualMachine_deployOvfFromUrl (0.01s)\n"}
{"Time":"2025-05-14T18:43:49.192458+03:00","Action":"skip","Package":"github.com/vmware/terraform-provider-vsphere/vsphere","Test":"TestAccResourceVSphereVirtualMachine_deployOvfFromUrl","Elapsed":0.01}
{"Time":"2025-05-14T18:43:49.192463+03:00","Action":"run","Package":"github.com/vmware/terraform-provider-vsphere/vsphere","Test":"TestAccResourceVSphereVirtualMachine_deployOvaFromUrl"}
{"Time":"2025-05-14T18:43:49.192467+03:00","Action":"output","Package":"github.com/vmware/terraform-provider-vsphere/vsphere","Test":"TestAccResourceVSphereVirtualMachine_deployOvaFromUrl","Output":"=== RUN   TestAccResourceVSphereVirtualMachine_deployOvaFromUrl\n"}
{"Time":"2025-05-14T18:43:49.192539+03:00","Action":"output","Package":"github.com/vmware/terraform-provider-vsphere/vsphere","Test":"TestAccResourceVSphereVirtualMachine_deployOvaFromUrl","Output":"    provider_test.go:48: \n"}
{"Time":"2025-05-14T18:43:49.192559+03:00","Action":"output","Package":"github.com/vmware/terraform-provider-vsphere/vsphere","Test":"TestAccResourceVSphereVirtualMachine_deployOvaFromUrl","Output":"--- SKIP: TestAccResourceVSphereVirtualMachine_deployOvaFromUrl (0.00s)\n"}
{"Time":"2025-05-14T18:43:49.192567+03:00","Action":"skip","Package":"github.com/vmware/terraform-provider-vsphere/vsphere","Test":"TestAccResourceVSphereVirtualMachine_deployOvaFromUrl","Elapsed":0}
{"Time":"2025-05-14T18:43:49.192573+03:00","Action":"run","Package":"github.com/vmware/terraform-provider-vsphere/vsphere","Test":"TestAccResourceVSphereVirtualMachine_cloneWithCustomizationSpec"}
{"Time":"2025-05-14T18:43:49.192576+03:00","Action":"output","Package":"github.com/vmware/terraform-provider-vsphere/vsphere","Test":"TestAccResourceVSphereVirtualMachine_cloneWithCustomizationSpec","Output":"=== RUN   TestAccResourceVSphereVirtualMachine_cloneWithCustomizationSpec\n"}
{"Time":"2025-05-14T18:43:49.203214+03:00","Action":"output","Package":"github.com/vmware/terraform-provider-vsphere/vsphere","Test":"TestAccResourceVSphereVirtualMachine_cloneWithCustomizationSpec","Output":"    provider_test.go:48: \n"}
{"Time":"2025-05-14T18:43:49.203309+03:00","Action":"output","Package":"github.com/vmware/terraform-provider-vsphere/vsphere","Test":"TestAccResourceVSphereVirtualMachine_cloneWithCustomizationSpec","Output":"--- SKIP: TestAccResourceVSphereVirtualMachine_cloneWithCustomizationSpec (0.01s)\n"}
{"Time":"2025-05-14T18:43:49.203319+03:00","Action":"skip","Package":"github.com/vmware/terraform-provider-vsphere/vsphere","Test":"TestAccResourceVSphereVirtualMachine_cloneWithCustomizationSpec","Elapsed":0.01}
{"Time":"2025-05-14T18:43:49.203331+03:00","Action":"run","Package":"github.com/vmware/terraform-provider-vsphere/vsphere","Test":"TestAccResourceVSphereVirtualMachine_SRIOV"}
{"Time":"2025-05-14T18:43:49.203339+03:00","Action":"output","Package":"github.com/vmware/terraform-provider-vsphere/vsphere","Test":"TestAccResourceVSphereVirtualMachine_SRIOV","Output":"=== RUN   TestAccResourceVSphereVirtualMachine_SRIOV\n"}
{"Time":"2025-05-14T18:43:49.212073+03:00","Action":"output","Package":"github.com/vmware/terraform-provider-vsphere/vsphere","Test":"TestAccResourceVSphereVirtualMachine_SRIOV","Output":"    provider_test.go:48: \n"}
{"Time":"2025-05-14T18:43:49.212088+03:00","Action":"output","Package":"github.com/vmware/terraform-provider-vsphere/vsphere","Test":"TestAccResourceVSphereVirtualMachine_SRIOV","Output":"--- SKIP: TestAccResourceVSphereVirtualMachine_SRIOV (0.01s)\n"}
{"Time":"2025-05-14T18:43:49.212094+03:00","Action":"skip","Package":"github.com/vmware/terraform-provider-vsphere/vsphere","Test":"TestAccResourceVSphereVirtualMachine_SRIOV","Elapsed":0.01}
{"Time":"2025-05-14T18:43:49.212098+03:00","Action":"run","Package":"github.com/vmware/terraform-provider-vsphere/vsphere","Test":"TestAccResourceVSphereVirtualMachine_createMemoryReservationLockedToMax"}
{"Time":"2025-05-14T18:43:49.212102+03:00","Action":"output","Package":"github.com/vmware/terraform-provider-vsphere/vsphere","Test":"TestAccResourceVSphereVirtualMachine_createMemoryReservationLockedToMax","Output":"=== RUN   TestAccResourceVSphereVirtualMachine_createMemoryReservationLockedToMax\n"}
{"Time":"2025-05-14T18:43:49.233602+03:00","Action":"output","Package":"github.com/vmware/terraform-provider-vsphere/vsphere","Test":"TestAccResourceVSphereVirtualMachine_createMemoryReservationLockedToMax","Output":"    provider_test.go:48: \n"}
{"Time":"2025-05-14T18:43:49.233764+03:00","Action":"output","Package":"github.com/vmware/terraform-provider-vsphere/vsphere","Test":"TestAccResourceVSphereVirtualMachine_createMemoryReservationLockedToMax","Output":"--- SKIP: TestAccResourceVSphereVirtualMachine_createMemoryReservationLockedToMax (0.02s)\n"}
{"Time":"2025-05-14T18:43:49.233772+03:00","Action":"skip","Package":"github.com/vmware/terraform-provider-vsphere/vsphere","Test":"TestAccResourceVSphereVirtualMachine_createMemoryReservationLockedToMax","Elapsed":0.02}
{"Time":"2025-05-14T18:43:49.233788+03:00","Action":"run","Package":"github.com/vmware/terraform-provider-vsphere/vsphere","Test":"TestAccResourceVSphereVirtualMachine_deployOvfFromUrlMultipleVmsSameName"}
{"Time":"2025-05-14T18:43:49.233794+03:00","Action":"output","Package":"github.com/vmware/terraform-provider-vsphere/vsphere","Test":"TestAccResourceVSphereVirtualMachine_deployOvfFromUrlMultipleVmsSameName","Output":"=== RUN   TestAccResourceVSphereVirtualMachine_deployOvfFromUrlMultipleVmsSameName\n"}
{"Time":"2025-05-14T18:43:49.2338+03:00","Action":"output","Package":"github.com/vmware/terraform-provider-vsphere/vsphere","Test":"TestAccResourceVSphereVirtualMachine_deployOvfFromUrlMultipleVmsSameName","Output":"    provider_test.go:48: \n"}
{"Time":"2025-05-14T18:43:49.233806+03:00","Action":"output","Package":"github.com/vmware/terraform-provider-vsphere/vsphere","Test":"TestAccResourceVSphereVirtualMachine_deployOvfFromUrlMultipleVmsSameName","Output":"--- SKIP: TestAccResourceVSphereVirtualMachine_deployOvfFromUrlMultipleVmsSameName (0.00s)\n"}
{"Time":"2025-05-14T18:43:49.233815+03:00","Action":"skip","Package":"github.com/vmware/terraform-provider-vsphere/vsphere","Test":"TestAccResourceVSphereVirtualMachine_deployOvfFromUrlMultipleVmsSameName","Elapsed":0}
{"Time":"2025-05-14T18:43:49.233819+03:00","Action":"run","Package":"github.com/vmware/terraform-provider-vsphere/vsphere","Test":"TestAccResourceVSphereVirtualMachine_nvmeController"}
{"Time":"2025-05-14T18:43:49.233825+03:00","Action":"output","Package":"github.com/vmware/terraform-provider-vsphere/vsphere","Test":"TestAccResourceVSphereVirtualMachine_nvmeController","Output":"=== RUN   TestAccResourceVSphereVirtualMachine_nvmeController\n"}
{"Time":"2025-05-14T18:43:49.244279+03:00","Action":"output","Package":"github.com/vmware/terraform-provider-vsphere/vsphere","Test":"TestAccResourceVSphereVirtualMachine_nvmeController","Output":"    resource_vsphere_virtual_machine_test.go:2693: set TF_VAR_VSPHERE_TEMPLATE to run vsphere_virtual_machine acceptance tests\n"}
{"Time":"2025-05-14T18:43:49.244297+03:00","Action":"output","Package":"github.com/vmware/terraform-provider-vsphere/vsphere","Test":"TestAccResourceVSphereVirtualMachine_nvmeController","Output":"--- SKIP: TestAccResourceVSphereVirtualMachine_nvmeController (0.01s)\n"}
{"Time":"2025-05-14T18:43:49.244304+03:00","Action":"skip","Package":"github.com/vmware/terraform-provider-vsphere/vsphere","Test":"TestAccResourceVSphereVirtualMachine_nvmeController","Elapsed":0.01}
{"Time":"2025-05-14T18:43:49.244309+03:00","Action":"run","Package":"github.com/vmware/terraform-provider-vsphere/vsphere","Test":"TestAccResourceVMStoragePolicy_basic"}
{"Time":"2025-05-14T18:43:49.244314+03:00","Action":"output","Package":"github.com/vmware/terraform-provider-vsphere/vsphere","Test":"TestAccResourceVMStoragePolicy_basic","Output":"=== RUN   TestAccResourceVMStoragePolicy_basic\n"}
{"Time":"2025-05-14T18:43:49.255638+03:00","Action":"output","Package":"github.com/vmware/terraform-provider-vsphere/vsphere","Test":"TestAccResourceVMStoragePolicy_basic","Output":"    provider_test.go:48: \n"}
{"Time":"2025-05-14T18:43:49.255678+03:00","Action":"output","Package":"github.com/vmware/terraform-provider-vsphere/vsphere","Test":"TestAccResourceVMStoragePolicy_basic","Output":"--- SKIP: TestAccResourceVMStoragePolicy_basic (0.01s)\n"}
{"Time":"2025-05-14T18:43:49.255712+03:00","Action":"skip","Package":"github.com/vmware/terraform-provider-vsphere/vsphere","Test":"TestAccResourceVMStoragePolicy_basic","Elapsed":0.01}
{"Time":"2025-05-14T18:43:49.255716+03:00","Action":"run","Package":"github.com/vmware/terraform-provider-vsphere/vsphere","Test":"TestAccResourceVSphereVmfsDatastore_basic"}
{"Time":"2025-05-14T18:43:49.25572+03:00","Action":"output","Package":"github.com/vmware/terraform-provider-vsphere/vsphere","Test":"TestAccResourceVSphereVmfsDatastore_basic","Output":"=== RUN   TestAccResourceVSphereVmfsDatastore_basic\n"}
{"Time":"2025-05-14T18:43:49.264144+03:00","Action":"output","Package":"github.com/vmware/terraform-provider-vsphere/vsphere","Test":"TestAccResourceVSphereVmfsDatastore_basic","Output":"    provider_test.go:48: \n"}
{"Time":"2025-05-14T18:43:49.264156+03:00","Action":"output","Package":"github.com/vmware/terraform-provider-vsphere/vsphere","Test":"TestAccResourceVSphereVmfsDatastore_basic","Output":"--- SKIP: TestAccResourceVSphereVmfsDatastore_basic (0.01s)\n"}
{"Time":"2025-05-14T18:43:49.264174+03:00","Action":"skip","Package":"github.com/vmware/terraform-provider-vsphere/vsphere","Test":"TestAccResourceVSphereVmfsDatastore_basic","Elapsed":0.01}
{"Time":"2025-05-14T18:43:49.264179+03:00","Action":"run","Package":"github.com/vmware/terraform-provider-vsphere/vsphere","Test":"TestAccResourceVSphereVmfsDatastore_multiDisk"}
{"Time":"2025-05-14T18:43:49.264183+03:00","Action":"output","Package":"github.com/vmware/terraform-provider-vsphere/vsphere","Test":"TestAccResourceVSphereVmfsDatastore_multiDisk","Output":"=== RUN   TestAccResourceVSphereVmfsDatastore_multiDisk\n"}
{"Time":"2025-05-14T18:43:49.274827+03:00","Action":"output","Package":"github.com/vmware/terraform-provider-vsphere/vsphere","Test":"TestAccResourceVSphereVmfsDatastore_multiDisk","Output":"    provider_test.go:48: \n"}
{"Time":"2025-05-14T18:43:49.274891+03:00","Action":"output","Package":"github.com/vmware/terraform-provider-vsphere/vsphere","Test":"TestAccResourceVSphereVmfsDatastore_multiDisk","Output":"--- SKIP: TestAccResourceVSphereVmfsDatastore_multiDisk (0.01s)\n"}
{"Time":"2025-05-14T18:43:49.274904+03:00","Action":"skip","Package":"github.com/vmware/terraform-provider-vsphere/vsphere","Test":"TestAccResourceVSphereVmfsDatastore_multiDisk","Elapsed":0.01}
{"Time":"2025-05-14T18:43:49.274915+03:00","Action":"run","Package":"github.com/vmware/terraform-provider-vsphere/vsphere","Test":"TestAccResourceVSphereVmfsDatastore_discoveryViaDatasource"}
{"Time":"2025-05-14T18:43:49.27492+03:00","Action":"output","Package":"github.com/vmware/terraform-provider-vsphere/vsphere","Test":"TestAccResourceVSphereVmfsDatastore_discoveryViaDatasource","Output":"=== RUN   TestAccResourceVSphereVmfsDatastore_discoveryViaDatasource\n"}
{"Time":"2025-05-14T18:43:49.285558+03:00","Action":"output","Package":"github.com/vmware/terraform-provider-vsphere/vsphere","Test":"TestAccResourceVSphereVmfsDatastore_discoveryViaDatasource","Output":"    provider_test.go:48: \n"}
{"Time":"2025-05-14T18:43:49.285601+03:00","Action":"output","Package":"github.com/vmware/terraform-provider-vsphere/vsphere","Test":"TestAccResourceVSphereVmfsDatastore_discoveryViaDatasource","Output":"--- SKIP: TestAccResourceVSphereVmfsDatastore_discoveryViaDatasource (0.01s)\n"}
{"Time":"2025-05-14T18:43:49.28561+03:00","Action":"skip","Package":"github.com/vmware/terraform-provider-vsphere/vsphere","Test":"TestAccResourceVSphereVmfsDatastore_discoveryViaDatasource","Elapsed":0.01}
{"Time":"2025-05-14T18:43:49.285618+03:00","Action":"run","Package":"github.com/vmware/terraform-provider-vsphere/vsphere","Test":"TestAccResourceVSphereVmfsDatastore_addDisksThroughUpdate"}
{"Time":"2025-05-14T18:43:49.285622+03:00","Action":"output","Package":"github.com/vmware/terraform-provider-vsphere/vsphere","Test":"TestAccResourceVSphereVmfsDatastore_addDisksThroughUpdate","Output":"=== RUN   TestAccResourceVSphereVmfsDatastore_addDisksThroughUpdate\n"}
{"Time":"2025-05-14T18:43:49.295079+03:00","Action":"output","Package":"github.com/vmware/terraform-provider-vsphere/vsphere","Test":"TestAccResourceVSphereVmfsDatastore_addDisksThroughUpdate","Output":"    provider_test.go:48: \n"}
{"Time":"2025-05-14T18:43:49.295133+03:00","Action":"output","Package":"github.com/vmware/terraform-provider-vsphere/vsphere","Test":"TestAccResourceVSphereVmfsDatastore_addDisksThroughUpdate","Output":"--- SKIP: TestAccResourceVSphereVmfsDatastore_addDisksThroughUpdate (0.01s)\n"}
{"Time":"2025-05-14T18:43:49.295328+03:00","Action":"skip","Package":"github.com/vmware/terraform-provider-vsphere/vsphere","Test":"TestAccResourceVSphereVmfsDatastore_addDisksThroughUpdate","Elapsed":0.01}
{"Time":"2025-05-14T18:43:49.29534+03:00","Action":"run","Package":"github.com/vmware/terraform-provider-vsphere/vsphere","Test":"TestAccResourceVSphereVmfsDatastore_renameDatastore"}
{"Time":"2025-05-14T18:43:49.295345+03:00","Action":"output","Package":"github.com/vmware/terraform-provider-vsphere/vsphere","Test":"TestAccResourceVSphereVmfsDatastore_renameDatastore","Output":"=== RUN   TestAccResourceVSphereVmfsDatastore_renameDatastore\n"}
{"Time":"2025-05-14T18:43:49.306994+03:00","Action":"output","Package":"github.com/vmware/terraform-provider-vsphere/vsphere","Test":"TestAccResourceVSphereVmfsDatastore_renameDatastore","Output":"    provider_test.go:48: \n"}
{"Time":"2025-05-14T18:43:49.307036+03:00","Action":"output","Package":"github.com/vmware/terraform-provider-vsphere/vsphere","Test":"TestAccResourceVSphereVmfsDatastore_renameDatastore","Output":"--- SKIP: TestAccResourceVSphereVmfsDatastore_renameDatastore (0.01s)\n"}
{"Time":"2025-05-14T18:43:49.307047+03:00","Action":"skip","Package":"github.com/vmware/terraform-provider-vsphere/vsphere","Test":"TestAccResourceVSphereVmfsDatastore_renameDatastore","Elapsed":0.01}
{"Time":"2025-05-14T18:43:49.307055+03:00","Action":"run","Package":"github.com/vmware/terraform-provider-vsphere/vsphere","Test":"TestAccResourceVSphereVmfsDatastore_withFolder"}
{"Time":"2025-05-14T18:43:49.30706+03:00","Action":"output","Package":"github.com/vmware/terraform-provider-vsphere/vsphere","Test":"TestAccResourceVSphereVmfsDatastore_withFolder","Output":"=== RUN   TestAccResourceVSphereVmfsDatastore_withFolder\n"}
{"Time":"2025-05-14T18:43:49.319421+03:00","Action":"output","Package":"github.com/vmware/terraform-provider-vsphere/vsphere","Test":"TestAccResourceVSphereVmfsDatastore_withFolder","Output":"    provider_test.go:48: \n"}
{"Time":"2025-05-14T18:43:49.319435+03:00","Action":"output","Package":"github.com/vmware/terraform-provider-vsphere/vsphere","Test":"TestAccResourceVSphereVmfsDatastore_withFolder","Output":"--- SKIP: TestAccResourceVSphereVmfsDatastore_withFolder (0.01s)\n"}
{"Time":"2025-05-14T18:43:49.319451+03:00","Action":"skip","Package":"github.com/vmware/terraform-provider-vsphere/vsphere","Test":"TestAccResourceVSphereVmfsDatastore_withFolder","Elapsed":0.01}
{"Time":"2025-05-14T18:43:49.319456+03:00","Action":"run","Package":"github.com/vmware/terraform-provider-vsphere/vsphere","Test":"TestAccResourceVSphereVmfsDatastore_moveToFolderAfter"}
{"Time":"2025-05-14T18:43:49.319462+03:00","Action":"output","Package":"github.com/vmware/terraform-provider-vsphere/vsphere","Test":"TestAccResourceVSphereVmfsDatastore_moveToFolderAfter","Output":"=== RUN   TestAccResourceVSphereVmfsDatastore_moveToFolderAfter\n"}
{"Time":"2025-05-14T18:43:49.33139+03:00","Action":"output","Package":"github.com/vmware/terraform-provider-vsphere/vsphere","Test":"TestAccResourceVSphereVmfsDatastore_moveToFolderAfter","Output":"    provider_test.go:48: \n"}
{"Time":"2025-05-14T18:43:49.331401+03:00","Action":"output","Package":"github.com/vmware/terraform-provider-vsphere/vsphere","Test":"TestAccResourceVSphereVmfsDatastore_moveToFolderAfter","Output":"--- SKIP: TestAccResourceVSphereVmfsDatastore_moveToFolderAfter (0.01s)\n"}
{"Time":"2025-05-14T18:43:49.331408+03:00","Action":"skip","Package":"github.com/vmware/terraform-provider-vsphere/vsphere","Test":"TestAccResourceVSphereVmfsDatastore_moveToFolderAfter","Elapsed":0.01}
{"Time":"2025-05-14T18:43:49.331412+03:00","Action":"run","Package":"github.com/vmware/terraform-provider-vsphere/vsphere","Test":"TestAccResourceVSphereVmfsDatastore_withDatastoreCluster"}
{"Time":"2025-05-14T18:43:49.331416+03:00","Action":"output","Package":"github.com/vmware/terraform-provider-vsphere/vsphere","Test":"TestAccResourceVSphereVmfsDatastore_withDatastoreCluster","Output":"=== RUN   TestAccResourceVSphereVmfsDatastore_withDatastoreCluster\n"}
{"Time":"2025-05-14T18:43:49.344559+03:00","Action":"output","Package":"github.com/vmware/terraform-provider-vsphere/vsphere","Test":"TestAccResourceVSphereVmfsDatastore_withDatastoreCluster","Output":"    provider_test.go:48: \n"}
{"Time":"2025-05-14T18:43:49.344592+03:00","Action":"output","Package":"github.com/vmware/terraform-provider-vsphere/vsphere","Test":"TestAccResourceVSphereVmfsDatastore_withDatastoreCluster","Output":"--- SKIP: TestAccResourceVSphereVmfsDatastore_withDatastoreCluster (0.01s)\n"}
{"Time":"2025-05-14T18:43:49.34462+03:00","Action":"skip","Package":"github.com/vmware/terraform-provider-vsphere/vsphere","Test":"TestAccResourceVSphereVmfsDatastore_withDatastoreCluster","Elapsed":0.01}
{"Time":"2025-05-14T18:43:49.344627+03:00","Action":"run","Package":"github.com/vmware/terraform-provider-vsphere/vsphere","Test":"TestAccResourceVSphereVmfsDatastore_moveToDatastoreClusterAfter"}
{"Time":"2025-05-14T18:43:49.34463+03:00","Action":"output","Package":"github.com/vmware/terraform-provider-vsphere/vsphere","Test":"TestAccResourceVSphereVmfsDatastore_moveToDatastoreClusterAfter","Output":"=== RUN   TestAccResourceVSphereVmfsDatastore_moveToDatastoreClusterAfter\n"}
{"Time":"2025-05-14T18:43:49.354538+03:00","Action":"output","Package":"github.com/vmware/terraform-provider-vsphere/vsphere","Test":"TestAccResourceVSphereVmfsDatastore_moveToDatastoreClusterAfter","Output":"    provider_test.go:48: \n"}
{"Time":"2025-05-14T18:43:49.354572+03:00","Action":"output","Package":"github.com/vmware/terraform-provider-vsphere/vsphere","Test":"TestAccResourceVSphereVmfsDatastore_moveToDatastoreClusterAfter","Output":"--- SKIP: TestAccResourceVSphereVmfsDatastore_moveToDatastoreClusterAfter (0.01s)\n"}
{"Time":"2025-05-14T18:43:49.354581+03:00","Action":"skip","Package":"github.com/vmware/terraform-provider-vsphere/vsphere","Test":"TestAccResourceVSphereVmfsDatastore_moveToDatastoreClusterAfter","Elapsed":0.01}
{"Time":"2025-05-14T18:43:49.354587+03:00","Action":"run","Package":"github.com/vmware/terraform-provider-vsphere/vsphere","Test":"TestAccResourceVSphereVmfsDatastore_singleTag"}
{"Time":"2025-05-14T18:43:49.354611+03:00","Action":"output","Package":"github.com/vmware/terraform-provider-vsphere/vsphere","Test":"TestAccResourceVSphereVmfsDatastore_singleTag","Output":"=== RUN   TestAccResourceVSphereVmfsDatastore_singleTag\n"}
{"Time":"2025-05-14T18:43:49.366667+03:00","Action":"output","Package":"github.com/vmware/terraform-provider-vsphere/vsphere","Test":"TestAccResourceVSphereVmfsDatastore_singleTag","Output":"    provider_test.go:48: \n"}
{"Time":"2025-05-14T18:43:49.366687+03:00","Action":"output","Package":"github.com/vmware/terraform-provider-vsphere/vsphere","Test":"TestAccResourceVSphereVmfsDatastore_singleTag","Output":"--- SKIP: TestAccResourceVSphereVmfsDatastore_singleTag (0.01s)\n"}
{"Time":"2025-05-14T18:43:49.366696+03:00","Action":"skip","Package":"github.com/vmware/terraform-provider-vsphere/vsphere","Test":"TestAccResourceVSphereVmfsDatastore_singleTag","Elapsed":0.01}
{"Time":"2025-05-14T18:43:49.366701+03:00","Action":"run","Package":"github.com/vmware/terraform-provider-vsphere/vsphere","Test":"TestAccResourceVSphereVmfsDatastore_modifyTags"}
{"Time":"2025-05-14T18:43:49.366705+03:00","Action":"output","Package":"github.com/vmware/terraform-provider-vsphere/vsphere","Test":"TestAccResourceVSphereVmfsDatastore_modifyTags","Output":"=== RUN   TestAccResourceVSphereVmfsDatastore_modifyTags\n"}
{"Time":"2025-05-14T18:43:49.381709+03:00","Action":"output","Package":"github.com/vmware/terraform-provider-vsphere/vsphere","Test":"TestAccResourceVSphereVmfsDatastore_modifyTags","Output":"    provider_test.go:48: \n"}
{"Time":"2025-05-14T18:43:49.381784+03:00","Action":"output","Package":"github.com/vmware/terraform-provider-vsphere/vsphere","Test":"TestAccResourceVSphereVmfsDatastore_modifyTags","Output":"--- SKIP: TestAccResourceVSphereVmfsDatastore_modifyTags (0.01s)\n"}
{"Time":"2025-05-14T18:43:49.381791+03:00","Action":"skip","Package":"github.com/vmware/terraform-provider-vsphere/vsphere","Test":"TestAccResourceVSphereVmfsDatastore_modifyTags","Elapsed":0.01}
{"Time":"2025-05-14T18:43:49.381801+03:00","Action":"run","Package":"github.com/vmware/terraform-provider-vsphere/vsphere","Test":"TestAccResourceVSphereVmfsDatastore_badDiskEntry"}
{"Time":"2025-05-14T18:43:49.381805+03:00","Action":"output","Package":"github.com/vmware/terraform-provider-vsphere/vsphere","Test":"TestAccResourceVSphereVmfsDatastore_badDiskEntry","Output":"=== RUN   TestAccResourceVSphereVmfsDatastore_badDiskEntry\n"}
{"Time":"2025-05-14T18:43:49.394977+03:00","Action":"output","Package":"github.com/vmware/terraform-provider-vsphere/vsphere","Test":"TestAccResourceVSphereVmfsDatastore_badDiskEntry","Output":"    provider_test.go:48: \n"}
{"Time":"2025-05-14T18:43:49.394994+03:00","Action":"output","Package":"github.com/vmware/terraform-provider-vsphere/vsphere","Test":"TestAccResourceVSphereVmfsDatastore_badDiskEntry","Output":"--- SKIP: TestAccResourceVSphereVmfsDatastore_badDiskEntry (0.01s)\n"}
{"Time":"2025-05-14T18:43:49.395001+03:00","Action":"skip","Package":"github.com/vmware/terraform-provider-vsphere/vsphere","Test":"TestAccResourceVSphereVmfsDatastore_badDiskEntry","Elapsed":0.01}
{"Time":"2025-05-14T18:43:49.395006+03:00","Action":"run","Package":"github.com/vmware/terraform-provider-vsphere/vsphere","Test":"TestAccResourceVSphereVmfsDatastore_duplicateDiskEntry"}
{"Time":"2025-05-14T18:43:49.39501+03:00","Action":"output","Package":"github.com/vmware/terraform-provider-vsphere/vsphere","Test":"TestAccResourceVSphereVmfsDatastore_duplicateDiskEntry","Output":"=== RUN   TestAccResourceVSphereVmfsDatastore_duplicateDiskEntry\n"}
{"Time":"2025-05-14T18:43:49.406873+03:00","Action":"output","Package":"github.com/vmware/terraform-provider-vsphere/vsphere","Test":"TestAccResourceVSphereVmfsDatastore_duplicateDiskEntry","Output":"    provider_test.go:48: \n"}
{"Time":"2025-05-14T18:43:49.406885+03:00","Action":"output","Package":"github.com/vmware/terraform-provider-vsphere/vsphere","Test":"TestAccResourceVSphereVmfsDatastore_duplicateDiskEntry","Output":"--- SKIP: TestAccResourceVSphereVmfsDatastore_duplicateDiskEntry (0.01s)\n"}
{"Time":"2025-05-14T18:43:49.406891+03:00","Action":"skip","Package":"github.com/vmware/terraform-provider-vsphere/vsphere","Test":"TestAccResourceVSphereVmfsDatastore_duplicateDiskEntry","Elapsed":0.01}
{"Time":"2025-05-14T18:43:49.406895+03:00","Action":"run","Package":"github.com/vmware/terraform-provider-vsphere/vsphere","Test":"TestAccResourceVSphereVmfsDatastore_singleCustomAttribute"}
{"Time":"2025-05-14T18:43:49.4069+03:00","Action":"output","Package":"github.com/vmware/terraform-provider-vsphere/vsphere","Test":"TestAccResourceVSphereVmfsDatastore_singleCustomAttribute","Output":"=== RUN   TestAccResourceVSphereVmfsDatastore_singleCustomAttribute\n"}
{"Time":"2025-05-14T18:43:49.421525+03:00","Action":"output","Package":"github.com/vmware/terraform-provider-vsphere/vsphere","Test":"TestAccResourceVSphereVmfsDatastore_singleCustomAttribute","Output":"    provider_test.go:48: \n"}
{"Time":"2025-05-14T18:43:49.421539+03:00","Action":"output","Package":"github.com/vmware/terraform-provider-vsphere/vsphere","Test":"TestAccResourceVSphereVmfsDatastore_singleCustomAttribute","Output":"--- SKIP: TestAccResourceVSphereVmfsDatastore_singleCustomAttribute (0.01s)\n"}
{"Time":"2025-05-14T18:43:49.421643+03:00","Action":"skip","Package":"github.com/vmware/terraform-provider-vsphere/vsphere","Test":"TestAccResourceVSphereVmfsDatastore_singleCustomAttribute","Elapsed":0.01}
{"Time":"2025-05-14T18:43:49.421653+03:00","Action":"run","Package":"github.com/vmware/terraform-provider-vsphere/vsphere","Test":"TestAccResourceVSphereVmfsDatastore_multiCustomAttribute"}
{"Time":"2025-05-14T18:43:49.421657+03:00","Action":"output","Package":"github.com/vmware/terraform-provider-vsphere/vsphere","Test":"TestAccResourceVSphereVmfsDatastore_multiCustomAttribute","Output":"=== RUN   TestAccResourceVSphereVmfsDatastore_multiCustomAttribute\n"}
{"Time":"2025-05-14T18:43:49.440346+03:00","Action":"output","Package":"github.com/vmware/terraform-provider-vsphere/vsphere","Test":"TestAccResourceVSphereVmfsDatastore_multiCustomAttribute","Output":"    provider_test.go:48: \n"}
{"Time":"2025-05-14T18:43:49.440392+03:00","Action":"output","Package":"github.com/vmware/terraform-provider-vsphere/vsphere","Test":"TestAccResourceVSphereVmfsDatastore_multiCustomAttribute","Output":"--- SKIP: TestAccResourceVSphereVmfsDatastore_multiCustomAttribute (0.02s)\n"}
{"Time":"2025-05-14T18:43:49.440395+03:00","Action":"skip","Package":"github.com/vmware/terraform-provider-vsphere/vsphere","Test":"TestAccResourceVSphereVmfsDatastore_multiCustomAttribute","Elapsed":0.02}
{"Time":"2025-05-14T18:43:49.440402+03:00","Action":"run","Package":"github.com/vmware/terraform-provider-vsphere/vsphere","Test":"TestAccResourceVSphereVNic_dvs_default"}
{"Time":"2025-05-14T18:43:49.440405+03:00","Action":"output","Package":"github.com/vmware/terraform-provider-vsphere/vsphere","Test":"TestAccResourceVSphereVNic_dvs_default","Output":"=== RUN   TestAccResourceVSphereVNic_dvs_default\n"}
{"Time":"2025-05-14T18:43:49.447577+03:00","Action":"output","Package":"github.com/vmware/terraform-provider-vsphere/vsphere","Test":"TestAccResourceVSphereVNic_dvs_default","Output":"    provider_test.go:48: \n"}
{"Time":"2025-05-14T18:43:49.447588+03:00","Action":"output","Package":"github.com/vmware/terraform-provider-vsphere/vsphere","Test":"TestAccResourceVSphereVNic_dvs_default","Output":"--- SKIP: TestAccResourceVSphereVNic_dvs_default (0.01s)\n"}
{"Time":"2025-05-14T18:43:49.447595+03:00","Action":"skip","Package":"github.com/vmware/terraform-provider-vsphere/vsphere","Test":"TestAccResourceVSphereVNic_dvs_default","Elapsed":0.01}
{"Time":"2025-05-14T18:43:49.447608+03:00","Action":"run","Package":"github.com/vmware/terraform-provider-vsphere/vsphere","Test":"TestAccResourceVSphereVNic_dvs_vmotion"}
{"Time":"2025-05-14T18:43:49.44761+03:00","Action":"output","Package":"github.com/vmware/terraform-provider-vsphere/vsphere","Test":"TestAccResourceVSphereVNic_dvs_vmotion","Output":"=== RUN   TestAccResourceVSphereVNic_dvs_vmotion\n"}
{"Time":"2025-05-14T18:43:49.453045+03:00","Action":"output","Package":"github.com/vmware/terraform-provider-vsphere/vsphere","Test":"TestAccResourceVSphereVNic_dvs_vmotion","Output":"    provider_test.go:48: \n"}
{"Time":"2025-05-14T18:43:49.453056+03:00","Action":"output","Package":"github.com/vmware/terraform-provider-vsphere/vsphere","Test":"TestAccResourceVSphereVNic_dvs_vmotion","Output":"--- SKIP: TestAccResourceVSphereVNic_dvs_vmotion (0.01s)\n"}
{"Time":"2025-05-14T18:43:49.453059+03:00","Action":"skip","Package":"github.com/vmware/terraform-provider-vsphere/vsphere","Test":"TestAccResourceVSphereVNic_dvs_vmotion","Elapsed":0.01}
{"Time":"2025-05-14T18:43:49.453063+03:00","Action":"run","Package":"github.com/vmware/terraform-provider-vsphere/vsphere","Test":"TestAccResourceVSphereVNic_hvs_default"}
{"Time":"2025-05-14T18:43:49.453065+03:00","Action":"output","Package":"github.com/vmware/terraform-provider-vsphere/vsphere","Test":"TestAccResourceVSphereVNic_hvs_default","Output":"=== RUN   TestAccResourceVSphereVNic_hvs_default\n"}
{"Time":"2025-05-14T18:43:49.459897+03:00","Action":"output","Package":"github.com/vmware/terraform-provider-vsphere/vsphere","Test":"TestAccResourceVSphereVNic_hvs_default","Output":"    provider_test.go:48: \n"}
{"Time":"2025-05-14T18:43:49.459912+03:00","Action":"output","Package":"github.com/vmware/terraform-provider-vsphere/vsphere","Test":"TestAccResourceVSphereVNic_hvs_default","Output":"--- SKIP: TestAccResourceVSphereVNic_hvs_default (0.01s)\n"}
{"Time":"2025-05-14T18:43:49.459919+03:00","Action":"skip","Package":"github.com/vmware/terraform-provider-vsphere/vsphere","Test":"TestAccResourceVSphereVNic_hvs_default","Elapsed":0.01}
{"Time":"2025-05-14T18:43:49.459924+03:00","Action":"run","Package":"github.com/vmware/terraform-provider-vsphere/vsphere","Test":"TestAccResourceVSphereVNic_hvs_vmotion"}
{"Time":"2025-05-14T18:43:49.459927+03:00","Action":"output","Package":"github.com/vmware/terraform-provider-vsphere/vsphere","Test":"TestAccResourceVSphereVNic_hvs_vmotion","Output":"=== RUN   TestAccResourceVSphereVNic_hvs_vmotion\n"}
{"Time":"2025-05-14T18:43:49.467583+03:00","Action":"output","Package":"github.com/vmware/terraform-provider-vsphere/vsphere","Test":"TestAccResourceVSphereVNic_hvs_vmotion","Output":"    provider_test.go:48: \n"}
{"Time":"2025-05-14T18:43:49.467596+03:00","Action":"output","Package":"github.com/vmware/terraform-provider-vsphere/vsphere","Test":"TestAccResourceVSphereVNic_hvs_vmotion","Output":"--- SKIP: TestAccResourceVSphereVNic_hvs_vmotion (0.01s)\n"}
{"Time":"2025-05-14T18:43:49.467602+03:00","Action":"skip","Package":"github.com/vmware/terraform-provider-vsphere/vsphere","Test":"TestAccResourceVSphereVNic_hvs_vmotion","Elapsed":0.01}
{"Time":"2025-05-14T18:43:49.467606+03:00","Action":"run","Package":"github.com/vmware/terraform-provider-vsphere/vsphere","Test":"TestAccResourceVSphereVNic_services_nonDefaultNetstack"}
{"Time":"2025-05-14T18:43:49.467609+03:00","Action":"output","Package":"github.com/vmware/terraform-provider-vsphere/vsphere","Test":"TestAccResourceVSphereVNic_services_nonDefaultNetstack","Output":"=== RUN   TestAccResourceVSphereVNic_services_nonDefaultNetstack\n"}
{"Time":"2025-05-14T18:43:49.476777+03:00","Action":"output","Package":"github.com/vmware/terraform-provider-vsphere/vsphere","Test":"TestAccResourceVSphereVNic_services_nonDefaultNetstack","Output":"    provider_test.go:48: \n"}
{"Time":"2025-05-14T18:43:49.476798+03:00","Action":"output","Package":"github.com/vmware/terraform-provider-vsphere/vsphere","Test":"TestAccResourceVSphereVNic_services_nonDefaultNetstack","Output":"--- SKIP: TestAccResourceVSphereVNic_services_nonDefaultNetstack (0.01s)\n"}
{"Time":"2025-05-14T18:43:49.476803+03:00","Action":"skip","Package":"github.com/vmware/terraform-provider-vsphere/vsphere","Test":"TestAccResourceVSphereVNic_services_nonDefaultNetstack","Elapsed":0.01}
{"Time":"2025-05-14T18:43:49.476833+03:00","Action":"run","Package":"github.com/vmware/terraform-provider-vsphere/vsphere","Test":"TestAccResourceVSphereVNic_services_invalid"}
{"Time":"2025-05-14T18:43:49.476838+03:00","Action":"output","Package":"github.com/vmware/terraform-provider-vsphere/vsphere","Test":"TestAccResourceVSphereVNic_services_invalid","Output":"=== RUN   TestAccResourceVSphereVNic_services_invalid\n"}
{"Time":"2025-05-14T18:43:49.488037+03:00","Action":"output","Package":"github.com/vmware/terraform-provider-vsphere/vsphere","Test":"TestAccResourceVSphereVNic_services_invalid","Output":"    provider_test.go:48: \n"}
{"Time":"2025-05-14T18:43:49.48805+03:00","Action":"output","Package":"github.com/vmware/terraform-provider-vsphere/vsphere","Test":"TestAccResourceVSphereVNic_services_invalid","Output":"--- SKIP: TestAccResourceVSphereVNic_services_invalid (0.01s)\n"}
{"Time":"2025-05-14T18:43:49.488055+03:00","Action":"skip","Package":"github.com/vmware/terraform-provider-vsphere/vsphere","Test":"TestAccResourceVSphereVNic_services_invalid","Elapsed":0.01}
{"Time":"2025-05-14T18:43:49.488073+03:00","Action":"run","Package":"github.com/vmware/terraform-provider-vsphere/vsphere","Test":"TestAccResourceVSphereVNic_services_valid"}
{"Time":"2025-05-14T18:43:49.488076+03:00","Action":"output","Package":"github.com/vmware/terraform-provider-vsphere/vsphere","Test":"TestAccResourceVSphereVNic_services_valid","Output":"=== RUN   TestAccResourceVSphereVNic_services_valid\n"}
{"Time":"2025-05-14T18:43:49.500238+03:00","Action":"output","Package":"github.com/vmware/terraform-provider-vsphere/vsphere","Test":"TestAccResourceVSphereVNic_services_valid","Output":"    provider_test.go:48: \n"}
{"Time":"2025-05-14T18:43:49.50025+03:00","Action":"output","Package":"github.com/vmware/terraform-provider-vsphere/vsphere","Test":"TestAccResourceVSphereVNic_services_valid","Output":"--- SKIP: TestAccResourceVSphereVNic_services_valid (0.01s)\n"}
{"Time":"2025-05-14T18:43:49.500256+03:00","Action":"skip","Package":"github.com/vmware/terraform-provider-vsphere/vsphere","Test":"TestAccResourceVSphereVNic_services_valid","Elapsed":0.01}
{"Time":"2025-05-14T18:43:49.500262+03:00","Action":"output","Package":"github.com/vmware/terraform-provider-vsphere/vsphere","Output":"PASS\n"}
{"Time":"2025-05-14T18:43:49.504079+03:00","Action":"output","Package":"github.com/vmware/terraform-provider-vsphere/vsphere","Output":"ok  \tgithub.com/vmware/terraform-provider-vsphere/vsphere\t5.768s\n"}
{"Time":"2025-05-14T18:43:49.542802+03:00","Action":"pass","Package":"github.com/vmware/terraform-provider-vsphere/vsphere","Elapsed":5.807}
